[load] 共读入 31 段数据（31 个文件，跳过 0 个）
[hold] 保持段截断: 15 段 → 各取前 3 s（4500 点），丢 8839 点（占这些段的 66%）；普通段不截断
[load] 共读入 7 段数据（7 个文件，跳过 0 个）
[hold] 保持段截断: 3 段 → 各取前 3 s（900 点），丢 2799 点（占这些段的 76%）；普通段不截断
[ok] 留出集与训练集无重合（7 段，指纹比对）
[beta] 31/31 段带 `backlash_center` 列（在线估计 β）: 范围 [-0.0352, +0.0607] rad（-2.01°~+3.48°）
[beta] 仿真真值 β 范围 [+0.0000, +0.0000] rad；在线估计误差 RMS = 11.496 mrad
[torch] ★ 冻结参数（不参与优化，恒保持初值）: backlash_through=0.002
[torch] 原仓库配方：epochs=3000 × 段数31 个 Adam 步（= 原仓库 num_epochs 同轮数），每次 10 步(0.1 s)随机片段，lr=0.0003（常数），损失 = 角度wrap MSE + 角速度 MSE(等权)，3-DOF RK4 积分(substeps=4)，无限位(log 参数化)
[torch] 数据: 31 段 → 31 个 sample（最长 300 点 = 3.00 s，带静态倾斜重力）；拟合轴=both，自由参数=17；参数化: log 参数化: Jbig_eff,Js,fc_big,fv_big,fc_small,fv_small,backlash_delta,backlash_k,backlash_c,Jmotor,fc_motor,fv_motor; 自由参数: Px,Py,backlash_beta,Pbx,Pby；参数限位: 无（无上下界 / 无 clamp / 无投影 / 无惩罚项）
[torch] 初值 φ0 = [+0.05000 +0.02000 +0.00000 +0.00000 +0.22000 +0.05500 +0.09730 +0.02800 +0.00200 +2500.00000 +2.00000 +0.00200 +0.00600 +0.03000 +0.01000 +0.00000 +0.00000 +0.00000]（来源: 用户 --init-vector）
[torch] ★ --batch-segments: 每 epoch 1 次 Adam 步（每步 batch=31/31 段 × 10 步；损失 = 组内各段损失均值）
[torch] epoch     0/3000  loss=7.535773e-02  [+0.04999 +0.02001 +0.00030 -0.00030 +0.21993 +0.05498 +0.09733 +0.02801 +0.00200 +2500.75011 +2.00060 +0.00200 +0.00600 +0.02999 +0.01000 +0.00000 -0.00030 -0.00030]
[torch] epoch     1/3000  loss=2.292672e-02  [+0.04997 +0.02001 +0.00059 -0.00060 +0.21988 +0.05497 +0.09736 +0.02801 +0.00200 +2501.29141 +2.00108 +0.00200 +0.00600 +0.02998 +0.00999 +0.00000 -0.00060 -0.00018]
[torch] epoch     2/3000  loss=3.196215e-02  [+0.04997 +0.02002 +0.00088 -0.00090 +0.21982 +0.05496 +0.09738 +0.02801 +0.00200 +2501.74652 +2.00157 +0.00200 +0.00600 +0.02998 +0.00999 +0.00000 -0.00087 -0.00001]
[torch] epoch     3/3000  loss=8.703452e-02  [+0.04995 +0.02002 +0.00117 -0.00119 +0.21977 +0.05496 +0.09740 +0.02801 +0.00200 +2502.32031 +2.00211 +0.00200 +0.00599 +0.02998 +0.00999 +0.00000 -0.00101 +0.00020]
[torch] epoch     4/3000  loss=3.900098e-02  [+0.04994 +0.02003 +0.00146 -0.00149 +0.21973 +0.05495 +0.09742 +0.02801 +0.00200 +2502.82662 +2.00262 +0.00200 +0.00599 +0.02997 +0.00999 +0.00000 -0.00119 +0.00037]
[eval@   200] 留出集窗口 RMSE[°] 电机/云台/小yaw = 1.275/0.144/0.136  角速度 = 0.4632/0.0496/0.0491
[torch] epoch   200/3000  loss=2.967462e-02  [+0.04825 +0.02035 +0.01085 -0.00685 +0.21748 +0.05352 +0.10201 +0.02912 +0.00190 +2618.49784 +2.07505 +0.00200 +0.00573 +0.03061 +0.00969 +0.00000 -0.00121 +0.00335]
[eval@   400] 留出集窗口 RMSE[°] 电机/云台/小yaw = 1.278/0.141/0.133  角速度 = 0.4248/0.0443/0.0457
[torch] epoch   400/3000  loss=2.805101e-02  [+0.04761 +0.02053 +0.01228 -0.00594 +0.21765 +0.05284 +0.10528 +0.02985 +0.00182 +2721.62934 +2.07235 +0.00200 +0.00554 +0.03126 +0.00940 +0.00000 +0.00395 +0.00285]
[eval@   600] 留出集窗口 RMSE[°] 电机/云台/小yaw = 1.275/0.139/0.132  角速度 = 0.3997/0.0398/0.0436
[torch] epoch   600/3000  loss=2.238791e-02  [+0.04808 +0.02069 +0.01252 -0.00462 +0.21948 +0.05253 +0.10758 +0.03012 +0.00174 +2811.09803 +2.01128 +0.00200 +0.00541 +0.03199 +0.00913 +0.00000 +0.00753 +0.00435]
[eval@   800] 留出集窗口 RMSE[°] 电机/云台/小yaw = 1.274/0.135/0.126  角速度 = 0.3765/0.0354/0.0388
[torch] epoch   800/3000  loss=3.560126e-02  [+0.04935 +0.02082 +0.01281 -0.00632 +0.22057 +0.05201 +0.10825 +0.02997 +0.00167 +2895.25206 +1.91050 +0.00200 +0.00534 +0.03253 +0.00879 +0.00000 +0.00124 +0.00421]
[eval@  1000] 留出集窗口 RMSE[°] 电机/云台/小yaw = 1.267/0.137/0.123  角速度 = 0.3530/0.0325/0.0343
[torch] epoch  1000/3000  loss=2.217768e-02  [+0.05098 +0.02111 +0.01341 -0.00614 +0.22134 +0.05166 +0.10758 +0.02945 +0.00159 +2976.60646 +1.80306 +0.00200 +0.00530 +0.03285 +0.00847 +0.00000 +0.00359 +0.00724]
[eval@  1200] 留出集窗口 RMSE[°] 电机/云台/小yaw = 1.262/0.139/0.121  角速度 = 0.3354/0.0318/0.0302
[torch] epoch  1200/3000  loss=2.287509e-02  [+0.05274 +0.02115 +0.01226 -0.00722 +0.22239 +0.05135 +0.10620 +0.02885 +0.00152 +3050.29929 +1.72632 +0.00200 +0.00526 +0.03310 +0.00821 +0.00000 +0.00306 +0.00577]
[eval@  1400] 留出集窗口 RMSE[°] 电机/云台/小yaw = 1.257/0.141/0.119  角速度 = 0.3171/0.0313/0.0259
[torch] epoch  1400/3000  loss=2.445477e-02  [+0.05393 +0.02124 +0.01378 -0.00529 +0.22372 +0.05102 +0.10453 +0.02818 +0.00147 +3145.23171 +1.68698 +0.00200 +0.00514 +0.03355 +0.00804 +0.00000 +0.00767 +0.00996]
[eval@  1600] 留出集窗口 RMSE[°] 电机/云台/小yaw = 1.256/0.142/0.117  角速度 = 0.3118/0.0325/0.0248
[torch] epoch  1600/3000  loss=1.835202e-02  [+0.05541 +0.02131 +0.01282 -0.00760 +0.22477 +0.05092 +0.10335 +0.02761 +0.00144 +3192.06743 +1.68024 +0.00200 +0.00506 +0.03395 +0.00798 +0.00000 +0.00458 +0.01170]
[eval@  1800] 留出集窗口 RMSE[°] 电机/云台/小yaw = 1.254/0.145/0.116  角速度 = 0.3091/0.0351/0.0248
[torch] epoch  1800/3000  loss=2.531696e-02  [+0.05678 +0.02137 +0.01171 -0.00816 +0.22502 +0.05050 +0.10255 +0.02712 +0.00142 +3222.88721 +1.68613 +0.00200 +0.00500 +0.03428 +0.00788 +0.00000 +0.00503 +0.01267]
[eval@  2000] 留出集窗口 RMSE[°] 电机/云台/小yaw = 1.252/0.149/0.115  角速度 = 0.3075/0.0382/0.0248
[torch] epoch  2000/3000  loss=1.727051e-02  [+0.05821 +0.02147 +0.01211 -0.00820 +0.22424 +0.05013 +0.10126 +0.02658 +0.00140 +3241.50778 +1.68443 +0.00200 +0.00496 +0.03445 +0.00779 +0.00000 +0.00389 +0.01141]
[eval@  2200] 留出集窗口 RMSE[°] 电机/云台/小yaw = 1.251/0.153/0.116  角速度 = 0.3065/0.0408/0.0251
[torch] epoch  2200/3000  loss=1.255885e-02  [+0.05925 +0.02144 +0.01186 -0.00814 +0.22332 +0.04979 +0.09990 +0.02607 +0.00139 +3255.06280 +1.68413 +0.00200 +0.00494 +0.03462 +0.00770 +0.00000 +0.00353 +0.01499]
[eval@  2400] 留出集窗口 RMSE[°] 电机/云台/小yaw = 1.249/0.156/0.116  角速度 = 0.3057/0.0432/0.0258
[torch] epoch  2400/3000  loss=3.228053e-02  [+0.06033 +0.02148 +0.01187 -0.00847 +0.22248 +0.04953 +0.09885 +0.02577 +0.00137 +3262.43214 +1.68564 +0.00200 +0.00492 +0.03476 +0.00762 +0.00000 +0.00408 +0.01403]
[eval@  2600] 留出集窗口 RMSE[°] 电机/云台/小yaw = 1.248/0.160/0.115  角速度 = 0.3050/0.0456/0.0260
[torch] epoch  2600/3000  loss=1.722812e-02  [+0.06136 +0.02170 +0.01318 -0.00840 +0.22161 +0.04926 +0.09793 +0.02540 +0.00136 +3271.30141 +1.68126 +0.00200 +0.00491 +0.03498 +0.00752 +0.00000 +0.00071 +0.01372]
[eval@  2800] 留出集窗口 RMSE[°] 电机/云台/小yaw = 1.247/0.163/0.117  角速度 = 0.3044/0.0476/0.0279
[torch] epoch  2800/3000  loss=2.364811e-02  [+0.06215 +0.02171 +0.01092 -0.00971 +0.22022 +0.04888 +0.09740 +0.02518 +0.00135 +3270.39315 +1.67987 +0.00200 +0.00490 +0.03506 +0.00741 +0.00000 +0.00340 +0.01226]
[torch] epoch  2995/3000  loss=1.748920e-02  [+0.06248 +0.02178 +0.00988 -0.00958 +0.21962 +0.04881 +0.09687 +0.02480 +0.00133 +3270.46292 +1.68479 +0.00200 +0.00489 +0.03538 +0.00735 +0.00000 +0.00251 +0.01540]
[torch] epoch  2996/3000  loss=2.755199e-02  [+0.06248 +0.02178 +0.00987 -0.00957 +0.21962 +0.04881 +0.09686 +0.02480 +0.00133 +3270.48875 +1.68482 +0.00200 +0.00489 +0.03538 +0.00735 +0.00000 +0.00253 +0.01546]
[torch] epoch  2997/3000  loss=3.630487e-02  [+0.06248 +0.02178 +0.00983 -0.00954 +0.21962 +0.04881 +0.09686 +0.02480 +0.00133 +3270.27202 +1.68461 +0.00200 +0.00489 +0.03539 +0.00735 +0.00000 +0.00256 +0.01551]
/home/huhu233/.config/matplotlib is not a writable directory
Matplotlib created a temporary cache directory at /tmp/matplotlib-769zygzr because there was an issue with the default path (/home/huhu233/.config/matplotlib); it is highly recommended to set the MPLCONFIGDIR environment variable to a writable directory, in particular to speed up the import of Matplotlib and to better support multiprocessing.
/home/huhu233/.local/lib/python3.10/site-packages/matplotlib/projections/__init__.py:63: UserWarning: Unable to import Axes3D. This may be due to multiple versions of Matplotlib being installed (e.g. as a system package and as a pip package). As a result, the 3D projection is not available.
  warnings.warn("Unable to import Axes3D. This may be due to multiple versions of "
[torch] epoch  2998/3000  loss=1.865584e-02  [+0.06249 +0.02178 +0.00983 -0.00951 +0.21962 +0.04881 +0.09685 +0.02480 +0.00133 +3270.08978 +1.68443 +0.00200 +0.00489 +0.03539 +0.00735 +0.00000 +0.00258 +0.01555]
[torch] epoch  2999/3000  loss=4.395539e-02  [+0.06249 +0.02178 +0.00982 -0.00954 +0.21961 +0.04881 +0.09685 +0.02480 +0.00133 +3269.88932 +1.68433 +0.00200 +0.00489 +0.03539 +0.00734 +0.00000 +0.00257 +0.01561]
[eval@  3000] 留出集窗口 RMSE[°] 电机/云台/小yaw = 1.247/0.164/0.118  角速度 = 0.3042/0.0487/0.0285

==============================================================================
辨识结果（输出误差法, 段数=31, 轴=both）  用时 712.5s
配方: ★ 全批配方(epochs=3000 个**全批** Adam 步, 每步 batch=全部段)—— 同一损失，只是把原配方的'每段一次更新'合并成'每 epoch 一次'；Adam/总步数=3000；参数限位=无（无上下界 / 无 clamp / 无投影 / 无惩罚项）
 # 参数                         初值           估计           变化  单位
   ---- 平面 8 参（云台/小 yaw 子块）----
 0 Jbig_eff             0.050000     0.062489    +0.012489  kg·m²
 1 Js                   0.020000     0.021781    +0.001781  kg·m²
 2 Px                   0.000000     0.009821    +0.009821  kg·m
 3 Py                   0.000000    -0.009541    -0.009541  kg·m
 4 fc_big               0.220000     0.219613    -0.000387  N·m
 5 fv_big               0.055000     0.048806    -0.006194  N·m·s/rad
 6 fc_small             0.097300     0.096851    -0.000449  N·m
 7 fv_small             0.028000     0.024799    -0.003201  N·m·s/rad
   ---- ★ 新增: 大 yaw 背隙 / 电机侧 ----
 8 backlash_delta       0.002000     0.001335    -0.000665  rad   (= 0.076°)
 9 backlash_k        2500.000000  3269.889324  +769.889324  N·m/rad
10 backlash_c           2.000000     1.684330    -0.315670  N·m·s/rad
11 backlash_through     0.002000     0.002000    +0.000000  —
12 Jmotor               0.006000     0.004887    -0.001113  kg·m²
13 fc_motor             0.030000     0.035388    +0.005388  N·m
14 fv_motor             0.010000     0.007345    -0.002655  N·m·s/rad
15 backlash_beta        0.000000     0.000000    +0.000000  rad
   ---- ★ 新增: 大 yaw 侧一阶矩 Pb（只在倾斜 + 大 yaw 转动时可辨识）----
16 Pbx                  0.000000     0.002568    +0.002568  kg·m
17 Pby                  0.000000     0.015605    +0.015605  kg·m
==============================================================================
全批前向仿真 val_loss = 3.092003e-02
  ★ 估计参数（留出集）: 窗口(0.1s) RMSE: 角度[°] 电机/云台/小yaw = 1.247 / 0.164 / 0.118; 角速度[rad/s] = 0.3042 / 0.0487 / 0.0285
               整段开环 RMSE: 角度[°] 电机/云台/小yaw = 4.718 / 4.240 / 1.518
    （对照）初值: 窗口(0.1s) RMSE: 角度[°] 电机/云台/小yaw = 1.260 / 0.153 / 0.184; 角速度[rad/s] = 0.5437 / 0.0604 / 0.0755
loss 曲线: 共 3000 点；前 5 个 = 7.535773e-02, 2.292672e-02, 3.196215e-02, 8.703452e-02, 3.900098e-02
           后 5 个 = 1.748920e-02, 2.755199e-02, 3.630487e-02, 1.865584e-02, 4.395539e-02
            前 5 均值=5.646707e-02 → 后 5 均值=2.685980e-02（比值 0.4757，最小值 5.576071e-03）  ⇒ 下降 ✓
可粘贴到 include/tcbs/mpc/planar_yaw_params.h:
  p.Jbig_eff = 0.062489;  p.Js = 0.021781;
  p.Px = 0.009821;  p.Py = -0.009541;
  p.fcBig = 0.219613;  p.fvBig = 0.048806;
  p.fcSmall = 0.096851;  p.fvSmall = 0.024799;
  p.backlash_delta = 0.001335;  p.backlash_k = 3269.8893;
  p.backlash_c = 1.6843;  p.backlash_through = 0.002000;
  p.Jmotor = 0.004887;  p.fcMotor = 0.035388;
  p.fvMotor = 0.007345;  // β 由估计器在线给（离线拟合值 +0.000000 仅供参考）
  p.Pbx = 0.002568;  p.Pby = 0.015605;  // 大 yaw 侧一阶矩（只有倾斜数据才可辨识）
留出集学习曲线（15 个点，epoch 200..3000）:
  epoch    200: 角度 RMSE[°] 1.275/0.144/0.136   角速度 0.4632/0.0496/0.0491
  epoch    400: 角度 RMSE[°] 1.278/0.141/0.133   角速度 0.4248/0.0443/0.0457
  epoch    600: 角度 RMSE[°] 1.275/0.139/0.132   角速度 0.3997/0.0398/0.0436
  epoch    800: 角度 RMSE[°] 1.274/0.135/0.126   角速度 0.3765/0.0354/0.0388
  epoch   1000: 角度 RMSE[°] 1.267/0.137/0.123   角速度 0.3530/0.0325/0.0343
  epoch   1200: 角度 RMSE[°] 1.262/0.139/0.121   角速度 0.3354/0.0318/0.0302
  epoch   1400: 角度 RMSE[°] 1.257/0.141/0.119   角速度 0.3171/0.0313/0.0259
  epoch   1600: 角度 RMSE[°] 1.256/0.142/0.117   角速度 0.3118/0.0325/0.0248
  epoch   1800: 角度 RMSE[°] 1.254/0.145/0.116   角速度 0.3091/0.0351/0.0248
  epoch   2000: 角度 RMSE[°] 1.252/0.149/0.115   角速度 0.3075/0.0382/0.0248
  epoch   2200: 角度 RMSE[°] 1.251/0.153/0.116   角速度 0.3065/0.0408/0.0251
  epoch   2400: 角度 RMSE[°] 1.249/0.156/0.116   角速度 0.3057/0.0432/0.0258
  epoch   2600: 角度 RMSE[°] 1.248/0.160/0.115   角速度 0.3050/0.0456/0.0260
  epoch   2800: 角度 RMSE[°] 1.247/0.163/0.117   角速度 0.3044/0.0476/0.0279
  epoch   3000: 角度 RMSE[°] 1.247/0.164/0.118   角速度 0.3042/0.0487/0.0285
[plot] 已保存 data/archive/20260920_sim_com_tilt/tilt_auto/ident_convergence.png  (424.9 KB)
[plot] 已保存 data/archive/20260920_sim_com_tilt/tilt_auto/ident_traj.png  (327.2 KB)
[plot] 已保存 data/archive/20260920_sim_com_tilt/tilt_auto/ident_convergence_learning.png  (55.3 KB)
[out] 已写入 data/archive/20260920_sim_com_tilt/tilt_auto/params.txt
