加载目标序列: 11 个文件, 共 300727 点 @100Hz
==============================================================================
双级 yaw 系统辨识数据采集 — 分轴激励（录制序列 + 增强 + 上位机 PID）
  段数=16  每段=300 点 (3.00s @100Hz)  到位=5s  种子=42
  PID: kp=2.0 ki=0.0 kd=0.1 输出限幅 ±1 N·m  力矩变化限幅 0.5 N·m/步
  静止保持段记录=开（后缀 _hold）（首段除外）
  仅力矩模式(mode=0)  pitch=0  小 yaw 行程=[-30°, +30°]  参考包络=[-22°, +22°]  中止阈值=同硬限位  中心=+0.0°  过温=55℃
  [DRY-RUN] ★ 底盘静态倾角 = +10.00°（绕 y） ⇒ A 系重力随大 yaw 平台角旋转，|g_A| = 1.70 m/s²，记 tilted=1
  保存目录: data/archive/20260920_sim_com_tilt/tilt_train
  保存格式: npz（默认，不写 csv）  ← 也记静止保持段
  [DRY-RUN] 无硬件: 用内置仿真代替串口（planar_yaw_model.h 同方程, λ=100, 积分步长 0.050 ms）
  [DRY-RUN] ★ 仿真环境 3: **没有背隙**（δ=0）—— 电机与云台之间没有空行程，只剩 τ_t = k·Δ + c·Δ̇（k=2500 N·m/rad, c=defaultModelParams 的 2）
  [DRY-RUN] 用途: 可辨识性诊断 —— 喂给当前 16 参（含 δ）模型，看它能不能识出'其实没有背隙'；npz 里记 no_backlash=1
==============================================================================
  [DRY-RUN] 随机重心偏置用独立种子 --sim-com-seed=7（train/val、水平/倾斜 共享同一组真值）
  [DRY-RUN] ★ 随机重心偏置 P  (小 yaw 上装一阶矩): |P| = 0.01438 kg·m, 方向  +323.0° ⇒ (Px, Py) = (+0.01148, -0.00865)
  [DRY-RUN] ★ 随机重心偏置 Pb (大 yaw 转子一阶矩): |Pb| = 0.01231 kg·m, 方向   +81.1° ⇒ (Pbx, Pby) = (+0.00191, +0.01216)
数据链路就绪

=== 段 1 === driven=big 轴 / held=small 轴  温度=(30,30)℃
  参考来源: recording_1778322622.npz[1991:2291] 随机缩放=0.74
  driven 大 yaw: 中心=+0.273 rad 半幅=±0.533 rad(±30.6°)
  held   小 yaw: 目标=+0.193 rad (+11.0°)  [包络 -22°…+22°]
  到位(固定 5s): err_big=-0.75° err_small=-0.56°
  等待连续 3s 稳定（判据: 两轴误差 ≤ 3° 且 两轴速度 < 12°/s；任一越界即重新计时）…
    [稳定等待] 已等   0.0s  e_big=-0.75° e_small=-0.56°  |ω_big|=0.08°/s |ω_small|=0.05°/s  连续 0.0/3s
    [稳定等待] 已等   1.0s  e_big=-0.67° e_small=-0.52°  |ω_big|=0.08°/s |ω_small|=0.04°/s  连续 1.0/3s
    [稳定等待] 已等   2.0s  e_big=-0.60° e_small=-0.48°  |ω_big|=0.07°/s |ω_small|=0.03°/s  连续 2.0/3s
  ✓ 已稳定（第二段用时 3.00s，两段合计 8.00s）
  采样 300 点 (3.00 s @100Hz)…
  保存: data/archive/20260920_sim_com_tilt/tilt_train/sysid_big_20260920_194700_00.npz  (300 行)

=== 段 2 === driven=small 轴 / held=big 轴  温度=(30,30)℃
  参考来源: recording_1778327131.npz[1301:1601] 随机缩放=0.37
  driven 小 yaw: 中心=+0.084 rad(+4.8°) 半幅=±0.262 rad(±15.0°)
    整条位于参考包络 [-22°, +22°] 内（硬限位 [-30°, +30°]，两侧各留 8° 跟踪余量; 中心 +0.0°）
  held   大 yaw: 目标=+0.373 rad（现有方位角 ±π 内随机）
  到位(固定 5s): err_big=-2.75° err_small=-0.01°
  等待连续 3s 稳定（判据: 两轴误差 ≤ 3° 且 两轴速度 < 12°/s；任一越界即重新计时）…
    [稳定等待] 已等   0.0s  e_big=-2.75° e_small=-0.01°  |ω_big|=0.28°/s |ω_small|=0.01°/s  连续 0.0/3s
    [稳定等待] 已等   1.0s  e_big=-2.48° e_small=-0.02°  |ω_big|=0.25°/s |ω_small|=0.01°/s  连续 1.0/3s
    [稳定等待] 已等   2.0s  e_big=-2.24° e_small=-0.03°  |ω_big|=0.23°/s |ω_small|=0.01°/s  连续 2.0/3s
  ✓ 已稳定（第二段用时 3.00s，两段合计 8.00s）
  静止保持段已记录: data/archive/20260920_sim_com_tilt/tilt_train/sysid_small_20260920_194711_01_hold.npz  (800 行, t=0~7.99s, 含大角度阶跃)
  采样 300 点 (3.00 s @100Hz)…
  保存: data/archive/20260920_sim_com_tilt/tilt_train/sysid_small_20260920_194715_01.npz  (300 行)

=== 段 3 === driven=big 轴 / held=small 轴  温度=(30,30)℃
  参考来源: recording_1778414251.npz[29372:29672] 随机缩放=3.78
  driven 大 yaw: 中心=+0.052 rad 半幅=±0.633 rad(±36.3°)
  held   小 yaw: 目标=-0.063 rad (-3.6°)  [包络 -22°…+22°]
  到位(固定 5s): err_big=+3.91° err_small=-0.99°
  等待连续 3s 稳定（判据: 两轴误差 ≤ 3° 且 两轴速度 < 12°/s；任一越界即重新计时）…
    [稳定等待] 已等   0.0s  e_big=+3.91° e_small=-0.99°  |ω_big|=0.31°/s |ω_small|=0.17°/s  连续 0.0/3s  ← 未满足 e_big超差
    [稳定等待] 已等   1.0s  e_big=+3.62° e_small=-0.84°  |ω_big|=0.28°/s |ω_small|=0.13°/s  连续 0.0/3s  ← 未满足 e_big超差
    [稳定等待] 已等   2.0s  e_big=+3.35° e_small=-0.72°  |ω_big|=0.25°/s |ω_small|=0.11°/s  连续 0.0/3s  ← 未满足 e_big超差
    [稳定等待] 已等   3.0s  e_big=+3.11° e_small=-0.62°  |ω_big|=0.23°/s |ω_small|=0.09°/s  连续 0.0/3s  ← 未满足 e_big超差
    [稳定等待] 已等   4.0s  e_big=+2.90° e_small=-0.53°  |ω_big|=0.21°/s |ω_small|=0.07°/s  连续 0.5/3s
    [稳定等待] 已等   5.0s  e_big=+2.70° e_small=-0.47°  |ω_big|=0.19°/s |ω_small|=0.06°/s  连续 1.5/3s
    [稳定等待] 已等   6.0s  e_big=+2.51° e_small=-0.41°  |ω_big|=0.17°/s |ω_small|=0.05°/s  连续 2.5/3s
  ✓ 已稳定（第二段用时 6.53s，两段合计 11.53s）
  静止保持段已记录: data/archive/20260920_sim_com_tilt/tilt_train/sysid_big_20260920_194729_02_hold.npz  (1153 行, t=0~11.52s, 含大角度阶跃)
  采样 300 点 (3.00 s @100Hz)…
  保存: data/archive/20260920_sim_com_tilt/tilt_train/sysid_big_20260920_194733_02.npz  (300 行)

=== 段 4 === driven=small 轴 / held=big 轴  温度=(30,30)℃
  参考来源: recording_1778322660.npz[545:845] 随机缩放=0.27
  driven 小 yaw: 中心=-0.022 rad(-1.2°) 半幅=±0.242 rad(±13.9°)
    整条位于参考包络 [-22°, +22°] 内（硬限位 [-30°, +30°]，两侧各留 8° 跟踪余量; 中心 +0.0°）
  held   大 yaw: 目标=-2.283 rad（现有方位角 ±π 内随机）
  到位(固定 5s): err_big=-1.98° err_small=-0.15°
  等待连续 3s 稳定（判据: 两轴误差 ≤ 3° 且 两轴速度 < 12°/s；任一越界即重新计时）…
    [稳定等待] 已等   0.0s  e_big=-1.98° e_small=-0.15°  |ω_big|=0.12°/s |ω_small|=0.02°/s  连续 0.0/3s
    [稳定等待] 已等   1.0s  e_big=-1.87° e_small=-0.13°  |ω_big|=0.11°/s |ω_small|=0.02°/s  连续 1.0/3s
    [稳定等待] 已等   2.0s  e_big=-1.76° e_small=-0.11°  |ω_big|=0.10°/s |ω_small|=0.02°/s  连续 2.0/3s
  ✓ 已稳定（第二段用时 3.00s，两段合计 8.00s）
  静止保持段已记录: data/archive/20260920_sim_com_tilt/tilt_train/sysid_small_20260920_194743_03_hold.npz  (800 行, t=0~7.99s, 含大角度阶跃)
  采样 300 点 (3.00 s @100Hz)…
  保存: data/archive/20260920_sim_com_tilt/tilt_train/sysid_small_20260920_194748_03.npz  (300 行)

=== 段 5 === driven=big 轴 / held=small 轴  温度=(30,30)℃
  参考来源: recording_1778328241.npz[17501:17801] 随机缩放=2.30
  driven 大 yaw: 中心=-2.543 rad 半幅=±0.464 rad(±26.6°)
  held   小 yaw: 目标=-0.116 rad (-6.6°)  [包络 -22°…+22°]
  到位(固定 5s): err_big=+1.82° err_small=-0.75°
  等待连续 3s 稳定（判据: 两轴误差 ≤ 3° 且 两轴速度 < 12°/s；任一越界即重新计时）…
    [稳定等待] 已等   0.0s  e_big=+1.82° e_small=-0.75°  |ω_big|=0.20°/s |ω_small|=0.13°/s  连续 0.0/3s
    [稳定等待] 已等   1.0s  e_big=+1.63° e_small=-0.63°  |ω_big|=0.18°/s |ω_small|=0.11°/s  连续 1.0/3s
    [稳定等待] 已等   2.0s  e_big=+1.46° e_small=-0.54°  |ω_big|=0.16°/s |ω_small|=0.08°/s  连续 2.0/3s
  ✓ 已稳定（第二段用时 3.00s，两段合计 8.00s）
  静止保持段已记录: data/archive/20260920_sim_com_tilt/tilt_train/sysid_big_20260920_194758_04_hold.npz  (800 行, t=0~7.99s, 含大角度阶跃)
  采样 300 点 (3.00 s @100Hz)…
  保存: data/archive/20260920_sim_com_tilt/tilt_train/sysid_big_20260920_194802_04.npz  (300 行)

=== 段 6 === driven=small 轴 / held=big 轴  温度=(30,30)℃
  参考来源: recording_1778414251.npz[12173:12473] 随机缩放=0.01
  driven 小 yaw: 中心=+0.018 rad(+1.0°) 半幅=±0.244 rad(±14.0°)
    整条位于参考包络 [-22°, +22°] 内（硬限位 [-30°, +30°]，两侧各留 8° 跟踪余量; 中心 +0.0°）
  held   大 yaw: 目标=-1.249 rad（现有方位角 ±π 内随机）
  到位(固定 5s): err_big=-1.60° err_small=-1.05°
  等待连续 3s 稳定（判据: 两轴误差 ≤ 3° 且 两轴速度 < 12°/s；任一越界即重新计时）…
    [稳定等待] 已等   0.0s  e_big=-1.60° e_small=-1.05°  |ω_big|=0.09°/s |ω_small|=0.09°/s  连续 0.0/3s
    [稳定等待] 已等   1.0s  e_big=-1.52° e_small=-0.97°  |ω_big|=0.08°/s |ω_small|=0.07°/s  连续 1.0/3s
    [稳定等待] 已等   2.0s  e_big=-1.44° e_small=-0.90°  |ω_big|=0.08°/s |ω_small|=0.06°/s  连续 2.0/3s
  ✓ 已稳定（第二段用时 3.00s，两段合计 8.00s）
  静止保持段已记录: data/archive/20260920_sim_com_tilt/tilt_train/sysid_small_20260920_194813_05_hold.npz  (800 行, t=0~7.99s, 含大角度阶跃)
  采样 300 点 (3.00 s @100Hz)…
  保存: data/archive/20260920_sim_com_tilt/tilt_train/sysid_small_20260920_194817_05.npz  (300 行)

=== 段 7 === driven=big 轴 / held=small 轴  温度=(30,30)℃
  参考来源: recording_1778341012.npz[32580:32880] 随机缩放=0.39
  driven 大 yaw: 中心=-0.799 rad 半幅=±0.531 rad(±30.4°)
  held   小 yaw: 目标=+0.074 rad (+4.2°)  [包络 -22°…+22°]
  到位(固定 5s): err_big=-0.15° err_small=-0.54°
  等待连续 3s 稳定（判据: 两轴误差 ≤ 3° 且 两轴速度 < 12°/s；任一越界即重新计时）…
    [稳定等待] 已等   0.0s  e_big=-0.15° e_small=-0.54°  |ω_big|=0.02°/s |ω_small|=0.03°/s  连续 0.0/3s
    [稳定等待] 已等   1.0s  e_big=-0.17° e_small=-0.57°  |ω_big|=0.02°/s |ω_small|=0.03°/s  连续 1.0/3s
    [稳定等待] 已等   2.0s  e_big=-0.19° e_small=-0.59°  |ω_big|=0.02°/s |ω_small|=0.02°/s  连续 2.0/3s
  ✓ 已稳定（第二段用时 3.00s，两段合计 8.00s）
  静止保持段已记录: data/archive/20260920_sim_com_tilt/tilt_train/sysid_big_20260920_194827_06_hold.npz  (800 行, t=0~7.99s, 含大角度阶跃)
  采样 300 点 (3.00 s @100Hz)…
  保存: data/archive/20260920_sim_com_tilt/tilt_train/sysid_big_20260920_194832_06.npz  (300 行)

=== 段 8 === driven=small 轴 / held=big 轴  温度=(30,30)℃
  参考来源: recording_1778330157.npz[3191:3491] 随机缩放=0.25
  driven 小 yaw: 中心=+0.123 rad(+7.0°) 半幅=±0.317 rad(±18.2°)
    整条位于参考包络 [-22°, +22°] 内（硬限位 [-30°, +30°]，两侧各留 8° 跟踪余量; 中心 +0.0°）
  held   大 yaw: 目标=-2.057 rad（现有方位角 ±π 内随机）
  到位(固定 5s): err_big=-1.23° err_small=-0.18°
  等待连续 3s 稳定（判据: 两轴误差 ≤ 3° 且 两轴速度 < 12°/s；任一越界即重新计时）…
    [稳定等待] 已等   0.0s  e_big=-1.23° e_small=-0.18°  |ω_big|=0.05°/s |ω_small|=0.01°/s  连续 0.0/3s
    [稳定等待] 已等   1.0s  e_big=-1.18° e_small=-0.19°  |ω_big|=0.05°/s |ω_small|=0.01°/s  连续 1.0/3s
    [稳定等待] 已等   2.0s  e_big=-1.14° e_small=-0.20°  |ω_big|=0.04°/s |ω_small|=0.01°/s  连续 2.0/3s
  ✓ 已稳定（第二段用时 3.00s，两段合计 8.00s）
  静止保持段已记录: data/archive/20260920_sim_com_tilt/tilt_train/sysid_small_20260920_194842_07_hold.npz  (800 行, t=0~7.99s, 含大角度阶跃)
  采样 300 点 (3.00 s @100Hz)…
  保存: data/archive/20260920_sim_com_tilt/tilt_train/sysid_small_20260920_194846_07.npz  (300 行)

=== 段 9 === driven=big 轴 / held=small 轴  温度=(30,30)℃
  参考来源: recording_1778340524.npz[16059:16359] 随机缩放=0.69
  driven 大 yaw: 中心=-1.558 rad 半幅=±0.785 rad(±45.0°)
  held   小 yaw: 目标=-0.006 rad (-0.3°)  [包络 -22°…+22°]
  到位(固定 5s): err_big=-2.48° err_small=-0.55°
  等待连续 3s 稳定（判据: 两轴误差 ≤ 3° 且 两轴速度 < 12°/s；任一越界即重新计时）…
    [稳定等待] 已等   0.0s  e_big=-2.48° e_small=-0.55°  |ω_big|=0.15°/s |ω_small|=0.08°/s  连续 0.0/3s
    [稳定等待] 已等   1.0s  e_big=-2.33° e_small=-0.47°  |ω_big|=0.14°/s |ω_small|=0.07°/s  连续 1.0/3s
    [稳定等待] 已等   2.0s  e_big=-2.19° e_small=-0.41°  |ω_big|=0.13°/s |ω_small|=0.06°/s  连续 2.0/3s
  ✓ 已稳定（第二段用时 3.00s，两段合计 8.00s）
  静止保持段已记录: data/archive/20260920_sim_com_tilt/tilt_train/sysid_big_20260920_194856_08_hold.npz  (800 行, t=0~7.99s, 含大角度阶跃)
  采样 300 点 (3.00 s @100Hz)…
  保存: data/archive/20260920_sim_com_tilt/tilt_train/sysid_big_20260920_194901_08.npz  (300 行)

=== 段 10 === driven=small 轴 / held=big 轴  温度=(30,30)℃
  参考来源: recording_1778322660.npz[1944:2244] 随机缩放=0.19
  driven 小 yaw: 中心=-0.225 rad(-12.9°) 半幅=±0.357 rad(±20.4°)
    整条位于参考包络 [-22°, +22°] 内（硬限位 [-30°, +30°]，两侧各留 8° 跟踪余量; 中心 +0.0°）
  held   大 yaw: 目标=-0.090 rad（现有方位角 ±π 内随机）
  到位(固定 5s): err_big=-0.74° err_small=-0.88°
  等待连续 3s 稳定（判据: 两轴误差 ≤ 3° 且 两轴速度 < 12°/s；任一越界即重新计时）…
    [稳定等待] 已等   0.0s  e_big=-0.74° e_small=-0.88°  |ω_big|=0.06°/s |ω_small|=0.08°/s  连续 0.0/3s
    [稳定等待] 已等   1.0s  e_big=-0.68° e_small=-0.81°  |ω_big|=0.06°/s |ω_small|=0.06°/s  连续 1.0/3s
    [稳定等待] 已等   2.0s  e_big=-0.62° e_small=-0.76°  |ω_big|=0.05°/s |ω_small|=0.05°/s  连续 2.0/3s
  ✓ 已稳定（第二段用时 3.00s，两段合计 8.00s）
  静止保持段已记录: data/archive/20260920_sim_com_tilt/tilt_train/sysid_small_20260920_194911_09_hold.npz  (800 行, t=0~7.99s, 含大角度阶跃)
  采样 300 点 (3.00 s @100Hz)…
  保存: data/archive/20260920_sim_com_tilt/tilt_train/sysid_small_20260920_194915_09.npz  (300 行)

=== 段 11 === driven=big 轴 / held=small 轴  温度=(30,30)℃
  参考来源: recording_1778327131.npz[647:947] 随机缩放=0.69
  driven 大 yaw: 中心=-0.480 rad 半幅=±0.423 rad(±24.2°)
  held   小 yaw: 目标=-0.082 rad (-4.7°)  [包络 -22°…+22°]
  到位(固定 5s): err_big=-2.03° err_small=-1.13°
  等待连续 3s 稳定（判据: 两轴误差 ≤ 3° 且 两轴速度 < 12°/s；任一越界即重新计时）…
    [稳定等待] 已等   0.0s  e_big=-2.03° e_small=-1.13°  |ω_big|=0.16°/s |ω_small|=0.11°/s  连续 0.0/3s
    [稳定等待] 已等   1.0s  e_big=-1.88° e_small=-1.03°  |ω_big|=0.15°/s |ω_small|=0.09°/s  连续 1.0/3s
    [稳定等待] 已等   2.0s  e_big=-1.74° e_small=-0.95°  |ω_big|=0.14°/s |ω_small|=0.07°/s  连续 2.0/3s
  ✓ 已稳定（第二段用时 3.00s，两段合计 8.00s）
  静止保持段已记录: data/archive/20260920_sim_com_tilt/tilt_train/sysid_big_20260920_194925_10_hold.npz  (800 行, t=0~7.99s, 含大角度阶跃)
  采样 300 点 (3.00 s @100Hz)…
  保存: data/archive/20260920_sim_com_tilt/tilt_train/sysid_big_20260920_194930_10.npz  (300 行)

=== 段 12 === driven=small 轴 / held=big 轴  温度=(30,30)℃
  参考来源: recording_1778414251.npz[1243:1543] 随机缩放=0.24
  driven 小 yaw: 中心=+0.128 rad(+7.3°) 半幅=±0.221 rad(±12.7°)
    整条位于参考包络 [-22°, +22°] 内（硬限位 [-30°, +30°]，两侧各留 8° 跟踪余量; 中心 +0.0°）
  held   大 yaw: 目标=-3.698 rad（现有方位角 ±π 内随机）
  到位(固定 5s): err_big=-4.98° err_small=-0.48°
  等待连续 3s 稳定（判据: 两轴误差 ≤ 3° 且 两轴速度 < 12°/s；任一越界即重新计时）…
    [稳定等待] 已等   0.0s  e_big=-4.98° e_small=-0.48°  |ω_big|=0.50°/s |ω_small|=0.23°/s  连续 0.0/3s  ← 未满足 e_big超差
    [稳定等待] 已等   1.0s  e_big=-4.51° e_small=-0.27°  |ω_big|=0.44°/s |ω_small|=0.18°/s  连续 0.0/3s  ← 未满足 e_big超差
    [稳定等待] 已等   2.0s  e_big=-4.10° e_small=-0.11°  |ω_big|=0.38°/s |ω_small|=0.15°/s  连续 0.0/3s  ← 未满足 e_big超差
    [稳定等待] 已等   3.0s  e_big=-3.73° e_small=+0.02°  |ω_big|=0.34°/s |ω_small|=0.12°/s  连续 0.0/3s  ← 未满足 e_big超差
    [稳定等待] 已等   4.0s  e_big=-3.41° e_small=+0.14°  |ω_big|=0.31°/s |ω_small|=0.09°/s  连续 0.0/3s  ← 未满足 e_big超差
    [稳定等待] 已等   5.0s  e_big=-3.11° e_small=+0.22°  |ω_big|=0.28°/s |ω_small|=0.08°/s  连续 0.0/3s  ← 未满足 e_big超差
    [稳定等待] 已等   6.0s  e_big=-2.85° e_small=+0.30°  |ω_big|=0.25°/s |ω_small|=0.07°/s  连续 0.6/3s
    [稳定等待] 已等   7.0s  e_big=-2.60° e_small=+0.36°  |ω_big|=0.23°/s |ω_small|=0.05°/s  连续 1.6/3s
    [稳定等待] 已等   8.0s  e_big=-2.38° e_small=+0.40°  |ω_big|=0.21°/s |ω_small|=0.04°/s  连续 2.6/3s
  ✓ 已稳定（第二段用时 8.44s，两段合计 13.44s）
  静止保持段已记录: data/archive/20260920_sim_com_tilt/tilt_train/sysid_small_20260920_194945_11_hold.npz  (1344 行, t=0~13.43s, 含大角度阶跃)
  采样 300 点 (3.00 s @100Hz)…
  保存: data/archive/20260920_sim_com_tilt/tilt_train/sysid_small_20260920_194950_11.npz  (300 行)

=== 段 13 === driven=big 轴 / held=small 轴  温度=(30,30)℃
  参考来源: recording_1778414251.npz[36086:36386] 随机缩放=0.67
  driven 大 yaw: 中心=-3.300 rad 半幅=±0.571 rad(±32.7°)
  held   小 yaw: 目标=-0.254 rad (-14.5°)  [包络 -22°…+22°]
  到位(固定 5s): err_big=+1.75° err_small=+1.18°
  等待连续 3s 稳定（判据: 两轴误差 ≤ 3° 且 两轴速度 < 12°/s；任一越界即重新计时）…
    [稳定等待] 已等   0.0s  e_big=+1.75° e_small=+1.18°  |ω_big|=0.14°/s |ω_small|=0.11°/s  连续 0.0/3s
    [稳定等待] 已等   1.0s  e_big=+1.62° e_small=+1.07°  |ω_big|=0.13°/s |ω_small|=0.09°/s  连续 1.0/3s
    [稳定等待] 已等   2.0s  e_big=+1.50° e_small=+0.99°  |ω_big|=0.12°/s |ω_small|=0.07°/s  连续 2.0/3s
  ✓ 已稳定（第二段用时 3.00s，两段合计 8.00s）
  静止保持段已记录: data/archive/20260920_sim_com_tilt/tilt_train/sysid_big_20260920_195000_12_hold.npz  (800 行, t=0~7.99s, 含大角度阶跃)
  采样 300 点 (3.00 s @100Hz)…
  保存: data/archive/20260920_sim_com_tilt/tilt_train/sysid_big_20260920_195005_12.npz  (300 行)

=== 段 14 === driven=small 轴 / held=big 轴  温度=(30,30)℃
  参考来源: recording_1778341521.npz[17863:18163] 随机缩放=0.05
  driven 小 yaw: 中心=+0.206 rad(+11.8°) 半幅=±0.368 rad(±21.1°)
    整条位于参考包络 [-22°, +22°] 内（硬限位 [-30°, +30°]，两侧各留 8° 跟踪余量; 中心 +0.0°）
  held   大 yaw: 目标=-4.242 rad（现有方位角 ±π 内随机）
  到位(固定 5s): err_big=+2.81° err_small=+1.32°
  等待连续 3s 稳定（判据: 两轴误差 ≤ 3° 且 两轴速度 < 12°/s；任一越界即重新计时）…
    [稳定等待] 已等   0.0s  e_big=+2.81° e_small=+1.33°  |ω_big|=0.19°/s |ω_small|=0.13°/s  连续 0.0/3s
    [稳定等待] 已等   1.0s  e_big=+2.63° e_small=+1.21°  |ω_big|=0.17°/s |ω_small|=0.11°/s  连续 1.0/3s
    [稳定等待] 已等   2.0s  e_big=+2.46° e_small=+1.10°  |ω_big|=0.16°/s |ω_small|=0.09°/s  连续 2.0/3s
  ✓ 已稳定（第二段用时 3.00s，两段合计 8.00s）
  静止保持段已记录: data/archive/20260920_sim_com_tilt/tilt_train/sysid_small_20260920_195015_13_hold.npz  (800 行, t=0~7.99s, 含大角度阶跃)
  采样 300 点 (3.00 s @100Hz)…
  保存: data/archive/20260920_sim_com_tilt/tilt_train/sysid_small_20260920_195019_13.npz  (300 行)

=== 段 15 === driven=big 轴 / held=small 轴  温度=(30,30)℃
  参考来源: recording_1778413386.npz[12713:13013] 随机缩放=0.69
  driven 大 yaw: 中心=-4.396 rad 半幅=±0.348 rad(±19.9°)
  held   小 yaw: 目标=-0.090 rad (-5.2°)  [包络 -22°…+22°]
  到位(固定 5s): err_big=+3.92° err_small=+0.22°
  等待连续 3s 稳定（判据: 两轴误差 ≤ 3° 且 两轴速度 < 12°/s；任一越界即重新计时）…
    [稳定等待] 已等   0.0s  e_big=+3.92° e_small=+0.22°  |ω_big|=0.30°/s |ω_small|=0.10°/s  连续 0.0/3s  ← 未满足 e_big超差
    [稳定等待] 已等   1.0s  e_big=+3.64° e_small=+0.31°  |ω_big|=0.27°/s |ω_small|=0.07°/s  连续 0.0/3s  ← 未满足 e_big超差
    [稳定等待] 已等   2.0s  e_big=+3.37° e_small=+0.38°  |ω_big|=0.25°/s |ω_small|=0.06°/s  连续 0.0/3s  ← 未满足 e_big超差
    [稳定等待] 已等   3.0s  e_big=+3.14° e_small=+0.44°  |ω_big|=0.23°/s |ω_small|=0.06°/s  连续 0.0/3s  ← 未满足 e_big超差
    [稳定等待] 已等   4.0s  e_big=+2.92° e_small=+0.49°  |ω_big|=0.21°/s |ω_small|=0.04°/s  连续 0.4/3s
    [稳定等待] 已等   5.0s  e_big=+2.72° e_small=+0.52°  |ω_big|=0.19°/s |ω_small|=0.04°/s  连续 1.4/3s
    [稳定等待] 已等   6.0s  e_big=+2.54° e_small=+0.55°  |ω_big|=0.17°/s |ω_small|=0.02°/s  连续 2.4/3s
  ✓ 已稳定（第二段用时 6.64s，两段合计 11.64s）
  静止保持段已记录: data/archive/20260920_sim_com_tilt/tilt_train/sysid_big_20260920_195033_14_hold.npz  (1164 行, t=0~11.63s, 含大角度阶跃)
  采样 300 点 (3.00 s @100Hz)…
  保存: data/archive/20260920_sim_com_tilt/tilt_train/sysid_big_20260920_195037_14.npz  (300 行)

=== 段 16 === driven=small 轴 / held=big 轴  温度=(30,30)℃
  参考来源: recording_1778340524.npz[700:1000] 随机缩放=0.56
  driven 小 yaw: 中心=-0.072 rad(-4.1°) 半幅=±0.333 rad(±19.1°)
    整条位于参考包络 [-22°, +22°] 内（硬限位 [-30°, +30°]，两侧各留 8° 跟踪余量; 中心 +0.0°）
  held   大 yaw: 目标=-4.764 rad（现有方位角 ±π 内随机）
  到位(固定 5s): err_big=+3.15° err_small=+0.97°
  等待连续 3s 稳定（判据: 两轴误差 ≤ 3° 且 两轴速度 < 12°/s；任一越界即重新计时）…
    [稳定等待] 已等   0.0s  e_big=+3.15° e_small=+0.97°  |ω_big|=0.20°/s |ω_small|=0.08°/s  连续 0.0/3s  ← 未满足 e_big超差
    [稳定等待] 已等   1.0s  e_big=+2.96° e_small=+0.90°  |ω_big|=0.18°/s |ω_small|=0.06°/s  连续 0.2/3s
    [稳定等待] 已等   2.0s  e_big=+2.78° e_small=+0.84°  |ω_big|=0.17°/s |ω_small|=0.05°/s  连续 1.2/3s
    [稳定等待] 已等   3.0s  e_big=+2.62° e_small=+0.79°  |ω_big|=0.15°/s |ω_small|=0.04°/s  连续 2.2/3s
  ✓ 已稳定（第二段用时 3.78s，两段合计 8.78s）
  静止保持段已记录: data/archive/20260920_sim_com_tilt/tilt_train/sysid_small_20260920_195048_15_hold.npz  (878 行, t=0~8.77s, 含大角度阶跃)
  采样 300 点 (3.00 s @100Hz)…
  保存: data/archive/20260920_sim_com_tilt/tilt_train/sysid_small_20260920_195053_15.npz  (300 行)
  已发送 20 帧零力矩并停止
------------------------------------------------------------------------------
完成: 保存 16/16 段 → data/archive/20260920_sim_com_tilt/tilt_train
  [DRY-RUN] 仿真下发 21360 帧, 结束状态 θ_big=-4.7583 θ_small=-4.7583 rad
