加载目标序列: 11 个文件, 共 300727 点 @100Hz
==============================================================================
双级 yaw 系统辨识数据采集 — 分轴激励（录制序列 + 增强 + 上位机 PID）
  段数=16  每段=300 点 (3.00s @100Hz)  到位=5s  种子=42
  PID: kp=2.0 ki=0.0 kd=0.1 输出限幅 ±1 N·m  力矩变化限幅 0.5 N·m/步
  静止保持段记录=开（后缀 _hold）（首段除外）
  仅力矩模式(mode=0)  pitch=0  小 yaw 行程=[-30°, +30°]  参考包络=[-22°, +22°]  中止阈值=同硬限位  中心=+0.0°  过温=55℃
  保存目录: data/archive/20260920_sim_com_tilt/level_train
  保存格式: npz（默认，不写 csv）  ← 也记静止保持段
  [DRY-RUN] 无硬件: 用内置仿真代替串口（planar_yaw_model.h 同方程, λ=100, 积分步长 0.050 ms）
  [DRY-RUN] ★ 仿真环境 3: **没有背隙**（δ=0）—— 电机与云台之间没有空行程，只剩 τ_t = k·Δ + c·Δ̇（k=2500 N·m/rad, c=defaultModelParams 的 2）
  [DRY-RUN] 用途: 可辨识性诊断 —— 喂给当前 16 参（含 δ）模型，看它能不能识出'其实没有背隙'；npz 里记 no_backlash=1
==============================================================================
  [DRY-RUN] 随机重心偏置用独立种子 --sim-com-seed=7（train/val、水平/倾斜 共享同一组真值）
  [DRY-RUN] ★ 随机重心偏置 P  (小 yaw 上装一阶矩): |P| = 0.01438 kg·m, 方向  +323.0° ⇒ (Px, Py) = (+0.01148, -0.00865)
  [DRY-RUN] ★ 随机重心偏置 Pb (大 yaw 转子一阶矩): |Pb| = 0.01231 kg·m, 方向   +81.1° ⇒ (Pbx, Pby) = (+0.00191, +0.01216)
数据链路就绪

=== 段 1 === driven=big 轴 / held=small 轴  温度=(30,30)℃
  参考来源: recording_1778322622.npz[1991:2291] 随机缩放=0.74
  driven 大 yaw: 中心=+0.273 rad 半幅=±0.533 rad(±30.6°)
  held   小 yaw: 目标=+0.193 rad (+11.0°)  [包络 -22°…+22°]
  到位(固定 5s): err_big=-0.85° err_small=-0.20°
  等待连续 3s 稳定（判据: 两轴误差 ≤ 3° 且 两轴速度 < 12°/s；任一越界即重新计时）…
    [稳定等待] 已等   0.0s  e_big=-0.85° e_small=-0.20°  |ω_big|=0.07°/s |ω_small|=0.04°/s  连续 0.0/3s
    [稳定等待] 已等   1.0s  e_big=-0.79° e_small=-0.16°  |ω_big|=0.06°/s |ω_small|=0.03°/s  连续 1.0/3s
    [稳定等待] 已等   2.0s  e_big=-0.73° e_small=-0.13°  |ω_big|=0.06°/s |ω_small|=0.02°/s  连续 2.0/3s
  ✓ 已稳定（第二段用时 3.00s，两段合计 8.00s）
  采样 300 点 (3.00 s @100Hz)…
  保存: data/archive/20260920_sim_com_tilt/level_train/sysid_big_20260920_194700_00.npz  (300 行)

=== 段 2 === driven=small 轴 / held=big 轴  温度=(30,30)℃
  参考来源: recording_1778327131.npz[1301:1601] 随机缩放=0.37
  driven 小 yaw: 中心=+0.084 rad(+4.8°) 半幅=±0.262 rad(±15.0°)
    整条位于参考包络 [-22°, +22°] 内（硬限位 [-30°, +30°]，两侧各留 8° 跟踪余量; 中心 +0.0°）
  held   大 yaw: 目标=+0.389 rad（现有方位角 ±π 内随机）
  到位(固定 5s): err_big=-3.41° err_small=+0.08°
  等待连续 3s 稳定（判据: 两轴误差 ≤ 3° 且 两轴速度 < 12°/s；任一越界即重新计时）…
    [稳定等待] 已等   0.0s  e_big=-3.41° e_small=+0.08°  |ω_big|=0.29°/s |ω_small|=0.02°/s  连续 0.0/3s  ← 未满足 e_big超差
    [稳定等待] 已等   1.0s  e_big=-3.13° e_small=+0.07°  |ω_big|=0.27°/s |ω_small|=0.01°/s  连续 0.0/3s  ← 未满足 e_big超差
    [稳定等待] 已等   2.0s  e_big=-2.88° e_small=+0.06°  |ω_big|=0.24°/s |ω_small|=0.01°/s  连续 0.5/3s
    [稳定等待] 已等   3.0s  e_big=-2.65° e_small=+0.04°  |ω_big|=0.22°/s |ω_small|=0.01°/s  连续 1.5/3s
    [稳定等待] 已等   4.0s  e_big=-2.43° e_small=+0.04°  |ω_big|=0.20°/s |ω_small|=0.01°/s  连续 2.5/3s
  ✓ 已稳定（第二段用时 4.52s，两段合计 9.52s）
  静止保持段已记录: data/archive/20260920_sim_com_tilt/level_train/sysid_small_20260920_194712_01_hold.npz  (952 行, t=0~9.51s, 含大角度阶跃)
  采样 300 点 (3.00 s @100Hz)…
  保存: data/archive/20260920_sim_com_tilt/level_train/sysid_small_20260920_194716_01.npz  (300 行)

=== 段 3 === driven=big 轴 / held=small 轴  温度=(30,30)℃
  参考来源: recording_1778341521.npz[29171:29471] 随机缩放=0.37
  driven 大 yaw: 中心=+0.386 rad 半幅=±0.629 rad(±36.0°)
  held   小 yaw: 目标=+0.072 rad (+4.1°)  [包络 -22°…+22°]
  到位(固定 5s): err_big=-2.91° err_small=+0.31°
  等待连续 3s 稳定（判据: 两轴误差 ≤ 3° 且 两轴速度 < 12°/s；任一越界即重新计时）…
    [稳定等待] 已等   0.0s  e_big=-2.91° e_small=+0.31°  |ω_big|=0.25°/s |ω_small|=0.06°/s  连续 0.0/3s
    [稳定等待] 已等   1.0s  e_big=-2.68° e_small=+0.26°  |ω_big|=0.22°/s |ω_small|=0.05°/s  连续 1.0/3s
    [稳定等待] 已等   2.0s  e_big=-2.46° e_small=+0.20°  |ω_big|=0.20°/s |ω_small|=0.04°/s  连续 2.0/3s
  ✓ 已稳定（第二段用时 3.00s，两段合计 8.00s）
  静止保持段已记录: data/archive/20260920_sim_com_tilt/level_train/sysid_big_20260920_194726_02_hold.npz  (800 行, t=0~7.99s, 含大角度阶跃)
  采样 300 点 (3.00 s @100Hz)…
  保存: data/archive/20260920_sim_com_tilt/level_train/sysid_big_20260920_194731_02.npz  (300 行)

=== 段 4 === driven=small 轴 / held=big 轴  温度=(30,30)℃
  参考来源: recording_1778330157.npz[28093:28393] 随机缩放=0.17
  driven 小 yaw: 中心=+0.006 rad(+0.3°) 半幅=±0.211 rad(±12.1°)
    整条位于参考包络 [-22°, +22°] 内（硬限位 [-30°, +30°]，两侧各留 8° 跟踪余量; 中心 +0.0°）
  held   大 yaw: 目标=+1.213 rad（现有方位角 ±π 内随机）
  到位(固定 5s): err_big=-4.35° err_small=-1.01°
  等待连续 3s 稳定（判据: 两轴误差 ≤ 3° 且 两轴速度 < 12°/s；任一越界即重新计时）…
    [稳定等待] 已等   0.0s  e_big=-4.35° e_small=-1.01°  |ω_big|=0.40°/s |ω_small|=0.21°/s  连续 0.0/3s  ← 未满足 e_big超差
    [稳定等待] 已等   1.0s  e_big=-3.97° e_small=-0.82°  |ω_big|=0.36°/s |ω_small|=0.17°/s  连续 0.0/3s  ← 未满足 e_big超差
    [稳定等待] 已等   2.0s  e_big=-3.63° e_small=-0.66°  |ω_big|=0.32°/s |ω_small|=0.13°/s  连续 0.0/3s  ← 未满足 e_big超差
    [稳定等待] 已等   3.0s  e_big=-3.33° e_small=-0.54°  |ω_big|=0.29°/s |ω_small|=0.11°/s  连续 0.0/3s  ← 未满足 e_big超差
    [稳定等待] 已等   4.0s  e_big=-3.06° e_small=-0.44°  |ω_big|=0.26°/s |ω_small|=0.09°/s  连续 0.0/3s  ← 未满足 e_big超差
    [稳定等待] 已等   5.0s  e_big=-2.81° e_small=-0.35°  |ω_big|=0.24°/s |ω_small|=0.07°/s  连续 0.8/3s
    [稳定等待] 已等   6.0s  e_big=-2.58° e_small=-0.29°  |ω_big|=0.21°/s |ω_small|=0.06°/s  连续 1.8/3s
    [稳定等待] 已等   7.0s  e_big=-2.38° e_small=-0.24°  |ω_big|=0.20°/s |ω_small|=0.05°/s  连续 2.8/3s
  ✓ 已稳定（第二段用时 7.25s，两段合计 12.25s）
  静止保持段已记录: data/archive/20260920_sim_com_tilt/level_train/sysid_small_20260920_194745_03_hold.npz  (1225 行, t=0~12.24s, 含大角度阶跃)
  采样 300 点 (3.00 s @100Hz)…
  保存: data/archive/20260920_sim_com_tilt/level_train/sysid_small_20260920_194750_03.npz  (300 行)

=== 段 5 === driven=big 轴 / held=small 轴  温度=(30,30)℃
  参考来源: recording_1778341844.npz[29167:29467] 随机缩放=0.55
  driven 大 yaw: 中心=+1.717 rad 半幅=±0.726 rad(±41.6°)
  held   小 yaw: 目标=+0.065 rad (+3.7°)  [包络 -22°…+22°]
  到位(固定 5s): err_big=-3.62° err_small=-0.66°
  等待连续 3s 稳定（判据: 两轴误差 ≤ 3° 且 两轴速度 < 12°/s；任一越界即重新计时）…
    [稳定等待] 已等   0.0s  e_big=-3.62° e_small=-0.66°  |ω_big|=0.32°/s |ω_small|=0.14°/s  连续 0.0/3s  ← 未满足 e_big超差
    [稳定等待] 已等   1.0s  e_big=-3.32° e_small=-0.54°  |ω_big|=0.29°/s |ω_small|=0.11°/s  连续 0.0/3s  ← 未满足 e_big超差
    [稳定等待] 已等   2.0s  e_big=-3.05° e_small=-0.43°  |ω_big|=0.26°/s |ω_small|=0.09°/s  连续 0.0/3s  ← 未满足 e_big超差
    [稳定等待] 已等   3.0s  e_big=-2.80° e_small=-0.35°  |ω_big|=0.23°/s |ω_small|=0.07°/s  连续 0.8/3s
    [稳定等待] 已等   4.0s  e_big=-2.57° e_small=-0.29°  |ω_big|=0.21°/s |ω_small|=0.06°/s  连续 1.8/3s
    [稳定等待] 已等   5.0s  e_big=-2.37° e_small=-0.23°  |ω_big|=0.20°/s |ω_small|=0.05°/s  连续 2.8/3s
  ✓ 已稳定（第二段用时 5.21s，两段合计 10.21s）
  静止保持段已记录: data/archive/20260920_sim_com_tilt/level_train/sysid_big_20260920_194802_04_hold.npz  (1021 行, t=0~10.20s, 含大角度阶跃)
  采样 300 点 (3.00 s @100Hz)…
  保存: data/archive/20260920_sim_com_tilt/level_train/sysid_big_20260920_194806_04.npz  (300 行)

=== 段 6 === driven=small 轴 / held=big 轴  温度=(30,30)℃
  参考来源: recording_1778327131.npz[895:1195] 随机缩放=1.02
  driven 小 yaw: 中心=-0.002 rad(-0.1°) 半幅=±0.260 rad(±14.9°)
    整条位于参考包络 [-22°, +22°] 内（硬限位 [-30°, +30°]，两侧各留 8° 跟踪余量; 中心 +0.0°）
  held   大 yaw: 目标=+3.159 rad（现有方位角 ±π 内随机）
  到位(固定 5s): err_big=-1.85° err_small=-0.58°
  等待连续 3s 稳定（判据: 两轴误差 ≤ 3° 且 两轴速度 < 12°/s；任一越界即重新计时）…
    [稳定等待] 已等   0.0s  e_big=-1.85° e_small=-0.58°  |ω_big|=0.15°/s |ω_small|=0.12°/s  连续 0.0/3s
    [稳定等待] 已等   1.0s  e_big=-1.70° e_small=-0.47°  |ω_big|=0.14°/s |ω_small|=0.10°/s  连续 1.0/3s
    [稳定等待] 已等   2.0s  e_big=-1.57° e_small=-0.38°  |ω_big|=0.13°/s |ω_small|=0.08°/s  连续 2.0/3s
  ✓ 已稳定（第二段用时 3.00s，两段合计 8.00s）
  静止保持段已记录: data/archive/20260920_sim_com_tilt/level_train/sysid_small_20260920_194817_05_hold.npz  (800 行, t=0~7.99s, 含大角度阶跃)
  采样 300 点 (3.00 s @100Hz)…
  保存: data/archive/20260920_sim_com_tilt/level_train/sysid_small_20260920_194822_05.npz  (300 行)

=== 段 7 === driven=big 轴 / held=small 轴  温度=(30,30)℃
  参考来源: recording_1778341521.npz[41440:41740] 随机缩放=0.31
  driven 大 yaw: 中心=+3.002 rad 半幅=±0.392 rad(±22.5°)
  held   小 yaw: 目标=-0.024 rad (-1.4°)  [包络 -22°…+22°]
  到位(固定 5s): err_big=-3.76° err_small=-0.05°
  等待连续 3s 稳定（判据: 两轴误差 ≤ 3° 且 两轴速度 < 12°/s；任一越界即重新计时）…
    [稳定等待] 已等   0.0s  e_big=-3.76° e_small=-0.05°  |ω_big|=0.33°/s |ω_small|=0.01°/s  连续 0.0/3s  ← 未满足 e_big超差
    [稳定等待] 已等   1.0s  e_big=-3.44° e_small=-0.04°  |ω_big|=0.30°/s |ω_small|=0.01°/s  连续 0.0/3s  ← 未满足 e_big超差
    [稳定等待] 已等   2.0s  e_big=-3.16° e_small=-0.03°  |ω_big|=0.27°/s |ω_small|=0.01°/s  连续 0.0/3s  ← 未满足 e_big超差
    [稳定等待] 已等   3.0s  e_big=-2.90° e_small=-0.03°  |ω_big|=0.24°/s |ω_small|=0.01°/s  连续 0.4/3s
    [稳定等待] 已等   4.0s  e_big=-2.67° e_small=-0.02°  |ω_big|=0.22°/s |ω_small|=0.00°/s  连续 1.4/3s
    [稳定等待] 已等   5.0s  e_big=-2.45° e_small=-0.02°  |ω_big|=0.20°/s |ω_small|=0.01°/s  连续 2.4/3s
  ✓ 已稳定（第二段用时 5.62s，两段合计 10.62s）
  静止保持段已记录: data/archive/20260920_sim_com_tilt/level_train/sysid_big_20260920_194834_06_hold.npz  (1062 行, t=0~10.61s, 含大角度阶跃)
  采样 300 点 (3.00 s @100Hz)…
  保存: data/archive/20260920_sim_com_tilt/level_train/sysid_big_20260920_194839_06.npz  (300 行)

=== 段 8 === driven=small 轴 / held=big 轴  温度=(30,30)℃
  参考来源: recording_1778327131.npz[2689:2989] 随机缩放=0.31
  driven 小 yaw: 中心=-0.065 rad(-3.7°) 半幅=±0.231 rad(±13.2°)
    整条位于参考包络 [-22°, +22°] 内（硬限位 [-30°, +30°]，两侧各留 8° 跟踪余量; 中心 +0.0°）
  held   大 yaw: 目标=+4.624 rad（现有方位角 ±π 内随机）
  到位(固定 5s): err_big=+0.76° err_small=-0.04°
  等待连续 3s 稳定（判据: 两轴误差 ≤ 3° 且 两轴速度 < 12°/s；任一越界即重新计时）…
    [稳定等待] 已等   0.0s  e_big=+0.76° e_small=-0.04°  |ω_big|=0.06°/s |ω_small|=0.01°/s  连续 0.0/3s
    [稳定等待] 已等   1.0s  e_big=+0.70° e_small=-0.03°  |ω_big|=0.06°/s |ω_small|=0.01°/s  连续 1.0/3s
    [稳定等待] 已等   2.0s  e_big=+0.65° e_small=-0.03°  |ω_big|=0.05°/s |ω_small|=0.01°/s  连续 2.0/3s
  ✓ 已稳定（第二段用时 3.00s，两段合计 8.00s）
  静止保持段已记录: data/archive/20260920_sim_com_tilt/level_train/sysid_small_20260920_194849_07_hold.npz  (800 行, t=0~7.99s, 含大角度阶跃)
  采样 300 点 (3.00 s @100Hz)…
  保存: data/archive/20260920_sim_com_tilt/level_train/sysid_small_20260920_194853_07.npz  (300 行)

=== 段 9 === driven=big 轴 / held=small 轴  温度=(30,30)℃
  参考来源: recording_1778341012.npz[11470:11770] 随机缩放=0.88
  driven 大 yaw: 中心=+4.989 rad 半幅=±0.566 rad(±32.4°)
  held   小 yaw: 目标=-0.206 rad (-11.8°)  [包络 -22°…+22°]
  到位(固定 5s): err_big=-3.90° err_small=-0.96°
  等待连续 3s 稳定（判据: 两轴误差 ≤ 3° 且 两轴速度 < 12°/s；任一越界即重新计时）…
    [稳定等待] 已等   0.0s  e_big=-3.90° e_small=-0.96°  |ω_big|=0.35°/s |ω_small|=0.20°/s  连续 0.0/3s  ← 未满足 e_big超差
    [稳定等待] 已等   1.0s  e_big=-3.57° e_small=-0.78°  |ω_big|=0.31°/s |ω_small|=0.17°/s  连续 0.0/3s  ← 未满足 e_big超差
    [稳定等待] 已等   2.0s  e_big=-3.27° e_small=-0.63°  |ω_big|=0.28°/s |ω_small|=0.13°/s  连续 0.0/3s  ← 未满足 e_big超差
    [稳定等待] 已等   3.0s  e_big=-3.00° e_small=-0.51°  |ω_big|=0.25°/s |ω_small|=0.10°/s  连续 0.0/3s  ← 未满足 e_big超差
    [稳定等待] 已等   4.0s  e_big=-2.76° e_small=-0.42°  |ω_big|=0.23°/s |ω_small|=0.08°/s  连续 1.0/3s
    [稳定等待] 已等   5.0s  e_big=-2.54° e_small=-0.34°  |ω_big|=0.21°/s |ω_small|=0.07°/s  连续 2.0/3s
    [稳定等待] 已等   6.0s  e_big=-2.34° e_small=-0.28°  |ω_big|=0.19°/s |ω_small|=0.06°/s  连续 3.0/3s
  ✓ 已稳定（第二段用时 6.04s，两段合计 11.04s）
  静止保持段已记录: data/archive/20260920_sim_com_tilt/level_train/sysid_big_20260920_194907_08_hold.npz  (1104 行, t=0~11.03s, 含大角度阶跃)
  采样 300 点 (3.00 s @100Hz)…
  保存: data/archive/20260920_sim_com_tilt/level_train/sysid_big_20260920_194911_08.npz  (300 行)

=== 段 10 === driven=small 轴 / held=big 轴  温度=(30,30)℃
  参考来源: recording_1778330157.npz[9385:9685] 随机缩放=0.20
  driven 小 yaw: 中心=+0.101 rad(+5.8°) 半幅=±0.316 rad(±18.1°)
    整条位于参考包络 [-22°, +22°] 内（硬限位 [-30°, +30°]，两侧各留 8° 跟踪余量; 中心 +0.0°）
  held   大 yaw: 目标=+4.771 rad（现有方位角 ±π 内随机）
  到位(固定 5s): err_big=+1.64° err_small=+0.25°
  等待连续 3s 稳定（判据: 两轴误差 ≤ 3° 且 两轴速度 < 12°/s；任一越界即重新计时）…
    [稳定等待] 已等   0.0s  e_big=+1.64° e_small=+0.26°  |ω_big|=0.13°/s |ω_small|=0.05°/s  连续 0.0/3s
    [稳定等待] 已等   1.0s  e_big=+1.51° e_small=+0.21°  |ω_big|=0.12°/s |ω_small|=0.04°/s  连续 1.0/3s
    [稳定等待] 已等   2.0s  e_big=+1.39° e_small=+0.17°  |ω_big|=0.11°/s |ω_small|=0.03°/s  连续 2.0/3s
  ✓ 已稳定（第二段用时 3.00s，两段合计 8.00s）
  静止保持段已记录: data/archive/20260920_sim_com_tilt/level_train/sysid_small_20260920_194921_09_hold.npz  (800 行, t=0~7.99s, 含大角度阶跃)
  采样 300 点 (3.00 s @100Hz)…
  保存: data/archive/20260920_sim_com_tilt/level_train/sysid_small_20260920_194926_09.npz  (300 行)

=== 段 11 === driven=big 轴 / held=small 轴  温度=(30,30)℃
  参考来源: recording_1778414251.npz[34999:35299] 随机缩放=0.46
  driven 大 yaw: 中心=+4.790 rad 半幅=±0.446 rad(±25.6°)
  held   小 yaw: 目标=-0.209 rad (-12.0°)  [包络 -22°…+22°]
  到位(固定 5s): err_big=+2.72° err_small=+0.14°
  等待连续 3s 稳定（判据: 两轴误差 ≤ 3° 且 两轴速度 < 12°/s；任一越界即重新计时）…
    [稳定等待] 已等   0.0s  e_big=+2.72° e_small=+0.14°  |ω_big|=0.23°/s |ω_small|=0.03°/s  连续 0.0/3s
    [稳定等待] 已等   1.0s  e_big=+2.50° e_small=+0.11°  |ω_big|=0.21°/s |ω_small|=0.03°/s  连续 1.0/3s
    [稳定等待] 已等   2.0s  e_big=+2.30° e_small=+0.09°  |ω_big|=0.19°/s |ω_small|=0.02°/s  连续 2.0/3s
  ✓ 已稳定（第二段用时 3.00s，两段合计 8.00s）
  静止保持段已记录: data/archive/20260920_sim_com_tilt/level_train/sysid_big_20260920_194936_10_hold.npz  (800 行, t=0~7.99s, 含大角度阶跃)
  采样 300 点 (3.00 s @100Hz)…
  保存: data/archive/20260920_sim_com_tilt/level_train/sysid_big_20260920_194940_10.npz  (300 行)

=== 段 12 === driven=small 轴 / held=big 轴  温度=(30,30)℃
  参考来源: recording_1778341521.npz[893:1193] 随机缩放=0.10
  driven 小 yaw: 中心=+0.001 rad(+0.0°) 半幅=±0.333 rad(±19.1°)
    整条位于参考包络 [-22°, +22°] 内（硬限位 [-30°, +30°]，两侧各留 8° 跟踪余量; 中心 +0.0°）
  held   大 yaw: 目标=+5.173 rad（现有方位角 ±π 内随机）
  到位(固定 5s): err_big=-2.21° err_small=-0.66°
  等待连续 3s 稳定（判据: 两轴误差 ≤ 3° 且 两轴速度 < 12°/s；任一越界即重新计时）…
    [稳定等待] 已等   0.0s  e_big=-2.21° e_small=-0.66°  |ω_big|=0.18°/s |ω_small|=0.14°/s  连续 0.0/3s
    [稳定等待] 已等   1.0s  e_big=-2.03° e_small=-0.53°  |ω_big|=0.17°/s |ω_small|=0.11°/s  连续 1.0/3s
    [稳定等待] 已等   2.0s  e_big=-1.87° e_small=-0.43°  |ω_big|=0.15°/s |ω_small|=0.09°/s  连续 2.0/3s
  ✓ 已稳定（第二段用时 3.00s，两段合计 8.00s）
  静止保持段已记录: data/archive/20260920_sim_com_tilt/level_train/sysid_small_20260920_194950_11_hold.npz  (800 行, t=0~7.99s, 含大角度阶跃)
  采样 300 点 (3.00 s @100Hz)…
  保存: data/archive/20260920_sim_com_tilt/level_train/sysid_small_20260920_194955_11.npz  (300 行)

=== 段 13 === driven=big 轴 / held=small 轴  温度=(30,30)℃
  参考来源: recording_1778327131.npz[4297:4597] 随机缩放=0.92
  driven 大 yaw: 中心=+4.726 rad 半幅=±0.727 rad(±41.6°)
  held   小 yaw: 目标=-0.101 rad (-5.8°)  [包络 -22°…+22°]
  到位(固定 5s): err_big=+1.80° err_small=-0.11°
  等待连续 3s 稳定（判据: 两轴误差 ≤ 3° 且 两轴速度 < 12°/s；任一越界即重新计时）…
    [稳定等待] 已等   0.0s  e_big=+1.80° e_small=-0.11°  |ω_big|=0.15°/s |ω_small|=0.02°/s  连续 0.0/3s
    [稳定等待] 已等   1.0s  e_big=+1.66° e_small=-0.09°  |ω_big|=0.13°/s |ω_small|=0.02°/s  连续 1.0/3s
    [稳定等待] 已等   2.0s  e_big=+1.53° e_small=-0.07°  |ω_big|=0.12°/s |ω_small|=0.01°/s  连续 2.0/3s
  ✓ 已稳定（第二段用时 3.00s，两段合计 8.00s）
  静止保持段已记录: data/archive/20260920_sim_com_tilt/level_train/sysid_big_20260920_195005_12_hold.npz  (800 行, t=0~7.99s, 含大角度阶跃)
  采样 300 点 (3.00 s @100Hz)…
  保存: data/archive/20260920_sim_com_tilt/level_train/sysid_big_20260920_195009_12.npz  (300 行)

=== 段 14 === driven=small 轴 / held=big 轴  温度=(30,30)℃
  参考来源: recording_1778322622.npz[2096:2396] 随机缩放=0.31
  driven 小 yaw: 中心=+0.139 rad(+8.0°) 半幅=±0.352 rad(±20.2°)
    整条位于参考包络 [-22°, +22°] 内（硬限位 [-30°, +30°]，两侧各留 8° 跟踪余量; 中心 +0.0°）
  held   大 yaw: 目标=+7.780 rad（现有方位角 ±π 内随机）
  到位(固定 5s): err_big=+5.09° err_small=+1.06°
  等待连续 3s 稳定（判据: 两轴误差 ≤ 3° 且 两轴速度 < 12°/s；任一越界即重新计时）…
    [稳定等待] 已等   0.0s  e_big=+5.09° e_small=+1.07°  |ω_big|=0.50°/s |ω_small|=0.23°/s  连续 0.0/3s  ← 未满足 e_big超差
    [稳定等待] 已等   1.0s  e_big=+4.62° e_small=+0.86°  |ω_big|=0.44°/s |ω_small|=0.18°/s  连续 0.0/3s  ← 未满足 e_big超差
    [稳定等待] 已等   2.0s  e_big=+4.21° e_small=+0.70°  |ω_big|=0.38°/s |ω_small|=0.15°/s  连续 0.0/3s  ← 未满足 e_big超差
    [稳定等待] 已等   3.0s  e_big=+3.84° e_small=+0.57°  |ω_big|=0.34°/s |ω_small|=0.12°/s  连续 0.0/3s  ← 未满足 e_big超差
    [稳定等待] 已等   4.0s  e_big=+3.52° e_small=+0.46°  |ω_big|=0.31°/s |ω_small|=0.09°/s  连续 0.0/3s  ← 未满足 e_big超差
    [稳定等待] 已等   5.0s  e_big=+3.23° e_small=+0.38°  |ω_big|=0.28°/s |ω_small|=0.08°/s  连续 0.0/3s  ← 未满足 e_big超差
    [稳定等待] 已等   6.0s  e_big=+2.96° e_small=+0.31°  |ω_big|=0.25°/s |ω_small|=0.06°/s  连续 0.2/3s
    [稳定等待] 已等   7.1s  e_big=+2.72° e_small=+0.25°  |ω_big|=0.23°/s |ω_small|=0.05°/s  连续 1.2/3s
    [稳定等待] 已等   8.1s  e_big=+2.50° e_small=+0.20°  |ω_big|=0.21°/s |ω_small|=0.04°/s  连续 2.2/3s
  ✓ 已稳定（第二段用时 8.89s，两段合计 13.89s）
  静止保持段已记录: data/archive/20260920_sim_com_tilt/level_train/sysid_small_20260920_195026_13_hold.npz  (1389 行, t=0~13.88s, 含大角度阶跃)
  采样 300 点 (3.00 s @100Hz)…
  保存: data/archive/20260920_sim_com_tilt/level_train/sysid_small_20260920_195030_13.npz  (300 行)

=== 段 15 === driven=big 轴 / held=small 轴  温度=(30,30)℃
  参考来源: recording_1778414251.npz[29014:29314] 随机缩放=0.46
  driven 大 yaw: 中心=+8.134 rad 半幅=±0.516 rad(±29.5°)
  held   小 yaw: 目标=-0.052 rad (-3.0°)  [包络 -22°…+22°]
  到位(固定 5s): err_big=+3.07° err_small=-0.48°
  等待连续 3s 稳定（判据: 两轴误差 ≤ 3° 且 两轴速度 < 12°/s；任一越界即重新计时）…
    [稳定等待] 已等   0.0s  e_big=+3.07° e_small=-0.48°  |ω_big|=0.26°/s |ω_small|=0.10°/s  连续 0.0/3s  ← 未满足 e_big超差
    [稳定等待] 已等   1.0s  e_big=+2.82° e_small=-0.39°  |ω_big|=0.24°/s |ω_small|=0.08°/s  连续 0.7/3s
    [稳定等待] 已等   2.0s  e_big=+2.59° e_small=-0.32°  |ω_big|=0.22°/s |ω_small|=0.07°/s  连续 1.7/3s
    [稳定等待] 已等   3.0s  e_big=+2.38° e_small=-0.26°  |ω_big|=0.20°/s |ω_small|=0.05°/s  连续 2.8/3s
  ✓ 已稳定（第二段用时 3.29s，两段合计 8.29s）
  静止保持段已记录: data/archive/20260920_sim_com_tilt/level_train/sysid_big_20260920_195040_14_hold.npz  (829 行, t=0~8.28s, 含大角度阶跃)
  采样 300 点 (3.00 s @100Hz)…
  保存: data/archive/20260920_sim_com_tilt/level_train/sysid_big_20260920_195045_14.npz  (300 行)

=== 段 16 === driven=small 轴 / held=big 轴  温度=(30,30)℃
  参考来源: recording_1778341012.npz[15895:16195] 随机缩放=0.34
  driven 小 yaw: 中心=-0.125 rad(-7.1°) 半幅=±0.304 rad(±17.4°)
    整条位于参考包络 [-22°, +22°] 内（硬限位 [-30°, +30°]，两侧各留 8° 跟踪余量; 中心 +0.0°）
  held   大 yaw: 目标=+9.619 rad（现有方位角 ±π 内随机）
  到位(固定 5s): err_big=-0.12° err_small=-0.21°
  等待连续 3s 稳定（判据: 两轴误差 ≤ 3° 且 两轴速度 < 12°/s；任一越界即重新计时）…
    [稳定等待] 已等   0.0s  e_big=-0.12° e_small=-0.21°  |ω_big|=0.01°/s |ω_small|=0.04°/s  连续 0.0/3s
    [稳定等待] 已等   1.0s  e_big=-0.11° e_small=-0.17°  |ω_big|=0.01°/s |ω_small|=0.04°/s  连续 1.0/3s
    [稳定等待] 已等   2.0s  e_big=-0.10° e_small=-0.14°  |ω_big|=0.01°/s |ω_small|=0.03°/s  连续 2.0/3s
  ✓ 已稳定（第二段用时 3.00s，两段合计 8.00s）
  静止保持段已记录: data/archive/20260920_sim_com_tilt/level_train/sysid_small_20260920_195055_15_hold.npz  (800 行, t=0~7.99s, 含大角度阶跃)
  采样 300 点 (3.00 s @100Hz)…
  保存: data/archive/20260920_sim_com_tilt/level_train/sysid_small_20260920_195100_15.npz  (300 行)
  已发送 20 帧零力矩并停止
------------------------------------------------------------------------------
完成: 保存 16/16 段 → data/archive/20260920_sim_com_tilt/level_train
  [DRY-RUN] 仿真下发 22003 帧, 结束状态 θ_big=+9.6210 θ_small=+9.6210 rad
