[load] 共读入 31 段数据（31 个文件，跳过 0 个）
[hold] 保持段截断: 15 段 → 各取前 3 s（4500 点），丢 9675 点（占这些段的 68%）；普通段不截断
[load] 共读入 7 段数据（7 个文件，跳过 0 个）
[hold] 保持段截断: 3 段 → 各取前 3 s（900 点），丢 1500 点（占这些段的 62%）；普通段不截断
[ok] 留出集与训练集无重合（7 段，指纹比对）
[beta] 31/31 段带 `backlash_center` 列（在线估计 β）: 范围 [-0.0546, +0.0576] rad（-3.13°~+3.30°）
[beta] 仿真真值 β 范围 [+0.0000, +0.0000] rad；在线估计误差 RMS = 11.815 mrad
[torch] ★ 冻结参数（不参与优化，恒保持初值）: backlash_through=0.002
[torch] 原仓库配方：epochs=1500 × 段数31 个 Adam 步（= 原仓库 num_epochs 同轮数），每次 10 步(0.1 s)随机片段，lr=0.0003（常数），损失 = 角度wrap MSE + 角速度 MSE(等权)，3-DOF RK4 积分(substeps=2)，无限位(log 参数化)
[torch] 数据: 31 段 → 31 个 sample（最长 300 点 = 3.00 s，水平(重力=0)）；拟合轴=both，自由参数=15；参数化: log 参数化: Jbig_eff,Js,fc_big,fv_big,fc_small,fv_small,backlash_delta,backlash_k,backlash_c,Jmotor,fc_motor,fv_motor; 自由参数: Px,Py,backlash_beta；参数限位: 无（无上下界 / 无 clamp / 无投影 / 无惩罚项）
[torch] 初值 φ0 = [+0.05000 +0.02000 +0.00866 +0.00500 +0.22000 +0.05500 +0.09730 +0.02800 +0.00200 +200.00000 +2.00000 +0.00200 +0.00600 +0.03000 +0.01000 +0.00000]（来源: 用户 --init-vector）
[torch] ★ --batch-segments: 每 epoch 1 次 Adam 步（每步 batch=31/31 段 × 10 步；损失 = 组内各段损失均值）
[torch] epoch     0/1500  loss=1.186626e-04  [+0.05002 +0.02001 +0.00836 +0.00470 +0.21993 +0.05498 +0.09733 +0.02801 +0.00200 +200.06000 +1.99940 +0.00200 +0.00600 +0.02999 +0.01000 +0.00030]
[torch] epoch     1/1500  loss=9.805739e-05  [+0.05003 +0.02000 +0.00828 +0.00443 +0.21987 +0.05497 +0.09731 +0.02801 +0.00200 +200.11996 +1.99881 +0.00200 +0.00600 +0.02998 +0.00999 +0.00038]
[torch] epoch     2/1500  loss=9.743017e-05  [+0.05002 +0.02001 +0.00808 +0.00416 +0.21981 +0.05495 +0.09729 +0.02801 +0.00200 +200.18012 +1.99822 +0.00200 +0.00601 +0.02997 +0.00999 +0.00049]
[torch] epoch     3/1500  loss=9.326081e-05  [+0.05002 +0.02001 +0.00791 +0.00389 +0.21976 +0.05494 +0.09730 +0.02801 +0.00200 +200.24049 +1.99766 +0.00200 +0.00601 +0.02997 +0.00999 +0.00045]
[torch] epoch     4/1500  loss=1.088708e-04  [+0.05002 +0.02001 +0.00776 +0.00362 +0.21970 +0.05492 +0.09730 +0.02801 +0.00200 +200.30049 +1.99710 +0.00200 +0.00601 +0.02996 +0.00999 +0.00038]
[eval@   150] 留出集窗口 RMSE[°] 电机/云台/小yaw = 0.036/0.007/0.014  角速度 = 0.0139/0.0044/0.0069
[torch] epoch   150/1500  loss=1.047640e-04  [+0.04981 +0.02011 -0.00110 +0.00130 +0.22042 +0.05547 +0.09675 +0.02783 +0.00191 +209.01501 +1.93299 +0.00200 +0.00621 +0.02929 +0.01010 +0.00017]
[eval@   300] 留出集窗口 RMSE[°] 电机/云台/小yaw = 0.031/0.007/0.012  角速度 = 0.0126/0.0042/0.0064
[torch] epoch   300/1500  loss=5.295961e-05  [+0.04975 +0.02013 -0.00040 +0.00010 +0.22037 +0.05589 +0.09682 +0.02780 +0.00183 +217.73485 +1.89107 +0.00200 +0.00637 +0.02886 +0.01019 +0.00022]
[eval@   450] 留出集窗口 RMSE[°] 电机/云台/小yaw = 0.026/0.007/0.012  角速度 = 0.0118/0.0042/0.0064
[torch] epoch   450/1500  loss=8.627180e-05  [+0.04952 +0.02013 -0.00025 +0.00112 +0.22048 +0.05607 +0.09700 +0.02780 +0.00176 +225.78929 +1.86445 +0.00200 +0.00648 +0.02867 +0.01023 +0.00036]
[eval@   600] 留出集窗口 RMSE[°] 电机/云台/小yaw = 0.028/0.006/0.010  角速度 = 0.0110/0.0040/0.0055
[torch] epoch   600/1500  loss=5.811755e-05  [+0.04941 +0.02008 +0.00201 +0.00014 +0.22007 +0.05626 +0.09728 +0.02783 +0.00169 +233.00473 +1.84105 +0.00200 +0.00659 +0.02853 +0.01028 +0.00015]
[eval@   750] 留出集窗口 RMSE[°] 电机/云台/小yaw = 0.024/0.006/0.011  角速度 = 0.0103/0.0040/0.0057
[torch] epoch   750/1500  loss=4.438554e-05  [+0.04921 +0.02008 +0.00088 -0.00002 +0.21995 +0.05648 +0.09714 +0.02769 +0.00163 +239.78143 +1.82097 +0.00200 +0.00668 +0.02849 +0.01033 +0.00026]
[eval@   900] 留出集窗口 RMSE[°] 电机/云台/小yaw = 0.024/0.006/0.012  角速度 = 0.0099/0.0040/0.0061
[torch] epoch   900/1500  loss=5.468201e-05  [+0.04910 +0.02006 -0.00084 +0.00086 +0.22004 +0.05669 +0.09726 +0.02758 +0.00157 +245.63533 +1.80531 +0.00200 +0.00677 +0.02855 +0.01037 +0.00009]
[eval@  1050] 留出集窗口 RMSE[°] 电机/云台/小yaw = 0.022/0.006/0.013  角速度 = 0.0095/0.0040/0.0062
[torch] epoch  1050/1500  loss=4.467554e-05  [+0.04904 +0.02011 -0.00016 +0.00139 +0.22012 +0.05676 +0.09721 +0.02754 +0.00152 +250.65559 +1.79174 +0.00200 +0.00685 +0.02865 +0.01039 +0.00017]
[eval@  1200] 留出集窗口 RMSE[°] 电机/云台/小yaw = 0.021/0.006/0.012  角速度 = 0.0092/0.0040/0.0061
[torch] epoch  1200/1500  loss=4.960631e-05  [+0.04905 +0.02011 -0.00140 +0.00015 +0.21988 +0.05675 +0.09729 +0.02755 +0.00147 +254.36467 +1.77843 +0.00200 +0.00693 +0.02870 +0.01039 +0.00025]
[eval@  1350] 留出集窗口 RMSE[°] 电机/云台/小yaw = 0.025/0.006/0.011  角速度 = 0.0094/0.0038/0.0055
[torch] epoch  1350/1500  loss=3.629330e-05  [+0.04900 +0.02009 +0.00033 -0.00044 +0.21982 +0.05661 +0.09723 +0.02759 +0.00143 +256.82454 +1.76949 +0.00200 +0.00699 +0.02883 +0.01036 +0.00002]
[torch] epoch  1495/1500  loss=4.782774e-05  [+0.04891 +0.02009 -0.00033 -0.00086 +0.21921 +0.05662 +0.09743 +0.02764 +0.00139 +258.26986 +1.76108 +0.00200 +0.00705 +0.02887 +0.01036 +0.00011]
[torch] epoch  1496/1500  loss=3.735105e-05  [+0.04891 +0.02009 -0.00036 -0.00090 +0.21920 +0.05661 +0.09743 +0.02765 +0.00139 +258.28133 +1.76101 +0.00200 +0.00705 +0.02887 +0.01036 +0.00019]
[torch] epoch  1497/1500  loss=3.459822e-05  [+0.04892 +0.02009 -0.00039 -0.00091 +0.21920 +0.05661 +0.09744 +0.02765 +0.00139 +258.29425 +1.76090 +0.00200 +0.00705 +0.02887 +0.01036 +0.00026]
[torch] epoch  1498/1500  loss=3.402448e-05  [+0.04893 +0.02009 -0.00041 -0.00091 +0.21920 +0.05661 +0.09744 +0.02765 +0.00138 +258.30926 +1.76080 +0.00200 +0.00705 +0.02887 +0.01036 +0.00028]
[torch] epoch  1499/1500  loss=5.384557e-05  [+0.04894 +0.02009 -0.00043 -0.00089 +0.21921 +0.05661 +0.09744 +0.02765 +0.00138 +258.32834 +1.76072 +0.00200 +0.00706 +0.02887 +0.01036 +0.00023]
[eval@  1500] 留出集窗口 RMSE[°] 电机/云台/小yaw = 0.019/0.006/0.011  角速度 = 0.0087/0.0038/0.0055

==============================================================================
辨识结果（输出误差法, 段数=31, 轴=both）  用时 269.9s
配方: ★ 全批配方(epochs=1500 个**全批** Adam 步, 每步 batch=全部段)—— 同一损失，只是把原配方的'每段一次更新'合并成'每 epoch 一次'；Adam/总步数=1500；参数限位=无（无上下界 / 无 clamp / 无投影 / 无惩罚项）
 # 参数                         初值           估计           变化  单位
   ---- 平面 8 参（云台/小 yaw 子块）----
 0 Jbig_eff             0.050000     0.048937    -0.001063  kg·m²
 1 Js                   0.020000     0.020086    +0.000086  kg·m²
 2 Px                   0.008660    -0.000427    -0.009087  kg·m
 3 Py                   0.005000    -0.000889    -0.005889  kg·m
 4 fc_big               0.220000     0.219206    -0.000794  N·m
 5 fv_big               0.055000     0.056605    +0.001605  N·m·s/rad
 6 fc_small             0.097300     0.097443    +0.000143  N·m
 7 fv_small             0.028000     0.027654    -0.000346  N·m·s/rad
   ---- ★ 新增: 大 yaw 背隙 / 电机侧 ----
 8 backlash_delta       0.002000     0.001384    -0.000616  rad   (= 0.079°)
 9 backlash_k         200.000000   258.328343   +58.328343  N·m/rad
10 backlash_c           2.000000     1.760721    -0.239279  N·m·s/rad
11 backlash_through     0.002000     0.002000    +0.000000  —
12 Jmotor               0.006000     0.007056    +0.001056  kg·m²
13 fc_motor             0.030000     0.028874    -0.001126  N·m
14 fv_motor             0.010000     0.010360    +0.000360  N·m·s/rad
15 backlash_beta        0.000000     0.000226    +0.000226  rad
==============================================================================
全批前向仿真 val_loss = 5.370482e-04
  ★ 估计参数（留出集）: 窗口(0.1s) RMSE: 角度[°] 电机/云台/小yaw = 0.019 / 0.006 / 0.011; 角速度[rad/s] = 0.0087 / 0.0038 / 0.0055
               整段开环 RMSE: 角度[°] 电机/云台/小yaw = 0.221 / 0.217 / 0.562
    （对照）初值: 窗口(0.1s) RMSE: 角度[°] 电机/云台/小yaw = 0.042 / 0.010 / 0.013; 角速度[rad/s] = 0.0160 / 0.0052 / 0.0069
loss 曲线: 共 1500 点；前 5 个 = 1.186626e-04, 9.805739e-05, 9.743017e-05, 9.326081e-05, 1.088708e-04
           后 5 个 = 4.782774e-05, 3.735105e-05, 3.459822e-05, 3.402448e-05, 5.384557e-05
            前 5 均值=1.156012e-04 → 后 5 均值=4.468677e-05（比值 0.3866，最小值 2.670893e-05）  ⇒ 下降 ✓
可粘贴到 include/tcbs/mpc/planar_yaw_params.h:
  p.Jbig_eff = 0.048937;  p.Js = 0.020086;
  p.Px = -0.000427;  p.Py = -0.000889;
  p.fcBig = 0.219206;  p.fvBig = 0.056605;
  p.fcSmall = 0.097443;  p.fvSmall = 0.027654;
  p.backlash_delta = 0.001384;  p.backlash_k = 258.3283;
  p.backlash_c = 1.7607;  p.backlash_through = 0.002000;
  p.Jmotor = 0.007056;  p.fcMotor = 0.028874;
  p.fvMotor = 0.010360;  // β 由估计器在线给（离线拟合值 +0.000226 仅供参考）
留出集学习曲线（10 个点，epoch 150..1500）:
  epoch    150: 角度 RMSE[°] 0.036/0.007/0.014   角速度 0.0139/0.0044/0.0069
  epoch    300: 角度 RMSE[°] 0.031/0.007/0.012   角速度 0.0126/0.0042/0.0064
  epoch    450: 角度 RMSE[°] 0.026/0.007/0.012   角速度 0.0118/0.0042/0.0064
  epoch    600: 角度 RMSE[°] 0.028/0.006/0.010   角速度 0.0110/0.0040/0.0055
  epoch    750: 角度 RMSE[°] 0.024/0.006/0.011   角速度 0.0103/0.0040/0.0057
  epoch    900: 角度 RMSE[°] 0.024/0.006/0.012   角速度 0.0099/0.0040/0.0061
  epoch   1050: 角度 RMSE[°] 0.022/0.006/0.013   角速度 0.0095/0.0040/0.0062
  epoch   1200: 角度 RMSE[°] 0.021/0.006/0.012   角速度 0.0092/0.0040/0.0061
  epoch   1350: 角度 RMSE[°] 0.025/0.006/0.011   角速度 0.0094/0.0038/0.0055
  epoch   1500: 角度 RMSE[°] 0.019/0.006/0.011   角速度 0.0087/0.0038/0.0055
[out] 已写入 data/archive/20260920_sim_nobacklash/H_tiny_betafit/params.txt
