[load] 共读入 31 段数据（31 个文件，跳过 0 个）
[hold] 保持段截断: 15 段 → 各取前 3 s（4500 点），丢 9482 点（占这些段的 68%）；普通段不截断
[load] 共读入 7 段数据（7 个文件，跳过 0 个）
[hold] 保持段截断: 3 段 → 各取前 3 s（900 点），丢 1757 点（占这些段的 66%）；普通段不截断
[ok] 留出集与训练集无重合（7 段，指纹比对）
[beta] 31/31 段带 `backlash_center` 列（在线估计 β）: 范围 [-0.0587, +0.0340] rad（-3.37°~+1.95°）
[beta] 仿真真值 β 范围 [+0.0000, +0.0000] rad；在线估计误差 RMS = 10.800 mrad
[torch] ★ 冻结参数（不参与优化，恒保持初值）: backlash_through=0.002
[torch] 原仓库配方：epochs=3000 × 段数31 个 Adam 步（= 原仓库 num_epochs 同轮数），每次 10 步(0.1 s)随机片段，lr=0.0003（常数），损失 = 角度wrap MSE + 角速度 MSE(等权)，3-DOF RK4 积分(substeps=4)，无限位(log 参数化)
[torch] 数据: 31 段 → 31 个 sample（最长 300 点 = 3.00 s，水平(重力=0)）；拟合轴=both，自由参数=17；参数化: log 参数化: Jbig_eff,Js,fc_big,fv_big,fc_small,fv_small,backlash_delta,backlash_k,backlash_c,Jmotor,fc_motor,fv_motor; 自由参数: Px,Py,backlash_beta,Pbx,Pby；参数限位: 无（无上下界 / 无 clamp / 无投影 / 无惩罚项）
[torch] 初值 φ0 = [+0.05000 +0.02000 +0.00000 +0.00000 +0.22000 +0.05500 +0.09730 +0.02800 +0.00200 +2500.00000 +2.00000 +0.00200 +0.00600 +0.03000 +0.01000 +0.00000 +0.00000 +0.00000]（来源: 用户 --init-vector）
[torch] ★ --batch-segments: 每 epoch 1 次 Adam 步（每步 batch=31/31 段 × 10 步；损失 = 组内各段损失均值）
[torch] epoch     0/3000  loss=5.637643e-02  [+0.04999 +0.02001 -0.00030 +0.00030 +0.21993 +0.05498 +0.09733 +0.02801 +0.00200 +2500.75011 +2.00060 +0.00200 +0.00600 +0.02999 +0.01000 +0.00000 +0.00000 +0.00000]
[torch] epoch     1/3000  loss=5.770602e-02  [+0.04997 +0.02001 -0.00045 +0.00056 +0.21987 +0.05497 +0.09736 +0.02802 +0.00200 +2501.35266 +2.00120 +0.00200 +0.00600 +0.02998 +0.01000 +0.00000 +0.00000 +0.00000]
[torch] epoch     2/3000  loss=8.975626e-02  [+0.04996 +0.02001 -0.00066 +0.00051 +0.21981 +0.05496 +0.09738 +0.02802 +0.00200 +2502.00405 +2.00180 +0.00200 +0.00599 +0.02998 +0.00999 +0.00000 +0.00000 +0.00000]
[torch] epoch     3/3000  loss=8.456302e-02  [+0.04995 +0.02001 -0.00082 +0.00063 +0.21975 +0.05495 +0.09741 +0.02803 +0.00200 +2502.68092 +2.00240 +0.00200 +0.00599 +0.02997 +0.00999 +0.00000 +0.00000 +0.00000]
[torch] epoch     4/3000  loss=9.277072e-02  [+0.04993 +0.02002 -0.00089 +0.00081 +0.21971 +0.05494 +0.09743 +0.02804 +0.00200 +2503.38202 +2.00299 +0.00200 +0.00599 +0.02997 +0.00999 +0.00000 +0.00000 +0.00000]
[eval@   200] 留出集窗口 RMSE[°] 电机/云台/小yaw = 1.313/0.171/0.190  角速度 = 0.5251/0.0546/0.0619
[torch] epoch   200/3000  loss=5.322311e-02  [+0.04813 +0.02028 -0.00662 +0.00926 +0.21854 +0.05346 +0.10178 +0.02899 +0.00190 +2622.11929 +2.06175 +0.00200 +0.00573 +0.03067 +0.00964 +0.00000 +0.00000 +0.00000]
[eval@   400] 留出集窗口 RMSE[°] 电机/云台/小yaw = 1.312/0.168/0.192  角速度 = 0.4786/0.0478/0.0602
[torch] epoch   400/3000  loss=5.470774e-02  [+0.04774 +0.02029 -0.00610 +0.02133 +0.21918 +0.05235 +0.10537 +0.02952 +0.00182 +2722.07343 +2.03444 +0.00200 +0.00555 +0.03134 +0.00927 +0.00000 +0.00000 +0.00000]
[eval@   600] 留出集窗口 RMSE[°] 电机/云台/小yaw = 1.314/0.162/0.181  角速度 = 0.4441/0.0426/0.0533
[torch] epoch   600/3000  loss=4.380548e-02  [+0.04828 +0.02029 -0.00702 +0.01976 +0.22004 +0.05132 +0.10752 +0.02934 +0.00175 +2810.89569 +1.95261 +0.00200 +0.00542 +0.03188 +0.00891 +0.00000 +0.00000 +0.00000]
[eval@   800] 留出集窗口 RMSE[°] 电机/云台/小yaw = 1.310/0.159/0.171  角速度 = 0.4132/0.0382/0.0456
[torch] epoch   800/3000  loss=2.890795e-02  [+0.04942 +0.02043 +0.00068 +0.01905 +0.22269 +0.05070 +0.10792 +0.02884 +0.00167 +2892.46149 +1.84767 +0.00200 +0.00534 +0.03257 +0.00858 +0.00000 +0.00000 +0.00000]
[eval@  1000] 留出集窗口 RMSE[°] 电机/云台/小yaw = 1.303/0.161/0.166  角速度 = 0.3861/0.0366/0.0399
[torch] epoch  1000/3000  loss=2.010394e-02  [+0.05091 +0.02051 +0.00253 +0.02127 +0.22365 +0.04988 +0.10724 +0.02831 +0.00160 +2967.20006 +1.74605 +0.00200 +0.00530 +0.03295 +0.00824 +0.00000 +0.00000 +0.00000]
[eval@  1200] 留出集窗口 RMSE[°] 电机/云台/小yaw = 1.298/0.163/0.159  角速度 = 0.3692/0.0375/0.0352
[torch] epoch  1200/3000  loss=3.755383e-02  [+0.05245 +0.02059 +0.00484 +0.02172 +0.22392 +0.04921 +0.10661 +0.02767 +0.00153 +3033.72271 +1.67455 +0.00200 +0.00525 +0.03312 +0.00798 +0.00000 +0.00000 +0.00000]
[eval@  1400] 留出集窗口 RMSE[°] 电机/云台/小yaw = 1.295/0.165/0.155  角速度 = 0.3527/0.0386/0.0316
[torch] epoch  1400/3000  loss=3.152442e-02  [+0.05363 +0.02065 +0.00707 +0.02394 +0.22499 +0.04854 +0.10590 +0.02714 +0.00149 +3115.20898 +1.63705 +0.00200 +0.00514 +0.03354 +0.00781 +0.00000 +0.00000 +0.00000]
[eval@  1600] 留出集窗口 RMSE[°] 电机/云台/小yaw = 1.293/0.168/0.152  角速度 = 0.3489/0.0410/0.0295
[torch] epoch  1600/3000  loss=1.237566e-02  [+0.05494 +0.02065 +0.00445 +0.02315 +0.22777 +0.04830 +0.10515 +0.02666 +0.00146 +3151.49848 +1.64298 +0.00200 +0.00507 +0.03421 +0.00775 +0.00000 +0.00000 +0.00000]
[eval@  1800] 留出集窗口 RMSE[°] 电机/云台/小yaw = 1.293/0.169/0.145  角速度 = 0.3468/0.0434/0.0278
[torch] epoch  1800/3000  loss=4.085512e-02  [+0.05620 +0.02079 +0.00565 +0.02119 +0.22746 +0.04752 +0.10451 +0.02625 +0.00144 +3177.61959 +1.65301 +0.00200 +0.00500 +0.03442 +0.00764 +0.00000 +0.00000 +0.00000]
[eval@  2000] 留出集窗口 RMSE[°] 电机/云台/小yaw = 1.292/0.171/0.142  角速度 = 0.3459/0.0459/0.0263
[torch] epoch  2000/3000  loss=2.105898e-02  [+0.05725 +0.02085 +0.00688 +0.02231 +0.22666 +0.04683 +0.10329 +0.02570 +0.00142 +3198.08564 +1.66121 +0.00200 +0.00495 +0.03456 +0.00753 +0.00000 +0.00000 +0.00000]
[eval@  2200] 留出集窗口 RMSE[°] 电机/云台/小yaw = 1.293/0.171/0.137  角速度 = 0.3462/0.0476/0.0256
[torch] epoch  2200/3000  loss=1.794573e-02  [+0.05821 +0.02087 +0.00752 +0.01945 +0.22600 +0.04623 +0.10287 +0.02541 +0.00141 +3209.99167 +1.67465 +0.00200 +0.00490 +0.03477 +0.00744 +0.00000 +0.00000 +0.00000]
[eval@  2400] 留出集窗口 RMSE[°] 电机/云台/小yaw = 1.291/0.175/0.136  角速度 = 0.3458/0.0499/0.0254
[torch] epoch  2400/3000  loss=3.145669e-02  [+0.05911 +0.02091 +0.00803 +0.01920 +0.22666 +0.04578 +0.10213 +0.02511 +0.00140 +3219.90830 +1.67470 +0.00200 +0.00488 +0.03507 +0.00733 +0.00000 +0.00000 +0.00000]
[eval@  2600] 留出集窗口 RMSE[°] 电机/云台/小yaw = 1.290/0.177/0.135  角速度 = 0.3448/0.0524/0.0256
[torch] epoch  2600/3000  loss=1.596602e-02  [+0.05997 +0.02096 +0.00926 +0.01879 +0.22498 +0.04507 +0.10141 +0.02480 +0.00139 +3222.45033 +1.67051 +0.00200 +0.00488 +0.03507 +0.00717 +0.00000 +0.00000 +0.00000]
[eval@  2800] 留出集窗口 RMSE[°] 电机/云台/小yaw = 1.291/0.177/0.133  角速度 = 0.3448/0.0528/0.0259
[torch] epoch  2800/3000  loss=1.914628e-02  [+0.06037 +0.02103 +0.01066 +0.01640 +0.22471 +0.04477 +0.10091 +0.02462 +0.00138 +3223.66264 +1.67166 +0.00200 +0.00487 +0.03525 +0.00707 +0.00000 +0.00000 +0.00000]
[torch] epoch  2995/3000  loss=3.470637e-02  [+0.06066 +0.02107 +0.01301 +0.01419 +0.22456 +0.04440 +0.10034 +0.02442 +0.00138 +3220.98369 +1.66927 +0.00200 +0.00487 +0.03554 +0.00696 +0.00000 +0.00000 +0.00000]
[torch] epoch  2996/3000  loss=7.146023e-03  [+0.06067 +0.02107 +0.01294 +0.01432 +0.22455 +0.04440 +0.10034 +0.02442 +0.00138 +3220.97427 +1.66933 +0.00200 +0.00487 +0.03554 +0.00696 +0.00000 +0.00000 +0.00000]
[torch] epoch  2997/3000  loss=2.894729e-02  [+0.06067 +0.02107 +0.01287 +0.01449 +0.22455 +0.04440 +0.10034 +0.02442 +0.00138 +3220.99736 +1.66933 +0.00200 +0.00487 +0.03554 +0.00696 +0.00000 +0.00000 +0.00000]
/home/huhu233/.config/matplotlib is not a writable directory
Matplotlib created a temporary cache directory at /tmp/matplotlib-wu4wzykw because there was an issue with the default path (/home/huhu233/.config/matplotlib); it is highly recommended to set the MPLCONFIGDIR environment variable to a writable directory, in particular to speed up the import of Matplotlib and to better support multiprocessing.
/home/huhu233/.local/lib/python3.10/site-packages/matplotlib/projections/__init__.py:63: UserWarning: Unable to import Axes3D. This may be due to multiple versions of Matplotlib being installed (e.g. as a system package and as a pip package). As a result, the 3D projection is not available.
  warnings.warn("Unable to import Axes3D. This may be due to multiple versions of "
[torch] epoch  2998/3000  loss=3.070240e-02  [+0.06068 +0.02107 +0.01282 +0.01464 +0.22454 +0.04440 +0.10034 +0.02442 +0.00138 +3221.02837 +1.66933 +0.00200 +0.00487 +0.03554 +0.00696 +0.00000 +0.00000 +0.00000]
[torch] epoch  2999/3000  loss=2.010095e-02  [+0.06069 +0.02108 +0.01276 +0.01480 +0.22454 +0.04440 +0.10034 +0.02442 +0.00138 +3221.06989 +1.66932 +0.00200 +0.00487 +0.03554 +0.00696 +0.00000 +0.00000 +0.00000]
[eval@  3000] 留出集窗口 RMSE[°] 电机/云台/小yaw = 1.291/0.177/0.133  角速度 = 0.3445/0.0532/0.0263

==============================================================================
辨识结果（输出误差法, 段数=31, 轴=both）  用时 651.2s
配方: ★ 全批配方(epochs=3000 个**全批** Adam 步, 每步 batch=全部段)—— 同一损失，只是把原配方的'每段一次更新'合并成'每 epoch 一次'；Adam/总步数=3000；参数限位=无（无上下界 / 无 clamp / 无投影 / 无惩罚项）
 # 参数                         初值           估计           变化  单位
   ---- 平面 8 参（云台/小 yaw 子块）----
 0 Jbig_eff             0.050000     0.060685    +0.010685  kg·m²
 1 Js                   0.020000     0.021075    +0.001075  kg·m²
 2 Px                   0.000000     0.012762    +0.012762  kg·m
 3 Py                   0.000000     0.014795    +0.014795  kg·m
 4 fc_big               0.220000     0.224537    +0.004537  N·m
 5 fv_big               0.055000     0.044396    -0.010604  N·m·s/rad
 6 fc_small             0.097300     0.100342    +0.003042  N·m
 7 fv_small             0.028000     0.024419    -0.003581  N·m·s/rad
   ---- ★ 新增: 大 yaw 背隙 / 电机侧 ----
 8 backlash_delta       0.002000     0.001375    -0.000625  rad   (= 0.079°)
 9 backlash_k        2500.000000  3221.069895  +721.069895  N·m/rad
10 backlash_c           2.000000     1.669319    -0.330681  N·m·s/rad
11 backlash_through     0.002000     0.002000    +0.000000  —
12 Jmotor               0.006000     0.004872    -0.001128  kg·m²
13 fc_motor             0.030000     0.035538    +0.005538  N·m
14 fv_motor             0.010000     0.006962    -0.003038  N·m·s/rad
15 backlash_beta        0.000000     0.000000    +0.000000  rad
   ---- ★ 新增: 大 yaw 侧一阶矩 Pb（只在倾斜 + 大 yaw 转动时可辨识）----
16 Pbx                  0.000000     0.000000    +0.000000  kg·m
17 Pby                  0.000000     0.000000    +0.000000  kg·m
==============================================================================
全批前向仿真 val_loss = 3.652340e-02
  ★ 估计参数（留出集）: 窗口(0.1s) RMSE: 角度[°] 电机/云台/小yaw = 1.291 / 0.177 / 0.133; 角速度[rad/s] = 0.3445 / 0.0532 / 0.0263
               整段开环 RMSE: 角度[°] 电机/云台/小yaw = 4.008 / 3.489 / 1.108
    （对照）初值: 窗口(0.1s) RMSE: 角度[°] 电机/云台/小yaw = 1.305 / 0.178 / 0.188; 角速度[rad/s] = 0.6188 / 0.0668 / 0.0679
loss 曲线: 共 3000 点；前 5 个 = 5.637643e-02, 5.770602e-02, 8.975626e-02, 8.456302e-02, 9.277072e-02
           后 5 个 = 3.470637e-02, 7.146023e-03, 2.894729e-02, 3.070240e-02, 2.010095e-02
            前 5 均值=7.531179e-02 → 后 5 均值=2.289539e-02（比值 0.3040，最小值 4.326222e-03）  ⇒ 下降 ✓
可粘贴到 include/tcbs/mpc/planar_yaw_params.h:
  p.Jbig_eff = 0.060685;  p.Js = 0.021075;
  p.Px = 0.012762;  p.Py = 0.014795;
  p.fcBig = 0.224537;  p.fvBig = 0.044396;
  p.fcSmall = 0.100342;  p.fvSmall = 0.024419;
  p.backlash_delta = 0.001375;  p.backlash_k = 3221.0699;
  p.backlash_c = 1.6693;  p.backlash_through = 0.002000;
  p.Jmotor = 0.004872;  p.fcMotor = 0.035538;
  p.fvMotor = 0.006962;  // β 由估计器在线给（离线拟合值 +0.000000 仅供参考）
  p.Pbx = 0.000000;  p.Pby = 0.000000;  // 大 yaw 侧一阶矩（只有倾斜数据才可辨识）
留出集学习曲线（15 个点，epoch 200..3000）:
  epoch    200: 角度 RMSE[°] 1.313/0.171/0.190   角速度 0.5251/0.0546/0.0619
  epoch    400: 角度 RMSE[°] 1.312/0.168/0.192   角速度 0.4786/0.0478/0.0602
  epoch    600: 角度 RMSE[°] 1.314/0.162/0.181   角速度 0.4441/0.0426/0.0533
  epoch    800: 角度 RMSE[°] 1.310/0.159/0.171   角速度 0.4132/0.0382/0.0456
  epoch   1000: 角度 RMSE[°] 1.303/0.161/0.166   角速度 0.3861/0.0366/0.0399
  epoch   1200: 角度 RMSE[°] 1.298/0.163/0.159   角速度 0.3692/0.0375/0.0352
  epoch   1400: 角度 RMSE[°] 1.295/0.165/0.155   角速度 0.3527/0.0386/0.0316
  epoch   1600: 角度 RMSE[°] 1.293/0.168/0.152   角速度 0.3489/0.0410/0.0295
  epoch   1800: 角度 RMSE[°] 1.293/0.169/0.145   角速度 0.3468/0.0434/0.0278
  epoch   2000: 角度 RMSE[°] 1.292/0.171/0.142   角速度 0.3459/0.0459/0.0263
  epoch   2200: 角度 RMSE[°] 1.293/0.171/0.137   角速度 0.3462/0.0476/0.0256
  epoch   2400: 角度 RMSE[°] 1.291/0.175/0.136   角速度 0.3458/0.0499/0.0254
  epoch   2600: 角度 RMSE[°] 1.290/0.177/0.135   角速度 0.3448/0.0524/0.0256
  epoch   2800: 角度 RMSE[°] 1.291/0.177/0.133   角速度 0.3448/0.0528/0.0259
  epoch   3000: 角度 RMSE[°] 1.291/0.177/0.133   角速度 0.3445/0.0532/0.0263
[plot] 已保存 data/archive/20260920_sim_com_tilt/level_auto/ident_convergence.png  (372.3 KB)
[plot] 已保存 data/archive/20260920_sim_com_tilt/level_auto/ident_traj.png  (318.1 KB)
[plot] 已保存 data/archive/20260920_sim_com_tilt/level_auto/ident_convergence_learning.png  (57.3 KB)
[out] 已写入 data/archive/20260920_sim_com_tilt/level_auto/params.txt
