[load] 共读入 31 段数据（31 个文件，跳过 0 个）
[hold] 保持段截断: 15 段 → 各取前 3 s（4500 点），丢 8839 点（占这些段的 66%）；普通段不截断
[load] 共读入 7 段数据（7 个文件，跳过 0 个）
[hold] 保持段截断: 3 段 → 各取前 3 s（900 点），丢 2799 点（占这些段的 76%）；普通段不截断
[ok] 留出集与训练集无重合（7 段，指纹比对）
[beta] 31/31 段带 `backlash_center` 列（在线估计 β）: 范围 [-0.0352, +0.0607] rad（-2.01°~+3.48°）
[beta] 仿真真值 β 范围 [+0.0000, +0.0000] rad；在线估计误差 RMS = 11.496 mrad
[torch] ★ 冻结参数（不参与优化，恒保持初值）: backlash_through=0.002
[torch] 原仓库配方：epochs=3000 × 段数31 个 Adam 步（= 原仓库 num_epochs 同轮数），每次 10 步(0.1 s)随机片段，lr=0.0003（常数），损失 = 角度wrap MSE + 角速度 MSE(等权)，3-DOF RK4 积分(substeps=4)，无限位(log 参数化)
[torch] 数据: 31 段 → 31 个 sample（最长 300 点 = 3.00 s，带静态倾斜重力）；拟合轴=both，自由参数=17；参数化: log 参数化: Jbig_eff,Js,fc_big,fv_big,fc_small,fv_small,backlash_delta,backlash_k,backlash_c,Jmotor,fc_motor,fv_motor; 自由参数: Px,Py,backlash_beta,Pbx,Pby；参数限位: 无（无上下界 / 无 clamp / 无投影 / 无惩罚项）
[torch] 初值 φ0 = [+0.05000 +0.02000 +0.00000 +0.00000 +0.22000 +0.05500 +0.09730 +0.02800 +0.00200 +2500.00000 +2.00000 +0.00200 +0.00600 +0.03000 +0.01000 +0.00000 +0.00000 +0.00000]（来源: 用户 --init-vector）
[torch] ★ --batch-segments: 每 epoch 1 次 Adam 步（每步 batch=31/31 段 × 10 步；损失 = 组内各段损失均值）
[torch] epoch     0/3000  loss=8.830830e-02  [+0.04999 +0.02001 +0.00030 -0.00030 +0.21993 +0.05498 +0.09733 +0.02801 +0.00200 +2500.75011 +2.00060 +0.00200 +0.00600 +0.02999 +0.01000 +0.00030 -0.00030 -0.00030]
[torch] epoch     1/3000  loss=2.491084e-02  [+0.04997 +0.02001 +0.00060 -0.00060 +0.21987 +0.05497 +0.09736 +0.02801 +0.00200 +2501.27094 +2.00115 +0.00200 +0.00600 +0.02998 +0.00999 +0.00054 -0.00060 -0.00023]
[torch] epoch     2/3000  loss=4.411157e-02  [+0.04996 +0.02002 +0.00088 -0.00089 +0.21981 +0.05496 +0.09738 +0.02801 +0.00200 +2501.80016 +2.00172 +0.00200 +0.00600 +0.02997 +0.00999 +0.00066 -0.00087 -0.00009]
[torch] epoch     3/3000  loss=1.111791e-01  [+0.04995 +0.02002 +0.00117 -0.00118 +0.21976 +0.05495 +0.09740 +0.02801 +0.00200 +2502.41358 +2.00230 +0.00200 +0.00599 +0.02997 +0.00999 +0.00086 -0.00100 +0.00009]
[torch] epoch     4/3000  loss=4.817838e-02  [+0.04994 +0.02003 +0.00147 -0.00147 +0.21971 +0.05495 +0.09742 +0.02801 +0.00200 +2502.96361 +2.00288 +0.00200 +0.00599 +0.02997 +0.00999 +0.00104 -0.00118 +0.00024]
[eval@   200] 留出集窗口 RMSE[°] 电机/云台/小yaw = 1.407/0.150/0.150  角速度 = 0.4626/0.0512/0.0505
[torch] epoch   200/3000  loss=2.528389e-02  [+0.04829 +0.02031 +0.01080 -0.00773 +0.21572 +0.05325 +0.10177 +0.02909 +0.00190 +2611.75839 +2.05819 +0.00200 +0.00574 +0.03035 +0.00963 +0.00118 -0.00038 +0.00236]
[eval@   400] 留出集窗口 RMSE[°] 电机/云台/小yaw = 1.407/0.146/0.151  角速度 = 0.4174/0.0456/0.0469
[torch] epoch   400/3000  loss=3.147392e-02  [+0.04757 +0.02044 +0.01209 -0.00616 +0.21458 +0.05234 +0.10465 +0.02978 +0.00181 +2711.52806 +2.00128 +0.00200 +0.00556 +0.03080 +0.00931 +0.00087 +0.00454 +0.00174]
[eval@   600] 留出集窗口 RMSE[°] 电机/云台/小yaw = 1.427/0.144/0.149  角速度 = 0.3813/0.0404/0.0430
[torch] epoch   600/3000  loss=1.797040e-02  [+0.04788 +0.02057 +0.01250 -0.00519 +0.21566 +0.05183 +0.10672 +0.03006 +0.00173 +2803.62512 +1.88829 +0.00200 +0.00544 +0.03129 +0.00899 +0.00225 +0.00760 +0.00379]
[eval@   800] 留出集窗口 RMSE[°] 电机/云台/小yaw = 1.416/0.138/0.144  角速度 = 0.3557/0.0349/0.0374
[torch] epoch   800/3000  loss=3.344706e-02  [+0.04901 +0.02064 +0.01271 -0.00685 +0.21628 +0.05114 +0.10730 +0.02999 +0.00166 +2879.24439 +1.79005 +0.00200 +0.00537 +0.03159 +0.00866 +0.00143 +0.00183 +0.00342]
[eval@  1000] 留出集窗口 RMSE[°] 电机/云台/小yaw = 1.406/0.134/0.137  角速度 = 0.3376/0.0315/0.0333
[torch] epoch  1000/3000  loss=1.910400e-02  [+0.05044 +0.02088 +0.01353 -0.00685 +0.21669 +0.05064 +0.10666 +0.02953 +0.00159 +2946.06392 +1.70409 +0.00200 +0.00532 +0.03171 +0.00839 +0.00084 +0.00388 +0.00637]
[eval@  1200] 留出集窗口 RMSE[°] 电机/云台/小yaw = 1.406/0.132/0.130  角速度 = 0.3288/0.0310/0.0304
[torch] epoch  1200/3000  loss=2.138872e-02  [+0.05201 +0.02094 +0.01235 -0.00776 +0.21715 +0.05018 +0.10527 +0.02901 +0.00154 +2996.10014 +1.65166 +0.00200 +0.00529 +0.03180 +0.00818 +0.00085 +0.00326 +0.00467]
[eval@  1400] 留出集窗口 RMSE[°] 电机/云台/小yaw = 1.390/0.131/0.126  角速度 = 0.3206/0.0307/0.0273
[torch] epoch  1400/3000  loss=2.404806e-02  [+0.05310 +0.02102 +0.01371 -0.00576 +0.21795 +0.04967 +0.10346 +0.02838 +0.00149 +3059.07069 +1.61597 +0.00200 +0.00520 +0.03198 +0.00800 -0.00075 +0.00799 +0.00978]
[eval@  1600] 留出集窗口 RMSE[°] 电机/云台/小yaw = 1.395/0.131/0.121  角速度 = 0.3177/0.0315/0.0258
[torch] epoch  1600/3000  loss=1.812181e-02  [+0.05433 +0.02111 +0.01211 -0.00740 +0.21903 +0.04948 +0.10230 +0.02786 +0.00146 +3097.36493 +1.61408 +0.00200 +0.00513 +0.03236 +0.00794 -0.00030 +0.00479 +0.01156]
[eval@  1800] 留出集窗口 RMSE[°] 电机/云台/小yaw = 1.388/0.131/0.117  角速度 = 0.3144/0.0332/0.0256
[torch] epoch  1800/3000  loss=2.593311e-02  [+0.05546 +0.02112 +0.01156 -0.00811 +0.21924 +0.04904 +0.10164 +0.02744 +0.00143 +3124.41670 +1.62815 +0.00200 +0.00505 +0.03259 +0.00787 -0.00113 +0.00521 +0.01237]
[eval@  2000] 留出集窗口 RMSE[°] 电机/云台/小yaw = 1.404/0.134/0.115  角速度 = 0.3116/0.0353/0.0250
[torch] epoch  2000/3000  loss=1.695619e-02  [+0.05665 +0.02120 +0.01224 -0.00798 +0.21871 +0.04866 +0.10064 +0.02698 +0.00141 +3144.90981 +1.64060 +0.00200 +0.00500 +0.03269 +0.00781 +0.00058 +0.00428 +0.01051]
[eval@  2200] 留出集窗口 RMSE[°] 电机/云台/小yaw = 1.396/0.134/0.113  角速度 = 0.3096/0.0372/0.0255
[torch] epoch  2200/3000  loss=1.264861e-02  [+0.05753 +0.02118 +0.01151 -0.00843 +0.21801 +0.04828 +0.09941 +0.02653 +0.00139 +3166.95878 +1.64332 +0.00200 +0.00495 +0.03275 +0.00773 -0.00058 +0.00343 +0.01458]
[eval@  2400] 留出集窗口 RMSE[°] 电机/云台/小yaw = 1.403/0.137/0.112  角速度 = 0.3085/0.0395/0.0259
[torch] epoch  2400/3000  loss=3.182339e-02  [+0.05859 +0.02120 +0.01142 -0.00839 +0.21735 +0.04799 +0.09849 +0.02626 +0.00137 +3183.85181 +1.64189 +0.00200 +0.00492 +0.03273 +0.00766 +0.00017 +0.00396 +0.01249]
[eval@  2600] 留出集窗口 RMSE[°] 电机/云台/小yaw = 1.390/0.140/0.111  角速度 = 0.3070/0.0419/0.0256
[torch] epoch  2600/3000  loss=1.600650e-02  [+0.05963 +0.02143 +0.01277 -0.00803 +0.21671 +0.04769 +0.09766 +0.02590 +0.00135 +3200.72668 +1.63449 +0.00200 +0.00489 +0.03276 +0.00757 -0.00129 +0.00062 +0.01232]
[eval@  2800] 留出集窗口 RMSE[°] 电机/云台/小yaw = 1.413/0.142/0.111  角速度 = 0.3064/0.0438/0.0274
[torch] epoch  2800/3000  loss=2.240445e-02  [+0.06040 +0.02141 +0.01107 -0.00958 +0.21535 +0.04729 +0.09704 +0.02569 +0.00133 +3210.94938 +1.63352 +0.00200 +0.00487 +0.03270 +0.00748 +0.00087 +0.00329 +0.01144]
[torch] epoch  2995/3000  loss=1.779227e-02  [+0.06079 +0.02147 +0.00951 -0.00927 +0.21491 +0.04716 +0.09654 +0.02531 +0.00131 +3219.92151 +1.63312 +0.00200 +0.00485 +0.03280 +0.00742 -0.00077 +0.00220 +0.01446]
[torch] epoch  2996/3000  loss=2.662288e-02  [+0.06079 +0.02147 +0.00948 -0.00925 +0.21491 +0.04716 +0.09653 +0.02531 +0.00131 +3219.94917 +1.63303 +0.00200 +0.00485 +0.03280 +0.00742 -0.00077 +0.00220 +0.01450]
[torch] epoch  2997/3000  loss=3.204880e-02  [+0.06079 +0.02148 +0.00943 -0.00922 +0.21492 +0.04716 +0.09653 +0.02531 +0.00131 +3219.92582 +1.63284 +0.00200 +0.00485 +0.03280 +0.00742 -0.00076 +0.00223 +0.01455]
/home/huhu233/.config/matplotlib is not a writable directory
Matplotlib created a temporary cache directory at /tmp/matplotlib-tan8p4sm because there was an issue with the default path (/home/huhu233/.config/matplotlib); it is highly recommended to set the MPLCONFIGDIR environment variable to a writable directory, in particular to speed up the import of Matplotlib and to better support multiprocessing.
/home/huhu233/.local/lib/python3.10/site-packages/matplotlib/projections/__init__.py:63: UserWarning: Unable to import Axes3D. This may be due to multiple versions of Matplotlib being installed (e.g. as a system package and as a pip package). As a result, the 3D projection is not available.
  warnings.warn("Unable to import Axes3D. This may be due to multiple versions of "
[torch] epoch  2998/3000  loss=1.804660e-02  [+0.06080 +0.02148 +0.00941 -0.00918 +0.21492 +0.04716 +0.09652 +0.02531 +0.00131 +3219.91895 +1.63267 +0.00200 +0.00485 +0.03280 +0.00742 -0.00077 +0.00224 +0.01459]
[torch] epoch  2999/3000  loss=4.239662e-02  [+0.06080 +0.02148 +0.00939 -0.00921 +0.21492 +0.04716 +0.09652 +0.02531 +0.00131 +3219.91078 +1.63254 +0.00200 +0.00485 +0.03280 +0.00742 -0.00075 +0.00223 +0.01464]
[eval@  3000] 留出集窗口 RMSE[°] 电机/云台/小yaw = 1.397/0.143/0.110  角速度 = 0.3053/0.0451/0.0283

==============================================================================
辨识结果（输出误差法, 段数=31, 轴=both）  用时 676.5s
配方: ★ 全批配方(epochs=3000 个**全批** Adam 步, 每步 batch=全部段)—— 同一损失，只是把原配方的'每段一次更新'合并成'每 epoch 一次'；Adam/总步数=3000；参数限位=无（无上下界 / 无 clamp / 无投影 / 无惩罚项）
 # 参数                         初值           估计           变化  单位
   ---- 平面 8 参（云台/小 yaw 子块）----
 0 Jbig_eff             0.050000     0.060797    +0.010797  kg·m²
 1 Js                   0.020000     0.021477    +0.001477  kg·m²
 2 Px                   0.000000     0.009392    +0.009392  kg·m
 3 Py                   0.000000    -0.009210    -0.009210  kg·m
 4 fc_big               0.220000     0.214917    -0.005083  N·m
 5 fv_big               0.055000     0.047160    -0.007840  N·m·s/rad
 6 fc_small             0.097300     0.096517    -0.000783  N·m
 7 fv_small             0.028000     0.025306    -0.002694  N·m·s/rad
   ---- ★ 新增: 大 yaw 背隙 / 电机侧 ----
 8 backlash_delta       0.002000     0.001314    -0.000686  rad   (= 0.075°)
 9 backlash_k        2500.000000  3219.910785  +719.910785  N·m/rad
10 backlash_c           2.000000     1.632537    -0.367463  N·m·s/rad
11 backlash_through     0.002000     0.002000    +0.000000  —
12 Jmotor               0.006000     0.004853    -0.001147  kg·m²
13 fc_motor             0.030000     0.032804    +0.002804  N·m
14 fv_motor             0.010000     0.007417    -0.002583  N·m·s/rad
15 backlash_beta        0.000000    -0.000745    -0.000745  rad
   ---- ★ 新增: 大 yaw 侧一阶矩 Pb（只在倾斜 + 大 yaw 转动时可辨识）----
16 Pbx                  0.000000     0.002226    +0.002226  kg·m
17 Pby                  0.000000     0.014641    +0.014641  kg·m
==============================================================================
全批前向仿真 val_loss = 2.791977e-02
  ★ 估计参数（留出集）: 窗口(0.1s) RMSE: 角度[°] 电机/云台/小yaw = 1.397 / 0.143 / 0.110; 角速度[rad/s] = 0.3053 / 0.0451 / 0.0283
               整段开环 RMSE: 角度[°] 电机/云台/小yaw = 2.895 / 3.303 / 1.624
    （对照）初值: 窗口(0.1s) RMSE: 角度[°] 电机/云台/小yaw = 1.383 / 0.157 / 0.184; 角速度[rad/s] = 0.5398 / 0.0612 / 0.0764
loss 曲线: 共 3000 点；前 5 个 = 8.830830e-02, 2.491084e-02, 4.411157e-02, 1.111791e-01, 4.817838e-02
           后 5 个 = 1.779227e-02, 2.662288e-02, 3.204880e-02, 1.804660e-02, 4.239662e-02
            前 5 均值=6.119567e-02 → 后 5 均值=2.588757e-02（比值 0.4230，最小值 4.879630e-03）  ⇒ 下降 ✓
可粘贴到 include/tcbs/mpc/planar_yaw_params.h:
  p.Jbig_eff = 0.060797;  p.Js = 0.021477;
  p.Px = 0.009392;  p.Py = -0.009210;
  p.fcBig = 0.214917;  p.fvBig = 0.047160;
  p.fcSmall = 0.096517;  p.fvSmall = 0.025306;
  p.backlash_delta = 0.001314;  p.backlash_k = 3219.9108;
  p.backlash_c = 1.6325;  p.backlash_through = 0.002000;
  p.Jmotor = 0.004853;  p.fcMotor = 0.032804;
  p.fvMotor = 0.007417;  // β 由估计器在线给（离线拟合值 -0.000745 仅供参考）
  p.Pbx = 0.002226;  p.Pby = 0.014641;  // 大 yaw 侧一阶矩（只有倾斜数据才可辨识）
留出集学习曲线（15 个点，epoch 200..3000）:
  epoch    200: 角度 RMSE[°] 1.407/0.150/0.150   角速度 0.4626/0.0512/0.0505
  epoch    400: 角度 RMSE[°] 1.407/0.146/0.151   角速度 0.4174/0.0456/0.0469
  epoch    600: 角度 RMSE[°] 1.427/0.144/0.149   角速度 0.3813/0.0404/0.0430
  epoch    800: 角度 RMSE[°] 1.416/0.138/0.144   角速度 0.3557/0.0349/0.0374
  epoch   1000: 角度 RMSE[°] 1.406/0.134/0.137   角速度 0.3376/0.0315/0.0333
  epoch   1200: 角度 RMSE[°] 1.406/0.132/0.130   角速度 0.3288/0.0310/0.0304
  epoch   1400: 角度 RMSE[°] 1.390/0.131/0.126   角速度 0.3206/0.0307/0.0273
  epoch   1600: 角度 RMSE[°] 1.395/0.131/0.121   角速度 0.3177/0.0315/0.0258
  epoch   1800: 角度 RMSE[°] 1.388/0.131/0.117   角速度 0.3144/0.0332/0.0256
  epoch   2000: 角度 RMSE[°] 1.404/0.134/0.115   角速度 0.3116/0.0353/0.0250
  epoch   2200: 角度 RMSE[°] 1.396/0.134/0.113   角速度 0.3096/0.0372/0.0255
  epoch   2400: 角度 RMSE[°] 1.403/0.137/0.112   角速度 0.3085/0.0395/0.0259
  epoch   2600: 角度 RMSE[°] 1.390/0.140/0.111   角速度 0.3070/0.0419/0.0256
  epoch   2800: 角度 RMSE[°] 1.413/0.142/0.111   角速度 0.3064/0.0438/0.0274
  epoch   3000: 角度 RMSE[°] 1.397/0.143/0.110   角速度 0.3053/0.0451/0.0283
[plot] 已保存 data/archive/20260920_sim_com_tilt/tilt_betafit/ident_convergence.png  (451.8 KB)
[plot] 已保存 data/archive/20260920_sim_com_tilt/tilt_betafit/ident_traj.png  (318.4 KB)
[plot] 已保存 data/archive/20260920_sim_com_tilt/tilt_betafit/ident_convergence_learning.png  (57.4 KB)
[out] 已写入 data/archive/20260920_sim_com_tilt/tilt_betafit/params.txt
