[load] 共读入 240 段数据（240 个文件，跳过 0 个）
[hold] 保持段截断: 117 段 → 各取前 3 s（35100 点），丢 47836 点（占这些段的 58%）；普通段不截断
[beta] 240/240 段带 `backlash_center` 列（在线估计 β）: 范围 [-11.2396, +2.7145] rad（-643.98°~+155.53°）
[beta] 仿真真值 β 范围 [+0.0000, +0.0000] rad；在线估计误差 RMS = 3982.197 mrad
[torch] ★ 冻结参数（不参与优化，恒保持初值）: backlash_through=0.002
[torch] 原仓库配方：epochs=40000 × 段数240 个 Adam 步（= 原仓库 num_epochs 同轮数），每次 10 步(0.1 s)随机片段，lr=0.01（常数），最后 20000 epoch 余弦衰减到 0，损失 = 角度wrap MSE + 角速度 MSE(等权)，3-DOF RK4 积分(substeps=2)，无限位(log 参数化)
[torch] 数据: 240 段 → 240 个 sample（最长 300 点 = 3.00 s，带静态倾斜重力）；拟合轴=both，自由参数=17；参数化: log 参数化: Jbig_eff,Js,fc_big,fv_big,fc_small,fv_small,backlash_delta,backlash_k,backlash_c,Jmotor,fc_motor,fv_motor; 自由参数: Px,Py,backlash_beta,Pbx,Pby；参数限位: 无（无上下界 / 无 clamp / 无投影 / 无惩罚项）
[torch] 初值 φ0 = [+0.04561 +0.00812 +0.02135 -0.00743 +0.09624 +0.23737 +0.03343 +0.04847 +0.08730 +200.00000 +2.00000 +0.00200 +0.00600 +0.03000 +0.01000 +0.00000 +0.00000 +0.00000]（来源: 用户 --init-vector）
[torch] ★ lr 调度: 前 20000 epoch 常数 lr=0.01，最后 20000 epoch 余弦衰减到 0
[torch] ★ --batch-segments: 每 epoch 1 次 Adam 步（每步 batch=240/240 段 × 10 步；损失 = 组内各段损失均值）
[torch] epoch     0/40000  loss=7.994200e-02  [+0.04607 +0.00804 +0.01135 +0.00257 +0.09721 +0.23976 +0.03377 +0.04895 +0.08643 +202.00994 +2.02010 +0.00200 +0.00606 +0.03030 +0.01010 +0.00000 -0.01000 +0.01000]
[torch] epoch     1/40000  loss=8.289908e-02  [+0.04653 +0.00796 +0.00211 +0.01236 +0.09817 +0.24205 +0.03409 +0.04944 +0.08559 +203.73763 +2.04024 +0.00200 +0.00612 +0.03060 +0.01020 +0.00000 -0.01601 +0.01994]
[torch] epoch     2/40000  loss=7.881362e-02  [+0.04699 +0.00788 -0.00447 +0.01930 +0.09915 +0.24439 +0.03442 +0.04993 +0.08475 +205.61325 +2.06015 +0.00200 +0.00618 +0.03091 +0.01030 +0.00000 -0.02388 +0.02992]
[torch] epoch     3/40000  loss=7.327278e-02  [+0.04745 +0.00780 -0.00939 +0.02448 +0.10014 +0.24679 +0.03474 +0.05040 +0.08391 +207.57013 +2.07978 +0.00200 +0.00624 +0.03122 +0.01040 +0.00000 -0.03050 +0.03965]
[torch] epoch     4/40000  loss=8.379454e-02  [+0.04792 +0.00772 -0.01166 +0.02665 +0.10115 +0.24923 +0.03507 +0.05088 +0.08310 +209.52679 +2.10002 +0.00200 +0.00630 +0.03154 +0.01051 +0.00000 -0.03138 +0.04927]
[torch] epoch   500/40000  loss=3.876753e-02  [+0.05185 +0.00460 +0.00041 +0.02197 +0.26307 +0.16331 +0.02191 +0.03788 +0.04005 +37.23494 +7.78013 +0.00200 +0.02587 +0.05699 +0.01678 +0.00000 -0.01695 +0.13562]
[torch] epoch  1000/40000  loss=4.807441e-02  [+0.05102 +0.00453 -0.00520 +0.01860 +0.26801 +0.14959 +0.02147 +0.03857 +0.02759 +26.92407 +7.83823 +0.00200 +0.02523 +0.05817 +0.03783 +0.00000 -0.02284 +0.14273]
[torch] epoch  1500/40000  loss=4.597021e-02  [+0.05276 +0.00466 +0.00159 +0.02263 +0.26646 +0.11510 +0.02113 +0.03806 +0.01826 +22.66850 +7.36850 +0.00200 +0.02443 +0.05571 +0.06747 +0.00000 +0.00200 +0.12666]
[torch] epoch  2000/40000  loss=4.368186e-02  [+0.05070 +0.00462 +0.00398 +0.02458 +0.23365 +0.09037 +0.02203 +0.03817 +0.01447 +18.44086 +7.37885 +0.00200 +0.02458 +0.06849 +0.09948 +0.00000 +0.00035 +0.12519]
[torch] epoch  2500/40000  loss=4.668808e-02  [+0.05141 +0.00461 +0.00044 +0.01936 +0.26051 +0.06270 +0.02066 +0.03709 +0.01709 +14.94029 +7.39756 +0.00200 +0.02478 +0.05454 +0.12908 +0.00000 -0.02217 +0.14616]
[torch] epoch  3000/40000  loss=4.321720e-02  [+0.05087 +0.00472 -0.00011 +0.01683 +0.26466 +0.04583 +0.02144 +0.03922 +0.01482 +16.01808 +7.56173 +0.00200 +0.02476 +0.05418 +0.13848 +0.00000 -0.02846 +0.12200]
[torch] epoch  3500/40000  loss=5.175311e-02  [+0.05200 +0.00459 -0.00216 +0.02825 +0.26204 +0.03497 +0.02071 +0.03698 +0.01226 +17.00351 +7.56804 +0.00200 +0.02505 +0.05307 +0.14613 +0.00000 -0.00717 +0.13609]
[torch] epoch  4000/40000  loss=4.517445e-02  [+0.05251 +0.00468 +0.00226 +0.02322 +0.27219 +0.02743 +0.02129 +0.03915 +0.01078 +17.42369 +7.43945 +0.00200 +0.02458 +0.05630 +0.15260 +0.00000 -0.01466 +0.13219]
[torch] epoch  4500/40000  loss=4.680677e-02  [+0.05083 +0.00473 +0.00119 +0.02288 +0.25315 +0.02158 +0.02118 +0.03860 +0.00898 +18.36160 +7.34369 +0.00200 +0.02398 +0.05806 +0.15542 +0.00000 +0.00522 +0.14437]
[torch] epoch  5000/40000  loss=4.463328e-02  [+0.04988 +0.00463 +0.00033 +0.02215 +0.25535 +0.01725 +0.02106 +0.03827 +0.00801 +16.51729 +6.39243 +0.00200 +0.02523 +0.06712 +0.15825 +0.00000 -0.03772 +0.13628]
[torch] epoch  5500/40000  loss=5.236500e-02  [+0.05092 +0.00461 -0.00173 +0.02001 +0.23841 +0.01372 +0.02165 +0.03753 +0.00695 +16.41117 +7.07664 +0.00200 +0.02492 +0.08594 +0.16409 +0.00000 -0.03979 +0.12965]
[torch] epoch  6000/40000  loss=4.701560e-02  [+0.05161 +0.00464 -0.00166 +0.01781 +0.23162 +0.01108 +0.02179 +0.03649 +0.00634 +16.35296 +7.12288 +0.00200 +0.02457 +0.08771 +0.16551 +0.00000 -0.03746 +0.13356]
[torch] epoch  6500/40000  loss=4.176203e-02  [+0.05106 +0.00456 +0.00614 +0.01888 +0.22182 +0.00867 +0.02057 +0.03795 +0.00491 +15.34495 +3.77078 +0.00200 +0.02473 +0.10751 +0.16853 +0.00000 -0.02102 +0.13275]
[torch] epoch  7000/40000  loss=4.427638e-02  [+0.05196 +0.00448 -0.00636 +0.02111 +0.15890 +0.00547 +0.02094 +0.03890 +0.00322 +15.24187 +2.01033 +0.00200 +0.02469 +0.17707 +0.16547 +0.00000 -0.01360 +0.12907]
[torch] epoch  7500/40000  loss=4.297449e-02  [+0.05032 +0.00457 +0.00615 +0.02126 +0.15436 +0.00402 +0.02078 +0.03854 +0.00205 +14.67244 +2.04684 +0.00200 +0.02512 +0.17843 +0.17646 +0.00000 -0.01781 +0.12619]
[torch] epoch  8000/40000  loss=4.956618e-02  [+0.05132 +0.00463 +0.00211 +0.02178 +0.13787 +0.00291 +0.02068 +0.03742 +0.00192 +13.67395 +2.15097 +0.00200 +0.02491 +0.20199 +0.16846 +0.00000 -0.01540 +0.12409]
[torch] epoch  8500/40000  loss=4.503294e-02  [+0.04753 +0.00452 -0.00689 +0.02417 +0.14837 +0.00220 +0.02061 +0.03979 +0.00167 +14.65638 +1.79552 +0.00200 +0.02756 +0.18886 +0.16291 +0.00000 -0.01269 +0.12752]
[torch] epoch  9000/40000  loss=3.880270e-02  [+0.05105 +0.00462 -0.00223 +0.01769 +0.13542 +0.00167 +0.02034 +0.03843 +0.00165 +14.16260 +2.10278 +0.00200 +0.02551 +0.20019 +0.17079 +0.00000 -0.02168 +0.11521]
[torch] epoch  9500/40000  loss=4.499487e-02  [+0.05083 +0.00462 +0.00296 +0.02154 +0.13153 +0.00130 +0.02125 +0.03872 +0.00163 +13.62935 +2.15649 +0.00200 +0.02519 +0.20275 +0.16686 +0.00000 -0.02384 +0.12138]
[torch] epoch 10000/40000  loss=4.231765e-02  [+0.04964 +0.00464 +0.00194 +0.02383 +0.18303 +0.00104 +0.02000 +0.03946 +0.00122 +17.29225 +1.69576 +0.00200 +0.02455 +0.16797 +0.16485 +0.00000 -0.01551 +0.12870]
[torch] epoch 10500/40000  loss=4.044471e-02  [+0.05025 +0.00466 +0.00127 +0.01881 +0.16806 +0.00078 +0.02085 +0.03898 +0.00122 +16.31074 +1.84977 +0.00200 +0.02456 +0.17920 +0.16639 +0.00000 -0.01192 +0.12336]
[torch] epoch 11000/40000  loss=4.523973e-02  [+0.04939 +0.00466 +0.00461 +0.02104 +0.15469 +0.00059 +0.02009 +0.03978 +0.00122 +15.13662 +1.99093 +0.00200 +0.02529 +0.19698 +0.16064 +0.00000 -0.03072 +0.11639]
[torch] epoch 11500/40000  loss=3.962276e-02  [+0.05012 +0.00462 -0.00303 +0.02428 +0.14306 +0.00047 +0.02101 +0.04019 +0.00121 +14.28362 +2.09750 +0.00200 +0.02445 +0.19879 +0.16761 +0.00000 -0.04080 +0.11718]
[torch] epoch 12000/40000  loss=4.116363e-02  [+0.05193 +0.00461 +0.00318 +0.01881 +0.18668 +0.00038 +0.01981 +0.04038 +0.00088 +18.83981 +1.62107 +0.00200 +0.02376 +0.15362 +0.16302 +0.00000 -0.01037 +0.12529]
[torch] epoch 12500/40000  loss=5.044144e-02  [+0.05120 +0.00464 +0.00299 +0.02236 +0.17942 +0.00028 +0.02123 +0.03875 +0.00089 +17.39865 +1.81301 +0.00200 +0.02455 +0.16522 +0.16126 +0.00000 -0.03708 +0.12048]
[torch] epoch 13000/40000  loss=4.106006e-02  [+0.05108 +0.00470 +0.00135 +0.01918 +0.16936 +0.00022 +0.02162 +0.03903 +0.00089 +16.26043 +1.93737 +0.00200 +0.02447 +0.17555 +0.16058 +0.00000 -0.02132 +0.14050]
[torch] epoch 13500/40000  loss=4.330984e-02  [+0.05060 +0.00453 +0.00226 +0.02272 +0.16307 +0.00018 +0.02058 +0.03903 +0.00091 +15.24140 +2.04462 +0.00200 +0.02448 +0.17994 +0.17292 +0.00000 -0.02113 +0.11912]
[torch] epoch 14000/40000  loss=4.718055e-02  [+0.05145 +0.00452 -0.00006 +0.02114 +0.15179 +0.00014 +0.02153 +0.03901 +0.00090 +14.58853 +2.08684 +0.00200 +0.02642 +0.19057 +0.16903 +0.00000 -0.02060 +0.13102]
[torch] epoch 14500/40000  loss=4.799472e-02  [+0.05059 +0.00461 -0.00211 +0.02395 +0.14865 +0.00011 +0.02070 +0.03870 +0.00089 +13.98337 +2.14236 +0.00200 +0.02571 +0.20143 +0.17427 +0.00000 -0.01402 +0.10764]
[torch] epoch 15000/40000  loss=4.512060e-02  [+0.05026 +0.00469 -0.00304 +0.02439 +0.13364 +0.00009 +0.02203 +0.03983 +0.00089 +12.86619 +2.16569 +0.00200 +0.02433 +0.19675 +0.16698 +0.00000 -0.00951 +0.13638]
[torch] epoch 15500/40000  loss=3.858635e-02  [+0.04994 +0.00478 +0.00169 +0.02178 +0.14599 +0.00007 +0.02121 +0.03955 +0.00081 +13.71082 +2.05889 +0.00200 +0.02501 +0.19401 +0.17269 +0.00000 -0.01785 +0.13750]
[torch] epoch 16000/40000  loss=4.825835e-02  [+0.04871 +0.00468 +0.00418 +0.02295 +0.14428 +0.00005 +0.02150 +0.03849 +0.00076 +14.31413 +2.12004 +0.00200 +0.02954 +0.17449 +0.17207 +0.00000 -0.00793 +0.12928]
[torch] epoch 16500/40000  loss=4.806978e-02  [+0.05133 +0.00467 +0.00539 +0.02424 +0.14918 +0.00004 +0.02027 +0.03788 +0.00073 +13.79715 +2.10151 +0.00200 +0.02537 +0.19227 +0.16546 +0.00000 -0.00529 +0.11583]
[torch] epoch 17000/40000  loss=4.208138e-02  [+0.04994 +0.00464 +0.00401 +0.02127 +0.13692 +0.00003 +0.01993 +0.03948 +0.00071 +13.54189 +2.17917 +0.00200 +0.02578 +0.20561 +0.17139 +0.00000 -0.02990 +0.11699]
[torch] epoch 17500/40000  loss=4.119678e-02  [+0.04848 +0.00482 -0.00121 +0.02311 +0.11471 +0.00003 +0.02138 +0.03993 +0.00096 +9.94353 +2.21450 +0.00200 +0.02676 +0.22304 +0.18672 +0.00000 -0.03092 +0.13169]
[torch] epoch 18000/40000  loss=4.298876e-02  [+0.04847 +0.00460 +0.00208 +0.01910 +0.11517 +0.00002 +0.01987 +0.03931 +0.00103 +9.74923 +2.50519 +0.00200 +0.02616 +0.21113 +0.17362 +0.00000 -0.01553 +0.13017]
[torch] epoch 18500/40000  loss=4.521619e-02  [+0.04351 +0.00476 -0.00455 +0.02086 +0.16712 +0.00002 +0.02185 +0.03719 +0.00131 +8.64268 +1.97052 +0.00200 +0.03533 +0.16488 +0.17635 +0.00000 -0.04501 +0.08845]
[torch] epoch 19000/40000  loss=4.027492e-02  [+0.04617 +0.00465 -0.00039 +0.02324 +0.15057 +0.00001 +0.02036 +0.03946 +0.00125 +9.94174 +2.23956 +0.00200 +0.03029 +0.16690 +0.18328 +0.00000 -0.01592 +0.12434]
[torch] epoch 19500/40000  loss=4.006724e-02  [+0.04883 +0.00469 +0.00257 +0.01838 +0.14543 +0.00001 +0.02117 +0.03787 +0.00120 +11.09608 +2.27377 +0.00200 +0.02777 +0.17512 +0.17818 +0.00000 -0.01362 +0.12437]
[torch] epoch 20000/40000  loss=4.241527e-02  [+0.04907 +0.00467 +0.00316 +0.02218 +0.14218 +0.00001 +0.02070 +0.03889 +0.00116 +12.27372 +2.19164 +0.00200 +0.02622 +0.18725 +0.18310 +0.00000 -0.01213 +0.13494]
[torch] epoch 20500/40000  loss=4.302327e-02  [+0.05039 +0.00468 -0.00294 +0.02166 +0.13823 +0.00001 +0.02146 +0.03882 +0.00111 +13.00207 +2.23184 +0.00200 +0.02573 +0.19195 +0.16564 +0.00000 -0.02394 +0.12832]
[torch] epoch 21000/40000  loss=4.408942e-02  [+0.05129 +0.00458 +0.00677 +0.01844 +0.13061 +0.00000 +0.02022 +0.03920 +0.00118 +12.09365 +2.39363 +0.00200 +0.02625 +0.19504 +0.17685 +0.00000 -0.02515 +0.11579]
[torch] epoch 21500/40000  loss=3.779227e-02  [+0.05008 +0.00474 +0.00199 +0.01822 +0.12666 +0.00000 +0.02040 +0.03851 +0.00126 +11.56777 +2.33266 +0.00200 +0.02550 +0.20472 +0.17870 +0.00000 -0.01128 +0.12840]
[torch] epoch 22000/40000  loss=4.788631e-02  [+0.07191 +0.00477 -0.00936 +0.03084 +0.08962 +0.00000 +0.02276 +0.04207 +0.00064 +19.03974 +1.66853 +0.00200 +0.02195 +0.25938 +0.15861 +0.00000 -0.19381 +0.26092]
[torch] epoch 22500/40000  loss=6.343655e-02  [+0.05801 +0.01023 +0.00465 +0.03679 +0.09476 +0.00000 +0.02055 +0.14837 +0.00091 +14.64936 +0.73904 +0.00200 +0.02569 +0.52518 +0.10371 +0.00000 +0.00049 +0.17578]
[torch] epoch 23000/40000  loss=6.281673e-02  [+0.05291 +0.01057 +0.00049 +0.00378 +0.09860 +0.00000 +0.02119 +0.12119 +0.00070 +16.98137 +0.58804 +0.00200 +0.02240 +0.55146 +0.06734 +0.00000 -0.02015 +0.07827]
[torch] epoch 23500/40000  loss=5.636837e-02  [+0.05504 +0.00480 +0.00145 +0.01969 +0.09569 +0.00000 +0.01603 +0.05110 +0.00070 +17.27819 +0.57318 +0.00200 +0.02227 +0.53806 +0.05641 +0.00000 -0.06792 +0.09587]
[torch] epoch 24000/40000  loss=6.414201e-02  [+0.06276 +0.00608 +0.00908 +0.01097 +0.07454 +0.00000 +0.02331 +0.07180 +0.00072 +17.63309 +0.62787 +0.00200 +0.02101 +0.54878 +0.05386 +0.00000 +0.20127 -0.17865]
[torch] epoch 24500/40000  loss=8.319997e-02  [+0.08483 +0.01036 -0.01563 +0.04230 +0.06214 +0.00000 +0.02182 +0.09345 +0.00075 +19.48885 +0.69852 +0.00200 +0.02652 +0.52002 +0.04910 +0.00000 +0.23013 -0.02636]
[torch] epoch 25000/40000  loss=6.483098e-02  [+0.08342 +0.00738 +0.01249 +0.01466 +0.06041 +0.00000 +0.02061 +0.08374 +0.00087 +17.22647 +0.85204 +0.00200 +0.02523 +0.59947 +0.04728 +0.00000 +0.17525 -0.01091]
[torch] epoch 25500/40000  loss=5.303795e-02  [+0.07920 +0.00580 +0.00238 +0.02096 +0.05985 +0.00000 +0.01681 +0.06111 +0.00088 +16.87061 +0.86825 +0.00200 +0.02515 +0.55954 +0.04128 +0.00000 -0.05812 +0.07587]
[torch] epoch 26000/40000  loss=1.252059e-01  [+0.07269 +0.01244 -0.01399 -0.06904 +0.09167 +0.00000 +0.01364 +0.05251 +0.00052 +28.17566 +0.53192 +0.00200 +0.03433 +0.37178 +0.02244 +0.00000 +0.07534 +0.33932]
[torch] epoch 26500/40000  loss=5.775465e-02  [+0.07251 +0.00657 +0.00435 +0.02697 +0.09344 +0.00000 +0.01472 +0.05918 +0.00052 +28.10923 +0.53308 +0.00200 +0.03469 +0.36801 +0.02337 +0.00000 +0.05732 +0.28200]
[torch] epoch 27000/40000  loss=5.457683e-02  [+0.07026 +0.00505 +0.00116 +0.02443 +0.09586 +0.00000 +0.01490 +0.05737 +0.00053 +28.09136 +0.53479 +0.00200 +0.03512 +0.36412 +0.02491 +0.00000 +0.00024 +0.24506]
[torch] epoch 27500/40000  loss=5.534706e-02  [+0.06829 +0.00484 +0.00062 +0.02254 +0.09761 +0.00000 +0.01470 +0.05417 +0.00052 +28.18048 +0.53517 +0.00200 +0.03478 +0.36707 +0.02710 +0.00000 -0.02546 +0.19019]
[torch] epoch 28000/40000  loss=5.767215e-02  [+0.06486 +0.00475 +0.00088 +0.02150 +0.09979 +0.00000 +0.01490 +0.05211 +0.00052 +28.10755 +0.53673 +0.00200 +0.03524 +0.36214 +0.03014 +0.00000 +0.00531 +0.16278]
[torch] epoch 28500/40000  loss=4.927256e-02  [+0.06050 +0.00467 +0.00024 +0.02148 +0.10100 +0.00048 +0.01536 +0.05023 +0.00051 +28.29074 +0.53770 +0.00200 +0.03504 +0.36436 +0.03462 +0.00000 -0.01119 +0.16602]
[torch] epoch 29000/40000  loss=7.840243e-02  [+0.05495 +0.00630 -0.02716 -0.00263 +0.11555 +0.08281 +0.01685 +0.04982 +0.00052 +26.72326 +0.53121 +0.00200 +0.03350 +0.37587 +0.04048 +0.00000 +0.22253 +0.01377]
[torch] epoch 29500/40000  loss=5.710911e-02  [+0.05647 +0.00474 +0.00610 +0.01796 +0.11661 +0.07351 +0.01736 +0.04785 +0.00055 +25.59806 +0.53272 +0.00200 +0.03448 +0.37043 +0.03718 +0.00000 +0.09145 +0.08266]
[torch] epoch 30000/40000  loss=1.843692e-01  [+0.05418 +0.00856 -0.15923 +0.02827 +0.08488 +0.05152 +0.03368 +0.07695 +0.00080 +19.78129 +0.55080 +0.00200 +0.02435 +0.55433 +0.04051 +0.00000 -0.27463 +0.10815]
[torch] epoch 30500/40000  loss=5.870502e-02  [+0.05432 +0.00863 -0.02748 +0.02332 +0.08471 +0.04896 +0.03392 +0.07754 +0.00080 +19.49832 +0.55067 +0.00200 +0.02422 +0.55616 +0.04028 +0.00000 -0.27123 +0.10654]
[torch] epoch 31000/40000  loss=1.251048e-01  [+0.06272 +0.00896 -0.08490 +0.12614 +0.07381 +0.04188 +0.03909 +0.08771 +0.00084 +22.48217 +0.48029 +0.00200 +0.02123 +0.54306 +0.04204 +0.00000 -0.41020 +0.25009]
[torch] epoch 31500/40000  loss=1.027813e-01  [+0.06292 +0.00936 -0.04926 +0.10282 +0.07400 +0.04198 +0.03899 +0.08912 +0.00083 +22.53647 +0.47161 +0.00200 +0.02288 +0.51443 +0.04021 +0.00000 -0.40992 +0.25072]
[torch] epoch 32000/40000  loss=9.383431e-02  [+0.06296 +0.00936 -0.03763 +0.09099 +0.07395 +0.04196 +0.03929 +0.09013 +0.00084 +22.35539 +0.47488 +0.00200 +0.02291 +0.51591 +0.04039 +0.00000 -0.40897 +0.25032]
[torch] epoch 32500/40000  loss=8.978260e-02  [+0.06314 +0.00932 -0.03184 +0.07986 +0.07412 +0.04197 +0.03921 +0.08977 +0.00084 +22.33102 +0.47438 +0.00200 +0.02292 +0.51547 +0.04037 +0.00000 -0.40729 +0.24938]
[torch] epoch 33000/40000  loss=9.224327e-02  [+0.06324 +0.00922 -0.02858 +0.06963 +0.07413 +0.04197 +0.03930 +0.08993 +0.00085 +22.30426 +0.47486 +0.00200 +0.02294 +0.51573 +0.04036 +0.00000 -0.40585 +0.24871]
[torch] epoch 33500/40000  loss=9.092881e-02  [+0.06334 +0.00909 -0.02652 +0.06108 +0.07416 +0.04197 +0.03932 +0.08977 +0.00085 +22.19726 +0.47748 +0.00200 +0.02295 +0.51920 +0.04045 +0.00000 -0.40408 +0.24774]
[torch] epoch 34000/40000  loss=7.515702e-02  [+0.06253 +0.00927 -0.03077 +0.01788 +0.07690 +0.04230 +0.03712 +0.08531 +0.00091 +21.65275 +0.47668 +0.00200 +0.02242 +0.54534 +0.04095 +0.00000 -0.39985 +0.26164]
[torch] epoch 34500/40000  loss=8.066749e-02  [+0.06267 +0.00904 -0.02533 +0.02008 +0.07691 +0.04229 +0.03708 +0.08500 +0.00091 +21.62395 +0.47732 +0.00200 +0.02241 +0.54555 +0.04087 +0.00000 -0.39760 +0.25973]
[torch] epoch 35000/40000  loss=7.957126e-02  [+0.06282 +0.00882 -0.02330 +0.02260 +0.07694 +0.04229 +0.03702 +0.08471 +0.00092 +21.61221 +0.47792 +0.00200 +0.02255 +0.54403 +0.04061 +0.00000 -0.39522 +0.25765]
[torch] epoch 35500/40000  loss=8.531084e-02  [+0.06301 +0.00860 -0.02216 +0.02299 +0.07690 +0.04227 +0.03684 +0.08423 +0.00088 +22.50776 +0.45940 +0.00200 +0.02178 +0.52431 +0.03993 +0.00000 -0.39256 +0.25535]
[torch] epoch 36000/40000  loss=8.088565e-02  [+0.06342 +0.00851 -0.02389 +0.02906 +0.07706 +0.04228 +0.03684 +0.08385 +0.00088 +22.51400 +0.45945 +0.00200 +0.02183 +0.52374 +0.03984 +0.00000 -0.39031 +0.25326]
[torch] epoch 36500/40000  loss=7.025676e-02  [+0.06307 +0.00830 -0.02355 +0.03826 +0.07677 +0.04221 +0.03690 +0.08472 +0.00088 +22.50456 +0.46033 +0.00200 +0.02185 +0.52285 +0.03969 +0.00000 -0.38855 +0.25399]
[torch] epoch 37000/40000  loss=8.140268e-02  [+0.06313 +0.00813 -0.02427 +0.03931 +0.07704 +0.04238 +0.03691 +0.08442 +0.00088 +22.52423 +0.45968 +0.00200 +0.02192 +0.52188 +0.03957 +0.00000 -0.38549 +0.25209]
[torch] epoch 37500/40000  loss=9.522346e-02  [+0.06335 +0.00800 -0.02150 +0.03766 +0.07705 +0.04238 +0.03680 +0.08395 +0.00089 +22.51754 +0.45982 +0.00200 +0.02172 +0.52719 +0.03985 +0.00000 -0.38271 +0.24961]
[torch] epoch 38000/40000  loss=7.654994e-02  [+0.06341 +0.00789 -0.01937 +0.03632 +0.07702 +0.04237 +0.03670 +0.08347 +0.00088 +22.49374 +0.46032 +0.00200 +0.02178 +0.52650 +0.03995 +0.00000 -0.38140 +0.24765]
[torch] epoch 38500/40000  loss=8.062112e-02  [+0.06347 +0.00780 -0.01969 +0.03678 +0.07699 +0.04237 +0.03665 +0.08324 +0.00088 +22.49053 +0.46033 +0.00200 +0.02178 +0.52638 +0.03992 +0.00000 -0.37973 +0.24685]
[torch] epoch 39000/40000  loss=7.799835e-02  [+0.06351 +0.00773 -0.01931 +0.03858 +0.07694 +0.04235 +0.03649 +0.08292 +0.00088 +22.53301 +0.46061 +0.00200 +0.02176 +0.52655 +0.03988 +0.00000 -0.37963 +0.24565]
[torch] epoch 39500/40000  loss=8.107506e-02  [+0.06354 +0.00773 -0.01962 +0.03888 +0.07692 +0.04234 +0.03647 +0.08287 +0.00088 +22.54015 +0.46069 +0.00200 +0.02175 +0.52668 +0.03987 +0.00000 -0.37910 +0.24557]
[torch] epoch 39995/40000  loss=7.654901e-02  [+0.06355 +0.00773 -0.01962 +0.03888 +0.07692 +0.04234 +0.03647 +0.08286 +0.00088 +22.54017 +0.46069 +0.00200 +0.02175 +0.52668 +0.03987 +0.00000 -0.37906 +0.24553]
[torch] epoch 39996/40000  loss=8.424534e-02  [+0.06355 +0.00773 -0.01962 +0.03888 +0.07692 +0.04234 +0.03647 +0.08286 +0.00088 +22.54017 +0.46069 +0.00200 +0.02175 +0.52668 +0.03987 +0.00000 -0.37906 +0.24553]
[torch] epoch 39997/40000  loss=8.035231e-02  [+0.06355 +0.00773 -0.01962 +0.03888 +0.07692 +0.04234 +0.03647 +0.08286 +0.00088 +22.54017 +0.46069 +0.00200 +0.02175 +0.52668 +0.03987 +0.00000 -0.37906 +0.24553]
[torch] epoch 39998/40000  loss=8.111175e-02  [+0.06355 +0.00773 -0.01962 +0.03888 +0.07692 +0.04234 +0.03647 +0.08286 +0.00088 +22.54017 +0.46069 +0.00200 +0.02175 +0.52668 +0.03987 +0.00000 -0.37906 +0.24553]
[torch] epoch 39999/40000  loss=8.413384e-02  [+0.06355 +0.00773 -0.01962 +0.03888 +0.07692 +0.04234 +0.03647 +0.08286 +0.00088 +22.54017 +0.46069 +0.00200 +0.02175 +0.52668 +0.03987 +0.00000 -0.37906 +0.24553]

==============================================================================
辨识结果（输出误差法, 段数=240, 轴=both）  用时 5860.5s
配方: ★ 全批配方(epochs=40000 个**全批** Adam 步, 每步 batch=全部段)—— 同一损失，只是把原配方的'每段一次更新'合并成'每 epoch 一次'；Adam/总步数=40000；参数限位=无（无上下界 / 无 clamp / 无投影 / 无惩罚项）
 # 参数                         初值           估计           变化  单位
   ---- 平面 8 参（云台/小 yaw 子块）----
 0 Jbig_eff             0.045614     0.063546    +0.017932  kg·m²
 1 Js                   0.008116     0.007728    -0.000388  kg·m²
 2 Px                   0.021348    -0.019625    -0.040973  kg·m
 3 Py                  -0.007430     0.038877    +0.046307  kg·m
 4 fc_big               0.096245     0.076921    -0.019324  N·m
 5 fv_big               0.237374     0.042341    -0.195033  N·m·s/rad
 6 fc_small             0.033434     0.036470    +0.003036  N·m
 7 fv_small             0.048466     0.082860    +0.034394  N·m·s/rad
   ---- ★ 新增: 大 yaw 背隙 / 电机侧 ----
 8 backlash_delta       0.087300     0.000883    -0.086417  rad   (= 0.051°)
 9 backlash_k         200.000000    22.540170  -177.459830  N·m/rad
10 backlash_c           2.000000     0.460689    -1.539311  N·m·s/rad
11 backlash_through     0.002000     0.002000    +0.000000  —
12 Jmotor               0.006000     0.021753    +0.015753  kg·m²
13 fc_motor             0.030000     0.526678    +0.496678  N·m
14 fv_motor             0.010000     0.039873    +0.029873  N·m·s/rad
15 backlash_beta        0.000000     0.000000    +0.000000  rad
   ---- ★ 新增: 大 yaw 侧一阶矩 Pb（只在倾斜 + 大 yaw 转动时可辨识）----
16 Pbx                  0.000000    -0.379063    -0.379063  kg·m
17 Pby                  0.000000     0.245531    +0.245531  kg·m
==============================================================================
[eval] 开环评测 240 段（窗口 0.1 s + 整段）× 2 遍（估计参数 / 初值对照）…  240 段约 3 min —— **这里会静默一会儿，不是卡死**；想快就用 --eval-max-segs
[eval] 完成: 估计参数 51.0s + 初值对照 49.8s
/home/huhu233/.local/lib/python3.10/site-packages/matplotlib/projections/__init__.py:63: UserWarning: Unable to import Axes3D. This may be due to multiple versions of Matplotlib being installed (e.g. as a system package and as a pip package). As a result, the 3D projection is not available.
  warnings.warn("Unable to import Axes3D. This may be due to multiple versions of "
全批前向仿真 val_loss = 1.628279e+00
  ★ 估计参数（训练集）: 窗口(0.1s) RMSE: 角度[°] 电机/云台/小yaw = 0.680 / 0.629 / 0.853; 角速度[rad/s] = 0.2739 / 0.2485 / 0.3151
               整段开环 RMSE: 角度[°] 电机/云台/小yaw = 52.918 / 53.099 / 12.303
    （对照）初值: 窗口(0.1s) RMSE: 角度[°] 电机/云台/小yaw = 0.959 / 0.509 / 0.858; 角速度[rad/s] = 0.3364 / 0.2068 / 0.3293
loss 曲线: 共 40000 点；前 5 个 = 7.994200e-02, 8.289908e-02, 7.881362e-02, 7.327278e-02, 8.379454e-02
           后 5 个 = 7.654901e-02, 8.424534e-02, 8.035231e-02, 8.111175e-02, 8.413384e-02
            前 5 均值=7.524059e-02 → 后 5 均值=7.669796e-02（比值 1.0194，最小值 2.853392e-02）  ⇒ 未下降 ✗
可粘贴到 include/tcbs/mpc/planar_yaw_params.h:
  p.Jbig_eff = 0.063546;  p.Js = 0.007728;
  p.Px = -0.019625;  p.Py = 0.038877;
  p.fcBig = 0.076921;  p.fvBig = 0.042341;
  p.fcSmall = 0.036470;  p.fvSmall = 0.082860;
  p.backlash_delta = 0.000883;  p.backlash_k = 22.5402;
  p.backlash_c = 0.4607;  p.backlash_through = 0.002000;
  p.Jmotor = 0.021753;  p.fcMotor = 0.526678;
  p.fvMotor = 0.039873;  // β 由估计器在线给（离线拟合值 +0.000000 仅供参考）
  p.Pbx = -0.379063;  p.Pby = 0.245531;  // 大 yaw 侧一阶矩（只有倾斜数据才可辨识）
[plot] 已保存 data/cars/Sentry1/ident18_cos40k/ident_convergence.png  (381.2 KB)
[plot] 已保存 data/cars/Sentry1/ident18_cos40k/ident_traj.png  (332.7 KB)
[out] 已写入 data/cars/Sentry1/ident18_cos40k/params.txt
