nohup: 忽略输入
[torch] [warn] checkpoint 写入失败: local variable '_ck_saved' referenced before assignment
[torch] [warn] checkpoint 写入失败: local variable '_ck_saved' referenced before assignment
[torch] [warn] checkpoint 写入失败: local variable '_ck_saved' referenced before assignment
[torch] [warn] checkpoint 写入失败: local variable '_ck_saved' referenced before assignment
[load] 共读入 192 段数据（192 个文件，跳过 0 个）
[hold] 保持段截断: 93 段 → 各取前 3 s（27900 点），丢 43036 点（占这些段的 61%）；普通段不截断
[load] 共读入 48 段数据（48 个文件，跳过 0 个）
[hold] 保持段截断: 24 段 → 各取前 3 s（7200 点），丢 4800 点（占这些段的 40%）；普通段不截断
[ok] 留出集与训练集无重合（48 段，指纹比对）
[beta] 192/192 段带 `backlash_center` 列（在线估计 β）: 范围 [-11.2155, +2.7145] rad（-642.60°~+155.53°）
[beta] 仿真真值 β 范围 [+0.0000, +0.0000] rad；在线估计误差 RMS = 3175.477 mrad
[torch] ★ 冻结参数（不参与优化，恒保持初值）: backlash_through=0.002
[torch] 原仓库配方：epochs=200000 × 段数192 个 Adam 步（= 原仓库 num_epochs 同轮数），每次 10 步(0.1 s)随机片段，lr=0.0003（常数），最后 1000 epoch 余弦衰减到 0，损失 = 角度wrap MSE + 角速度 MSE(等权)，3-DOF RK4 积分(substeps=2)，无限位(log 参数化)
[torch] 数据: 192 段 → 192 个 sample（最长 300 点 = 3.00 s，带静态倾斜重力）；拟合轴=both，自由参数=17；参数化: log 参数化: Jbig_eff,Js,fc_big,fv_big,fc_small,fv_small,backlash_delta,backlash_k,backlash_c,Jmotor,fc_motor,fv_motor; 自由参数: Px,Py,backlash_beta,Pbx,Pby；参数限位: 无（无上下界 / 无 clamp / 无投影 / 无惩罚项）
[torch] 初值 φ0 = [+0.04561 +0.00812 +0.02135 -0.00743 +0.09624 +0.23737 +0.03343 +0.04847 +0.08730 +200.00000 +2.00000 +0.00200 +0.00600 +0.03000 +0.01000 +0.00000 +0.00000 +0.00000]（来源: 用户 --init-vector）
[torch] ★ lr 调度: 前 199000 epoch 常数 lr=0.0003，最后 1000 epoch 余弦衰减到 0
[torch] ★ 断点: 每 10000 epoch 写一份 data/cars/Sentry1/ident18_lr3e4_200k/params.txt.epXXXXXX（共约 20 份）
[torch] ★ --batch-segments: 每 epoch 1 次 Adam 步（每步 batch=192/192 段 × 10 步；损失 = 组内各段损失均值）
[torch] epoch     0/200000  loss=8.109693e-02  [+0.04563 +0.00811 +0.02105 -0.00713 +0.09627 +0.23745 +0.03344 +0.04848 +0.08727 +199.94002 +2.00060 +0.00200 +0.00600 +0.03001 +0.01000 +0.00000 -0.00030 +0.00030]
[torch] epoch     1/200000  loss=9.819277e-02  [+0.04564 +0.00811 +0.02075 -0.00683 +0.09630 +0.23752 +0.03345 +0.04849 +0.08725 +199.98297 +2.00119 +0.00200 +0.00600 +0.03002 +0.01001 +0.00000 -0.00045 +0.00060]
[torch] epoch     2/200000  loss=9.350665e-02  [+0.04566 +0.00811 +0.02045 -0.00653 +0.09633 +0.23758 +0.03346 +0.04851 +0.08722 +200.03368 +2.00179 +0.00200 +0.00601 +0.03003 +0.01001 +0.00000 -0.00057 +0.00089]
[torch] epoch     3/200000  loss=8.543495e-02  [+0.04567 +0.00811 +0.02015 -0.00623 +0.09636 +0.23765 +0.03347 +0.04852 +0.08720 +200.08778 +2.00237 +0.00200 +0.00601 +0.03004 +0.01001 +0.00000 -0.00077 +0.00119]
[torch] epoch     4/200000  loss=8.914507e-02  [+0.04568 +0.00810 +0.01985 -0.00594 +0.09639 +0.23773 +0.03348 +0.04854 +0.08717 +200.14326 +2.00297 +0.00200 +0.00601 +0.03005 +0.01001 +0.00000 -0.00088 +0.00147]
[torch] epoch  2000/200000  loss=5.275029e-02  [+0.06391 +0.00535 +0.00124 +0.02522 +0.14172 +0.28634 +0.02862 +0.04636 +0.06226 +158.54565 +3.24133 +0.00200 +0.00779 +0.04208 +0.01371 +0.00000 -0.00702 +0.12259]
[torch] epoch  4000/200000  loss=5.107503e-02  [+0.06643 +0.00467 +0.00114 +0.02356 +0.18326 +0.26538 +0.02172 +0.04045 +0.05262 +105.63846 +4.24033 +0.00200 +0.01015 +0.03594 +0.01534 +0.00000 -0.00251 +0.13058]
[eval@  5000] 留出集窗口 RMSE[°] 电机/云台/小yaw = 0.526/0.352/0.614  角速度 = 0.2016/0.1417/0.2397
[torch] epoch  6000/200000  loss=5.024729e-02  [+0.06258 +0.00462 +0.00086 +0.02303 +0.21723 +0.23425 +0.01978 +0.04183 +0.04355 +72.26735 +5.26189 +0.00200 +0.01330 +0.02934 +0.01586 +0.00000 -0.00360 +0.12865]
[torch] epoch  8000/200000  loss=5.298061e-02  [+0.05863 +0.00461 +0.00178 +0.02313 +0.23756 +0.21649 +0.01913 +0.04275 +0.03293 +51.81622 +6.24929 +0.00200 +0.01700 +0.02778 +0.01649 +0.00000 -0.00589 +0.12756]
[eval@ 10000] 留出集窗口 RMSE[°] 电机/云台/小yaw = 0.484/0.331/0.612  角速度 = 0.1936/0.1331/0.2396
[torch] epoch 10000/200000  loss=5.222905e-02  [+0.05656 +0.00459 +0.00109 +0.02255 +0.24319 +0.20677 +0.01900 +0.04313 +0.02686 +40.62076 +6.66312 +0.00200 +0.01885 +0.02731 +0.01723 +0.00000 -0.00402 +0.13178]
[torch] epoch 12000/200000  loss=5.318905e-02  [+0.05541 +0.00459 +0.00144 +0.02340 +0.24853 +0.20030 +0.01893 +0.04337 +0.02483 +38.20000 +6.96638 +0.00200 +0.02026 +0.02752 +0.01823 +0.00000 -0.00560 +0.12547]
[torch] epoch 14000/200000  loss=5.285770e-02  [+0.05372 +0.00460 +0.00150 +0.02305 +0.25203 +0.19616 +0.01885 +0.04324 +0.02391 +36.62302 +7.31532 +0.00200 +0.02184 +0.02736 +0.01938 +0.00000 -0.00662 +0.13039]
[eval@ 15000] 留出集窗口 RMSE[°] 电机/云台/小yaw = 0.470/0.329/0.612  角速度 = 0.1912/0.1313/0.2398
[torch] epoch 16000/200000  loss=5.123837e-02  [+0.05284 +0.00461 +0.00041 +0.02309 +0.25320 +0.19321 +0.01891 +0.04321 +0.02275 +35.02654 +7.53261 +0.00200 +0.02295 +0.02675 +0.02060 +0.00000 -0.00638 +0.12557]
[torch] epoch 18000/200000  loss=4.737358e-02  [+0.05242 +0.00460 +0.00106 +0.02237 +0.25204 +0.19151 +0.01905 +0.04353 +0.02155 +33.79855 +7.67137 +0.00200 +0.02370 +0.02646 +0.02201 +0.00000 -0.00806 +0.12875]
[eval@ 20000] 留出集窗口 RMSE[°] 电机/云台/小yaw = 0.468/0.331/0.608  角速度 = 0.1908/0.1316/0.2383
[torch] epoch 20000/200000  loss=5.509846e-02  [+0.05186 +0.00459 +0.00022 +0.02162 +0.25163 +0.19098 +0.01888 +0.04331 +0.01937 +32.68407 +7.81033 +0.00200 +0.02416 +0.02629 +0.02356 +0.00000 -0.00735 +0.12963]
[torch] epoch 22000/200000  loss=4.280892e-02  [+0.05189 +0.00458 +0.00084 +0.02134 +0.24931 +0.18807 +0.01883 +0.04344 +0.01677 +32.62871 +7.80029 +0.00200 +0.02429 +0.02632 +0.02479 +0.00000 -0.00845 +0.13035]
[torch] epoch 24000/200000  loss=3.987630e-02  [+0.05155 +0.00460 +0.00106 +0.02222 +0.25138 +0.18670 +0.01879 +0.04382 +0.01397 +31.94963 +7.79296 +0.00200 +0.02426 +0.02656 +0.02621 +0.00000 -0.00865 +0.13049]
[eval@ 25000] 留出集窗口 RMSE[°] 电机/云台/小yaw = 0.472/0.328/0.611  角速度 = 0.1916/0.1308/0.2391
[torch] epoch 26000/200000  loss=3.900663e-02  [+0.05150 +0.00459 +0.00067 +0.02252 +0.24856 +0.18433 +0.01882 +0.04355 +0.01241 +31.34165 +7.85068 +0.00200 +0.02447 +0.02626 +0.02740 +0.00000 -0.00476 +0.13104]
[torch] epoch 28000/200000  loss=4.858000e-02  [+0.05166 +0.00459 +0.00035 +0.02121 +0.24948 +0.18272 +0.01879 +0.04389 +0.01169 +31.14535 +7.83438 +0.00200 +0.02435 +0.02644 +0.02875 +0.00000 -0.00737 +0.12795]
[eval@ 30000] 留出集窗口 RMSE[°] 电机/云台/小yaw = 0.472/0.328/0.612  角速度 = 0.1913/0.1309/0.2391
[torch] epoch 30000/200000  loss=4.009727e-02  [+0.05170 +0.00461 +0.00157 +0.02200 +0.25003 +0.18140 +0.01878 +0.04361 +0.01014 +30.99710 +7.85739 +0.00200 +0.02427 +0.02673 +0.03012 +0.00000 -0.00753 +0.12980]
[torch] epoch 32000/200000  loss=4.730244e-02  [+0.05156 +0.00456 +0.00109 +0.02211 +0.24980 +0.17957 +0.01879 +0.04353 +0.00808 +31.16688 +7.84106 +0.00200 +0.02428 +0.02699 +0.03139 +0.00000 -0.00348 +0.12727]
[torch] epoch 34000/200000  loss=4.846369e-02  [+0.05167 +0.00459 +0.00030 +0.02265 +0.24906 +0.17965 +0.01882 +0.04358 +0.00715 +31.35453 +7.80041 +0.00200 +0.02401 +0.02780 +0.03290 +0.00000 -0.00706 +0.12790]
[eval@ 35000] 留出集窗口 RMSE[°] 电机/云台/小yaw = 0.474/0.327/0.613  角速度 = 0.1916/0.1309/0.2395
[torch] epoch 36000/200000  loss=4.630958e-02  [+0.05209 +0.00458 +0.00045 +0.02230 +0.24858 +0.17703 +0.01889 +0.04363 +0.00683 +31.48261 +7.80591 +0.00200 +0.02391 +0.02850 +0.03396 +0.00000 -0.00644 +0.12583]
[torch] epoch 38000/200000  loss=4.502577e-02  [+0.05182 +0.00459 +0.00131 +0.02209 +0.24913 +0.17620 +0.01884 +0.04385 +0.00657 +31.08039 +7.80280 +0.00200 +0.02403 +0.02883 +0.03537 +0.00000 -0.00731 +0.12645]
[eval@ 40000] 留出集窗口 RMSE[°] 电机/云台/小yaw = 0.473/0.327/0.612  角速度 = 0.1914/0.1308/0.2392
[torch] [warn] checkpoint 写入失败: local variable '_ck_saved' referenced before assignment
[torch] [warn] checkpoint 写入失败: local variable '_ck_saved' referenced before assignment
[torch] [warn] checkpoint 写入失败: local variable '_ck_saved' referenced before assignment
[torch] [warn] checkpoint 写入失败: local variable '_ck_saved' referenced before assignment
[torch] [warn] checkpoint 写入失败: local variable '_ck_saved' referenced before assignment
[torch] [warn] checkpoint 写入失败: local variable '_ck_saved' referenced before assignment
[torch] epoch 40000/200000  loss=5.338649e-02  [+0.05167 +0.00458 +0.00117 +0.02198 +0.24913 +0.17381 +0.01892 +0.04351 +0.00600 +30.19921 +7.85090 +0.00200 +0.02406 +0.02903 +0.03649 +0.00000 -0.00539 +0.12619]
[torch] epoch 42000/200000  loss=4.374577e-02  [+0.05146 +0.00460 +0.00045 +0.02155 +0.25055 +0.17165 +0.01872 +0.04338 +0.00519 +29.57403 +7.83748 +0.00200 +0.02408 +0.02915 +0.03764 +0.00000 -0.00712 +0.12740]
[torch] epoch 44000/200000  loss=5.095991e-02  [+0.05194 +0.00457 -0.00076 +0.02183 +0.25173 +0.17067 +0.01884 +0.04347 +0.00496 +29.45591 +7.80999 +0.00200 +0.02412 +0.02970 +0.03910 +0.00000 -0.00514 +0.12426]
[eval@ 45000] 留出集窗口 RMSE[°] 电机/云台/小yaw = 0.472/0.326/0.615  角速度 = 0.1912/0.1306/0.2401
[torch] epoch 46000/200000  loss=5.261743e-02  [+0.05167 +0.00459 +0.00044 +0.02150 +0.25025 +0.16704 +0.01903 +0.04362 +0.00464 +29.14467 +7.84020 +0.00200 +0.02412 +0.03019 +0.04003 +0.00000 -0.00516 +0.12998]
[torch] epoch 48000/200000  loss=4.720905e-02  [+0.05157 +0.00459 -0.00024 +0.02153 +0.24917 +0.16603 +0.01899 +0.04368 +0.00430 +29.16806 +7.82536 +0.00200 +0.02413 +0.03035 +0.04155 +0.00000 -0.00341 +0.12339]
[eval@ 50000] 留出集窗口 RMSE[°] 电机/云台/小yaw = 0.472/0.326/0.617  角速度 = 0.1909/0.1305/0.2408
[torch] epoch 50000/200000  loss=4.108574e-02  [+0.05159 +0.00457 -0.00106 +0.02272 +0.25145 +0.16620 +0.01890 +0.04339 +0.00392 +29.55314 +7.81725 +0.00200 +0.02401 +0.03123 +0.04335 +0.00000 -0.00455 +0.12805]
[torch] epoch 52000/200000  loss=4.727352e-02  [+0.05135 +0.00459 -0.00034 +0.02136 +0.25506 +0.16370 +0.01908 +0.04341 +0.00361 +29.23545 +7.81687 +0.00200 +0.02405 +0.03187 +0.04445 +0.00000 -0.00602 +0.12931]
[torch] epoch 54000/200000  loss=4.045477e-02  [+0.05158 +0.00459 -0.00051 +0.02080 +0.25225 +0.16172 +0.01889 +0.04357 +0.00352 +29.29604 +7.75716 +0.00200 +0.02393 +0.03214 +0.04579 +0.00000 -0.00537 +0.12972]
[eval@ 55000] 留出集窗口 RMSE[°] 电机/云台/小yaw = 0.472/0.324/0.617  角速度 = 0.1912/0.1299/0.2407
[torch] epoch 56000/200000  loss=5.159271e-02  [+0.05157 +0.00459 +0.00017 +0.02105 +0.25149 +0.15984 +0.01874 +0.04345 +0.00332 +29.06986 +7.76333 +0.00200 +0.02392 +0.03286 +0.04715 +0.00000 -0.00495 +0.12378]
[torch] epoch 58000/200000  loss=5.238826e-02  [+0.05154 +0.00459 -0.00090 +0.02262 +0.24983 +0.15928 +0.01876 +0.04353 +0.00298 +29.14720 +7.80323 +0.00200 +0.02380 +0.03336 +0.04894 +0.00000 -0.00695 +0.12913]
[eval@ 60000] 留出集窗口 RMSE[°] 电机/云台/小yaw = 0.474/0.325/0.615  角速度 = 0.1912/0.1302/0.2398
[torch] epoch 60000/200000  loss=4.935927e-02  [+0.05154 +0.00456 +0.00016 +0.02205 +0.24976 +0.15746 +0.01907 +0.04392 +0.00250 +30.12750 +7.75498 +0.00200 +0.02375 +0.03378 +0.05022 +0.00000 -0.00849 +0.12380]
[torch] epoch 62000/200000  loss=4.308286e-02  [+0.05160 +0.00458 +0.00108 +0.02321 +0.24915 +0.15607 +0.01889 +0.04368 +0.00217 +29.67865 +7.78072 +0.00200 +0.02380 +0.03450 +0.05168 +0.00000 -0.00991 +0.12319]
[torch] epoch 64000/200000  loss=4.487471e-02  [+0.05156 +0.00459 +0.00054 +0.02252 +0.24705 +0.15477 +0.01896 +0.04337 +0.00193 +28.94510 +7.79833 +0.00200 +0.02397 +0.03480 +0.05317 +0.00000 -0.00519 +0.12783]
[eval@ 65000] 留出集窗口 RMSE[°] 电机/云台/小yaw = 0.473/0.324/0.616  角速度 = 0.1909/0.1299/0.2404
[torch] epoch 66000/200000  loss=4.224943e-02  [+0.05127 +0.00460 +0.00080 +0.02217 +0.24800 +0.15290 +0.01899 +0.04368 +0.00171 +29.10277 +7.77719 +0.00200 +0.02374 +0.03580 +0.05435 +0.00000 -0.00315 +0.12527]
[torch] epoch 68000/200000  loss=4.337200e-02  [+0.05142 +0.00458 +0.00041 +0.02255 +0.24601 +0.15018 +0.01918 +0.04407 +0.00163 +28.87407 +7.79229 +0.00200 +0.02401 +0.03604 +0.05533 +0.00000 -0.00591 +0.12355]
[eval@ 70000] 留出集窗口 RMSE[°] 电机/云台/小yaw = 0.473/0.325/0.614  角速度 = 0.1907/0.1300/0.2394
[torch] epoch 70000/200000  loss=4.294337e-02  [+0.05137 +0.00459 +0.00080 +0.02202 +0.24662 +0.14933 +0.01910 +0.04339 +0.00153 +28.98932 +7.82920 +0.00200 +0.02393 +0.03704 +0.05697 +0.00000 -0.00563 +0.12471]
[torch] epoch 72000/200000  loss=5.776871e-02  [+0.05112 +0.00457 +0.00007 +0.02259 +0.24539 +0.14840 +0.01899 +0.04363 +0.00148 +28.80349 +7.79145 +0.00200 +0.02382 +0.03759 +0.05862 +0.00000 -0.00799 +0.12647]
[torch] epoch 74000/200000  loss=4.513579e-02  [+0.05161 +0.00459 -0.00001 +0.02136 +0.24517 +0.14732 +0.01900 +0.04359 +0.00138 +28.53840 +7.78309 +0.00200 +0.02392 +0.03818 +0.06013 +0.00000 -0.00463 +0.12487]
[eval@ 75000] 留出集窗口 RMSE[°] 电机/云台/小yaw = 0.472/0.325/0.614  角速度 = 0.1907/0.1300/0.2394
[torch] epoch 76000/200000  loss=5.074242e-02  [+0.05149 +0.00457 -0.00089 +0.02181 +0.24557 +0.14474 +0.01884 +0.04348 +0.00124 +28.59345 +7.76304 +0.00200 +0.02391 +0.03900 +0.06110 +0.00000 -0.00792 +0.12452]
[torch] epoch 78000/200000  loss=5.234492e-02  [+0.05137 +0.00457 +0.00042 +0.02258 +0.24374 +0.14373 +0.01903 +0.04362 +0.00111 +28.44254 +7.74586 +0.00200 +0.02376 +0.03943 +0.06278 +0.00000 -0.00388 +0.12858]
[eval@ 80000] 留出集窗口 RMSE[°] 电机/云台/小yaw = 0.473/0.324/0.614  角速度 = 0.1907/0.1296/0.2397
[torch] epoch 80000/200000  loss=4.484140e-02  [+0.05160 +0.00457 +0.00144 +0.02222 +0.24265 +0.14235 +0.01897 +0.04369 +0.00105 +28.26074 +7.75532 +0.00200 +0.02379 +0.03991 +0.06430 +0.00000 -0.00937 +0.12978]
[torch] epoch 82000/200000  loss=4.367995e-02  [+0.05150 +0.00458 -0.00006 +0.02301 +0.24170 +0.14120 +0.01901 +0.04376 +0.00094 +28.03539 +7.78950 +0.00200 +0.02391 +0.04045 +0.06594 +0.00000 -0.00534 +0.12347]
[torch] epoch 84000/200000  loss=4.649213e-02  [+0.05131 +0.00457 +0.00078 +0.02243 +0.24313 +0.13899 +0.01897 +0.04342 +0.00079 +27.87405 +7.78638 +0.00200 +0.02390 +0.04134 +0.06719 +0.00000 -0.00844 +0.12693]
[eval@ 85000] 留出集窗口 RMSE[°] 电机/云台/小yaw = 0.472/0.323/0.617  角速度 = 0.1905/0.1297/0.2408
[torch] epoch 86000/200000  loss=4.494315e-02  [+0.05150 +0.00457 +0.00117 +0.02166 +0.24163 +0.13776 +0.01908 +0.04370 +0.00068 +27.53491 +7.72958 +0.00200 +0.02391 +0.04170 +0.06880 +0.00000 -0.01110 +0.12495]
[torch] epoch 88000/200000  loss=5.040432e-02  [+0.05163 +0.00458 +0.00056 +0.02144 +0.24110 +0.13597 +0.01904 +0.04392 +0.00057 +27.62794 +7.73526 +0.00200 +0.02385 +0.04213 +0.07012 +0.00000 -0.00975 +0.12532]
[eval@ 90000] 留出集窗口 RMSE[°] 电机/云台/小yaw = 0.471/0.324/0.613  角速度 = 0.1904/0.1297/0.2389
[torch] epoch 90000/200000  loss=4.166249e-02  [+0.05150 +0.00461 +0.00055 +0.02158 +0.24150 +0.13496 +0.01899 +0.04367 +0.00049 +27.31617 +7.73950 +0.00200 +0.02381 +0.04256 +0.07188 +0.00000 -0.00875 +0.12756]
[torch] epoch 92000/200000  loss=5.170699e-02  [+0.05131 +0.00457 +0.00054 +0.02242 +0.24068 +0.13330 +0.01909 +0.04379 +0.00042 +27.50398 +7.76949 +0.00200 +0.02384 +0.04305 +0.07331 +0.00000 -0.00727 +0.12767]
[torch] epoch 94000/200000  loss=5.294284e-02  [+0.05167 +0.00458 +0.00046 +0.02311 +0.23927 +0.13201 +0.01904 +0.04418 +0.00037 +28.15800 +7.72717 +0.00200 +0.02377 +0.04374 +0.07483 +0.00000 -0.00718 +0.12484]
[eval@ 95000] 留出集窗口 RMSE[°] 电机/云台/小yaw = 0.471/0.323/0.614  角速度 = 0.1906/0.1296/0.2393
[torch] epoch 96000/200000  loss=3.856863e-02  [+0.05167 +0.00460 +0.00096 +0.02171 +0.23835 +0.12898 +0.01909 +0.04397 +0.00035 +27.47139 +7.74057 +0.00200 +0.02386 +0.04383 +0.07534 +0.00000 -0.00945 +0.12757]
[torch] epoch 98000/200000  loss=5.033440e-02  [+0.05137 +0.00457 +0.00062 +0.02204 +0.23868 +0.12947 +0.01879 +0.04364 +0.00032 +27.83528 +7.66854 +0.00200 +0.02363 +0.04521 +0.07795 +0.00000 -0.00557 +0.12495]
[eval@100000] 留出集窗口 RMSE[°] 电机/云台/小yaw = 0.472/0.322/0.618  角速度 = 0.1906/0.1294/0.2408
[torch] epoch 100000/200000  loss=4.386022e-02  [+0.05183 +0.00458 -0.00089 +0.02265 +0.23629 +0.12693 +0.01896 +0.04365 +0.00030 +27.85370 +7.67462 +0.00200 +0.02348 +0.04586 +0.07888 +0.00000 -0.00515 +0.12741]
[torch] epoch 102000/200000  loss=4.105975e-02  [+0.05181 +0.00457 +0.00081 +0.02224 +0.23494 +0.12614 +0.01911 +0.04310 +0.00030 +27.79933 +7.72975 +0.00200 +0.02345 +0.04582 +0.08074 +0.00000 -0.01177 +0.12453]
[torch] [warn] checkpoint 写入失败: local variable '_ck_saved' referenced before assignment
[torch] [warn] checkpoint 写入失败: local variable '_ck_saved' referenced before assignment
[torch] [warn] checkpoint 写入失败: local variable '_ck_saved' referenced before assignment
[torch] [warn] checkpoint 写入失败: local variable '_ck_saved' referenced before assignment
[torch] [warn] checkpoint 写入失败: local variable '_ck_saved' referenced before assignment
[torch] [warn] checkpoint 写入失败: local variable '_ck_saved' referenced before assignment
[torch] epoch 104000/200000  loss=4.313538e-02  [+0.05159 +0.00457 +0.00070 +0.02216 +0.23548 +0.12482 +0.01906 +0.04323 +0.00029 +27.70757 +7.69038 +0.00200 +0.02361 +0.04614 +0.08221 +0.00000 -0.00454 +0.12339]
[eval@105000] 留出集窗口 RMSE[°] 电机/云台/小yaw = 0.471/0.323/0.617  角速度 = 0.1907/0.1297/0.2408
[torch] epoch 106000/200000  loss=5.553668e-02  [+0.05135 +0.00459 +0.00114 +0.02146 +0.23689 +0.12255 +0.01915 +0.04361 +0.00027 +27.54187 +7.71635 +0.00200 +0.02366 +0.04659 +0.08325 +0.00000 -0.00724 +0.12783]
[torch] epoch 108000/200000  loss=4.382292e-02  [+0.05160 +0.00458 +0.00055 +0.02149 +0.23646 +0.12047 +0.01905 +0.04357 +0.00026 +27.56919 +7.70112 +0.00200 +0.02376 +0.04734 +0.08424 +0.00000 -0.00802 +0.12863]
[eval@110000] 留出集窗口 RMSE[°] 电机/云台/小yaw = 0.471/0.323/0.613  角速度 = 0.1901/0.1295/0.2392
[torch] epoch 110000/200000  loss=4.209345e-02  [+0.05161 +0.00458 +0.00027 +0.02180 +0.23535 +0.12002 +0.01891 +0.04345 +0.00024 +27.65682 +7.75905 +0.00200 +0.02369 +0.04806 +0.08644 +0.00000 -0.00641 +0.12774]
[torch] epoch 112000/200000  loss=4.708569e-02  [+0.05111 +0.00457 +0.00111 +0.02217 +0.23351 +0.11838 +0.01892 +0.04364 +0.00022 +27.20374 +7.70101 +0.00200 +0.02378 +0.04795 +0.08764 +0.00000 -0.00818 +0.12826]
[torch] epoch 114000/200000  loss=4.451811e-02  [+0.05137 +0.00459 +0.00051 +0.02291 +0.23425 +0.11637 +0.01884 +0.04347 +0.00020 +27.10927 +7.71879 +0.00200 +0.02378 +0.04858 +0.08862 +0.00000 -0.00840 +0.12637]
[eval@115000] 留出集窗口 RMSE[°] 电机/云台/小yaw = 0.470/0.322/0.613  角速度 = 0.1903/0.1293/0.2393
[torch] epoch 116000/200000  loss=4.889291e-02  [+0.05139 +0.00457 +0.00121 +0.02206 +0.23386 +0.11595 +0.01892 +0.04359 +0.00017 +26.78262 +7.71724 +0.00200 +0.02392 +0.04911 +0.09082 +0.00000 -0.00919 +0.12181]
[torch] epoch 118000/200000  loss=4.742447e-02  [+0.05147 +0.00457 +0.00025 +0.02218 +0.23236 +0.11382 +0.01903 +0.04354 +0.00014 +26.77866 +7.72645 +0.00200 +0.02392 +0.04911 +0.09192 +0.00000 -0.00167 +0.12544]
[eval@120000] 留出集窗口 RMSE[°] 电机/云台/小yaw = 0.469/0.321/0.616  角速度 = 0.1902/0.1293/0.2404
[torch] epoch 120000/200000  loss=4.253111e-02  [+0.05152 +0.00457 +0.00124 +0.02271 +0.23239 +0.11197 +0.01901 +0.04368 +0.00012 +26.32009 +7.73539 +0.00200 +0.02395 +0.04961 +0.09309 +0.00000 -0.00701 +0.12214]
[torch] epoch 122000/200000  loss=4.496120e-02  [+0.05138 +0.00456 -0.00045 +0.02195 +0.23205 +0.11211 +0.01906 +0.04370 +0.00011 +26.53333 +7.73217 +0.00200 +0.02389 +0.05033 +0.09610 +0.00000 -0.00588 +0.13019]
[torch] epoch 124000/200000  loss=4.406467e-02  [+0.05100 +0.00458 +0.00048 +0.02328 +0.23143 +0.11017 +0.01910 +0.04364 +0.00010 +26.74993 +7.73423 +0.00200 +0.02375 +0.05100 +0.09719 +0.00000 -0.00525 +0.12565]
[eval@125000] 留出集窗口 RMSE[°] 电机/云台/小yaw = 0.469/0.322/0.615  角速度 = 0.1903/0.1295/0.2395
[torch] epoch 126000/200000  loss=4.690879e-02  [+0.05121 +0.00457 +0.00221 +0.02214 +0.22992 +0.10794 +0.01889 +0.04339 +0.00009 +26.80094 +7.70479 +0.00200 +0.02382 +0.05134 +0.09792 +0.00000 -0.00817 +0.12924]
[torch] epoch 128000/200000  loss=4.603049e-02  [+0.05126 +0.00459 -0.00014 +0.02273 +0.23177 +0.10583 +0.01910 +0.04388 +0.00009 +27.03724 +7.66580 +0.00200 +0.02385 +0.05277 +0.09891 +0.00000 -0.00589 +0.12507]
[eval@130000] 留出集窗口 RMSE[°] 电机/云台/小yaw = 0.467/0.322/0.616  角速度 = 0.1897/0.1292/0.2404
[torch] epoch 130000/200000  loss=4.407356e-02  [+0.05137 +0.00458 +0.00050 +0.02280 +0.23352 +0.10506 +0.01902 +0.04379 +0.00008 +26.60306 +7.66338 +0.00200 +0.02391 +0.05384 +0.10102 +0.00000 -0.00794 +0.12595]
[torch] epoch 132000/200000  loss=4.687462e-02  [+0.05118 +0.00458 +0.00019 +0.02228 +0.23145 +0.10231 +0.01892 +0.04334 +0.00008 +26.39500 +7.72389 +0.00200 +0.02379 +0.05439 +0.10143 +0.00000 -0.01420 +0.12293]
[torch] epoch 134000/200000  loss=5.128365e-02  [+0.05133 +0.00458 +0.00085 +0.02166 +0.23147 +0.10035 +0.01903 +0.04320 +0.00007 +26.16811 +7.70127 +0.00200 +0.02393 +0.05451 +0.10231 +0.00000 -0.00561 +0.12464]
[eval@135000] 留出集窗口 RMSE[°] 电机/云台/小yaw = 0.467/0.321/0.615  角速度 = 0.1896/0.1288/0.2403
[torch] epoch 136000/200000  loss=4.020940e-02  [+0.05128 +0.00458 +0.00052 +0.02272 +0.22989 +0.10024 +0.01911 +0.04341 +0.00007 +25.95193 +7.69201 +0.00200 +0.02397 +0.05439 +0.10528 +0.00000 -0.00676 +0.12507]
[torch] epoch 138000/200000  loss=4.629211e-02  [+0.05184 +0.00459 +0.00238 +0.02159 +0.22708 +0.09908 +0.01904 +0.04344 +0.00006 +26.37768 +7.65619 +0.00200 +0.02368 +0.05523 +0.10731 +0.00000 -0.00864 +0.12426]
[eval@140000] 留出集窗口 RMSE[°] 电机/云台/小yaw = 0.468/0.321/0.614  角速度 = 0.1900/0.1290/0.2393
[torch] epoch 140000/200000  loss=4.897644e-02  [+0.05154 +0.00460 +0.00022 +0.02173 +0.22877 +0.09718 +0.01917 +0.04364 +0.00006 +26.31972 +7.61615 +0.00200 +0.02372 +0.05563 +0.10820 +0.00000 -0.00725 +0.12397]
[torch] epoch 142000/200000  loss=4.001973e-02  [+0.05156 +0.00457 +0.00078 +0.02216 +0.22944 +0.09481 +0.01911 +0.04345 +0.00006 +26.04074 +7.62433 +0.00200 +0.02372 +0.05572 +0.10835 +0.00000 -0.01026 +0.12590]
[torch] epoch 144000/200000  loss=4.282252e-02  [+0.05134 +0.00457 +0.00130 +0.02247 +0.22775 +0.09385 +0.01910 +0.04363 +0.00005 +25.93474 +7.63753 +0.00200 +0.02377 +0.05575 +0.11015 +0.00000 -0.00923 +0.12922]
[eval@145000] 留出集窗口 RMSE[°] 电机/云台/小yaw = 0.467/0.320/0.613  角速度 = 0.1898/0.1288/0.2394
[torch] epoch 146000/200000  loss=4.237384e-02  [+0.05108 +0.00457 -0.00032 +0.02186 +0.22927 +0.09264 +0.01911 +0.04348 +0.00005 +25.47315 +7.63095 +0.00200 +0.02376 +0.05603 +0.11175 +0.00000 -0.00749 +0.12779]
[torch] epoch 148000/200000  loss=4.646272e-02  [+0.05094 +0.00459 -0.00056 +0.02283 +0.22866 +0.09144 +0.01902 +0.04345 +0.00004 +25.22679 +7.58869 +0.00200 +0.02374 +0.05601 +0.11342 +0.00000 -0.00622 +0.12526]
[eval@150000] 留出集窗口 RMSE[°] 电机/云台/小yaw = 0.467/0.320/0.614  角速度 = 0.1897/0.1287/0.2399
[torch] epoch 150000/200000  loss=4.833338e-02  [+0.05166 +0.00457 +0.00063 +0.02248 +0.22773 +0.08972 +0.01902 +0.04331 +0.00004 +25.39218 +7.60661 +0.00200 +0.02354 +0.05643 +0.11450 +0.00000 -0.00767 +0.12560]
[torch] epoch 152000/200000  loss=4.257110e-02  [+0.05156 +0.00458 +0.00031 +0.02171 +0.22830 +0.08849 +0.01901 +0.04338 +0.00003 +25.08793 +7.61145 +0.00200 +0.02365 +0.05673 +0.11625 +0.00000 -0.00368 +0.13052]
[torch] epoch 154000/200000  loss=5.148053e-02  [+0.05126 +0.00459 +0.00072 +0.02181 +0.22663 +0.08683 +0.01897 +0.04332 +0.00003 +24.97468 +7.64650 +0.00200 +0.02371 +0.05685 +0.11736 +0.00000 -0.00708 +0.12447]
[eval@155000] 留出集窗口 RMSE[°] 电机/云台/小yaw = 0.466/0.321/0.615  角速度 = 0.1897/0.1290/0.2401
[torch] epoch 156000/200000  loss=4.732396e-02  [+0.05113 +0.00459 +0.00151 +0.02200 +0.22489 +0.08533 +0.01914 +0.04375 +0.00003 +24.78992 +7.62408 +0.00200 +0.02376 +0.05692 +0.11879 +0.00000 -0.00849 +0.12611]
[torch] epoch 158000/200000  loss=4.116007e-02  [+0.05172 +0.00457 +0.00098 +0.02230 +0.22504 +0.08435 +0.01932 +0.04376 +0.00002 +25.06080 +7.63378 +0.00200 +0.02384 +0.05790 +0.12090 +0.00000 -0.00615 +0.12275]
[eval@160000] 留出集窗口 RMSE[°] 电机/云台/小yaw = 0.466/0.321/0.617  角速度 = 0.1896/0.1292/0.2404
[torch] epoch 160000/200000  loss=4.922917e-02  [+0.05112 +0.00460 -0.00049 +0.02223 +0.22618 +0.08321 +0.01909 +0.04389 +0.00002 +24.97687 +7.63038 +0.00200 +0.02370 +0.05790 +0.12258 +0.00000 -0.00726 +0.12176]
[torch] epoch 162000/200000  loss=5.136926e-02  [+0.05145 +0.00457 +0.00022 +0.02164 +0.22755 +0.08090 +0.01904 +0.04366 +0.00002 +24.90915 +7.62905 +0.00200 +0.02388 +0.05797 +0.12236 +0.00000 -0.00399 +0.12964]
[torch] epoch 164000/200000  loss=4.493228e-02  [+0.05135 +0.00458 +0.00148 +0.02131 +0.22737 +0.07973 +0.01902 +0.04376 +0.00002 +24.70323 +7.60052 +0.00200 +0.02391 +0.05828 +0.12403 +0.00000 -0.00824 +0.12692]
[eval@165000] 留出集窗口 RMSE[°] 电机/云台/小yaw = 0.464/0.322/0.617  角速度 = 0.1893/0.1293/0.2406
[torch] [warn] checkpoint 写入失败: local variable '_ck_saved' referenced before assignment
[torch] [warn] checkpoint 写入失败: local variable '_ck_saved' referenced before assignment
[torch] [warn] checkpoint 写入失败: local variable '_ck_saved' referenced before assignment
[torch] epoch 166000/200000  loss=4.532441e-02  [+0.05143 +0.00458 +0.00090 +0.02226 +0.22698 +0.07875 +0.01910 +0.04367 +0.00002 +24.37609 +7.62031 +0.00200 +0.02393 +0.05824 +0.12607 +0.00000 -0.00701 +0.12395]
[torch] epoch 168000/200000  loss=4.925727e-02  [+0.05130 +0.00459 +0.00031 +0.02120 +0.22517 +0.07737 +0.01909 +0.04355 +0.00001 +24.27180 +7.60000 +0.00200 +0.02386 +0.05804 +0.12727 +0.00000 -0.00912 +0.12941]
[eval@170000] 留出集窗口 RMSE[°] 电机/云台/小yaw = 0.465/0.320/0.614  角速度 = 0.1895/0.1288/0.2400
[torch] epoch 170000/200000  loss=4.785860e-02  [+0.05110 +0.00459 -0.00028 +0.02247 +0.22509 +0.07649 +0.01904 +0.04338 +0.00001 +24.18875 +7.55389 +0.00200 +0.02383 +0.05867 +0.12938 +0.00000 -0.00904 +0.12868]
[torch] epoch 172000/200000  loss=4.936193e-02  [+0.05122 +0.00457 -0.00006 +0.02267 +0.22565 +0.07487 +0.01904 +0.04378 +0.00001 +24.05267 +7.60181 +0.00200 +0.02379 +0.05841 +0.13025 +0.00000 -0.00978 +0.12328]
[torch] epoch 174000/200000  loss=5.327624e-02  [+0.05095 +0.00457 +0.00041 +0.02203 +0.22956 +0.07276 +0.01905 +0.04379 +0.00001 +24.21009 +7.54211 +0.00200 +0.02402 +0.05838 +0.13004 +0.00000 -0.01061 +0.12677]
[eval@175000] 留出集窗口 RMSE[°] 电机/云台/小yaw = 0.463/0.321/0.615  角速度 = 0.1893/0.1289/0.2399
[torch] epoch 176000/200000  loss=5.014275e-02  [+0.05124 +0.00456 +0.00000 +0.02209 +0.22660 +0.07192 +0.01909 +0.04354 +0.00001 +24.35070 +7.57037 +0.00200 +0.02376 +0.05821 +0.13241 +0.00000 -0.00675 +0.12334]
[torch] epoch 178000/200000  loss=4.974182e-02  [+0.05083 +0.00459 +0.00152 +0.02142 +0.22873 +0.07058 +0.01913 +0.04344 +0.00001 +24.14017 +7.58390 +0.00200 +0.02392 +0.05827 +0.13337 +0.00000 -0.01055 +0.12483]
[eval@180000] 留出集窗口 RMSE[°] 电机/云台/小yaw = 0.463/0.320/0.613  角速度 = 0.1892/0.1286/0.2393
[torch] epoch 180000/200000  loss=4.948100e-02  [+0.05089 +0.00459 +0.00080 +0.02196 +0.22884 +0.06894 +0.01900 +0.04350 +0.00001 +24.04633 +7.55035 +0.00200 +0.02386 +0.05853 +0.13410 +0.00000 -0.00424 +0.12847]
[torch] epoch 182000/200000  loss=5.156983e-02  [+0.05140 +0.00458 +0.00142 +0.02153 +0.22780 +0.06742 +0.01902 +0.04353 +0.00001 +23.95335 +7.60214 +0.00200 +0.02382 +0.05823 +0.13515 +0.00000 -0.01018 +0.12634]
[torch] epoch 184000/200000  loss=4.830477e-02  [+0.05128 +0.00457 -0.00025 +0.02158 +0.22612 +0.06700 +0.01904 +0.04344 +0.00001 +23.91267 +7.57507 +0.00200 +0.02374 +0.05756 +0.13820 +0.00000 -0.00918 +0.12628]
[eval@185000] 留出集窗口 RMSE[°] 电机/云台/小yaw = 0.465/0.320/0.618  角速度 = 0.1894/0.1290/0.2414
[torch] epoch 186000/200000  loss=4.470479e-02  [+0.05112 +0.00458 +0.00042 +0.02138 +0.22467 +0.06619 +0.01906 +0.04373 +0.00001 +23.58287 +7.58313 +0.00200 +0.02375 +0.05714 +0.14040 +0.00000 -0.00744 +0.12508]
[torch] epoch 188000/200000  loss=4.529562e-02  [+0.05132 +0.00458 +0.00022 +0.02207 +0.22447 +0.06451 +0.01905 +0.04339 +0.00001 +23.45596 +7.58343 +0.00200 +0.02375 +0.05763 +0.14093 +0.00000 -0.00607 +0.12839]
[eval@190000] 留出集窗口 RMSE[°] 电机/云台/小yaw = 0.464/0.320/0.616  角速度 = 0.1892/0.1286/0.2406
[torch] epoch 190000/200000  loss=4.624734e-02  [+0.05135 +0.00457 +0.00179 +0.02269 +0.22540 +0.06352 +0.01912 +0.04381 +0.00001 +23.75961 +7.57241 +0.00200 +0.02375 +0.05852 +0.14274 +0.00000 -0.00999 +0.12766]
[torch] epoch 192000/200000  loss=5.111518e-02  [+0.05123 +0.00457 -0.00109 +0.02214 +0.22512 +0.06216 +0.01893 +0.04335 +0.00001 +23.49373 +7.56106 +0.00200 +0.02384 +0.05839 +0.14347 +0.00000 -0.00487 +0.12692]
[torch] epoch 194000/200000  loss=4.775417e-02  [+0.05088 +0.00457 +0.00012 +0.02325 +0.22502 +0.06130 +0.01906 +0.04380 +0.00001 +23.45157 +7.63414 +0.00200 +0.02355 +0.05890 +0.14554 +0.00000 -0.00574 +0.12106]
[eval@195000] 留出集窗口 RMSE[°] 电机/云台/小yaw = 0.464/0.320/0.612  角速度 = 0.1895/0.1288/0.2390
[torch] epoch 196000/200000  loss=5.346044e-02  [+0.05126 +0.00457 +0.00042 +0.02248 +0.22437 +0.05973 +0.01903 +0.04369 +0.00001 +23.49451 +7.54710 +0.00200 +0.02374 +0.05865 +0.14553 +0.00000 -0.00764 +0.12460]
[torch] epoch 198000/200000  loss=4.301004e-02  [+0.05126 +0.00457 +0.00136 +0.02170 +0.22496 +0.05914 +0.01888 +0.04326 +0.00001 +23.62628 +7.54178 +0.00200 +0.02368 +0.05891 +0.14801 +0.00000 -0.01000 +0.12776]
[torch] epoch 199995/200000  loss=4.199665e-02  [+0.05120 +0.00457 +0.00005 +0.02225 +0.22510 +0.05758 +0.01909 +0.04352 +0.00001 +23.46249 +7.53863 +0.00200 +0.02377 +0.05852 +0.14689 +0.00000 -0.00948 +0.12693]
[torch] epoch 199996/200000  loss=4.893764e-02  [+0.05120 +0.00457 +0.00005 +0.02225 +0.22510 +0.05758 +0.01909 +0.04352 +0.00001 +23.46249 +7.53863 +0.00200 +0.02377 +0.05852 +0.14689 +0.00000 -0.00948 +0.12693]
[torch] epoch 199997/200000  loss=4.849849e-02  [+0.05120 +0.00457 +0.00005 +0.02225 +0.22510 +0.05758 +0.01909 +0.04352 +0.00001 +23.46249 +7.53863 +0.00200 +0.02377 +0.05852 +0.14689 +0.00000 -0.00948 +0.12693]
[torch] epoch 199998/200000  loss=3.993112e-02  [+0.05120 +0.00457 +0.00005 +0.02225 +0.22510 +0.05758 +0.01909 +0.04352 +0.00001 +23.46249 +7.53863 +0.00200 +0.02377 +0.05852 +0.14689 +0.00000 -0.00948 +0.12693]
[torch] epoch 199999/200000  loss=4.459605e-02  [+0.05120 +0.00457 +0.00005 +0.02225 +0.22510 +0.05758 +0.01909 +0.04352 +0.00001 +23.46249 +7.53863 +0.00200 +0.02377 +0.05852 +0.14689 +0.00000 -0.00948 +0.12693]
[eval@200000] 留出集窗口 RMSE[°] 电机/云台/小yaw = 0.464/0.319/0.614  角速度 = 0.1893/0.1284/0.2398

==============================================================================
辨识结果（输出误差法, 段数=192, 轴=both）  用时 18670.3s
配方: ★ 全批配方(epochs=200000 个**全批** Adam 步, 每步 batch=全部段)—— 同一损失，只是把原配方的'每段一次更新'合并成'每 epoch 一次'；Adam/总步数=200000；参数限位=无（无上下界 / 无 clamp / 无投影 / 无惩罚项）
 # 参数                         初值           估计           变化  单位
   ---- 平面 8 参（云台/小 yaw 子块）----
 0 Jbig_eff             0.045614     0.051198    +0.005584  kg·m²
 1 Js                   0.008116     0.004567    -0.003549  kg·m²
 2 Px                   0.021348     0.000051    -0.021297  kg·m
 3 Py                  -0.007430     0.022246    +0.029676  kg·m
 4 fc_big               0.096245     0.225104    +0.128859  N·m
 5 fv_big               0.237374     0.057580    -0.179794  N·m·s/rad
 6 fc_small             0.033434     0.019089    -0.014345  N·m
 7 fv_small             0.048466     0.043522    -0.004944  N·m·s/rad
   ---- ★ 新增: 大 yaw 背隙 / 电机侧 ----
 8 backlash_delta       0.087300     0.000005    -0.087295  rad   (= 0.000°)
 9 backlash_k         200.000000    23.462494  -176.537506  N·m/rad
10 backlash_c           2.000000     7.538633    +5.538633  N·m·s/rad
11 backlash_through     0.002000     0.002000    +0.000000  —
12 Jmotor               0.006000     0.023774    +0.017774  kg·m²
13 fc_motor             0.030000     0.058517    +0.028517  N·m
14 fv_motor             0.010000     0.146888    +0.136888  N·m·s/rad
15 backlash_beta        0.000000     0.000000    +0.000000  rad
   ---- ★ 新增: 大 yaw 侧一阶矩 Pb（只在倾斜 + 大 yaw 转动时可辨识）----
16 Pbx                  0.000000    -0.009480    -0.009480  kg·m
17 Pby                  0.000000     0.126935    +0.126935  kg·m
==============================================================================
[eval] 开环评测 48 段（窗口 0.1 s + 整段）× 2 遍（估计参数 / 初值对照）…  240 段约 3 min —— **这里会静默一会儿，不是卡死**；想快就用 --eval-max-segs
[eval] 完成: 估计参数 10.0s + 初值对照 10.1s
/home/huhu233/.local/lib/python3.10/site-packages/matplotlib/projections/__init__.py:63: UserWarning: Unable to import Axes3D. This may be due to multiple versions of Matplotlib being installed (e.g. as a system package and as a pip package). As a result, the 3D projection is not available.
  warnings.warn("Unable to import Axes3D. This may be due to multiple versions of "
全批前向仿真 val_loss = 1.712485e-01
  ★ 估计参数（留出集）: 窗口(0.1s) RMSE: 角度[°] 电机/云台/小yaw = 0.464 / 0.319 / 0.614; 角速度[rad/s] = 0.1893 / 0.1284 / 0.2398
               整段开环 RMSE: 角度[°] 电机/云台/小yaw = 25.320 / 25.165 / 15.920
    （对照）初值: 窗口(0.1s) RMSE: 角度[°] 电机/云台/小yaw = 0.928 / 0.505 / 0.865; 角速度[rad/s] = 0.3306 / 0.2093 / 0.3337
loss 曲线: 共 200000 点；前 5 个 = 8.109693e-02, 9.819277e-02, 9.350665e-02, 8.543495e-02, 8.914507e-02
           后 5 个 = 4.199665e-02, 4.893764e-02, 4.849849e-02, 3.993112e-02, 4.459605e-02
            前 5 均值=8.830541e-02 → 后 5 均值=4.586211e-02（比值 0.5194，最小值 2.886891e-02）  ⇒ 下降 ✓
可粘贴到 include/tcbs/mpc/planar_yaw_params.h:
  p.Jbig_eff = 0.051198;  p.Js = 0.004567;
  p.Px = 0.000051;  p.Py = 0.022246;
  p.fcBig = 0.225104;  p.fvBig = 0.057580;
  p.fcSmall = 0.019089;  p.fvSmall = 0.043522;
  p.backlash_delta = 0.000005;  p.backlash_k = 23.4625;
  p.backlash_c = 7.5386;  p.backlash_through = 0.002000;
  p.Jmotor = 0.023774;  p.fcMotor = 0.058517;
  p.fvMotor = 0.146888;  // β 由估计器在线给（离线拟合值 +0.000000 仅供参考）
  p.Pbx = -0.009480;  p.Pby = 0.126935;  // 大 yaw 侧一阶矩（只有倾斜数据才可辨识）
留出集学习曲线（40 个点，epoch 5000..200000）:
  epoch   5000: 角度 RMSE[°] 0.526/0.352/0.614   角速度 0.2016/0.1417/0.2397
  epoch  25000: 角度 RMSE[°] 0.472/0.328/0.611   角速度 0.1916/0.1308/0.2391
  epoch  45000: 角度 RMSE[°] 0.472/0.326/0.615   角速度 0.1912/0.1306/0.2401
  epoch  65000: 角度 RMSE[°] 0.473/0.324/0.616   角速度 0.1909/0.1299/0.2404
  epoch  85000: 角度 RMSE[°] 0.472/0.323/0.617   角速度 0.1905/0.1297/0.2408
  epoch 105000: 角度 RMSE[°] 0.471/0.323/0.617   角速度 0.1907/0.1297/0.2408
  epoch 125000: 角度 RMSE[°] 0.469/0.322/0.615   角速度 0.1903/0.1295/0.2395
  epoch 145000: 角度 RMSE[°] 0.467/0.320/0.613   角速度 0.1898/0.1288/0.2394
  epoch 165000: 角度 RMSE[°] 0.464/0.322/0.617   角速度 0.1893/0.1293/0.2406
  epoch 185000: 角度 RMSE[°] 0.465/0.320/0.618   角速度 0.1894/0.1290/0.2414
  epoch 200000: 角度 RMSE[°] 0.464/0.319/0.614   角速度 0.1893/0.1284/0.2398
[plot] 已保存 data/cars/Sentry1/ident18_lr3e4_200k/ident_convergence.png  (355.2 KB)
[plot] 已保存 data/cars/Sentry1/ident18_lr3e4_200k/ident_traj.png  (295.3 KB)
[plot] 已保存 data/cars/Sentry1/ident18_lr3e4_200k/ident_convergence_learning.png  (64.0 KB)
[out] 已写入 data/cars/Sentry1/ident18_lr3e4_200k/params.txt
