[load] 共读入 31 段数据（31 个文件，跳过 0 个）
[hold] 保持段截断: 15 段 → 各取前 3 s（4500 点），丢 9675 点（占这些段的 68%）；普通段不截断
[load] 共读入 7 段数据（7 个文件，跳过 0 个）
[hold] 保持段截断: 3 段 → 各取前 3 s（900 点），丢 1500 点（占这些段的 62%）；普通段不截断
[ok] 留出集与训练集无重合（7 段，指纹比对）
[beta] 31/31 段带 `backlash_center` 列（在线估计 β）: 范围 [-0.0546, +0.0576] rad（-3.13°~+3.30°）
[beta] 仿真真值 β 范围 [+0.0000, +0.0000] rad；在线估计误差 RMS = 11.815 mrad
[torch] ★ 冻结参数（不参与优化，恒保持初值）: backlash_through=0.002
[torch] 原仓库配方：epochs=1500 × 段数31 个 Adam 步（= 原仓库 num_epochs 同轮数），每次 10 步(0.1 s)随机片段，lr=0.0003（常数），损失 = 角度wrap MSE + 角速度 MSE(等权)，3-DOF RK4 积分(substeps=2)，无限位(log 参数化)
[torch] 数据: 31 段 → 31 个 sample（最长 300 点 = 3.00 s，水平(重力=0)）；拟合轴=both，自由参数=15；参数化: log 参数化: Jbig_eff,Js,fc_big,fv_big,fc_small,fv_small,backlash_delta,backlash_k,backlash_c,Jmotor,fc_motor,fv_motor; 自由参数: Px,Py,backlash_beta；参数限位: 无（无上下界 / 无 clamp / 无投影 / 无惩罚项）
[torch] 初值 φ0 = [+0.05000 +0.02000 +0.00866 +0.00500 +0.22000 +0.05500 +0.09730 +0.02800 +0.00200 +200.00000 +2.00000 +0.00200 +0.00600 +0.03000 +0.01000 +0.00000]（来源: 用户 --init-vector）
[torch] ★ --batch-segments: 每 epoch 1 次 Adam 步（每步 batch=31/31 段 × 10 步；损失 = 组内各段损失均值）
[torch] epoch     0/1500  loss=4.697382e-02  [+0.04999 +0.02001 +0.00836 +0.00530 +0.21993 +0.05498 +0.09733 +0.02801 +0.00200 +199.94001 +2.00060 +0.00200 +0.00600 +0.02999 +0.01000 +0.00000]
[torch] epoch     1/1500  loss=2.042114e-02  [+0.04997 +0.02001 +0.00808 +0.00558 +0.21990 +0.05498 +0.09734 +0.02801 +0.00200 +199.89047 +2.00110 +0.00200 +0.00600 +0.02999 +0.01001 +0.00000]
[torch] epoch     2/1500  loss=6.495384e-02  [+0.04997 +0.02002 +0.00785 +0.00581 +0.21985 +0.05497 +0.09736 +0.02802 +0.00200 +199.83801 +2.00164 +0.00200 +0.00600 +0.02999 +0.01001 +0.00000]
[torch] epoch     3/1500  loss=4.661594e-02  [+0.04997 +0.02002 +0.00763 +0.00600 +0.21980 +0.05496 +0.09738 +0.02802 +0.00200 +199.78641 +2.00219 +0.00200 +0.00599 +0.02999 +0.01001 +0.00000]
[torch] epoch     4/1500  loss=2.715306e-02  [+0.04997 +0.02003 +0.00743 +0.00622 +0.21976 +0.05496 +0.09740 +0.02803 +0.00200 +199.73897 +2.00272 +0.00200 +0.00599 +0.03000 +0.01001 +0.00000]
[eval@   150] 留出集窗口 RMSE[°] 电机/云台/小yaw = 0.898/0.113/0.090  角速度 = 0.3453/0.0356/0.0352
[torch] epoch   150/1500  loss=3.822563e-02  [+0.04990 +0.02031 +0.00235 +0.02554 +0.21942 +0.05443 +0.09890 +0.02845 +0.00208 +193.02354 +2.08277 +0.00200 +0.00576 +0.03074 +0.01033 +0.00000]
[eval@   300] 留出集窗口 RMSE[°] 电机/云台/小yaw = 0.895/0.111/0.093  角速度 = 0.3338/0.0334/0.0346
[torch] epoch   300/1500  loss=1.379888e-02  [+0.05019 +0.02029 -0.00069 +0.03218 +0.21866 +0.05352 +0.09984 +0.02894 +0.00215 +186.92229 +2.16955 +0.00200 +0.00551 +0.03112 +0.01063 +0.00000]
[eval@   450] 留出集窗口 RMSE[°] 电机/云台/小yaw = 0.893/0.107/0.092  角速度 = 0.3194/0.0304/0.0327
[torch] epoch   450/1500  loss=1.424979e-02  [+0.05040 +0.02023 -0.00261 +0.03583 +0.21886 +0.05316 +0.10066 +0.02913 +0.00220 +181.53405 +2.26803 +0.00200 +0.00524 +0.03095 +0.01102 +0.00000]
[eval@   600] 留出集窗口 RMSE[°] 电机/云台/小yaw = 0.893/0.103/0.095  角速度 = 0.2977/0.0277/0.0321
[torch] epoch   600/1500  loss=3.252266e-02  [+0.05073 +0.02020 -0.00322 +0.03878 +0.21798 +0.05292 +0.10103 +0.02921 +0.00220 +175.95859 +2.38601 +0.00200 +0.00495 +0.02893 +0.01145 +0.00000]
[eval@   750] 留出集窗口 RMSE[°] 电机/云台/小yaw = 0.894/0.102/0.085  角速度 = 0.2915/0.0288/0.0276
[torch] epoch   750/1500  loss=1.715470e-02  [+0.05284 +0.02026 +0.00186 +0.03032 +0.21208 +0.05294 +0.09994 +0.02923 +0.00215 +172.19123 +2.42285 +0.00200 +0.00490 +0.02620 +0.01170 +0.00000]
[eval@   900] 留出集窗口 RMSE[°] 电机/云台/小yaw = 0.893/0.104/0.080  角速度 = 0.2880/0.0304/0.0251
[torch] epoch   900/1500  loss=1.063345e-02  [+0.05461 +0.02055 -0.00136 +0.02362 +0.20671 +0.05323 +0.09773 +0.02875 +0.00210 +169.54138 +2.43940 +0.00200 +0.00489 +0.02459 +0.01194 +0.00000]
[eval@  1050] 留出集窗口 RMSE[°] 电机/云台/小yaw = 0.889/0.109/0.079  角速度 = 0.2850/0.0326/0.0248
[torch] epoch  1050/1500  loss=2.235925e-02  [+0.05599 +0.02079 -0.00124 +0.02571 +0.20449 +0.05393 +0.09634 +0.02836 +0.00203 +166.88692 +2.45543 +0.00200 +0.00488 +0.02319 +0.01223 +0.00000]
[eval@  1200] 留出集窗口 RMSE[°] 电机/云台/小yaw = 0.889/0.110/0.077  角速度 = 0.2826/0.0332/0.0237
[torch] epoch  1200/1500  loss=9.297781e-03  [+0.05707 +0.02097 +0.00097 +0.01838 +0.20313 +0.05452 +0.09511 +0.02812 +0.00197 +164.36490 +2.46559 +0.00200 +0.00489 +0.02202 +0.01247 +0.00000]
[eval@  1350] 留出集窗口 RMSE[°] 电机/云台/小yaw = 0.888/0.112/0.077  角速度 = 0.2804/0.0343/0.0237
[torch] epoch  1350/1500  loss=2.549579e-02  [+0.05817 +0.02114 +0.00189 +0.01216 +0.20058 +0.05500 +0.09418 +0.02800 +0.00190 +161.72326 +2.47697 +0.00200 +0.00489 +0.02102 +0.01269 +0.00000]
[torch] epoch  1495/1500  loss=2.218633e-02  [+0.05935 +0.02138 -0.00072 +0.01294 +0.19899 +0.05580 +0.09306 +0.02783 +0.00185 +159.82957 +2.48261 +0.00200 +0.00489 +0.02016 +0.01295 +0.00000]
[torch] epoch  1496/1500  loss=2.097931e-02  [+0.05935 +0.02138 -0.00062 +0.01295 +0.19898 +0.05580 +0.09306 +0.02783 +0.00185 +159.81191 +2.48277 +0.00200 +0.00489 +0.02015 +0.01295 +0.00000]
[torch] epoch  1497/1500  loss=1.406726e-02  [+0.05936 +0.02138 -0.00054 +0.01296 +0.19896 +0.05581 +0.09306 +0.02783 +0.00185 +159.79633 +2.48286 +0.00200 +0.00489 +0.02015 +0.01295 +0.00000]
[torch] epoch  1498/1500  loss=2.358926e-02  [+0.05937 +0.02139 -0.00046 +0.01298 +0.19895 +0.05581 +0.09306 +0.02784 +0.00185 +159.77387 +2.48297 +0.00200 +0.00489 +0.02014 +0.01295 +0.00000]
[torch] epoch  1499/1500  loss=2.802183e-02  [+0.05938 +0.02139 -0.00036 +0.01298 +0.19893 +0.05582 +0.09306 +0.02784 +0.00185 +159.75413 +2.48304 +0.00200 +0.00489 +0.02014 +0.01296 +0.00000]
[eval@  1500] 留出集窗口 RMSE[°] 电机/云台/小yaw = 0.884/0.116/0.077  角速度 = 0.2782/0.0364/0.0242

==============================================================================
辨识结果（输出误差法, 段数=31, 轴=both）  用时 306.6s
配方: ★ 全批配方(epochs=1500 个**全批** Adam 步, 每步 batch=全部段)—— 同一损失，只是把原配方的'每段一次更新'合并成'每 epoch 一次'；Adam/总步数=1500；参数限位=无（无上下界 / 无 clamp / 无投影 / 无惩罚项）
 # 参数                         初值           估计           变化  单位
   ---- 平面 8 参（云台/小 yaw 子块）----
 0 Jbig_eff             0.050000     0.059377    +0.009377  kg·m²
 1 Js                   0.020000     0.021386    +0.001386  kg·m²
 2 Px                   0.008660    -0.000362    -0.009022  kg·m
 3 Py                   0.005000     0.012980    +0.007980  kg·m
 4 fc_big               0.220000     0.198935    -0.021065  N·m
 5 fv_big               0.055000     0.055815    +0.000815  N·m·s/rad
 6 fc_small             0.097300     0.093064    -0.004236  N·m
 7 fv_small             0.028000     0.027840    -0.000160  N·m·s/rad
   ---- ★ 新增: 大 yaw 背隙 / 电机侧 ----
 8 backlash_delta       0.002000     0.001846    -0.000154  rad   (= 0.106°)
 9 backlash_k         200.000000   159.754131   -40.245869  N·m/rad
10 backlash_c           2.000000     2.483038    +0.483038  N·m·s/rad
11 backlash_through     0.002000     0.002000    +0.000000  —
12 Jmotor               0.006000     0.004893    -0.001107  kg·m²
13 fc_motor             0.030000     0.020138    -0.009862  N·m
14 fv_motor             0.010000     0.012955    +0.002955  N·m·s/rad
/home/huhu233/.config/matplotlib is not a writable directory
Matplotlib created a temporary cache directory at /tmp/matplotlib-qsgm2ksk because there was an issue with the default path (/home/huhu233/.config/matplotlib); it is highly recommended to set the MPLCONFIGDIR environment variable to a writable directory, in particular to speed up the import of Matplotlib and to better support multiprocessing.
/home/huhu233/.local/lib/python3.10/site-packages/matplotlib/projections/__init__.py:63: UserWarning: Unable to import Axes3D. This may be due to multiple versions of Matplotlib being installed (e.g. as a system package and as a pip package). As a result, the 3D projection is not available.
  warnings.warn("Unable to import Axes3D. This may be due to multiple versions of "
15 backlash_beta        0.000000     0.000000    +0.000000  rad
==============================================================================
全批前向仿真 val_loss = 3.412457e-02
  ★ 估计参数（留出集）: 窗口(0.1s) RMSE: 角度[°] 电机/云台/小yaw = 0.884 / 0.116 / 0.077; 角速度[rad/s] = 0.2782 / 0.0364 / 0.0242
               整段开环 RMSE: 角度[°] 电机/云台/小yaw = 2.304 / 2.091 / 1.073
    （对照）初值: 窗口(0.1s) RMSE: 角度[°] 电机/云台/小yaw = 0.907 / 0.110 / 0.089; 角速度[rad/s] = 0.3566 / 0.0375 / 0.0340
loss 曲线: 共 1500 点；前 5 个 = 4.697382e-02, 2.042114e-02, 6.495384e-02, 4.661594e-02, 2.715306e-02
           后 5 个 = 2.218633e-02, 2.097931e-02, 1.406726e-02, 2.358926e-02, 2.802183e-02
            前 5 均值=3.700311e-02 → 后 5 均值=2.202488e-02（比值 0.5952，最小值 7.502603e-03）  ⇒ 下降 ✓
可粘贴到 include/tcbs/mpc/planar_yaw_params.h:
  p.Jbig_eff = 0.059377;  p.Js = 0.021386;
  p.Px = -0.000362;  p.Py = 0.012980;
  p.fcBig = 0.198935;  p.fvBig = 0.055815;
  p.fcSmall = 0.093064;  p.fvSmall = 0.027840;
  p.backlash_delta = 0.001846;  p.backlash_k = 159.7541;
  p.backlash_c = 2.4830;  p.backlash_through = 0.002000;
  p.Jmotor = 0.004893;  p.fcMotor = 0.020138;
  p.fvMotor = 0.012955;  // β 由估计器在线给（离线拟合值 +0.000000 仅供参考）
留出集学习曲线（10 个点，epoch 150..1500）:
  epoch    150: 角度 RMSE[°] 0.898/0.113/0.090   角速度 0.3453/0.0356/0.0352
  epoch    300: 角度 RMSE[°] 0.895/0.111/0.093   角速度 0.3338/0.0334/0.0346
  epoch    450: 角度 RMSE[°] 0.893/0.107/0.092   角速度 0.3194/0.0304/0.0327
  epoch    600: 角度 RMSE[°] 0.893/0.103/0.095   角速度 0.2977/0.0277/0.0321
  epoch    750: 角度 RMSE[°] 0.894/0.102/0.085   角速度 0.2915/0.0288/0.0276
  epoch    900: 角度 RMSE[°] 0.893/0.104/0.080   角速度 0.2880/0.0304/0.0251
  epoch   1050: 角度 RMSE[°] 0.889/0.109/0.079   角速度 0.2850/0.0326/0.0248
  epoch   1200: 角度 RMSE[°] 0.889/0.110/0.077   角速度 0.2826/0.0332/0.0237
  epoch   1350: 角度 RMSE[°] 0.888/0.112/0.077   角速度 0.2804/0.0343/0.0237
  epoch   1500: 角度 RMSE[°] 0.884/0.116/0.077   角速度 0.2782/0.0364/0.0242
[plot] 已保存 data/archive/20260920_sim_nobacklash/B_tiny_delta/ident_convergence.png  (365.8 KB)
[plot] 已保存 data/archive/20260920_sim_nobacklash/B_tiny_delta/ident_traj.png  (305.2 KB)
[plot] 已保存 data/archive/20260920_sim_nobacklash/B_tiny_delta/ident_convergence_learning.png  (48.8 KB)
[out] 已写入 data/archive/20260920_sim_nobacklash/B_tiny_delta/params.txt
