[load] 共读入 31 段数据（31 个文件，跳过 0 个）
[hold] 保持段截断: 15 段 → 各取前 3 s（4500 点），丢 9675 点（占这些段的 68%）；普通段不截断
[load] 共读入 7 段数据（7 个文件，跳过 0 个）
[hold] 保持段截断: 3 段 → 各取前 3 s（900 点），丢 1500 点（占这些段的 62%）；普通段不截断
[ok] 留出集与训练集无重合（7 段，指纹比对）
[beta] 31/31 段带 `backlash_center` 列（在线估计 β）: 范围 [-0.0546, +0.0576] rad（-3.13°~+3.30°）
[beta] 仿真真值 β 范围 [+0.0000, +0.0000] rad；在线估计误差 RMS = 11.815 mrad
[torch] ★ 冻结参数（不参与优化，恒保持初值）: backlash_through=0.002
[torch] 原仓库配方：epochs=1500 × 段数31 个 Adam 步（= 原仓库 num_epochs 同轮数），每次 10 步(0.1 s)随机片段，lr=0.0003（常数），损失 = 角度wrap MSE + 角速度 MSE(等权)，3-DOF RK4 积分(substeps=2)，无限位(log 参数化)
[torch] 数据: 31 段 → 31 个 sample（最长 300 点 = 3.00 s，水平(重力=0)）；拟合轴=both，自由参数=15；参数化: log 参数化: Jbig_eff,Js,fc_big,fv_big,fc_small,fv_small,backlash_delta,backlash_k,backlash_c,Jmotor,fc_motor,fv_motor; 自由参数: Px,Py,backlash_beta；参数限位: 无（无上下界 / 无 clamp / 无投影 / 无惩罚项）
[torch] 初值 φ0 = [+0.05000 +0.02000 +0.00866 +0.00500 +0.22000 +0.05500 +0.09730 +0.02800 +0.09650 +157.82790 +2.59110 +0.00200 +0.00600 +0.03000 +0.01000 +0.00000]（来源: 用户 --init-vector）
[torch] ★ --batch-segments: 每 epoch 1 次 Adam 步（每步 batch=31/31 段 × 10 步；损失 = 组内各段损失均值）
[torch] epoch     0/1500  loss=2.451714e-03  [+0.05002 +0.02001 +0.00896 +0.00530 +0.22007 +0.05502 +0.09727 +0.02801 +0.09647 +157.87524 +2.59032 +0.00200 +0.00600 +0.02999 +0.01000 -0.00030]
[torch] epoch     1/1500  loss=2.946241e-03  [+0.05003 +0.02001 +0.00878 +0.00556 +0.22013 +0.05503 +0.09725 +0.02801 +0.09645 +157.92229 +2.58958 +0.00200 +0.00600 +0.02998 +0.01001 -0.00059]
[torch] epoch     2/1500  loss=4.879980e-03  [+0.05004 +0.02002 +0.00856 +0.00580 +0.22019 +0.05505 +0.09727 +0.02801 +0.09642 +157.96748 +2.58905 +0.00200 +0.00601 +0.02997 +0.01001 -0.00071]
[torch] epoch     3/1500  loss=4.194629e-03  [+0.05006 +0.02002 +0.00843 +0.00606 +0.22025 +0.05506 +0.09728 +0.02801 +0.09640 +158.01362 +2.58862 +0.00200 +0.00601 +0.02997 +0.01001 -0.00089]
[torch] epoch     4/1500  loss=3.803279e-03  [+0.05007 +0.02003 +0.00831 +0.00632 +0.22031 +0.05508 +0.09730 +0.02802 +0.09637 +158.06004 +2.58820 +0.00200 +0.00601 +0.02996 +0.01001 -0.00088]
[eval@   150] 留出集窗口 RMSE[°] 电机/云台/小yaw = 0.276/0.073/0.042  角速度 = 0.0829/0.0262/0.0166
[torch] epoch   150/1500  loss=1.509011e-03  [+0.05187 +0.02047 -0.00243 +0.03295 +0.22837 +0.05668 +0.09903 +0.02823 +0.09140 +165.23128 +2.59882 +0.00200 +0.00622 +0.02955 +0.01035 +0.03532]
[eval@   300] 留出集窗口 RMSE[°] 电机/云台/小yaw = 0.226/0.065/0.031  角速度 = 0.0655/0.0235/0.0119
[torch] epoch   300/1500  loss=1.523237e-03  [+0.05243 +0.02046 -0.00013 +0.02667 +0.23012 +0.05694 +0.09884 +0.02801 +0.09025 +161.48178 +2.64810 +0.00200 +0.00633 +0.02891 +0.01049 +0.04628]
[eval@   450] 留出集窗口 RMSE[°] 电机/云台/小yaw = 0.221/0.066/0.030  角速度 = 0.0637/0.0237/0.0113
[torch] epoch   450/1500  loss=1.157976e-03  [+0.05270 +0.02050 +0.00030 +0.02385 +0.23085 +0.05706 +0.09877 +0.02766 +0.09010 +157.91149 +2.70451 +0.00200 +0.00645 +0.02816 +0.01064 +0.04631]
[eval@   600] 留出集窗口 RMSE[°] 电机/云台/小yaw = 0.219/0.066/0.029  角速度 = 0.0623/0.0236/0.0108
[torch] epoch   600/1500  loss=2.394675e-03  [+0.05287 +0.02057 +0.00278 +0.02128 +0.23111 +0.05735 +0.09834 +0.02739 +0.08992 +154.55517 +2.75513 +0.00200 +0.00658 +0.02741 +0.01084 +0.04671]
[eval@   750] 留出集窗口 RMSE[°] 电机/云台/小yaw = 0.211/0.066/0.030  角速度 = 0.0605/0.0240/0.0109
[torch] epoch   750/1500  loss=8.551938e-04  [+0.05299 +0.02060 +0.00102 +0.01976 +0.23149 +0.05769 +0.09827 +0.02707 +0.08982 +151.58900 +2.81336 +0.00200 +0.00673 +0.02671 +0.01104 +0.04634]
[eval@   900] 留出集窗口 RMSE[°] 电机/云台/小yaw = 0.205/0.066/0.030  角速度 = 0.0592/0.0237/0.0111
[torch] epoch   900/1500  loss=5.152221e-04  [+0.05291 +0.02068 +0.00034 +0.01768 +0.23196 +0.05803 +0.09802 +0.02684 +0.08969 +148.47918 +2.86734 +0.00200 +0.00688 +0.02607 +0.01124 +0.04621]
[eval@  1050] 留出集窗口 RMSE[°] 电机/云台/小yaw = 0.198/0.066/0.030  角速度 = 0.0579/0.0236/0.0112
[torch] epoch  1050/1500  loss=4.448569e-04  [+0.05290 +0.02074 +0.00067 +0.01589 +0.23152 +0.05824 +0.09766 +0.02670 +0.08959 +144.97662 +2.92832 +0.00200 +0.00703 +0.02542 +0.01146 +0.04574]
[eval@  1200] 留出集窗口 RMSE[°] 电机/云台/小yaw = 0.197/0.064/0.030  角速度 = 0.0565/0.0229/0.0111
[torch] epoch  1200/1500  loss=5.937108e-04  [+0.05278 +0.02072 +0.00017 +0.01322 +0.23117 +0.05836 +0.09747 +0.02670 +0.08943 +142.44156 +2.97920 +0.00200 +0.00720 +0.02479 +0.01165 +0.04610]
[eval@  1350] 留出集窗口 RMSE[°] 电机/云台/小yaw = 0.191/0.065/0.029  角速度 = 0.0549/0.0233/0.0110
[torch] epoch  1350/1500  loss=9.907040e-04  [+0.05269 +0.02072 +0.00166 +0.01495 +0.23131 +0.05823 +0.09762 +0.02672 +0.08931 +139.80014 +3.04059 +0.00200 +0.00737 +0.02426 +0.01182 +0.04608]
[torch] epoch  1495/1500  loss=1.112485e-03  [+0.05235 +0.02073 +0.00121 +0.01263 +0.23086 +0.05813 +0.09758 +0.02667 +0.08919 +136.80254 +3.09684 +0.00200 +0.00754 +0.02373 +0.01200 +0.04611]
[torch] epoch  1496/1500  loss=4.678388e-04  [+0.05235 +0.02073 +0.00122 +0.01259 +0.23087 +0.05813 +0.09759 +0.02668 +0.08919 +136.77929 +3.09728 +0.00200 +0.00754 +0.02373 +0.01200 +0.04609]
[torch] epoch  1497/1500  loss=9.366161e-04  [+0.05235 +0.02073 +0.00123 +0.01255 +0.23088 +0.05813 +0.09759 +0.02668 +0.08919 +136.75636 +3.09767 +0.00200 +0.00754 +0.02373 +0.01200 +0.04608]
[torch] epoch  1498/1500  loss=1.830230e-03  [+0.05235 +0.02073 +0.00124 +0.01256 +0.23090 +0.05813 +0.09760 +0.02668 +0.08919 +136.73199 +3.09814 +0.00200 +0.00754 +0.02373 +0.01200 +0.04607]
[torch] epoch  1499/1500  loss=1.475949e-03  [+0.05236 +0.02073 +0.00125 +0.01261 +0.23091 +0.05813 +0.09760 +0.02668 +0.08919 +136.70757 +3.09867 +0.00200 +0.00754 +0.02372 +0.01201 +0.04606]
[eval@  1500] 留出集窗口 RMSE[°] 电机/云台/小yaw = 0.188/0.063/0.029  角速度 = 0.0539/0.0223/0.0109

==============================================================================
辨识结果（输出误差法, 段数=31, 轴=both）  用时 264.3s
配方: ★ 全批配方(epochs=1500 个**全批** Adam 步, 每步 batch=全部段)—— 同一损失，只是把原配方的'每段一次更新'合并成'每 epoch 一次'；Adam/总步数=1500；参数限位=无（无上下界 / 无 clamp / 无投影 / 无惩罚项）
 # 参数                         初值           估计           变化  单位
   ---- 平面 8 参（云台/小 yaw 子块）----
 0 Jbig_eff             0.050000     0.052355    +0.002355  kg·m²
 1 Js                   0.020000     0.020733    +0.000733  kg·m²
 2 Px                   0.008660     0.001247    -0.007413  kg·m
 3 Py                   0.005000     0.012610    +0.007610  kg·m
 4 fc_big               0.220000     0.230911    +0.010911  N·m
 5 fv_big               0.055000     0.058135    +0.003135  N·m·s/rad
 6 fc_small             0.097300     0.097602    +0.000302  N·m
 7 fv_small             0.028000     0.026682    -0.001318  N·m·s/rad
   ---- ★ 新增: 大 yaw 背隙 / 电机侧 ----
 8 backlash_delta       0.096500     0.089193    -0.007307  rad   (= 5.110°)
 9 backlash_k         157.827900   136.707568   -21.120332  N·m/rad
10 backlash_c           2.591100     3.098671    +0.507571  N·m·s/rad
11 backlash_through     0.002000     0.002000    +0.000000  —
12 Jmotor               0.006000     0.007542    +0.001542  kg·m²
13 fc_motor             0.030000     0.023724    -0.006276  N·m
14 fv_motor             0.010000     0.012006    +0.002006  N·m·s/rad
15 backlash_beta        0.000000     0.046056    +0.046056  rad
==============================================================================
全批前向仿真 val_loss = 1.008685e-02
  ★ 估计参数（留出集）: 窗口(0.1s) RMSE: 角度[°] 电机/云台/小yaw = 0.188 / 0.063 / 0.029; 角速度[rad/s] = 0.0539 / 0.0223 / 0.0109
               整段开环 RMSE: 角度[°] 电机/云台/小yaw = 4.229 / 2.928 / 0.658
    （对照）初值: 窗口(0.1s) RMSE: 角度[°] 电机/云台/小yaw = 0.366 / 0.044 / 0.040; 角速度[rad/s] = 0.1117 / 0.0172 / 0.0169
loss 曲线: 共 1500 点；前 5 个 = 2.451714e-03, 2.946241e-03, 4.879980e-03, 4.194629e-03, 3.803279e-03
           后 5 个 = 1.112485e-03, 4.678388e-04, 9.366161e-04, 1.830230e-03, 1.475949e-03
            前 5 均值=3.488854e-03 → 后 5 均值=1.155571e-03（比值 0.3312，最小值 3.442332e-04）  ⇒ 下降 ✓
可粘贴到 include/tcbs/mpc/planar_yaw_params.h:
  p.Jbig_eff = 0.052355;  p.Js = 0.020733;
  p.Px = 0.001247;  p.Py = 0.012610;
  p.fcBig = 0.230911;  p.fvBig = 0.058135;
  p.fcSmall = 0.097602;  p.fvSmall = 0.026682;
  p.backlash_delta = 0.089193;  p.backlash_k = 136.7076;
  p.backlash_c = 3.0987;  p.backlash_through = 0.002000;
  p.Jmotor = 0.007542;  p.fcMotor = 0.023724;
  p.fvMotor = 0.012006;  // β 由估计器在线给（离线拟合值 +0.046056 仅供参考）
留出集学习曲线（10 个点，epoch 150..1500）:
  epoch    150: 角度 RMSE[°] 0.276/0.073/0.042   角速度 0.0829/0.0262/0.0166
  epoch    300: 角度 RMSE[°] 0.226/0.065/0.031   角速度 0.0655/0.0235/0.0119
  epoch    450: 角度 RMSE[°] 0.221/0.066/0.030   角速度 0.0637/0.0237/0.0113
  epoch    600: 角度 RMSE[°] 0.219/0.066/0.029   角速度 0.0623/0.0236/0.0108
  epoch    750: 角度 RMSE[°] 0.211/0.066/0.030   角速度 0.0605/0.0240/0.0109
  epoch    900: 角度 RMSE[°] 0.205/0.066/0.030   角速度 0.0592/0.0237/0.0111
  epoch   1050: 角度 RMSE[°] 0.198/0.066/0.030   角速度 0.0579/0.0236/0.0112
  epoch   1200: 角度 RMSE[°] 0.197/0.064/0.030   角速度 0.0565/0.0229/0.0111
  epoch   1350: 角度 RMSE[°] 0.191/0.065/0.029   角速度 0.0549/0.0233/0.0110
  epoch   1500: 角度 RMSE[°] 0.188/0.063/0.029   角速度 0.0539/0.0223/0.0109
[out] 已写入 data/archive/20260920_sim_nobacklash/G_bogus_betafit/params.txt
