[load] 共读入 100 段数据（100 个文件，跳过 0 个）
[load] 共读入 8 段数据（8 个文件，跳过 0 个）
[beta] 100/100 段带 `backlash_center` 列（在线估计 β）: 范围 [-0.0644, +0.0722] rad（-3.69°~+4.14°）
[beta] 仿真真值 β 范围 [-0.0237, +0.0304] rad；在线估计误差 RMS = 31.377 mrad
[torch] 原仓库配方：epochs=10000 × 段数100 个 Adam 步（= 原仓库 num_epochs 同轮数），每次 10 步(0.1 s)随机片段，lr=0.0003（常数），损失 = 角度wrap MSE + 角速度 MSE(等权)，3-DOF RK4 积分(substeps=2)，无限位(log 参数化)
[torch] 数据: 100 段 → 100 个 sample（最长 300 点 = 3.00 s，水平(重力=0)）；拟合轴=both，自由参数=16；参数化: log 参数化: Jbig_eff,Js,fc_big,fv_big,fc_small,fv_small,backlash_delta,backlash_k,backlash_c,Jmotor,fc_motor,fv_motor; 自由参数: Px,Py,backlash_through,backlash_beta；参数限位: 无（无上下界 / 无 clamp / 无投影 / 无惩罚项）
[torch] 初值 φ0 = [+0.05189 +0.00916 +0.00190 -0.00102 +0.10336 +0.20904 +0.03058 +0.04874 +0.08730 +200.00000 +2.00000 +0.00200 +0.00600 +0.03000 +0.01000 +0.00000]（来源: 用户 --init-vector）
[torch] ★ --batch-segments: 每 epoch 1 次 Adam 步（每步 batch=100/100 段 × 10 步；损失 = 组内各段损失均值）
[torch] epoch     0/10000  loss=1.543959e-01  [+0.05188 +0.00916 +0.00220 -0.00132 +0.10339 +0.20898 +0.03059 +0.04875 +0.08727 +199.94001 +2.00060 +0.00230 +0.00600 +0.03001 +0.01000 +0.00000]
[torch] epoch     1/10000  loss=1.059702e-01  [+0.05189 +0.00917 +0.00248 -0.00162 +0.10342 +0.20892 +0.03060 +0.04876 +0.08725 +199.89091 +2.00112 +0.00255 +0.00600 +0.03002 +0.00999 +0.00000]
[torch] epoch     2/10000  loss=1.177159e-01  [+0.05190 +0.00917 +0.00272 -0.00192 +0.10345 +0.20886 +0.03061 +0.04878 +0.08722 +199.85403 +2.00157 +0.00282 +0.00600 +0.03003 +0.00999 +0.00000]
[torch] epoch     3/10000  loss=1.269719e-01  [+0.05191 +0.00917 +0.00279 -0.00221 +0.10348 +0.20880 +0.03062 +0.04879 +0.08720 +199.82444 +2.00194 +0.00310 +0.00599 +0.03003 +0.00999 +0.00000]
[torch] epoch     4/10000  loss=1.836227e-01  [+0.05193 +0.00918 +0.00285 -0.00249 +0.10351 +0.20874 +0.03063 +0.04881 +0.08718 +199.79205 +2.00237 +0.00337 +0.00599 +0.03004 +0.00999 +0.00000]
[eval@   250] 留出集窗口 RMSE[°] 电机/云台/小yaw = 1.031/0.201/0.766  角速度 = 0.4635/0.0709/0.3043
[torch] epoch   250/10000  loss=1.429596e-01  [+0.05438 +0.00983 +0.00097 -0.02421 +0.10933 +0.19751 +0.03280 +0.05214 +0.08816 +191.65007 +2.12091 +0.01818 +0.00562 +0.03108 +0.00949 +0.00000]
[eval@   500] 留出集窗口 RMSE[°] 电机/云台/小yaw = 1.024/0.187/0.680  角速度 = 0.4528/0.0655/0.2692
[torch] epoch   500/10000  loss=1.555815e-01  [+0.05631 +0.01049 +0.00149 -0.02333 +0.11565 +0.18750 +0.03505 +0.05543 +0.08940 +183.43253 +2.28244 +0.02770 +0.00514 +0.03198 +0.00907 +0.00000]
[eval@   750] 留出集窗口 RMSE[°] 电机/云台/小yaw = 1.001/0.181/0.608  角速度 = 0.4490/0.0622/0.2401
[torch] epoch   750/10000  loss=9.510632e-02  [+0.05772 +0.01113 +0.00617 -0.02585 +0.12133 +0.17838 +0.03723 +0.05844 +0.08892 +177.86966 +2.36657 +0.05061 +0.00495 +0.03016 +0.00860 +0.00000]
[eval@  1000] 留出集窗口 RMSE[°] 电机/云台/小yaw = 0.996/0.177/0.546  角速度 = 0.4480/0.0597/0.2147
[torch] epoch  1000/10000  loss=1.190663e-01  [+0.05884 +0.01175 +0.00316 -0.02221 +0.12881 +0.17143 +0.03938 +0.06119 +0.08891 +170.84113 +2.38316 +0.05707 +0.00495 +0.02869 +0.00819 +0.00000]
[eval@  1250] 留出集窗口 RMSE[°] 电机/云台/小yaw = 1.002/0.172/0.490  角速度 = 0.4475/0.0576/0.1918
[torch] epoch  1250/10000  loss=1.165683e-01  [+0.05923 +0.01236 +0.00134 -0.02528 +0.13616 +0.16543 +0.04155 +0.06376 +0.08834 +163.17898 +2.38932 +0.05220 +0.00497 +0.02772 +0.00784 +0.00000]
[eval@  1500] 留出集窗口 RMSE[°] 电机/云台/小yaw = 0.996/0.170/0.442  角速度 = 0.4461/0.0562/0.1725
[torch] epoch  1500/10000  loss=1.109135e-01  [+0.05975 +0.01297 +0.00093 -0.02406 +0.14326 +0.15989 +0.04373 +0.06609 +0.08836 +157.22609 +2.39391 +0.06004 +0.00498 +0.02689 +0.00754 +0.00000]
[eval@  1750] 留出集窗口 RMSE[°] 电机/云台/小yaw = 1.000/0.169/0.401  角速度 = 0.4462/0.0555/0.1555
[torch] epoch  1750/10000  loss=1.544147e-01  [+0.05977 +0.01356 +0.00043 -0.01986 +0.15049 +0.15500 +0.04589 +0.06808 +0.08846 +151.71100 +2.39811 +0.05713 +0.00498 +0.02650 +0.00730 +0.00000]
[eval@  2000] 留出集窗口 RMSE[°] 电机/云台/小yaw = 1.000/0.167/0.364  角速度 = 0.4462/0.0544/0.1405
[torch] epoch  2000/10000  loss=5.917895e-02  [+0.05964 +0.01414 +0.00369 -0.02043 +0.15694 +0.14973 +0.04801 +0.06974 +0.08849 +146.88502 +2.40280 +0.05913 +0.00498 +0.02602 +0.00706 +0.00000]
[eval@  2250] 留出集窗口 RMSE[°] 电机/云台/小yaw = 0.999/0.166/0.332  角速度 = 0.4454/0.0538/0.1272
[torch] epoch  2250/10000  loss=1.037041e-01  [+0.05933 +0.01472 +0.00603 -0.01779 +0.16275 +0.14534 +0.05006 +0.07101 +0.08821 +142.21608 +2.40320 +0.06240 +0.00499 +0.02551 +0.00684 +0.00000]
[eval@  2500] 留出集窗口 RMSE[°] 电机/云台/小yaw = 1.000/0.166/0.304  角速度 = 0.4459/0.0535/0.1158
[torch] epoch  2500/10000  loss=6.096247e-02  [+0.05892 +0.01529 +0.00765 -0.01662 +0.16931 +0.14177 +0.05213 +0.07200 +0.08843 +137.70484 +2.40888 +0.06327 +0.00499 +0.02514 +0.00668 +0.00000]
[eval@  2750] 留出集窗口 RMSE[°] 电机/云台/小yaw = 0.998/0.165/0.279  角速度 = 0.4450/0.0529/0.1055
[torch] epoch  2750/10000  loss=9.354608e-02  [+0.05884 +0.01584 +0.00885 -0.01755 +0.17531 +0.13763 +0.05418 +0.07260 +0.08843 +133.06942 +2.40965 +0.06873 +0.00500 +0.02468 +0.00648 +0.00000]
[eval@  3000] 留出集窗口 RMSE[°] 电机/云台/小yaw = 0.997/0.164/0.257  角速度 = 0.4439/0.0527/0.0963
[torch] epoch  3000/10000  loss=7.736052e-02  [+0.05882 +0.01640 +0.00613 -0.01614 +0.18018 +0.13377 +0.05612 +0.07269 +0.08848 +128.90362 +2.40640 +0.07064 +0.00501 +0.02430 +0.00630 +0.00000]
[eval@  3250] 留出集窗口 RMSE[°] 电机/云台/小yaw = 0.997/0.164/0.238  角速度 = 0.4438/0.0523/0.0883
[torch] epoch  3250/10000  loss=1.130713e-01  [+0.05868 +0.01693 +0.00784 -0.01423 +0.18374 +0.12972 +0.05810 +0.07253 +0.08826 +124.27129 +2.41027 +0.07351 +0.00502 +0.02386 +0.00612 +0.00000]
[eval@  3500] 留出集窗口 RMSE[°] 电机/云台/小yaw = 0.998/0.163/0.221  角速度 = 0.4436/0.0518/0.0812
[torch] epoch  3500/10000  loss=7.585111e-02  [+0.05838 +0.01745 +0.00657 -0.01565 +0.18762 +0.12652 +0.06011 +0.07205 +0.08814 +120.63365 +2.41140 +0.07516 +0.00502 +0.02345 +0.00598 +0.00000]
[eval@  3750] 留出集窗口 RMSE[°] 电机/云台/小yaw = 0.998/0.162/0.206  角速度 = 0.4434/0.0516/0.0750
[torch] epoch  3750/10000  loss=7.170365e-02  [+0.05818 +0.01795 +0.00449 -0.01613 +0.19139 +0.12347 +0.06203 +0.07116 +0.08813 +117.37571 +2.41193 +0.07716 +0.00502 +0.02304 +0.00583 +0.00000]
[eval@  4000] 留出集窗口 RMSE[°] 电机/云台/小yaw = 0.997/0.162/0.193  角速度 = 0.4428/0.0515/0.0696
[torch] epoch  4000/10000  loss=1.435721e-01  [+0.05838 +0.01843 +0.00048 -0.01538 +0.19482 +0.12048 +0.06403 +0.06999 +0.08819 +113.57426 +2.41350 +0.08083 +0.00502 +0.02260 +0.00569 +0.00000]
[eval@  4250] 留出集窗口 RMSE[°] 电机/云台/小yaw = 0.999/0.161/0.182  角速度 = 0.4433/0.0512/0.0649
[torch] epoch  4250/10000  loss=7.161338e-02  [+0.05810 +0.01887 +0.00268 -0.01688 +0.19771 +0.11826 +0.06599 +0.06866 +0.08777 +109.98875 +2.41768 +0.08074 +0.00502 +0.02222 +0.00558 +0.00000]
[eval@  4500] 留出集窗口 RMSE[°] 电机/云台/小yaw = 0.997/0.162/0.173  角速度 = 0.4424/0.0511/0.0609
[torch] epoch  4500/10000  loss=9.890471e-02  [+0.05816 +0.01927 +0.00044 -0.01651 +0.20043 +0.11603 +0.06787 +0.06722 +0.08826 +106.71730 +2.41640 +0.08571 +0.00503 +0.02177 +0.00545 +0.00000]
[eval@  4750] 留出集窗口 RMSE[°] 电机/云台/小yaw = 0.997/0.162/0.165  角速度 = 0.4424/0.0513/0.0579
[torch] epoch  4750/10000  loss=1.677487e-01  [+0.05784 +0.01964 -0.00324 -0.01403 +0.20333 +0.11453 +0.06966 +0.06553 +0.08793 +102.97332 +2.42100 +0.08868 +0.00502 +0.02130 +0.00535 +0.00000]
[eval@  5000] 留出集窗口 RMSE[°] 电机/云台/小yaw = 0.997/0.162/0.158  角速度 = 0.4425/0.0511/0.0549
[torch] epoch  5000/10000  loss=6.615331e-02  [+0.05778 +0.01997 +0.00130 -0.01379 +0.20571 +0.11278 +0.07173 +0.06387 +0.08807 +99.98785 +2.42322 +0.09271 +0.00502 +0.02087 +0.00524 +0.00000]
[eval@  5250] 留出集窗口 RMSE[°] 电机/云台/小yaw = 0.996/0.162/0.152  角速度 = 0.4410/0.0512/0.0521
[torch] epoch  5250/10000  loss=8.612080e-02  [+0.05816 +0.02027 +0.00560 -0.01144 +0.20673 +0.11069 +0.07362 +0.06209 +0.08801 +97.14912 +2.41928 +0.09721 +0.00503 +0.02034 +0.00512 +0.00000]
[eval@  5500] 留出集窗口 RMSE[°] 电机/云台/小yaw = 0.997/0.161/0.147  角速度 = 0.4417/0.0509/0.0503
[torch] epoch  5500/10000  loss=4.491652e-02  [+0.05780 +0.02052 +0.00269 -0.01227 +0.20931 +0.10922 +0.07538 +0.06007 +0.08796 +93.99614 +2.42447 +0.09873 +0.00503 +0.01994 +0.00503 +0.00000]
[eval@  5750] 留出集窗口 RMSE[°] 电机/云台/小yaw = 0.995/0.162/0.143  角速度 = 0.4398/0.0511/0.0486
[torch] epoch  5750/10000  loss=9.404679e-02  [+0.05762 +0.02071 +0.00082 -0.01116 +0.21203 +0.10796 +0.07709 +0.05812 +0.08791 +91.43442 +2.41488 +0.10368 +0.00505 +0.01945 +0.00493 +0.00000]
[eval@  6000] 留出集窗口 RMSE[°] 电机/云台/小yaw = 0.996/0.162/0.141  角速度 = 0.4406/0.0512/0.0474
[torch] epoch  6000/10000  loss=1.149817e-01  [+0.05779 +0.02083 +0.00330 -0.00779 +0.21326 +0.10655 +0.07925 +0.05643 +0.08786 +89.14163 +2.42310 +0.10588 +0.00503 +0.01914 +0.00485 +0.00000]
[eval@  6250] 留出集窗口 RMSE[°] 电机/云台/小yaw = 0.995/0.160/0.138  角速度 = 0.4403/0.0504/0.0461
[torch] epoch  6250/10000  loss=7.668951e-02  [+0.05728 +0.02093 +0.00423 -0.01246 +0.21470 +0.10565 +0.08044 +0.05446 +0.08782 +86.80563 +2.42170 +0.10977 +0.00503 +0.01869 +0.00477 +0.00000]
[eval@  6500] 留出集窗口 RMSE[°] 电机/云台/小yaw = 0.995/0.161/0.136  角速度 = 0.4394/0.0508/0.0452
[torch] epoch  6500/10000  loss=7.588032e-02  [+0.05735 +0.02098 +0.00194 -0.00623 +0.21516 +0.10445 +0.08240 +0.05276 +0.08760 +84.51315 +2.41795 +0.11217 +0.00504 +0.01827 +0.00468 +0.00000]
[eval@  6750] 留出集窗口 RMSE[°] 电机/云台/小yaw = 0.995/0.162/0.135  角速度 = 0.4395/0.0512/0.0445
[torch] epoch  6750/10000  loss=4.977802e-02  [+0.05762 +0.02098 +0.00278 -0.00432 +0.21758 +0.10392 +0.08396 +0.05093 +0.08734 +82.27555 +2.42142 +0.11557 +0.00503 +0.01786 +0.00462 +0.00000]
[eval@  7000] 留出集窗口 RMSE[°] 电机/云台/小yaw = 0.995/0.162/0.133  角速度 = 0.4390/0.0512/0.0439
[torch] epoch  7000/10000  loss=1.048133e-01  [+0.05755 +0.02097 +0.00173 -0.00386 +0.21920 +0.10337 +0.08519 +0.04917 +0.08692 +80.03764 +2.41917 +0.11816 +0.00503 +0.01744 +0.00455 +0.00000]
[eval@  7250] 留出集窗口 RMSE[°] 电机/云台/小yaw = 0.997/0.162/0.131  角速度 = 0.4386/0.0511/0.0430
[torch] epoch  7250/10000  loss=1.314519e-01  [+0.05728 +0.02096 +0.00552 -0.00407 +0.22129 +0.10245 +0.08646 +0.04736 +0.08670 +78.16581 +2.41326 +0.11435 +0.00504 +0.01706 +0.00447 +0.00000]
[eval@  7500] 留出集窗口 RMSE[°] 电机/云台/小yaw = 0.996/0.161/0.130  角速度 = 0.4384/0.0505/0.0422
[torch] epoch  7500/10000  loss=1.457000e-01  [+0.05722 +0.02094 +0.00639 -0.00297 +0.22058 +0.10103 +0.08752 +0.04580 +0.08615 +76.34204 +2.41431 +0.12071 +0.00503 +0.01657 +0.00438 +0.00000]
[eval@  7750] 留出集窗口 RMSE[°] 电机/云台/小yaw = 0.995/0.161/0.129  角速度 = 0.4381/0.0507/0.0420
[torch] epoch  7750/10000  loss=9.360271e-02  [+0.05685 +0.02089 +0.00169 -0.00216 +0.22342 +0.10098 +0.08854 +0.04423 +0.08569 +74.44491 +2.41068 +0.12272 +0.00503 +0.01621 +0.00433 +0.00000]
[eval@  8000] 留出集窗口 RMSE[°] 电机/云台/小yaw = 0.995/0.160/0.127  角速度 = 0.4377/0.0501/0.0412
[torch] epoch  8000/10000  loss=1.530199e-01  [+0.05661 +0.02086 +0.00691 -0.00296 +0.22309 +0.10014 +0.08937 +0.04270 +0.08530 +73.43832 +2.40641 +0.12479 +0.00503 +0.01591 +0.00426 +0.00000]
[eval@  8250] 留出集窗口 RMSE[°] 电机/云台/小yaw = 0.995/0.160/0.127  角速度 = 0.4379/0.0501/0.0409
[torch] epoch  8250/10000  loss=8.241617e-02  [+0.05633 +0.02082 +0.00638 -0.00122 +0.22459 +0.09970 +0.09068 +0.04141 +0.08520 +72.28831 +2.40557 +0.12704 +0.00502 +0.01561 +0.00422 +0.00000]
[eval@  8500] 留出集窗口 RMSE[°] 电机/云台/小yaw = 0.995/0.161/0.125  角速度 = 0.4375/0.0505/0.0406
[torch] epoch  8500/10000  loss=1.214213e-01  [+0.05646 +0.02080 +0.00257 +0.00431 +0.22474 +0.09895 +0.09147 +0.04010 +0.08530 +70.80333 +2.40337 +0.13015 +0.00501 +0.01523 +0.00416 +0.00000]
[eval@  8750] 留出集窗口 RMSE[°] 电机/云台/小yaw = 0.995/0.158/0.125  角速度 = 0.4369/0.0495/0.0402
[torch] epoch  8750/10000  loss=9.558984e-02  [+0.05623 +0.02076 -0.00004 -0.00284 +0.22513 +0.09832 +0.09221 +0.03886 +0.08523 +69.65619 +2.39657 +0.13313 +0.00501 +0.01486 +0.00410 +0.00000]
[eval@  9000] 留出集窗口 RMSE[°] 电机/云台/小yaw = 0.994/0.157/0.123  角速度 = 0.4375/0.0488/0.0395
[torch] epoch  9000/10000  loss=9.998557e-02  [+0.05594 +0.02076 +0.00461 -0.00235 +0.22523 +0.09782 +0.09267 +0.03767 +0.08541 +68.25112 +2.40135 +0.13974 +0.00499 +0.01446 +0.00406 +0.00000]
[eval@  9250] 留出集窗口 RMSE[°] 电机/云台/小yaw = 0.995/0.160/0.124  角速度 = 0.4366/0.0501/0.0398
[torch] epoch  9250/10000  loss=7.994998e-02  [+0.05602 +0.02069 +0.00387 +0.00376 +0.22838 +0.09771 +0.09380 +0.03669 +0.08503 +67.28113 +2.39180 +0.13784 +0.00500 +0.01417 +0.00401 +0.00000]
[eval@  9500] 留出集窗口 RMSE[°] 电机/云台/小yaw = 0.994/0.159/0.123  角速度 = 0.4374/0.0496/0.0395
[torch] epoch  9500/10000  loss=1.277945e-01  [+0.05600 +0.02071 +0.00106 +0.00274 +0.22839 +0.09731 +0.09456 +0.03578 +0.08456 +66.17191 +2.39776 +0.14244 +0.00498 +0.01386 +0.00397 +0.00000]
[eval@  9750] 留出集窗口 RMSE[°] 电机/云台/小yaw = 0.993/0.159/0.123  角速度 = 0.4367/0.0497/0.0393
[torch] epoch  9750/10000  loss=6.531950e-02  [+0.05616 +0.02069 +0.00075 +0.00405 +0.22851 +0.09707 +0.09482 +0.03488 +0.08457 +65.35219 +2.39219 +0.14699 +0.00498 +0.01350 +0.00393 +0.00000]
[torch] epoch  9995/10000  loss=1.152143e-01  [+0.05633 +0.02069 +0.00094 +0.00043 +0.22857 +0.09608 +0.09570 +0.03410 +0.08377 +64.33841 +2.38360 +0.14773 +0.00499 +0.01314 +0.00386 +0.00000]
[torch] epoch  9996/10000  loss=9.683993e-02  [+0.05633 +0.02069 +0.00096 +0.00041 +0.22857 +0.09608 +0.09568 +0.03409 +0.08376 +64.34158 +2.38315 +0.14787 +0.00499 +0.01314 +0.00386 +0.00000]
[torch] epoch  9997/10000  loss=6.668302e-02  [+0.05633 +0.02069 +0.00101 +0.00037 +0.22857 +0.09608 +0.09567 +0.03409 +0.08376 +64.34503 +2.38270 +0.14803 +0.00499 +0.01314 +0.00386 +0.00000]
[torch] epoch  9998/10000  loss=6.786440e-02  [+0.05632 +0.02069 +0.00107 +0.00032 +0.22857 +0.09607 +0.09566 +0.03408 +0.08375 +64.34824 +2.38231 +0.14816 +0.00499 +0.01314 +0.00386 +0.00000]
[torch] epoch  9999/10000  loss=6.760147e-02  [+0.05632 +0.02069 +0.00112 +0.00032 +0.22858 +0.09607 +0.09565 +0.03407 +0.08375 +64.34988 +2.38197 +0.14826 +0.00499 +0.01313 +0.00386 +0.00000]
[eval@ 10000] 留出集窗口 RMSE[°] 电机/云台/小yaw = 0.993/0.158/0.123  角速度 = 0.4356/0.0494/0.0391

==============================================================================
辨识结果（输出误差法, 段数=100, 轴=both）  用时 2017.2s
配方: ★ 全批配方(epochs=10000 个**全批** Adam 步, 每步 batch=全部段)—— 同一损失，只是把原配方的'每段一次更新'合并成'每 epoch 一次'；Adam/总步数=10000；参数限位=无（无上下界 / 无 clamp / 无投影 / 无惩罚项）
 # 参数                         初值           估计           变化  单位
   ---- 平面 8 参（云台/小 yaw 子块）----
 0 Jbig_eff             0.051893     0.056324    +0.004431  kg·m²
 1 Js                   0.009162     0.020695    +0.011533  kg·m²
 2 Px                   0.001897     0.001118    -0.000779  kg·m
 3 Py                  -0.001017     0.000317    +0.001334  kg·m
 4 fc_big               0.103360     0.228576    +0.125216  N·m
 5 fv_big               0.209044     0.096072    -0.112972  N·m·s/rad
 6 fc_small             0.030582     0.095653    +0.065071  N·m
 7 fv_small             0.048735     0.034074    -0.014661  N·m·s/rad
   ---- ★ 新增: 大 yaw 背隙 / 电机侧 ----
 8 backlash_delta       0.087300     0.083746    -0.003554  rad   (= 4.798°)
 9 backlash_k         200.000000    64.349879  -135.650121  N·m/rad
10 backlash_c           2.000000     2.381967    +0.381967  N·m·s/rad
11 backlash_through     0.002000     0.148257    +0.146257  —
12 Jmotor               0.006000     0.004991    -0.001009  kg·m²
13 fc_motor             0.030000     0.013135    -0.016865  N·m
14 fv_motor             0.010000     0.003856    -0.006144  N·m·s/rad
15 backlash_beta        0.000000     0.000000    +0.000000  rad
==============================================================================
全批前向仿真 val_loss = 1.236641e-01
  ★ 估计参数（留出集）: 窗口(0.1s) RMSE: 角度[°] 电机/云台/小yaw = 0.993 / 0.158 / 0.123; 角速度[rad/s] = 0.4356 / 0.0494 / 0.0391
               整段开环 RMSE: 角度[°] 电机/云台/小yaw = 4.776 / 4.172 / 0.951
    （对照）初值: 窗口(0.1s) RMSE: 角度[°] 电机/云台/小yaw = 1.054 / 0.224 / 0.890; 角速度[rad/s] = 0.4716 / 0.0793 / 0.3530
loss 曲线: 共 10000 点；前 5 个 = 1.543959e-01, 1.059702e-01, 1.177159e-01, 1.269719e-01, 1.836227e-01
           后 5 个 = 1.152143e-01, 9.683993e-02, 6.668302e-02, 6.786440e-02, 6.760147e-02
            前 5 均值=1.486182e-01 → 后 5 均值=7.870288e-02（比值 0.5296，最小值 2.889401e-02）  ⇒ 下降 ✓
可粘贴到 include/tcbs/mpc/planar_yaw_params.h:
  p.Jbig_eff = 0.056324;  p.Js = 0.020695;
  p.Px = 0.001118;  p.Py = 0.000317;
  p.fcBig = 0.228576;  p.fvBig = 0.096072;
  p.fcSmall = 0.095653;  p.fvSmall = 0.034074;
  p.backlash_delta = 0.083746;  p.backlash_k = 64.3499;
  p.backlash_c = 2.3820;  p.backlash_through = 0.148257;
  p.Jmotor = 0.004991;  p.fcMotor = 0.013135;
  p.fvMotor = 0.003856;  // β 由估计器在线给（离线拟合值 +0.000000 仅供参考）
留出集学习曲线（40 个点，epoch 250..10000）:
  epoch    250: 角度 RMSE[°] 1.031/0.201/0.766   角速度 0.4635/0.0709/0.3043
  epoch   1250: 角度 RMSE[°] 1.002/0.172/0.490   角速度 0.4475/0.0576/0.1918
  epoch   2250: 角度 RMSE[°] 0.999/0.166/0.332   角速度 0.4454/0.0538/0.1272
  epoch   3250: 角度 RMSE[°] 0.997/0.164/0.238   角速度 0.4438/0.0523/0.0883
  epoch   4250: 角度 RMSE[°] 0.999/0.161/0.182   角速度 0.4433/0.0512/0.0649
  epoch   5250: 角度 RMSE[°] 0.996/0.162/0.152   角速度 0.4410/0.0512/0.0521
  epoch   6250: 角度 RMSE[°] 0.995/0.160/0.138   角速度 0.4403/0.0504/0.0461
  epoch   7250: 角度 RMSE[°] 0.997/0.162/0.131   角速度 0.4386/0.0511/0.0430
  epoch   8250: 角度 RMSE[°] 0.995/0.160/0.127   角速度 0.4379/0.0501/0.0409
  epoch   9250: 角度 RMSE[°] 0.995/0.160/0.124   角速度 0.4366/0.0501/0.0398
  epoch  10000: 角度 RMSE[°] 0.993/0.158/0.123   角速度 0.4356/0.0494/0.0391
/home/huhu233/.config/matplotlib is not a writable directory
Matplotlib created a temporary cache directory at /tmp/matplotlib-xx_n70qw because there was an issue with the default path (/home/huhu233/.config/matplotlib); it is highly recommended to set the MPLCONFIGDIR environment variable to a writable directory, in particular to speed up the import of Matplotlib and to better support multiprocessing.
/home/huhu233/.local/lib/python3.10/site-packages/matplotlib/projections/__init__.py:63: UserWarning: Unable to import Axes3D. This may be due to multiple versions of Matplotlib being installed (e.g. as a system package and as a pip package). As a result, the 3D projection is not available.
  warnings.warn("Unable to import Axes3D. This may be due to multiple versions of "
[plot] 已保存 _tmp10k/beta/ident_convergence.png  (378.8 KB)
[plot] 已保存 _tmp10k/beta/ident_traj.png  (291.2 KB)
[plot] 已保存 _tmp10k/beta/ident_convergence_learning.png  (67.4 KB)
[out] 已写入 _tmp10k/beta/params.txt
exit=0
