[load] 共读入 100 段数据（100 个文件，跳过 0 个）
[load] 共读入 8 段数据（8 个文件，跳过 0 个）
[beta] 100/100 段带 `backlash_center` 列（在线估计 β）: 范围 [-0.0644, +0.0722] rad（-3.69°~+4.14°）
[beta] 仿真真值 β 范围 [-0.0237, +0.0304] rad；在线估计误差 RMS = 31.377 mrad
[torch] 原仓库配方：epochs=10000 × 段数100 个 Adam 步（= 原仓库 num_epochs 同轮数），每次 10 步(0.1 s)随机片段，lr=0.0003（常数），损失 = 角度wrap MSE + 角速度 MSE(等权)，3-DOF RK4 积分(substeps=2)，无限位(log 参数化)
[torch] 数据: 100 段 → 100 个 sample（最长 300 点 = 3.00 s，水平(重力=0)）；拟合轴=both，自由参数=16；参数化: log 参数化: Jbig_eff,Js,fc_big,fv_big,fc_small,fv_small,backlash_delta,backlash_k,backlash_c,Jmotor,fc_motor,fv_motor; 自由参数: Px,Py,backlash_through,backlash_beta；参数限位: 无（无上下界 / 无 clamp / 无投影 / 无惩罚项）
[torch] 初值 φ0 = [+0.05189 +0.00916 +0.00190 -0.00102 +0.10336 +0.20904 +0.03058 +0.04874 +0.08730 +200.00000 +2.00000 +0.00200 +0.00600 +0.03000 +0.01000 +0.00000]（来源: 用户 --init-vector）
[torch] ★ --batch-segments: 每 epoch 1 次 Adam 步（每步 batch=100/100 段 × 10 步；损失 = 组内各段损失均值）
[torch] epoch     0/10000  loss=1.540949e-01  [+0.05191 +0.00916 +0.00220 -0.00132 +0.10339 +0.20898 +0.03059 +0.04875 +0.08727 +199.94001 +2.00060 +0.00230 +0.00600 +0.03001 +0.01000 +0.00000]
[torch] epoch     1/10000  loss=1.106493e-01  [+0.05192 +0.00917 +0.00248 -0.00162 +0.10342 +0.20892 +0.03060 +0.04876 +0.08725 +199.89040 +2.00116 +0.00257 +0.00600 +0.03002 +0.01000 +0.00000]
[torch] epoch     2/10000  loss=1.210177e-01  [+0.05193 +0.00917 +0.00272 -0.00192 +0.10345 +0.20886 +0.03061 +0.04878 +0.08723 +199.85211 +2.00167 +0.00283 +0.00600 +0.03003 +0.00999 +0.00000]
[torch] epoch     3/10000  loss=1.288967e-01  [+0.05195 +0.00917 +0.00278 -0.00221 +0.10348 +0.20880 +0.03062 +0.04879 +0.08721 +199.82057 +2.00213 +0.00310 +0.00599 +0.03004 +0.00999 +0.00000]
[torch] epoch     4/10000  loss=1.828941e-01  [+0.05196 +0.00918 +0.00282 -0.00249 +0.10351 +0.20874 +0.03063 +0.04881 +0.08719 +199.78769 +2.00261 +0.00336 +0.00599 +0.03004 +0.00999 +0.00000]
[eval@   250] 留出集窗口 RMSE[°] 电机/云台/小yaw = 0.986/0.206/0.766  角速度 = 0.4568/0.0722/0.3044
[torch] epoch   250/10000  loss=1.454147e-01  [+0.05461 +0.00983 +0.00085 -0.02294 +0.10937 +0.19762 +0.03280 +0.05213 +0.09063 +192.81646 +2.12837 +0.05403 +0.00561 +0.03140 +0.00952 +0.00000]
[eval@   500] 留出集窗口 RMSE[°] 电机/云台/小yaw = 0.967/0.195/0.679  角速度 = 0.4446/0.0677/0.2693
[torch] epoch   500/10000  loss=1.518663e-01  [+0.05655 +0.01049 +0.00158 -0.02274 +0.11497 +0.18756 +0.03505 +0.05543 +0.09610 +186.60481 +2.28733 +0.08531 +0.00514 +0.03129 +0.00910 +0.00000]
[eval@   750] 留出集窗口 RMSE[°] 电机/云台/小yaw = 0.953/0.189/0.605  角速度 = 0.4380/0.0642/0.2394
[torch] epoch   750/10000  loss=9.556784e-02  [+0.05795 +0.01113 +0.00594 -0.02473 +0.11914 +0.17872 +0.03723 +0.05843 +0.10032 +182.73676 +2.35782 +0.11982 +0.00502 +0.02777 +0.00865 +0.00000]
[eval@  1000] 留出集窗口 RMSE[°] 电机/云台/小yaw = 0.946/0.187/0.543  角速度 = 0.4356/0.0620/0.2141
[torch] epoch  1000/10000  loss=1.197546e-01  [+0.05867 +0.01175 +0.00322 -0.02185 +0.12453 +0.17213 +0.03938 +0.06117 +0.10543 +179.19434 +2.38753 +0.15015 +0.00500 +0.02529 +0.00828 +0.00000]
[eval@  1250] 留出集窗口 RMSE[°] 电机/云台/小yaw = 0.945/0.183/0.487  角速度 = 0.4340/0.0604/0.1914
[torch] epoch  1250/10000  loss=1.156448e-01  [+0.05865 +0.01236 +0.00183 -0.02191 +0.12948 +0.16657 +0.04155 +0.06374 +0.11065 +173.94879 +2.39887 +0.16033 +0.00502 +0.02361 +0.00794 +0.00000]
[eval@  1500] 留出集窗口 RMSE[°] 电机/云台/小yaw = 0.945/0.180/0.439  角速度 = 0.4328/0.0586/0.1717
[torch] epoch  1500/10000  loss=1.100198e-01  [+0.05900 +0.01296 +0.00126 -0.02512 +0.13461 +0.16165 +0.04373 +0.06608 +0.11620 +173.04652 +2.40843 +0.16322 +0.00503 +0.02277 +0.00765 +0.00000]
[eval@  1750] 留出集窗口 RMSE[°] 电机/云台/小yaw = 0.945/0.178/0.398  角速度 = 0.4320/0.0578/0.1548
[torch] epoch  1750/10000  loss=1.494576e-01  [+0.05921 +0.01356 -0.00030 -0.02165 +0.13976 +0.15754 +0.04587 +0.06806 +0.12097 +172.28050 +2.40688 +0.16736 +0.00506 +0.02196 +0.00740 +0.00000]
[eval@  2000] 留出集窗口 RMSE[°] 电机/云台/小yaw = 0.946/0.176/0.361  角速度 = 0.4316/0.0564/0.1397
[torch] epoch  2000/10000  loss=5.930429e-02  [+0.05894 +0.01414 +0.00289 -0.02223 +0.14473 +0.15313 +0.04796 +0.06971 +0.12585 +171.20929 +2.42019 +0.17020 +0.00505 +0.02115 +0.00715 +0.00000]
[eval@  2250] 留出集窗口 RMSE[°] 电机/云台/小yaw = 0.946/0.174/0.329  角速度 = 0.4309/0.0556/0.1264
[torch] epoch  2250/10000  loss=1.063314e-01  [+0.05852 +0.01471 +0.00501 -0.02084 +0.14969 +0.14973 +0.04998 +0.07098 +0.13124 +170.46938 +2.41981 +0.17488 +0.00507 +0.02032 +0.00694 +0.00000]
[eval@  2500] 留出集窗口 RMSE[°] 电机/云台/小yaw = 0.946/0.173/0.301  角速度 = 0.4303/0.0549/0.1149
[torch] epoch  2500/10000  loss=5.975250e-02  [+0.05810 +0.01528 +0.00650 -0.01838 +0.15464 +0.14716 +0.05203 +0.07198 +0.13575 +169.75317 +2.43095 +0.18008 +0.00506 +0.01956 +0.00679 +0.00000]
[eval@  2750] 留出集窗口 RMSE[°] 电机/云台/小yaw = 0.946/0.171/0.276  角速度 = 0.4297/0.0540/0.1044
[torch] epoch  2750/10000  loss=9.038551e-02  [+0.05800 +0.01583 +0.00810 -0.01995 +0.15954 +0.14397 +0.05406 +0.07259 +0.14120 +168.87410 +2.43343 +0.18551 +0.00506 +0.01875 +0.00660 +0.00000]
[eval@  3000] 留出集窗口 RMSE[°] 电机/云台/小yaw = 0.946/0.170/0.254  角速度 = 0.4290/0.0535/0.0952
[torch] epoch  3000/10000  loss=7.984155e-02  [+0.05801 +0.01639 +0.00565 -0.02024 +0.16308 +0.14103 +0.05597 +0.07268 +0.14651 +167.83036 +2.42631 +0.18957 +0.00508 +0.01797 +0.00641 +0.00000]
[eval@  3250] 留出集窗口 RMSE[°] 电机/云台/小yaw = 0.946/0.169/0.234  角速度 = 0.4285/0.0528/0.0870
[torch] epoch  3250/10000  loss=1.092669e-01  [+0.05781 +0.01692 +0.00727 -0.01923 +0.16629 +0.13795 +0.05792 +0.07252 +0.15195 +166.33802 +2.42997 +0.19356 +0.00508 +0.01719 +0.00624 +0.00000]
[eval@  3500] 留出集窗口 RMSE[°] 电机/云台/小yaw = 0.946/0.168/0.217  角速度 = 0.4281/0.0522/0.0797
[torch] epoch  3500/10000  loss=8.111289e-02  [+0.05750 +0.01744 +0.00575 -0.02156 +0.16879 +0.13577 +0.05989 +0.07204 +0.15616 +165.73872 +2.43199 +0.19944 +0.00508 +0.01648 +0.00611 +0.00000]
[eval@  3750] 留出集窗口 RMSE[°] 电机/云台/小yaw = 0.946/0.167/0.202  角速度 = 0.4279/0.0517/0.0734
[torch] epoch  3750/10000  loss=6.640870e-02  [+0.05730 +0.01794 +0.00429 -0.02187 +0.17125 +0.13367 +0.06179 +0.07117 +0.16028 +164.54315 +2.43330 +0.20266 +0.00507 +0.01581 +0.00599 +0.00000]
[eval@  4000] 留出集窗口 RMSE[°] 电机/云台/小yaw = 0.947/0.166/0.190  角速度 = 0.4276/0.0514/0.0680
[torch] epoch  4000/10000  loss=1.429145e-01  [+0.05755 +0.01842 -0.00013 -0.02193 +0.17372 +0.13165 +0.06373 +0.07003 +0.16496 +163.78937 +2.43459 +0.20889 +0.00507 +0.01511 +0.00586 +0.00000]
[eval@  4250] 留出集窗口 RMSE[°] 电机/云台/小yaw = 0.947/0.165/0.179  角速度 = 0.4274/0.0508/0.0632
[torch] epoch  4250/10000  loss=7.075788e-02  [+0.05732 +0.01885 +0.00215 -0.02448 +0.17577 +0.13050 +0.06563 +0.06873 +0.16929 +162.41125 +2.43691 +0.21158 +0.00506 +0.01446 +0.00578 +0.00000]
[eval@  4500] 留出集窗口 RMSE[°] 电机/云台/小yaw = 0.947/0.165/0.170  角速度 = 0.4270/0.0505/0.0593
[torch] epoch  4500/10000  loss=9.298040e-02  [+0.05734 +0.01926 +0.00022 -0.02510 +0.17743 +0.12935 +0.06745 +0.06733 +0.17398 +161.42096 +2.43631 +0.21638 +0.00506 +0.01381 +0.00568 +0.00000]
[eval@  4750] 留出集窗口 RMSE[°] 电机/云台/小yaw = 0.947/0.165/0.162  角速度 = 0.4268/0.0506/0.0561
[torch] epoch  4750/10000  loss=1.627370e-01  [+0.05716 +0.01963 -0.00354 -0.02157 +0.17941 +0.12895 +0.06903 +0.06561 +0.17941 +159.18234 +2.43562 +0.21194 +0.00505 +0.01317 +0.00560 +0.00000]
[eval@  5000] 留出集窗口 RMSE[°] 电机/云台/小yaw = 0.947/0.164/0.156  角速度 = 0.4268/0.0501/0.0530
[torch] epoch  5000/10000  loss=6.556706e-02  [+0.05718 +0.01996 +0.00085 -0.02351 +0.18063 +0.12826 +0.07101 +0.06403 +0.18369 +158.94645 +2.43743 +0.21590 +0.00504 +0.01258 +0.00552 +0.00000]
[eval@  5250] 留出集窗口 RMSE[°] 电机/云台/小yaw = 0.948/0.164/0.150  角速度 = 0.4261/0.0502/0.0504
[torch] epoch  5250/10000  loss=8.420612e-02  [+0.05763 +0.02026 +0.00565 -0.02157 +0.18112 +0.12717 +0.07282 +0.06235 +0.18718 +158.47045 +2.43050 +0.21976 +0.00505 +0.01198 +0.00542 +0.00000]
[eval@  5500] 留出集窗口 RMSE[°] 电机/云台/小yaw = 0.948/0.163/0.145  角速度 = 0.4265/0.0495/0.0484
[torch] epoch  5500/10000  loss=4.723406e-02  [+0.05718 +0.02053 +0.00336 -0.02386 +0.18273 +0.12685 +0.07441 +0.06040 +0.19245 +157.88729 +2.43929 +0.22242 +0.00502 +0.01145 +0.00536 +0.00000]
[eval@  5750] 留出集窗口 RMSE[°] 电机/云台/小yaw = 0.947/0.164/0.142  角速度 = 0.4253/0.0499/0.0470
[torch] epoch  5750/10000  loss=8.825032e-02  [+0.05701 +0.02073 +0.00134 -0.02333 +0.18446 +0.12667 +0.07602 +0.05853 +0.19617 +157.46790 +2.42415 +0.22694 +0.00504 +0.01092 +0.00528 +0.00000]
[eval@  6000] 留出集窗口 RMSE[°] 电机/云台/小yaw = 0.948/0.163/0.139  角速度 = 0.4255/0.0495/0.0457
[torch] epoch  6000/10000  loss=1.070535e-01  [+0.05732 +0.02086 +0.00361 -0.02213 +0.18477 +0.12614 +0.07799 +0.05692 +0.20013 +157.12436 +2.43110 +0.23074 +0.00502 +0.01046 +0.00522 +0.00000]
[eval@  6250] 留出集窗口 RMSE[°] 电机/云台/小yaw = 0.948/0.162/0.137  角速度 = 0.4249/0.0492/0.0445
[torch] epoch  6250/10000  loss=7.862157e-02  [+0.05685 +0.02097 +0.00452 -0.02698 +0.18535 +0.12620 +0.07915 +0.05502 +0.20360 +156.61520 +2.42411 +0.23428 +0.00502 +0.00998 +0.00515 +0.00000]
[eval@  6500] 留出集窗口 RMSE[°] 电机/云台/小yaw = 0.948/0.163/0.135  角速度 = 0.4249/0.0493/0.0436
[torch] epoch  6500/10000  loss=8.080608e-02  [+0.05688 +0.02102 +0.00212 -0.02235 +0.18509 +0.12579 +0.08093 +0.05341 +0.20791 +156.46868 +2.42373 +0.24021 +0.00501 +0.00954 +0.00508 +0.00000]
[eval@  6750] 留出集窗口 RMSE[°] 电机/云台/小yaw = 0.949/0.164/0.134  角速度 = 0.4247/0.0495/0.0430
[torch] epoch  6750/10000  loss=5.222275e-02  [+0.05720 +0.02104 +0.00268 -0.02065 +0.18672 +0.12616 +0.08245 +0.05163 +0.21298 +156.23807 +2.42106 +0.24503 +0.00500 +0.00911 +0.00504 +0.00000]
[eval@  7000] 留出集窗口 RMSE[°] 电机/云台/小yaw = 0.949/0.164/0.132  角速度 = 0.4247/0.0494/0.0423
[torch] epoch  7000/10000  loss=1.028232e-01  [+0.05704 +0.02104 +0.00087 -0.01972 +0.18758 +0.12634 +0.08381 +0.04996 +0.21764 +155.89013 +2.42039 +0.24864 +0.00499 +0.00870 +0.00499 +0.00000]
[eval@  7250] 留出集窗口 RMSE[°] 电机/云台/小yaw = 0.949/0.162/0.131  角速度 = 0.4244/0.0488/0.0415
[torch] epoch  7250/10000  loss=1.315769e-01  [+0.05664 +0.02102 +0.00618 -0.02372 +0.18848 +0.12581 +0.08481 +0.04816 +0.22167 +155.85105 +2.41165 +0.25237 +0.00499 +0.00838 +0.00490 +0.00000]
[eval@  7500] 留出集窗口 RMSE[°] 电机/云台/小yaw = 0.950/0.162/0.129  角速度 = 0.4245/0.0485/0.0407
[torch] epoch  7500/10000  loss=1.371361e-01  [+0.05660 +0.02101 +0.00706 -0.02117 +0.18754 +0.12464 +0.08601 +0.04669 +0.22524 +156.03956 +2.41255 +0.25700 +0.00497 +0.00799 +0.00482 +0.00000]
[eval@  7750] 留出集窗口 RMSE[°] 电机/云台/小yaw = 0.950/0.162/0.129  角速度 = 0.4243/0.0486/0.0405
[torch] epoch  7750/10000  loss=9.626484e-02  [+0.05624 +0.02099 +0.00253 -0.02214 +0.18974 +0.12540 +0.08683 +0.04518 +0.22889 +155.73042 +2.40650 +0.25917 +0.00497 +0.00766 +0.00477 +0.00000]
[eval@  8000] 留出集窗口 RMSE[°] 电机/云台/小yaw = 0.951/0.161/0.127  角速度 = 0.4242/0.0481/0.0398
[torch] epoch  8000/10000  loss=1.570155e-01  [+0.05596 +0.02097 +0.00797 -0.02386 +0.18915 +0.12491 +0.08752 +0.04373 +0.23137 +156.12348 +2.40247 +0.26406 +0.00496 +0.00734 +0.00470 +0.00000]
[eval@  8250] 留出集窗口 RMSE[°] 电机/云台/小yaw = 0.951/0.161/0.126  角速度 = 0.4242/0.0481/0.0394
[torch] epoch  8250/10000  loss=8.240758e-02  [+0.05576 +0.02094 +0.00736 -0.02143 +0.18985 +0.12486 +0.08861 +0.04255 +0.23192 +155.31794 +2.40080 +0.26336 +0.00495 +0.00704 +0.00465 +0.00000]
[eval@  8500] 留出集窗口 RMSE[°] 电机/云台/小yaw = 0.951/0.161/0.125  角速度 = 0.4242/0.0483/0.0391
[torch] epoch  8500/10000  loss=1.202409e-01  [+0.05577 +0.02094 +0.00296 -0.01725 +0.19015 +0.12447 +0.08952 +0.04129 +0.23436 +154.97546 +2.39747 +0.26449 +0.00495 +0.00673 +0.00459 +0.00000]
[eval@  8750] 留出集窗口 RMSE[°] 电机/云台/小yaw = 0.951/0.160/0.125  角速度 = 0.4241/0.0478/0.0390
[torch] epoch  8750/10000  loss=9.109680e-02  [+0.05553 +0.02089 +0.00131 -0.02229 +0.19024 +0.12406 +0.09031 +0.04012 +0.23515 +154.41957 +2.39295 +0.26413 +0.00494 +0.00645 +0.00453 +0.00000]
[eval@  9000] 留出集窗口 RMSE[°] 电机/云台/小yaw = 0.950/0.159/0.124  角速度 = 0.4241/0.0475/0.0383
[torch] epoch  9000/10000  loss=9.981488e-02  [+0.05536 +0.02090 +0.00579 -0.02203 +0.18997 +0.12378 +0.09076 +0.03900 +0.23686 +153.34090 +2.39309 +0.26102 +0.00493 +0.00616 +0.00447 +0.00000]
[eval@  9250] 留出集窗口 RMSE[°] 电机/云台/小yaw = 0.951/0.160/0.124  角速度 = 0.4241/0.0479/0.0383
[torch] epoch  9250/10000  loss=7.850439e-02  [+0.05544 +0.02084 +0.00448 -0.01727 +0.19213 +0.12415 +0.09170 +0.03806 +0.23728 +152.96985 +2.38937 +0.26452 +0.00493 +0.00589 +0.00444 +0.00000]
[eval@  9500] 留出集窗口 RMSE[°] 电机/云台/小yaw = 0.952/0.160/0.124  角速度 = 0.4242/0.0476/0.0382
[torch] epoch  9500/10000  loss=1.270773e-01  [+0.05547 +0.02085 +0.00259 -0.01809 +0.19191 +0.12397 +0.09259 +0.03723 +0.24055 +153.43607 +2.38988 +0.27081 +0.00491 +0.00562 +0.00438 +0.00000]
[eval@  9750] 留出集窗口 RMSE[°] 电机/云台/小yaw = 0.952/0.160/0.123  角速度 = 0.4241/0.0477/0.0380
[torch] epoch  9750/10000  loss=6.513776e-02  [+0.05564 +0.02082 +0.00190 -0.01662 +0.19203 +0.12399 +0.09298 +0.03636 +0.24055 +153.46911 +2.38613 +0.27193 +0.00490 +0.00535 +0.00433 +0.00000]
[torch] epoch  9995/10000  loss=1.176875e-01  [+0.05568 +0.02080 +0.00150 -0.02136 +0.19217 +0.12294 +0.09385 +0.03559 +0.24277 +153.31658 +2.38122 +0.27371 +0.00490 +0.00512 +0.00426 +0.00000]
[torch] epoch  9996/10000  loss=9.385542e-02  [+0.05568 +0.02081 +0.00155 -0.02142 +0.19217 +0.12294 +0.09384 +0.03558 +0.24278 +153.33559 +2.38075 +0.27385 +0.00490 +0.00512 +0.00426 +0.00000]
[torch] epoch  9997/10000  loss=6.565346e-02  [+0.05568 +0.02081 +0.00163 -0.02149 +0.19217 +0.12293 +0.09383 +0.03558 +0.24279 +153.35379 +2.38030 +0.27397 +0.00490 +0.00511 +0.00426 +0.00000]
[torch] epoch  9998/10000  loss=6.943254e-02  [+0.05567 +0.02081 +0.00173 -0.02156 +0.19217 +0.12293 +0.09382 +0.03557 +0.24279 +153.36951 +2.37990 +0.27408 +0.00490 +0.00511 +0.00425 +0.00000]
[torch] epoch  9999/10000  loss=6.476519e-02  [+0.05567 +0.02081 +0.00180 -0.02159 +0.19217 +0.12293 +0.09381 +0.03556 +0.24279 +153.38531 +2.37954 +0.27419 +0.00490 +0.00511 +0.00425 +0.00000]
[eval@ 10000] 留出集窗口 RMSE[°] 电机/云台/小yaw = 0.952/0.159/0.124  角速度 = 0.4239/0.0472/0.0383

==============================================================================
辨识结果（输出误差法, 段数=100, 轴=both）  用时 1905.2s
配方: ★ 全批配方(epochs=10000 个**全批** Adam 步, 每步 batch=全部段)—— 同一损失，只是把原配方的'每段一次更新'合并成'每 epoch 一次'；Adam/总步数=10000；参数限位=无（无上下界 / 无 clamp / 无投影 / 无惩罚项）
 # 参数                         初值           估计           变化  单位
   ---- 平面 8 参（云台/小 yaw 子块）----
 0 Jbig_eff             0.051893     0.055673    +0.003780  kg·m²
 1 Js                   0.009162     0.020811    +0.011649  kg·m²
 2 Px                   0.001897     0.001797    -0.000100  kg·m
 3 Py                  -0.001017    -0.021587    -0.020570  kg·m
 4 fc_big               0.103360     0.192167    +0.088807  N·m
 5 fv_big               0.209044     0.122928    -0.086116  N·m·s/rad
 6 fc_small             0.030582     0.093806    +0.063224  N·m
 7 fv_small             0.048735     0.035564    -0.013171  N·m·s/rad
   ---- ★ 新增: 大 yaw 背隙 / 电机侧 ----
 8 backlash_delta       0.087300     0.242788    +0.155488  rad   (= 13.911°)
 9 backlash_k         200.000000   153.385314   -46.614686  N·m/rad
10 backlash_c           2.000000     2.379537    +0.379537  N·m·s/rad
11 backlash_through     0.002000     0.274192    +0.272192  —
12 Jmotor               0.006000     0.004904    -0.001096  kg·m²
13 fc_motor             0.030000     0.005113    -0.024887  N·m
14 fv_motor             0.010000     0.004254    -0.005746  N·m·s/rad
15 backlash_beta        0.000000     0.000000    +0.000000  rad
==============================================================================
全批前向仿真 val_loss = 1.227966e-01
  ★ 估计参数（留出集）: 窗口(0.1s) RMSE: 角度[°] 电机/云台/小yaw = 0.952 / 0.159 / 0.124; 角速度[rad/s] = 0.4239 / 0.0472 / 0.0383
               整段开环 RMSE: 角度[°] 电机/云台/小yaw = 4.667 / 4.173 / 0.819
    （对照）初值: 窗口(0.1s) RMSE: 角度[°] 电机/云台/小yaw = 1.054 / 0.224 / 0.890; 角速度[rad/s] = 0.4716 / 0.0793 / 0.3530
loss 曲线: 共 10000 点；前 5 个 = 1.540949e-01, 1.106493e-01, 1.210177e-01, 1.288967e-01, 1.828941e-01
           后 5 个 = 1.176875e-01, 9.385542e-02, 6.565346e-02, 6.943254e-02, 6.476519e-02
            前 5 均值=1.500970e-01 → 后 5 均值=7.807233e-02（比值 0.5201，最小值 2.900169e-02）  ⇒ 下降 ✓
可粘贴到 include/tcbs/mpc/planar_yaw_params.h:
  p.Jbig_eff = 0.055673;  p.Js = 0.020811;
  p.Px = 0.001797;  p.Py = -0.021587;
  p.fcBig = 0.192167;  p.fvBig = 0.122928;
  p.fcSmall = 0.093806;  p.fvSmall = 0.035564;
  p.backlash_delta = 0.242788;  p.backlash_k = 153.3853;
  p.backlash_c = 2.3795;  p.backlash_through = 0.274192;
  p.Jmotor = 0.004904;  p.fcMotor = 0.005113;
  p.fvMotor = 0.004254;  // β 由估计器在线给（离线拟合值 +0.000000 仅供参考）
留出集学习曲线（40 个点，epoch 250..10000）:
  epoch    250: 角度 RMSE[°] 0.986/0.206/0.766   角速度 0.4568/0.0722/0.3044
  epoch   1250: 角度 RMSE[°] 0.945/0.183/0.487   角速度 0.4340/0.0604/0.1914
  epoch   2250: 角度 RMSE[°] 0.946/0.174/0.329   角速度 0.4309/0.0556/0.1264
  epoch   3250: 角度 RMSE[°] 0.946/0.169/0.234   角速度 0.4285/0.0528/0.0870
  epoch   4250: 角度 RMSE[°] 0.947/0.165/0.179   角速度 0.4274/0.0508/0.0632
  epoch   5250: 角度 RMSE[°] 0.948/0.164/0.150   角速度 0.4261/0.0502/0.0504
  epoch   6250: 角度 RMSE[°] 0.948/0.162/0.137   角速度 0.4249/0.0492/0.0445
  epoch   7250: 角度 RMSE[°] 0.949/0.162/0.131   角速度 0.4244/0.0488/0.0415
  epoch   8250: 角度 RMSE[°] 0.951/0.161/0.126   角速度 0.4242/0.0481/0.0394
  epoch   9250: 角度 RMSE[°] 0.951/0.160/0.124   角速度 0.4241/0.0479/0.0383
  epoch  10000: 角度 RMSE[°] 0.952/0.159/0.124   角速度 0.4239/0.0472/0.0383
/home/huhu233/.config/matplotlib is not a writable directory
Matplotlib created a temporary cache directory at /tmp/matplotlib-atufon0l because there was an issue with the default path (/home/huhu233/.config/matplotlib); it is highly recommended to set the MPLCONFIGDIR environment variable to a writable directory, in particular to speed up the import of Matplotlib and to better support multiprocessing.
/home/huhu233/.local/lib/python3.10/site-packages/matplotlib/projections/__init__.py:63: UserWarning: Unable to import Axes3D. This may be due to multiple versions of Matplotlib being installed (e.g. as a system package and as a pip package). As a result, the 3D projection is not available.
  warnings.warn("Unable to import Axes3D. This may be due to multiple versions of "
[plot] 已保存 _tmp10k/main/ident_convergence.png  (368.6 KB)
[plot] 已保存 _tmp10k/main/ident_traj.png  (289.5 KB)
[plot] 已保存 _tmp10k/main/ident_convergence_learning.png  (71.5 KB)
[out] 已写入 _tmp10k/main/params.txt
exit=0
