[load] 共读入 100 段数据（100 个文件，跳过 0 个）
[load] 共读入 8 段数据（8 个文件，跳过 0 个）
[beta] 100/100 段带 `backlash_center` 列（在线估计 β）: 范围 [-0.0644, +0.0722] rad（-3.69°~+4.14°）
[beta] 仿真真值 β 范围 [-0.0237, +0.0304] rad；在线估计误差 RMS = 31.377 mrad
[torch] 原仓库配方：epochs=10000 × 段数100 个 Adam 步（= 原仓库 num_epochs 同轮数），每次 10 步(0.1 s)随机片段，lr=0.0003（常数），损失 = 角度wrap MSE + 角速度 MSE(等权)，3-DOF RK4 积分(substeps=2)，无限位(log 参数化)
[torch] 数据: 100 段 → 100 个 sample（最长 300 点 = 3.00 s，水平(重力=0)）；拟合轴=both，自由参数=16；参数化: log 参数化: Jbig_eff,Js,fc_big,fv_big,fc_small,fv_small,backlash_delta,backlash_k,backlash_c,Jmotor,fc_motor,fv_motor; 自由参数: Px,Py,backlash_through,backlash_beta；参数限位: 无（无上下界 / 无 clamp / 无投影 / 无惩罚项）
[torch] 初值 φ0 = [+0.05189 +0.00916 +0.00190 -0.00102 +0.10336 +0.20904 +0.03058 +0.04874 +0.08730 +200.00000 +2.00000 +0.00200 +0.00600 +0.03000 +0.01000 +0.00000]（来源: 用户 --init-vector）
[torch] ★ --batch-segments: 每 epoch 1 次 Adam 步（每步 batch=100/100 段 × 10 步；损失 = 组内各段损失均值）
[torch] epoch     0/10000  loss=9.939856e-02  [+0.05191 +0.00916 +0.00220 -0.00132 +0.10339 +0.20898 +0.03059 +0.04875 +0.08727 +200.06000 +2.00060 +0.00230 +0.00600 +0.03001 +0.01000 +0.00000]
[torch] epoch     1/10000  loss=8.608645e-02  [+0.05192 +0.00917 +0.00249 -0.00162 +0.10342 +0.20892 +0.03060 +0.04876 +0.08725 +200.11455 +2.00112 +0.00260 +0.00600 +0.03002 +0.00999 +0.00000]
[torch] epoch     2/10000  loss=8.716545e-02  [+0.05193 +0.00917 +0.00275 -0.00192 +0.10345 +0.20886 +0.03061 +0.04878 +0.08722 +200.13685 +2.00167 +0.00289 +0.00600 +0.03003 +0.00999 +0.00000]
[torch] epoch     3/10000  loss=9.341574e-02  [+0.05195 +0.00917 +0.00285 -0.00221 +0.10348 +0.20881 +0.03062 +0.04879 +0.08722 +200.10680 +2.00224 +0.00319 +0.00599 +0.03004 +0.00999 +0.00000]
[torch] epoch     4/10000  loss=8.314254e-02  [+0.05196 +0.00918 +0.00291 -0.00250 +0.10351 +0.20875 +0.03063 +0.04881 +0.08722 +200.07810 +2.00280 +0.00348 +0.00599 +0.03004 +0.00999 +0.00000]
[eval@   250] 留出集窗口 RMSE[°] 电机/云台/小yaw = 0.584/0.159/0.744  角速度 = 0.2710/0.0665/0.3003
[torch] epoch   250/10000  loss=6.995057e-02  [+0.05385 +0.00983 +0.00177 -0.02764 +0.10943 +0.19625 +0.03279 +0.05212 +0.09144 +213.70018 +2.09452 +0.05345 +0.00560 +0.03143 +0.00941 +0.00000]
[eval@   500] 留出集窗口 RMSE[°] 电机/云台/小yaw = 0.582/0.154/0.655  角速度 = 0.2660/0.0648/0.2644
[torch] epoch   500/10000  loss=6.042636e-02  [+0.05412 +0.01049 +0.00235 -0.02959 +0.11439 +0.18472 +0.03503 +0.05538 +0.09713 +221.38852 +2.24040 +0.07119 +0.00514 +0.03102 +0.00885 +0.00000]
[eval@   750] 留出集窗口 RMSE[°] 电机/云台/小yaw = 0.583/0.148/0.580  角速度 = 0.2643/0.0628/0.2345
[torch] epoch   750/10000  loss=5.670985e-02  [+0.05389 +0.01112 +0.00467 -0.02918 +0.11948 +0.17481 +0.03721 +0.05836 +0.10168 +225.92369 +2.29852 +0.08242 +0.00504 +0.02790 +0.00836 +0.00000]
[eval@  1000] 留出集窗口 RMSE[°] 电机/云台/小yaw = 0.583/0.144/0.515  角速度 = 0.2634/0.0610/0.2088
[torch] epoch  1000/10000  loss=5.028642e-02  [+0.05321 +0.01174 +0.00235 -0.02742 +0.12551 +0.16648 +0.03937 +0.06108 +0.10569 +226.00470 +2.31785 +0.08517 +0.00503 +0.02554 +0.00795 +0.00000]
[eval@  1250] 留出集窗口 RMSE[°] 电机/云台/小yaw = 0.583/0.140/0.458  角速度 = 0.2627/0.0596/0.1859
[torch] epoch  1250/10000  loss=3.945042e-02  [+0.05259 +0.01235 +0.00080 -0.02891 +0.13255 +0.15942 +0.04157 +0.06362 +0.10918 +225.67105 +2.32247 +0.08779 +0.00504 +0.02368 +0.00761 +0.00000]
[eval@  1500] 留出集窗口 RMSE[°] 电机/云台/小yaw = 0.583/0.134/0.408  角速度 = 0.2625/0.0574/0.1663
[torch] epoch  1500/10000  loss=3.835017e-02  [+0.05238 +0.01294 +0.00104 -0.02875 +0.13920 +0.15287 +0.04377 +0.06593 +0.11205 +224.53579 +2.33836 +0.08806 +0.00502 +0.02207 +0.00729 +0.00000]
[eval@  1750] 留出集窗口 RMSE[°] 电机/云台/小yaw = 0.584/0.128/0.365  角速度 = 0.2620/0.0552/0.1490
[torch] epoch  1750/10000  loss=2.303557e-02  [+0.05215 +0.01352 +0.00068 -0.02701 +0.14604 +0.14729 +0.04596 +0.06790 +0.11497 +223.95404 +2.33776 +0.08934 +0.00504 +0.02060 +0.00703 +0.00000]
[eval@  2000] 留出集窗口 RMSE[°] 电机/云台/小yaw = 0.585/0.121/0.327  角速度 = 0.2618/0.0529/0.1341
[torch] epoch  2000/10000  loss=2.837512e-02  [+0.05212 +0.01409 +0.00170 -0.02638 +0.15260 +0.14155 +0.04812 +0.06950 +0.11671 +223.37090 +2.34601 +0.08980 +0.00503 +0.01927 +0.00676 +0.00000]
[eval@  2250] 留出集窗口 RMSE[°] 电机/云台/小yaw = 0.586/0.116/0.293  角速度 = 0.2617/0.0513/0.1210
[torch] epoch  2250/10000  loss=4.460299e-02  [+0.05178 +0.01465 +0.00499 -0.02529 +0.15865 +0.13656 +0.05022 +0.07073 +0.11870 +222.81815 +2.35346 +0.09005 +0.00502 +0.01805 +0.00653 +0.00000]
[eval@  2500] 留出集窗口 RMSE[°] 电机/云台/小yaw = 0.586/0.111/0.264  角速度 = 0.2615/0.0494/0.1094
[torch] epoch  2500/10000  loss=2.660145e-02  [+0.05171 +0.01520 +0.00498 -0.02365 +0.16437 +0.13225 +0.05235 +0.07167 +0.12055 +222.11987 +2.35325 +0.08986 +0.00502 +0.01692 +0.00633 +0.00000]
[eval@  2750] 留出集窗口 RMSE[°] 电机/云台/小yaw = 0.587/0.108/0.237  角速度 = 0.2613/0.0483/0.0990
[torch] epoch  2750/10000  loss=3.116311e-02  [+0.05145 +0.01573 +0.00580 -0.02535 +0.16963 +0.12791 +0.05442 +0.07216 +0.12214 +222.10726 +2.34974 +0.09140 +0.00502 +0.01596 +0.00613 +0.00000]
[eval@  3000] 留出集窗口 RMSE[°] 电机/云台/小yaw = 0.588/0.104/0.214  角速度 = 0.2613/0.0471/0.0904
[torch] epoch  3000/10000  loss=3.383068e-02  [+0.05138 +0.01626 +0.00447 -0.02493 +0.17479 +0.12410 +0.05640 +0.07216 +0.12341 +221.79069 +2.35721 +0.09217 +0.00500 +0.01508 +0.00596 +0.00000]
[eval@  3250] 留出集窗口 RMSE[°] 电机/云台/小yaw = 0.587/0.101/0.193  角速度 = 0.2610/0.0460/0.0823
[torch] epoch  3250/10000  loss=3.740174e-02  [+0.05116 +0.01678 +0.00586 -0.02519 +0.17908 +0.12057 +0.05841 +0.07187 +0.12473 +221.13582 +2.34544 +0.09134 +0.00502 +0.01423 +0.00579 +0.00000]
[eval@  3500] 留出集窗口 RMSE[°] 电机/云台/小yaw = 0.588/0.099/0.175  角速度 = 0.2610/0.0453/0.0755
[torch] epoch  3500/10000  loss=2.650754e-02  [+0.05106 +0.01726 +0.00252 -0.02712 +0.18343 +0.11752 +0.06048 +0.07134 +0.12616 +221.15351 +2.34564 +0.09319 +0.00500 +0.01342 +0.00566 +0.00000]
[eval@  3750] 留出集窗口 RMSE[°] 电机/云台/小yaw = 0.589/0.095/0.159  角速度 = 0.2610/0.0440/0.0696
[torch] epoch  3750/10000  loss=1.892674e-02  [+0.05113 +0.01773 +0.00243 -0.02586 +0.18628 +0.11478 +0.06246 +0.07035 +0.12706 +220.79210 +2.34308 +0.09314 +0.00500 +0.01271 +0.00554 +0.00000]
[eval@  4000] 留出集窗口 RMSE[°] 电机/云台/小yaw = 0.588/0.093/0.145  角速度 = 0.2610/0.0433/0.0645
[torch] epoch  4000/10000  loss=2.909352e-02  [+0.05111 +0.01817 +0.00061 -0.02749 +0.18953 +0.11225 +0.06437 +0.06904 +0.12801 +219.43598 +2.34288 +0.08856 +0.00499 +0.01208 +0.00543 +0.00000]
[eval@  4250] 留出集窗口 RMSE[°] 电机/云台/小yaw = 0.590/0.093/0.133  角速度 = 0.2609/0.0431/0.0600
[torch] epoch  4250/10000  loss=2.892982e-02  [+0.05100 +0.01856 -0.00109 -0.02967 +0.19187 +0.11034 +0.06635 +0.06764 +0.12908 +220.46276 +2.33675 +0.09417 +0.00498 +0.01145 +0.00535 +0.00000]
[eval@  4500] 留出集窗口 RMSE[°] 电机/云台/小yaw = 0.590/0.089/0.123  角速度 = 0.2610/0.0419/0.0562
[torch] epoch  4500/10000  loss=2.201135e-02  [+0.05109 +0.01892 +0.00199 -0.02832 +0.19353 +0.10839 +0.06834 +0.06613 +0.13061 +219.67384 +2.33091 +0.09160 +0.00498 +0.01087 +0.00527 +0.00000]
[eval@  4750] 留出集窗口 RMSE[°] 电机/云台/小yaw = 0.591/0.088/0.115  角速度 = 0.2609/0.0417/0.0536
[torch] epoch  4750/10000  loss=2.244391e-02  [+0.05096 +0.01924 -0.00273 -0.02708 +0.19545 +0.10700 +0.07018 +0.06443 +0.13220 +219.63857 +2.33393 +0.09188 +0.00495 +0.01030 +0.00522 +0.00000]
[eval@  5000] 留出集窗口 RMSE[°] 电机/云台/小yaw = 0.591/0.087/0.107  角速度 = 0.2608/0.0413/0.0508
[torch] epoch  5000/10000  loss=2.416880e-02  [+0.05101 +0.01952 -0.00063 -0.02922 +0.19834 +0.10580 +0.07214 +0.06265 +0.13346 +219.77502 +2.32801 +0.09317 +0.00495 +0.00978 +0.00518 +0.00000]
[eval@  5250] 留出集窗口 RMSE[°] 电机/云台/小yaw = 0.593/0.086/0.101  角速度 = 0.2608/0.0410/0.0486
[torch] epoch  5250/10000  loss=2.243063e-02  [+0.05092 +0.01977 +0.00128 -0.02879 +0.19902 +0.10458 +0.07398 +0.06073 +0.13470 +220.02920 +2.32751 +0.09477 +0.00493 +0.00929 +0.00514 +0.00000]
[eval@  5500] 留出集窗口 RMSE[°] 电机/云台/小yaw = 0.592/0.084/0.096  角速度 = 0.2608/0.0404/0.0467
[torch] epoch  5500/10000  loss=2.629785e-02  [+0.05100 +0.01997 +0.00063 -0.02783 +0.19880 +0.10350 +0.07574 +0.05873 +0.13506 +219.44322 +2.32489 +0.09275 +0.00491 +0.00879 +0.00511 +0.00000]
[eval@  5750] 留出集窗口 RMSE[°] 电机/云台/小yaw = 0.593/0.083/0.092  角速度 = 0.2608/0.0402/0.0456
[torch] epoch  5750/10000  loss=1.408602e-02  [+0.05096 +0.02011 -0.00233 -0.02660 +0.20013 +0.10290 +0.07756 +0.05682 +0.13472 +219.44945 +2.32548 +0.09296 +0.00489 +0.00833 +0.00510 +0.00000]
[eval@  6000] 留出集窗口 RMSE[°] 电机/云台/小yaw = 0.592/0.083/0.088  角速度 = 0.2606/0.0402/0.0440
[torch] epoch  6000/10000  loss=4.213928e-02  [+0.05088 +0.02020 +0.00008 -0.02870 +0.20268 +0.10303 +0.07925 +0.05496 +0.13552 +219.27958 +2.31355 +0.09275 +0.00490 +0.00790 +0.00511 +0.00000]
[eval@  6250] 留出集窗口 RMSE[°] 电机/云台/小yaw = 0.591/0.082/0.085  角速度 = 0.2607/0.0398/0.0430
[torch] epoch  6250/10000  loss=2.601251e-02  [+0.05091 +0.02028 -0.00163 -0.02740 +0.20328 +0.10215 +0.08059 +0.05306 +0.13552 +218.42059 +2.31442 +0.08918 +0.00488 +0.00748 +0.00509 +0.00000]
[eval@  6500] 留出集窗口 RMSE[°] 电机/云台/小yaw = 0.592/0.082/0.083  角速度 = 0.2605/0.0399/0.0423
[torch] epoch  6500/10000  loss=2.489818e-02  [+0.05078 +0.02030 -0.00473 -0.02602 +0.20470 +0.10213 +0.08227 +0.05129 +0.13427 +218.58595 +2.30822 +0.09021 +0.00487 +0.00711 +0.00511 +0.00000]
[eval@  6750] 留出集窗口 RMSE[°] 电机/云台/小yaw = 0.594/0.082/0.080  角速度 = 0.2604/0.0399/0.0413
[torch] epoch  6750/10000  loss=2.226534e-02  [+0.05061 +0.02030 +0.00042 -0.02578 +0.20584 +0.10187 +0.08359 +0.04947 +0.13413 +219.69151 +2.30145 +0.09532 +0.00486 +0.00677 +0.00512 +0.00000]
[eval@  7000] 留出集窗口 RMSE[°] 电机/云台/小yaw = 0.593/0.081/0.077  角速度 = 0.2604/0.0396/0.0405
[torch] epoch  7000/10000  loss=3.666016e-02  [+0.05061 +0.02029 -0.00422 -0.02466 +0.20512 +0.10141 +0.08511 +0.04779 +0.13521 +219.27840 +2.29547 +0.09394 +0.00485 +0.00644 +0.00511 +0.00000]
[eval@  7250] 留出集窗口 RMSE[°] 电机/云台/小yaw = 0.593/0.082/0.075  角速度 = 0.2602/0.0399/0.0397
[torch] epoch  7250/10000  loss=3.193443e-02  [+0.05033 +0.02026 +0.00177 -0.02419 +0.20679 +0.10119 +0.08616 +0.04605 +0.13544 +218.98601 +2.29416 +0.09295 +0.00483 +0.00612 +0.00512 +0.00000]
[eval@  7500] 留出集窗口 RMSE[°] 电机/云台/小yaw = 0.592/0.082/0.073  角速度 = 0.2602/0.0400/0.0392
[torch] epoch  7500/10000  loss=2.887862e-02  [+0.05028 +0.02023 +0.00421 -0.02464 +0.20847 +0.10107 +0.08719 +0.04453 +0.13590 +218.63687 +2.29114 +0.09171 +0.00482 +0.00583 +0.00513 +0.00000]
[eval@  7750] 留出集窗口 RMSE[°] 电机/云台/小yaw = 0.593/0.081/0.071  角速度 = 0.2602/0.0396/0.0387
[torch] epoch  7750/10000  loss=2.133977e-02  [+0.05037 +0.02022 +0.00152 -0.02266 +0.20815 +0.10045 +0.08820 +0.04306 +0.13584 +218.77812 +2.28857 +0.09275 +0.00480 +0.00554 +0.00513 +0.00000]
[eval@  8000] 留出集窗口 RMSE[°] 电机/云台/小yaw = 0.594/0.079/0.070  角速度 = 0.2602/0.0391/0.0382
[torch] epoch  8000/10000  loss=2.917962e-02  [+0.05052 +0.02019 +0.00004 -0.02065 +0.20863 +0.10009 +0.08897 +0.04160 +0.13587 +218.67094 +2.28079 +0.09256 +0.00479 +0.00526 +0.00513 +0.00000]
[eval@  8250] 留出集窗口 RMSE[°] 电机/云台/小yaw = 0.593/0.081/0.068  角速度 = 0.2601/0.0399/0.0380
[torch] epoch  8250/10000  loss=3.393758e-02  [+0.05023 +0.02017 +0.00040 -0.02357 +0.20964 +0.10018 +0.08987 +0.04031 +0.13527 +218.63694 +2.28089 +0.09283 +0.00477 +0.00501 +0.00516 +0.00000]
[eval@  8500] 留出集窗口 RMSE[°] 电机/云台/小yaw = 0.593/0.080/0.068  角速度 = 0.2600/0.0394/0.0377
[torch] epoch  8500/10000  loss=2.332908e-02  [+0.05027 +0.02016 -0.00006 -0.01973 +0.21015 +0.10006 +0.09067 +0.03907 +0.13502 +218.29356 +2.27284 +0.09171 +0.00477 +0.00476 +0.00517 +0.00000]
[eval@  8750] 留出集窗口 RMSE[°] 电机/云台/小yaw = 0.593/0.080/0.066  角速度 = 0.2599/0.0395/0.0372
[torch] epoch  8750/10000  loss=1.119156e-02  [+0.05022 +0.02014 -0.00034 -0.02176 +0.21109 +0.09978 +0.09162 +0.03792 +0.13511 +218.35594 +2.26657 +0.09248 +0.00476 +0.00452 +0.00517 +0.00000]
[eval@  9000] 留出集窗口 RMSE[°] 电机/云台/小yaw = 0.591/0.080/0.066  角速度 = 0.2598/0.0395/0.0371
[torch] epoch  9000/10000  loss=2.764069e-02  [+0.05018 +0.02010 +0.00024 -0.01957 +0.21282 +0.09983 +0.09245 +0.03680 +0.13560 +217.43730 +2.25896 +0.08864 +0.00475 +0.00429 +0.00520 +0.00000]
[eval@  9250] 留出集窗口 RMSE[°] 电机/云台/小yaw = 0.593/0.079/0.065  角速度 = 0.2599/0.0394/0.0369
[torch] epoch  9250/10000  loss=2.801178e-02  [+0.05027 +0.02008 -0.00076 -0.02015 +0.21273 +0.09936 +0.09298 +0.03578 +0.13498 +218.16359 +2.25970 +0.09204 +0.00472 +0.00410 +0.00522 +0.00000]
[eval@  9500] 留出集窗口 RMSE[°] 电机/云台/小yaw = 0.594/0.079/0.064  角速度 = 0.2600/0.0393/0.0367
[torch] epoch  9500/10000  loss=2.413787e-02  [+0.05025 +0.02011 -0.00059 -0.01942 +0.21177 +0.09866 +0.09338 +0.03488 +0.13496 +218.08870 +2.25811 +0.09183 +0.00471 +0.00390 +0.00522 +0.00000]
[eval@  9750] 留出集窗口 RMSE[°] 电机/云台/小yaw = 0.594/0.079/0.064  角速度 = 0.2598/0.0390/0.0364
[torch] epoch  9750/10000  loss=3.091159e-02  [+0.05038 +0.02011 -0.00093 -0.01906 +0.21174 +0.09898 +0.09362 +0.03408 +0.13398 +218.42363 +2.24748 +0.09332 +0.00471 +0.00370 +0.00524 +0.00000]
[torch] epoch  9995/10000  loss=4.079993e-02  [+0.05023 +0.02009 -0.00121 -0.02175 +0.21283 +0.09934 +0.09414 +0.03336 +0.13360 +218.04626 +2.24634 +0.09187 +0.00469 +0.00353 +0.00528 +0.00000]
[torch] epoch  9996/10000  loss=3.016160e-02  [+0.05024 +0.02009 -0.00106 -0.02170 +0.21282 +0.09933 +0.09414 +0.03336 +0.13360 +218.04826 +2.24625 +0.09188 +0.00469 +0.00353 +0.00528 +0.00000]
[torch] epoch  9997/10000  loss=2.485406e-02  [+0.05024 +0.02009 -0.00090 -0.02164 +0.21281 +0.09932 +0.09414 +0.03335 +0.13359 +218.04810 +2.24617 +0.09188 +0.00469 +0.00353 +0.00528 +0.00000]
[torch] epoch  9998/10000  loss=3.028482e-02  [+0.05024 +0.02009 -0.00071 -0.02160 +0.21280 +0.09931 +0.09415 +0.03335 +0.13359 +218.04812 +2.24615 +0.09189 +0.00469 +0.00353 +0.00528 +0.00000]
[torch] epoch  9999/10000  loss=2.793148e-02  [+0.05024 +0.02009 -0.00056 -0.02153 +0.21279 +0.09930 +0.09415 +0.03335 +0.13359 +218.05192 +2.24603 +0.09191 +0.00469 +0.00353 +0.00528 +0.00000]
[eval@ 10000] 留出集窗口 RMSE[°] 电机/云台/小yaw = 0.593/0.080/0.063  角速度 = 0.2597/0.0395/0.0364

==============================================================================
辨识结果（输出误差法, 段数=100, 轴=both）  用时 2354.8s
配方: ★ 全批配方(epochs=10000 个**全批** Adam 步, 每步 batch=全部段)—— 同一损失，只是把原配方的'每段一次更新'合并成'每 epoch 一次'；Adam/总步数=10000；参数限位=无（无上下界 / 无 clamp / 无投影 / 无惩罚项）
 # 参数                         初值           估计           变化  单位
   ---- 平面 8 参（云台/小 yaw 子块）----
 0 Jbig_eff             0.051893     0.050243    -0.001650  kg·m²
 1 Js                   0.009162     0.020086    +0.010924  kg·m²
 2 Px                   0.001897    -0.000564    -0.002461  kg·m
 3 Py                  -0.001017    -0.021527    -0.020510  kg·m
 4 fc_big               0.103360     0.212790    +0.109430  N·m
 5 fv_big               0.209044     0.099302    -0.109742  N·m·s/rad
 6 fc_small             0.030582     0.094148    +0.063566  N·m
 7 fv_small             0.048735     0.033348    -0.015387  N·m·s/rad
   ---- ★ 新增: 大 yaw 背隙 / 电机侧 ----
 8 backlash_delta       0.087300     0.133589    +0.046289  rad   (= 7.654°)
 9 backlash_k         200.000000   218.051916   +18.051916  N·m/rad
10 backlash_c           2.000000     2.246033    +0.246033  N·m·s/rad
11 backlash_through     0.002000     0.091907    +0.089907  —
12 Jmotor               0.006000     0.004691    -0.001309  kg·m²
13 fc_motor             0.030000     0.003528    -0.026472  N·m
14 fv_motor             0.010000     0.005277    -0.004723  N·m·s/rad
15 backlash_beta        0.000000     0.000000    +0.000000  rad
==============================================================================
全批前向仿真 val_loss = 4.243518e-02
  ★ 估计参数（留出集）: 窗口(0.1s) RMSE: 角度[°] 电机/云台/小yaw = 0.593 / 0.080 / 0.063; 角速度[rad/s] = 0.2597 / 0.0395 / 0.0364
               整段开环 RMSE: 角度[°] 电机/云台/小yaw = 3.244 / 2.676 / 0.855
    （对照）初值: 窗口(0.1s) RMSE: 角度[°] 电机/云台/小yaw = 0.657 / 0.174 / 0.873; 角速度[rad/s] = 0.2901 / 0.0718 / 0.3499
loss 曲线: 共 10000 点；前 5 个 = 9.939856e-02, 8.608645e-02, 8.716545e-02, 9.341574e-02, 8.314254e-02
           后 5 个 = 4.079993e-02, 3.016160e-02, 2.485406e-02, 3.028482e-02, 2.793148e-02
            前 5 均值=8.995990e-02 → 后 5 均值=2.850261e-02（比值 0.3168，最小值 4.872387e-03）  ⇒ 下降 ✓
可粘贴到 include/tcbs/mpc/planar_yaw_params.h:
  p.Jbig_eff = 0.050243;  p.Js = 0.020086;
  p.Px = -0.000564;  p.Py = -0.021527;
  p.fcBig = 0.212790;  p.fvBig = 0.099302;
  p.fcSmall = 0.094148;  p.fvSmall = 0.033348;
  p.backlash_delta = 0.133589;  p.backlash_k = 218.0519;
  p.backlash_c = 2.2460;  p.backlash_through = 0.091907;
  p.Jmotor = 0.004691;  p.fcMotor = 0.003528;
  p.fvMotor = 0.005277;  // β 由估计器在线给（离线拟合值 +0.000000 仅供参考）
留出集学习曲线（40 个点，epoch 250..10000）:
  epoch    250: 角度 RMSE[°] 0.584/0.159/0.744   角速度 0.2710/0.0665/0.3003
  epoch   1250: 角度 RMSE[°] 0.583/0.140/0.458   角速度 0.2627/0.0596/0.1859
  epoch   2250: 角度 RMSE[°] 0.586/0.116/0.293   角速度 0.2617/0.0513/0.1210
  epoch   3250: 角度 RMSE[°] 0.587/0.101/0.193   角速度 0.2610/0.0460/0.0823
  epoch   4250: 角度 RMSE[°] 0.590/0.093/0.133   角速度 0.2609/0.0431/0.0600
  epoch   5250: 角度 RMSE[°] 0.593/0.086/0.101   角速度 0.2608/0.0410/0.0486
  epoch   6250: 角度 RMSE[°] 0.591/0.082/0.085   角速度 0.2607/0.0398/0.0430
  epoch   7250: 角度 RMSE[°] 0.593/0.082/0.075   角速度 0.2602/0.0399/0.0397
  epoch   8250: 角度 RMSE[°] 0.593/0.081/0.068   角速度 0.2601/0.0399/0.0380
  epoch   9250: 角度 RMSE[°] 0.593/0.079/0.065   角速度 0.2599/0.0394/0.0369
  epoch  10000: 角度 RMSE[°] 0.593/0.080/0.063   角速度 0.2597/0.0395/0.0364
/home/huhu233/.config/matplotlib is not a writable directory
Matplotlib created a temporary cache directory at /tmp/matplotlib-8u5dr_ry because there was an issue with the default path (/home/huhu233/.config/matplotlib); it is highly recommended to set the MPLCONFIGDIR environment variable to a writable directory, in particular to speed up the import of Matplotlib and to better support multiprocessing.
/home/huhu233/.local/lib/python3.10/site-packages/matplotlib/projections/__init__.py:63: UserWarning: Unable to import Axes3D. This may be due to multiple versions of Matplotlib being installed (e.g. as a system package and as a pip package). As a result, the 3D projection is not available.
  warnings.warn("Unable to import Axes3D. This may be due to multiple versions of "
[plot] 已保存 _tmp10k/state/ident_convergence.png  (368.5 KB)
[plot] 已保存 _tmp10k/state/ident_traj.png  (289.2 KB)
[plot] 已保存 _tmp10k/state/ident_convergence_learning.png  (70.4 KB)
[out] 已写入 _tmp10k/state/params.txt
exit=0
