[load] 共读入 100 段数据（100 个文件，跳过 0 个）
[torch] 原仓库配方：epochs=300 × 段数100 个 Adam 步（epochs = 原仓库 1000 的 1/5），每次 10 步(0.1 s)随机片段，lr=0.0003（常数），损失 = 角度wrap MSE + 角速度 MSE(等权)，EULER 积分，无限位(log 参数化)
[torch] 数据: 100 段 → 100 个 sample（最长 300 点 = 3.00 s，水平(重力=0)）；拟合轴=both，自由参数=8；参数化: log 参数化: Jbig_eff,Js,fc_big,fv_big,fc_small,fv_small; 自由参数: Px,Py；参数限位: 无（无上下界 / 无 clamp / 无投影 / 无惩罚项）
[torch] 初值 φ0 = [+0.02400 +0.01300 +0.00000 +0.00000 +0.09000 +0.03000 +0.03000 +0.00800]（来源: 默认 CAD/占位初值 defaultModelParams()）
[torch] epoch     0/300  loss=8.577746e-02  [+0.02425 +0.01305 -0.01150 +0.00185 +0.09129 +0.03029 +0.03055 +0.00812]
[torch] epoch     1/300  loss=5.327209e-02  [+0.02443 +0.01317 -0.02021 +0.00093 +0.09233 +0.03043 +0.03108 +0.00822]
[torch] epoch     2/300  loss=6.939121e-02  [+0.02471 +0.01326 -0.02861 +0.00095 +0.09382 +0.03076 +0.03167 +0.00834]
[torch] epoch     3/300  loss=6.816112e-02  [+0.02501 +0.01335 -0.03437 +0.00330 +0.09538 +0.03113 +0.03229 +0.00846]
[torch] epoch     4/300  loss=5.619296e-02  [+0.02526 +0.01347 -0.03928 +0.00435 +0.09680 +0.03139 +0.03288 +0.00858]
[torch] epoch    50/300  loss=6.100904e-03  [+0.03536 +0.01671 -0.02390 +0.01513 +0.16140 +0.04324 +0.07064 +0.01441]
[torch] epoch   100/300  loss=1.239628e-04  [+0.04245 +0.01719 +0.04040 +0.01443 +0.21156 +0.05199 +0.10210 +0.01833]
[torch] epoch   150/300  loss=4.315522e-05  [+0.04802 +0.01913 +0.02433 +0.00744 +0.22141 +0.05333 +0.09988 +0.01861]
[torch] epoch   200/300  loss=3.477689e-05  [+0.04955 +0.02013 +0.00788 +0.00947 +0.22161 +0.05535 +0.09856 +0.02139]
[torch] epoch   250/300  loss=2.943811e-05  [+0.04994 +0.02009 +0.00621 +0.00542 +0.22169 +0.05480 +0.09847 +0.02405]
[torch] epoch   295/300  loss=3.532796e-05  [+0.05046 +0.02010 +0.00755 +0.00498 +0.21979 +0.05511 +0.09749 +0.02567]
[torch] epoch   296/300  loss=3.108827e-05  [+0.05020 +0.02018 +0.01024 +0.00113 +0.22079 +0.05521 +0.09748 +0.02574]
[torch] epoch   297/300  loss=3.593779e-05  [+0.05015 +0.02015 +0.00716 +0.00396 +0.22069 +0.05521 +0.09801 +0.02593]
[torch] epoch   298/300  loss=3.003069e-05  [+0.04994 +0.02019 +0.00747 +0.00804 +0.22059 +0.05515 +0.09766 +0.02593]
[torch] epoch   299/300  loss=3.881188e-05  [+0.05000 +0.02014 +0.00715 +0.00529 +0.22010 +0.05510 +0.09792 +0.02601]

==============================================================================
辨识结果（输出误差法, 段数=100, 轴=both）  用时 8926.2s
配方: 原仓库配方(epochs×段数 个单片段 Adam 步)；Adam/总步数=30000；参数限位=无（无上下界 / 无 clamp / 无投影 / 无惩罚项）
 # 参数                   初值           估计           变化  单位
 0 Jbig_eff       0.024000     0.049999    +0.025999  kg·m²
 1 Js             0.013000     0.020137    +0.007137  kg·m²
 2 Px             0.000000     0.007145    +0.007145  kg·m
 3 Py             0.000000     0.005287    +0.005287  kg·m
 4 fc_big         0.090000     0.220105    +0.130105  N·m
 5 fv_big         0.030000     0.055096    +0.025096  N·m·s/rad
 6 fc_small       0.030000     0.097925    +0.067925  N·m
 7 fv_small       0.008000     0.026012    +0.018012  N·m·s/rad
==============================================================================
loss 曲线: 共 300 点；前 5 个 = 8.577746e-02, 5.327209e-02, 6.939121e-02, 6.816112e-02, 5.619296e-02
           后 5 个 = 3.532796e-05, 3.108827e-05, 3.593779e-05, 3.003069e-05, 3.881188e-05
            前 5 均值=5.848452e-02 → 后 5 均值=3.168709e-05（比值 0.0005，最小值 2.288996e-05）  ⇒ 下降 ✓
可粘贴到 include/mpc/planar_yaw_params.h:
  p.Jbig_eff = 0.049999;  p.Js = 0.020137;
  p.Px = 0.007145;  p.Py = 0.005287;
  p.fcBig = 0.220105;  p.fvBig = 0.055096;
  p.fcSmall = 0.097925;  p.fvSmall = 0.026012;
/home/huhu233/.config/matplotlib is not a writable directory
Matplotlib created a temporary cache directory at /tmp/matplotlib-5n5p2jou because there was an issue with the default path (/home/huhu233/.config/matplotlib); it is highly recommended to set the MPLCONFIGDIR environment variable to a writable directory, in particular to speed up the import of Matplotlib and to better support multiprocessing.
/home/huhu233/.local/lib/python3.10/site-packages/matplotlib/projections/__init__.py:63: UserWarning: Unable to import Axes3D. This may be due to multiple versions of Matplotlib being installed (e.g. as a system package and as a pip package). As a result, the 3D projection is not available.
  warnings.warn("Unable to import Axes3D. This may be due to multiple versions of "
[plot] 已保存 data/sysid/ident_torch_lam1000_convergence.png  (261.0 KB)
[plot] 已保存 data/sysid/ident_torch_lam1000_traj.png  (262.6 KB)
[out] 已写入 data/sysid/ident_torch_lam1000.txt
