[load] 共读入 100 段数据（100 个文件，跳过 0 个）
[torch] 原仓库配方：epochs=1000 × 段数100 个 Adam 步（epochs = 原仓库 1000 的 1/5），每次 10 步(0.1 s)随机片段，lr=0.0003（常数），损失 = 角度wrap MSE + 角速度 MSE(等权)，EULER 积分，无限位(log 参数化)
[torch] 数据: 100 段 → 100 个 sample（最长 300 点 = 3.00 s，水平(重力=0)）；拟合轴=both，自由参数=8；参数化: log 参数化: Jbig_eff,Js,fc_big,fv_big,fc_small,fv_small; 自由参数: Px,Py；参数限位: 无（无上下界 / 无 clamp / 无投影 / 无惩罚项）
[torch] 初值 φ0 = [+0.02400 +0.01300 +0.00000 +0.00000 +0.09000 +0.03000 +0.03000 +0.00800]（来源: 默认 CAD/占位初值 defaultModelParams()）
[torch] epoch     0/1000  loss=8.828763e-02  [+0.02425 +0.01305 -0.01171 +0.00179 +0.09130 +0.03030 +0.03055 +0.00812]
[torch] epoch     1/1000  loss=5.506532e-02  [+0.02443 +0.01317 -0.02053 +0.00084 +0.09233 +0.03044 +0.03109 +0.00823]
[torch] epoch     2/1000  loss=7.079486e-02  [+0.02472 +0.01326 -0.02904 +0.00086 +0.09382 +0.03076 +0.03168 +0.00834]
[torch] epoch     3/1000  loss=6.992135e-02  [+0.02502 +0.01336 -0.03488 +0.00323 +0.09538 +0.03114 +0.03232 +0.00847]
[torch] epoch     4/1000  loss=5.759467e-02  [+0.02527 +0.01348 -0.03993 +0.00425 +0.09679 +0.03139 +0.03292 +0.00859]
[torch] epoch   100/1000  loss=1.758147e-04  [+0.04276 +0.01739 +0.03509 +0.01409 +0.21362 +0.05159 +0.10335 +0.01814]
[torch] epoch   200/1000  loss=6.653067e-05  [+0.05130 +0.02092 -0.00159 +0.00838 +0.22497 +0.05223 +0.10023 +0.01766]
[torch] epoch   300/1000  loss=5.750932e-05  [+0.05109 +0.02098 +0.00458 +0.00418 +0.22516 +0.05134 +0.10043 +0.01826]
[torch] epoch   400/1000  loss=6.615167e-05  [+0.05088 +0.02081 -0.00329 +0.00739 +0.22465 +0.05233 +0.10013 +0.01925]
[torch] epoch   500/1000  loss=6.275915e-05  [+0.05093 +0.02088 +0.00121 +0.00659 +0.22355 +0.05201 +0.10046 +0.01927]
[torch] epoch   600/1000  loss=6.521456e-05  [+0.05122 +0.02089 +0.00111 +0.01090 +0.22406 +0.05204 +0.10105 +0.01913]
[torch] epoch   700/1000  loss=6.590671e-05  [+0.05103 +0.02082 +0.00171 +0.00580 +0.22491 +0.05182 +0.10009 +0.01896]
[torch] epoch   800/1000  loss=6.880005e-05  [+0.05100 +0.02079 +0.00084 +0.00498 +0.22561 +0.05207 +0.10070 +0.01848]
[torch] epoch   900/1000  loss=5.859076e-05  [+0.05080 +0.02083 +0.00444 +0.00268 +0.22424 +0.05162 +0.10019 +0.01842]
[torch] epoch   995/1000  loss=6.039891e-05  [+0.05138 +0.02089 +0.00185 +0.00605 +0.22338 +0.05171 +0.10063 +0.01920]
[torch] epoch   996/1000  loss=7.315613e-05  [+0.05116 +0.02089 +0.00059 +0.00218 +0.22330 +0.05168 +0.10041 +0.01918]
[torch] epoch   997/1000  loss=6.571589e-05  [+0.05102 +0.02093 +0.00114 +0.00369 +0.22456 +0.05197 +0.10014 +0.01915]
[torch] epoch   998/1000  loss=6.381011e-05  [+0.05106 +0.02091 +0.00208 +0.00499 +0.22415 +0.05192 +0.10017 +0.01913]
[torch] epoch   999/1000  loss=6.146403e-05  [+0.05116 +0.02085 +0.00030 +0.00372 +0.22446 +0.05202 +0.10024 +0.01914]

==============================================================================
辨识结果（输出误差法, 段数=100, 轴=both）  用时 2169.5s
配方: 原仓库配方(epochs×段数 个单片段 Adam 步)；Adam/总步数=100000；参数限位=无（无上下界 / 无 clamp / 无投影 / 无惩罚项）
 # 参数                   初值           估计           变化  单位
 0 Jbig_eff       0.024000     0.051163    +0.027163  kg·m²
 1 Js             0.013000     0.020853    +0.007853  kg·m²
 2 Px             0.000000     0.000299    +0.000299  kg·m
 3 Py             0.000000     0.003724    +0.003724  kg·m
 4 fc_big         0.090000     0.224457    +0.134457  N·m
 5 fv_big         0.030000     0.052021    +0.022021  N·m·s/rad
 6 fc_small       0.030000     0.100235    +0.070235  N·m
 7 fv_small       0.008000     0.019136    +0.011136  N·m·s/rad
==============================================================================
loss 曲线: 共 1000 点；前 5 个 = 8.828763e-02, 5.506532e-02, 7.079486e-02, 6.992135e-02, 5.759467e-02
           后 5 个 = 6.039891e-05, 7.315613e-05, 6.571589e-05, 6.381011e-05, 6.146403e-05
            前 5 均值=6.000216e-02 → 后 5 均值=6.364877e-05（比值 0.0011，最小值 4.974292e-05）  ⇒ 下降 ✓
可粘贴到 include/mpc/planar_yaw_params.h:
  p.Jbig_eff = 0.051163;  p.Js = 0.020853;
  p.Px = 0.000299;  p.Py = 0.003724;
  p.fcBig = 0.224457;  p.fvBig = 0.052021;
  p.fcSmall = 0.100235;  p.fvSmall = 0.019136;
/home/huhu233/.config/matplotlib is not a writable directory
Matplotlib created a temporary cache directory at /tmp/matplotlib-hkv342si because there was an issue with the default path (/home/huhu233/.config/matplotlib); it is highly recommended to set the MPLCONFIGDIR environment variable to a writable directory, in particular to speed up the import of Matplotlib and to better support multiprocessing.
/home/huhu233/.local/lib/python3.10/site-packages/matplotlib/projections/__init__.py:63: UserWarning: Unable to import Axes3D. This may be due to multiple versions of Matplotlib being installed (e.g. as a system package and as a pip package). As a result, the 3D projection is not available.
  warnings.warn("Unable to import Axes3D. This may be due to multiple versions of "
[plot] 已保存 data/sysid/ident_torch_lam1e5_level_convergence.png  (270.8 KB)
[plot] 已保存 data/sysid/ident_torch_lam1e5_level_traj.png  (244.5 KB)
[out] 已写入 data/sysid/ident_torch_lam1e5_level.txt
