[load] 共读入 100 段数据（100 个文件，跳过 0 个）
[torch] 原仓库配方：epochs=1000 × 段数100 个 Adam 步（epochs = 原仓库 1000 的 1/5），每次 10 步(0.1 s)随机片段，lr=0.0003（常数），损失 = 角度wrap MSE + 角速度 MSE(等权)，EULER 积分，无限位(log 参数化)
[torch] 数据: 100 段 → 100 个 sample（最长 300 点 = 3.00 s，带静态倾斜重力）；拟合轴=both，自由参数=8；参数化: log 参数化: Jbig_eff,Js,fc_big,fv_big,fc_small,fv_small; 自由参数: Px,Py；参数限位: 无（无上下界 / 无 clamp / 无投影 / 无惩罚项）
[torch] 初值 φ0 = [+0.02400 +0.01300 +0.00000 +0.00000 +0.09000 +0.03000 +0.03000 +0.00800]（来源: 默认 CAD/占位初值 defaultModelParams()）
[torch] epoch     0/1000  loss=9.411090e-02  [+0.02426 +0.01307 -0.00534 +0.00252 +0.09134 +0.03030 +0.03056 +0.00812]
[torch] epoch     1/1000  loss=6.183878e-02  [+0.02444 +0.01321 -0.00744 +0.00596 +0.09242 +0.03044 +0.03111 +0.00823]
[torch] epoch     2/1000  loss=7.925159e-02  [+0.02473 +0.01332 -0.01035 +0.00605 +0.09394 +0.03077 +0.03173 +0.00836]
[torch] epoch     3/1000  loss=7.790282e-02  [+0.02503 +0.01344 -0.01263 +0.00820 +0.09558 +0.03114 +0.03237 +0.00849]
[torch] epoch     4/1000  loss=6.802751e-02  [+0.02529 +0.01359 -0.01174 +0.00966 +0.09712 +0.03139 +0.03302 +0.00862]
[torch] epoch   100/1000  loss=1.965924e-04  [+0.04317 +0.01777 +0.01017 +0.00465 +0.21418 +0.05110 +0.10110 +0.01753]
[torch] epoch   200/1000  loss=6.576421e-05  [+0.05062 +0.02057 +0.00940 +0.00336 +0.22237 +0.05161 +0.10057 +0.01765]
[torch] epoch   300/1000  loss=6.729720e-05  [+0.05074 +0.02053 +0.01008 +0.00458 +0.22507 +0.05131 +0.10136 +0.01723]
[torch] epoch   400/1000  loss=6.814571e-05  [+0.05061 +0.02064 +0.00994 +0.00531 +0.22529 +0.05166 +0.10076 +0.01726]
[torch] epoch   500/1000  loss=7.135451e-05  [+0.05046 +0.02047 +0.00835 +0.00550 +0.22390 +0.05160 +0.10065 +0.01735]
[torch] epoch   600/1000  loss=7.007836e-05  [+0.05080 +0.02066 +0.00758 +0.00467 +0.22541 +0.05060 +0.10145 +0.01763]
[torch] epoch   700/1000  loss=6.474348e-05  [+0.05060 +0.02056 +0.00926 +0.00558 +0.22462 +0.05134 +0.10108 +0.01733]
[torch] epoch   800/1000  loss=7.277977e-05  [+0.05049 +0.02056 +0.01111 +0.00466 +0.22427 +0.05113 +0.10118 +0.01686]
[torch] epoch   900/1000  loss=5.926219e-05  [+0.05051 +0.02057 +0.00828 +0.00453 +0.22392 +0.05112 +0.10063 +0.01712]
[torch] epoch   995/1000  loss=6.647105e-05  [+0.05018 +0.02064 +0.00912 +0.00443 +0.22314 +0.05149 +0.10107 +0.01731]
[torch] epoch   996/1000  loss=8.157321e-05  [+0.05047 +0.02063 +0.00718 +0.00422 +0.22315 +0.05160 +0.10117 +0.01734]
[torch] epoch   997/1000  loss=7.005998e-05  [+0.05054 +0.02064 +0.00981 +0.00467 +0.22349 +0.05173 +0.10148 +0.01733]
[torch] epoch   998/1000  loss=6.752865e-05  [+0.05053 +0.02067 +0.00926 +0.00363 +0.22314 +0.05179 +0.10130 +0.01731]
[torch] epoch   999/1000  loss=7.328976e-05  [+0.05059 +0.02062 +0.01058 +0.00455 +0.22317 +0.05180 +0.10098 +0.01726]

==============================================================================
辨识结果（输出误差法, 段数=100, 轴=both）  用时 2381.0s
配方: 原仓库配方(epochs×段数 个单片段 Adam 步)；Adam/总步数=100000；参数限位=无（无上下界 / 无 clamp / 无投影 / 无惩罚项）
 # 参数                   初值           估计           变化  单位
 0 Jbig_eff       0.024000     0.050587    +0.026587  kg·m²
 1 Js             0.013000     0.020618    +0.007618  kg·m²
 2 Px             0.000000     0.010585    +0.010585  kg·m
 3 Py             0.000000     0.004545    +0.004545  kg·m
 4 fc_big         0.090000     0.223170    +0.133170  N·m
 5 fv_big         0.030000     0.051802    +0.021802  N·m·s/rad
 6 fc_small       0.030000     0.100984    +0.070984  N·m
 7 fv_small       0.008000     0.017259    +0.009259  N·m·s/rad
==============================================================================
loss 曲线: 共 1000 点；前 5 个 = 9.411090e-02, 6.183878e-02, 7.925159e-02, 7.790282e-02, 6.802751e-02
           后 5 个 = 6.647105e-05, 8.157321e-05, 7.005998e-05, 6.752865e-05, 7.328976e-05
            前 5 均值=6.833764e-02 → 后 5 均值=7.026138e-05（比值 0.0010，最小值 5.087002e-05）  ⇒ 下降 ✓
可粘贴到 include/mpc/planar_yaw_params.h:
  p.Jbig_eff = 0.050587;  p.Js = 0.020618;
  p.Px = 0.010585;  p.Py = 0.004545;
  p.fcBig = 0.223170;  p.fvBig = 0.051802;
  p.fcSmall = 0.100984;  p.fvSmall = 0.017259;
/home/huhu233/.config/matplotlib is not a writable directory
Matplotlib created a temporary cache directory at /tmp/matplotlib-7mrr4amk because there was an issue with the default path (/home/huhu233/.config/matplotlib); it is highly recommended to set the MPLCONFIGDIR environment variable to a writable directory, in particular to speed up the import of Matplotlib and to better support multiprocessing.
/home/huhu233/.local/lib/python3.10/site-packages/matplotlib/projections/__init__.py:63: UserWarning: Unable to import Axes3D. This may be due to multiple versions of Matplotlib being installed (e.g. as a system package and as a pip package). As a result, the 3D projection is not available.
  warnings.warn("Unable to import Axes3D. This may be due to multiple versions of "
[plot] 已保存 data/sysid/ident_torch_lam1e5_tilt10_convergence.png  (262.2 KB)
[plot] 已保存 data/sysid/ident_torch_lam1e5_tilt10_traj.png  (244.0 KB)
[out] 已写入 data/sysid/ident_torch_lam1e5_tilt10.txt
