/home/huhu233/.config/matplotlib is not a writable directory
Matplotlib created a temporary cache directory at /tmp/matplotlib-1hhendt9 because there was an issue with the default path (/home/huhu233/.config/matplotlib); it is highly recommended to set the MPLCONFIGDIR environment variable to a writable directory, in particular to speed up the import of Matplotlib and to better support multiprocessing.
/home/huhu233/.local/lib/python3.10/site-packages/matplotlib/projections/__init__.py:63: UserWarning: Unable to import Axes3D. This may be due to multiple versions of Matplotlib being installed (e.g. as a system package and as a pip package). As a result, the 3D projection is not available.
  warnings.warn("Unable to import Axes3D. This may be due to multiple versions of "
[load] 共读入 100 段数据（100 个文件，跳过 0 个）
[torch] 原仓库配方：epochs=5000 × 段数100 个 Adam 步（epochs = 原仓库 1000 的 1/5），每次 10 步(0.1 s)随机片段，lr=0.0003（常数），损失 = 角度wrap MSE + 角速度 MSE(等权)，EULER 积分，无限位(log 参数化)
[torch] 数据: 100 段 → 100 个 sample（最长 300 点 = 3.00 s，水平(重力=0)）；拟合轴=both，自由参数=8；参数化: log 参数化: Jbig_eff,Js,fc_big,fv_big,fc_small,fv_small; 自由参数: Px,Py；参数限位: 无（无上下界 / 无 clamp / 无投影 / 无惩罚项）
[torch] 初值 φ0 = [+0.02400 +0.01300 +0.00000 +0.00000 +0.09000 +0.03000 +0.03000 +0.00800]（来源: 默认 CAD/占位初值 defaultModelParams()）
[torch] epoch     0/5000  loss=9.070629e-02  [+0.02425 +0.01304 -0.01233 +0.00173 +0.09126 +0.03029 +0.03056 +0.00813]
[torch] epoch     1/5000  loss=5.875940e-02  [+0.02443 +0.01316 -0.02212 +0.00069 +0.09220 +0.03044 +0.03112 +0.00825]
[torch] epoch     2/5000  loss=7.464239e-02  [+0.02472 +0.01324 -0.03140 +0.00057 +0.09368 +0.03077 +0.03172 +0.00837]
[torch] epoch     3/5000  loss=7.350947e-02  [+0.02503 +0.01334 -0.03724 +0.00281 +0.09520 +0.03115 +0.03234 +0.00850]
[torch] epoch     4/5000  loss=6.319750e-02  [+0.02529 +0.01345 -0.04290 +0.00406 +0.09657 +0.03141 +0.03296 +0.00863]
[torch] epoch   500/5000  loss=7.877901e-04  [+0.08291 +0.03284 -0.20252 +0.00525 +0.25881 +0.02738 +0.12159 +0.00499]
[torch] epoch  1000/5000  loss=8.096839e-04  [+0.08282 +0.03297 -0.21295 +0.00122 +0.26081 +0.02681 +0.12197 +0.00133]
[torch] epoch  1500/5000  loss=7.231142e-04  [+0.08124 +0.03352 -0.20835 -0.00756 +0.26027 +0.02730 +0.12256 +0.00036]
[torch] epoch  2000/5000  loss=7.215447e-04  [+0.08368 +0.03337 -0.21273 -0.00156 +0.26185 +0.02680 +0.12332 +0.00010]
[torch] epoch  2500/5000  loss=7.233531e-04  [+0.08229 +0.03310 -0.20562 -0.00613 +0.26335 +0.02663 +0.12167 +0.00003]
[torch] epoch  3000/5000  loss=7.563381e-04  [+0.08340 +0.03292 -0.20987 +0.01232 +0.26050 +0.02705 +0.12150 +0.00001]
[torch] epoch  3500/5000  loss=8.464866e-04  [+0.08300 +0.03397 -0.21098 +0.00074 +0.26143 +0.02671 +0.12240 +0.00000]
[torch] epoch  4000/5000  loss=8.309063e-04  [+0.08296 +0.03391 -0.21485 +0.01240 +0.26206 +0.02721 +0.12399 +0.00000]
[torch] epoch  4500/5000  loss=6.797919e-04  [+0.08339 +0.03228 -0.20620 -0.00602 +0.26144 +0.02664 +0.12237 +0.00000]
[torch] epoch  4995/5000  loss=7.399389e-04  [+0.08201 +0.03323 -0.20721 -0.00111 +0.26098 +0.02694 +0.12203 +0.00000]
[torch] epoch  4996/5000  loss=6.944970e-04  [+0.08209 +0.03315 -0.20917 +0.00138 +0.26113 +0.02700 +0.12244 +0.00000]
[torch] epoch  4997/5000  loss=7.459199e-04  [+0.08189 +0.03306 -0.21207 +0.00306 +0.25988 +0.02698 +0.12218 +0.00000]
[torch] epoch  4998/5000  loss=7.078336e-04  [+0.08202 +0.03303 -0.20743 +0.00710 +0.26039 +0.02702 +0.12198 +0.00000]
[torch] epoch  4999/5000  loss=7.543118e-04  [+0.08199 +0.03296 -0.21240 +0.00357 +0.26047 +0.02693 +0.12223 +0.00000]

==============================================================================
辨识结果（输出误差法, 段数=100, 轴=both）  用时 3967.4s
配方: 原仓库配方(epochs×段数 个单片段 Adam 步)；Adam/总步数=500000；参数限位=无（无上下界 / 无 clamp / 无投影 / 无惩罚项）
 # 参数                   初值           估计           变化  单位
 0 Jbig_eff       0.024000     0.081989    +0.057989  kg·m²
 1 Js             0.013000     0.032959    +0.019959  kg·m²
 2 Px             0.000000    -0.212398    -0.212398  kg·m
 3 Py             0.000000     0.003565    +0.003565  kg·m
 4 fc_big         0.090000     0.260468    +0.170468  N·m
 5 fv_big         0.030000     0.026932    -0.003068  N·m·s/rad
 6 fc_small       0.030000     0.122233    +0.092233  N·m
 7 fv_small       0.008000     0.000001    -0.007999  N·m·s/rad
==============================================================================
loss 曲线: 共 5000 点；前 5 个 = 9.070629e-02, 5.875940e-02, 7.464239e-02, 7.350947e-02, 6.319750e-02
           后 5 个 = 7.399389e-04, 6.944970e-04, 7.459199e-04, 7.078336e-04, 7.543118e-04
            前 5 均值=6.422034e-02 → 后 5 均值=7.346283e-04（比值 0.0114，最小值 5.521212e-04）  ⇒ 下降 ✓
可粘贴到 include/mpc/planar_yaw_params.h:
  p.Jbig_eff = 0.081989;  p.Js = 0.032959;
  p.Px = -0.212398;  p.Py = 0.003565;
  p.fcBig = 0.260468;  p.fvBig = 0.026932;
  p.fcSmall = 0.122233;  p.fvSmall = 0.000001;
[plot] 已保存 data/sysid/ident_torch_e5000_convergence.png  (265.0 KB)
[plot] 已保存 data/sysid/ident_torch_e5000_traj.png  (200.7 KB)
[out] 已写入 data/sysid/ident_torch_e5000.txt
