==============================================================
 identify_params — 平面 8 参模型辨识 (加权 LS + SVD 截断)
 参数: Jbig_eff Js Px Py fc_big fv_big fc_small fv_small
==============================================================
几何: dx=0.1 dy=0 (defaultModelParams 被 --dx/--dy 覆盖)
held=drop  align-shift=auto  trunc=1e-07  tikhonov=0  SNR加权=on  smooth=3
gravity_a(默认, m/s²) = (0, 0)

---- 数据 ----
  data/sysid/sim100/sim_big_00.csv: 300 样本, dt中位=0.01 s, 段数=1, axis(big/small/未知)=300/0/0
  data/sysid/sim100/sim_big_01.csv: 300 样本, dt中位=0.01 s, 段数=1, axis(big/small/未知)=300/0/0
  data/sysid/sim100/sim_big_02.csv: 300 样本, dt中位=0.01 s, 段数=1, axis(big/small/未知)=300/0/0
  data/sysid/sim100/sim_big_03.csv: 300 样本, dt中位=0.01 s, 段数=1, axis(big/small/未知)=300/0/0
  data/sysid/sim100/sim_big_04.csv: 300 样本, dt中位=0.01 s, 段数=1, axis(big/small/未知)=300/0/0
  data/sysid/sim100/sim_big_05.csv: 300 样本, dt中位=0.01 s, 段数=1, axis(big/small/未知)=300/0/0
  data/sysid/sim100/sim_big_06.csv: 300 样本, dt中位=0.01 s, 段数=1, axis(big/small/未知)=300/0/0
  data/sysid/sim100/sim_big_07.csv: 300 样本, dt中位=0.01 s, 段数=1, axis(big/small/未知)=300/0/0
  data/sysid/sim100/sim_big_08.csv: 300 样本, dt中位=0.01 s, 段数=1, axis(big/small/未知)=300/0/0
  data/sysid/sim100/sim_big_09.csv: 300 样本, dt中位=0.01 s, 段数=1, axis(big/small/未知)=300/0/0
  data/sysid/sim100/sim_big_10.csv: 300 样本, dt中位=0.01 s, 段数=1, axis(big/small/未知)=300/0/0
  data/sysid/sim100/sim_big_11.csv: 300 样本, dt中位=0.01 s, 段数=1, axis(big/small/未知)=300/0/0
  data/sysid/sim100/sim_big_12.csv: 300 样本, dt中位=0.01 s, 段数=1, axis(big/small/未知)=300/0/0
  data/sysid/sim100/sim_big_13.csv: 300 样本, dt中位=0.01 s, 段数=1, axis(big/small/未知)=300/0/0
  data/sysid/sim100/sim_big_14.csv: 300 样本, dt中位=0.01 s, 段数=1, axis(big/small/未知)=300/0/0
  data/sysid/sim100/sim_big_15.csv: 300 样本, dt中位=0.01 s, 段数=1, axis(big/small/未知)=300/0/0
  data/sysid/sim100/sim_big_16.csv: 300 样本, dt中位=0.01 s, 段数=1, axis(big/small/未知)=300/0/0
  data/sysid/sim100/sim_big_17.csv: 300 样本, dt中位=0.01 s, 段数=1, axis(big/small/未知)=300/0/0
  data/sysid/sim100/sim_big_18.csv: 300 样本, dt中位=0.01 s, 段数=1, axis(big/small/未知)=300/0/0
  data/sysid/sim100/sim_big_19.csv: 300 样本, dt中位=0.01 s, 段数=1, axis(big/small/未知)=300/0/0
  data/sysid/sim100/sim_big_20.csv: 300 样本, dt中位=0.01 s, 段数=1, axis(big/small/未知)=300/0/0
  data/sysid/sim100/sim_big_21.csv: 300 样本, dt中位=0.01 s, 段数=1, axis(big/small/未知)=300/0/0
  data/sysid/sim100/sim_big_22.csv: 300 样本, dt中位=0.01 s, 段数=1, axis(big/small/未知)=300/0/0
  data/sysid/sim100/sim_big_23.csv: 300 样本, dt中位=0.01 s, 段数=1, axis(big/small/未知)=300/0/0
  data/sysid/sim100/sim_big_24.csv: 300 样本, dt中位=0.01 s, 段数=1, axis(big/small/未知)=300/0/0
  data/sysid/sim100/sim_big_25.csv: 300 样本, dt中位=0.01 s, 段数=1, axis(big/small/未知)=300/0/0
  data/sysid/sim100/sim_big_26.csv: 300 样本, dt中位=0.01 s, 段数=1, axis(big/small/未知)=300/0/0
  data/sysid/sim100/sim_big_27.csv: 300 样本, dt中位=0.01 s, 段数=1, axis(big/small/未知)=300/0/0
  data/sysid/sim100/sim_big_28.csv: 300 样本, dt中位=0.01 s, 段数=1, axis(big/small/未知)=300/0/0
  data/sysid/sim100/sim_big_29.csv: 300 样本, dt中位=0.01 s, 段数=1, axis(big/small/未知)=300/0/0
  data/sysid/sim100/sim_big_30.csv: 300 样本, dt中位=0.01 s, 段数=1, axis(big/small/未知)=300/0/0
  data/sysid/sim100/sim_big_31.csv: 300 样本, dt中位=0.01 s, 段数=1, axis(big/small/未知)=300/0/0
  data/sysid/sim100/sim_big_32.csv: 300 样本, dt中位=0.01 s, 段数=1, axis(big/small/未知)=300/0/0
  data/sysid/sim100/sim_big_33.csv: 300 样本, dt中位=0.01 s, 段数=1, axis(big/small/未知)=300/0/0
  data/sysid/sim100/sim_big_34.csv: 300 样本, dt中位=0.01 s, 段数=1, axis(big/small/未知)=300/0/0
  data/sysid/sim100/sim_big_35.csv: 300 样本, dt中位=0.01 s, 段数=1, axis(big/small/未知)=300/0/0
  data/sysid/sim100/sim_big_36.csv: 300 样本, dt中位=0.01 s, 段数=1, axis(big/small/未知)=300/0/0
  data/sysid/sim100/sim_big_37.csv: 300 样本, dt中位=0.01 s, 段数=1, axis(big/small/未知)=300/0/0
  data/sysid/sim100/sim_big_38.csv: 300 样本, dt中位=0.01 s, 段数=1, axis(big/small/未知)=300/0/0
  data/sysid/sim100/sim_big_39.csv: 300 样本, dt中位=0.01 s, 段数=1, axis(big/small/未知)=300/0/0
  data/sysid/sim100/sim_big_40.csv: 300 样本, dt中位=0.01 s, 段数=1, axis(big/small/未知)=300/0/0
  data/sysid/sim100/sim_big_41.csv: 300 样本, dt中位=0.01 s, 段数=1, axis(big/small/未知)=300/0/0
  data/sysid/sim100/sim_big_42.csv: 300 样本, dt中位=0.01 s, 段数=1, axis(big/small/未知)=300/0/0
  data/sysid/sim100/sim_big_43.csv: 300 样本, dt中位=0.01 s, 段数=1, axis(big/small/未知)=300/0/0
  data/sysid/sim100/sim_big_44.csv: 300 样本, dt中位=0.01 s, 段数=1, axis(big/small/未知)=300/0/0
  data/sysid/sim100/sim_small_50.csv: 300 样本, dt中位=0.01 s, 段数=1, axis(big/small/未知)=0/300/0
  data/sysid/sim100/sim_small_51.csv: 300 样本, dt中位=0.01 s, 段数=1, axis(big/small/未知)=0/300/0
  data/sysid/sim100/sim_small_52.csv: 300 样本, dt中位=0.01 s, 段数=1, axis(big/small/未知)=0/300/0
  data/sysid/sim100/sim_small_53.csv: 300 样本, dt中位=0.01 s, 段数=1, axis(big/small/未知)=0/300/0
  data/sysid/sim100/sim_small_54.csv: 300 样本, dt中位=0.01 s, 段数=1, axis(big/small/未知)=0/300/0
  data/sysid/sim100/sim_small_55.csv: 300 样本, dt中位=0.01 s, 段数=1, axis(big/small/未知)=0/300/0
  data/sysid/sim100/sim_small_56.csv: 300 样本, dt中位=0.01 s, 段数=1, axis(big/small/未知)=0/300/0
  data/sysid/sim100/sim_small_57.csv: 300 样本, dt中位=0.01 s, 段数=1, axis(big/small/未知)=0/300/0
  data/sysid/sim100/sim_small_58.csv: 300 样本, dt中位=0.01 s, 段数=1, axis(big/small/未知)=0/300/0
  data/sysid/sim100/sim_small_59.csv: 300 样本, dt中位=0.01 s, 段数=1, axis(big/small/未知)=0/300/0
  data/sysid/sim100/sim_small_60.csv: 300 样本, dt中位=0.01 s, 段数=1, axis(big/small/未知)=0/300/0
  data/sysid/sim100/sim_small_61.csv: 300 样本, dt中位=0.01 s, 段数=1, axis(big/small/未知)=0/300/0
  data/sysid/sim100/sim_small_62.csv: 300 样本, dt中位=0.01 s, 段数=1, axis(big/small/未知)=0/300/0
  data/sysid/sim100/sim_small_63.csv: 300 样本, dt中位=0.01 s, 段数=1, axis(big/small/未知)=0/300/0
  data/sysid/sim100/sim_small_64.csv: 300 样本, dt中位=0.01 s, 段数=1, axis(big/small/未知)=0/300/0
  data/sysid/sim100/sim_small_65.csv: 300 样本, dt中位=0.01 s, 段数=1, axis(big/small/未知)=0/300/0
  data/sysid/sim100/sim_small_66.csv: 300 样本, dt中位=0.01 s, 段数=1, axis(big/small/未知)=0/300/0
  data/sysid/sim100/sim_small_67.csv: 300 样本, dt中位=0.01 s, 段数=1, axis(big/small/未知)=0/300/0
  data/sysid/sim100/sim_small_68.csv: 300 样本, dt中位=0.01 s, 段数=1, axis(big/small/未知)=0/300/0
  data/sysid/sim100/sim_small_69.csv: 300 样本, dt中位=0.01 s, 段数=1, axis(big/small/未知)=0/300/0
  data/sysid/sim100/sim_small_70.csv: 300 样本, dt中位=0.01 s, 段数=1, axis(big/small/未知)=0/300/0
  data/sysid/sim100/sim_small_71.csv: 300 样本, dt中位=0.01 s, 段数=1, axis(big/small/未知)=0/300/0
  data/sysid/sim100/sim_small_72.csv: 300 样本, dt中位=0.01 s, 段数=1, axis(big/small/未知)=0/300/0
  data/sysid/sim100/sim_small_73.csv: 300 样本, dt中位=0.01 s, 段数=1, axis(big/small/未知)=0/300/0
  data/sysid/sim100/sim_small_74.csv: 300 样本, dt中位=0.01 s, 段数=1, axis(big/small/未知)=0/300/0
  data/sysid/sim100/sim_small_75.csv: 300 样本, dt中位=0.01 s, 段数=1, axis(big/small/未知)=0/300/0
  data/sysid/sim100/sim_small_76.csv: 300 样本, dt中位=0.01 s, 段数=1, axis(big/small/未知)=0/300/0
  data/sysid/sim100/sim_small_77.csv: 300 样本, dt中位=0.01 s, 段数=1, axis(big/small/未知)=0/300/0
  data/sysid/sim100/sim_small_78.csv: 300 样本, dt中位=0.01 s, 段数=1, axis(big/small/未知)=0/300/0
  data/sysid/sim100/sim_small_79.csv: 300 样本, dt中位=0.01 s, 段数=1, axis(big/small/未知)=0/300/0
  data/sysid/sim100/sim_small_80.csv: 300 样本, dt中位=0.01 s, 段数=1, axis(big/small/未知)=0/300/0
  data/sysid/sim100/sim_small_81.csv: 300 样本, dt中位=0.01 s, 段数=1, axis(big/small/未知)=0/300/0
  data/sysid/sim100/sim_small_82.csv: 300 样本, dt中位=0.01 s, 段数=1, axis(big/small/未知)=0/300/0
  data/sysid/sim100/sim_small_83.csv: 300 样本, dt中位=0.01 s, 段数=1, axis(big/small/未知)=0/300/0
  data/sysid/sim100/sim_small_84.csv: 300 样本, dt中位=0.01 s, 段数=1, axis(big/small/未知)=0/300/0
  data/sysid/sim100/sim_small_85.csv: 300 样本, dt中位=0.01 s, 段数=1, axis(big/small/未知)=0/300/0
  data/sysid/sim100/sim_small_86.csv: 300 样本, dt中位=0.01 s, 段数=1, axis(big/small/未知)=0/300/0
  data/sysid/sim100/sim_small_87.csv: 300 样本, dt中位=0.01 s, 段数=1, axis(big/small/未知)=0/300/0
  data/sysid/sim100/sim_small_88.csv: 300 样本, dt中位=0.01 s, 段数=1, axis(big/small/未知)=0/300/0
  data/sysid/sim100/sim_small_89.csv: 300 样本, dt中位=0.01 s, 段数=1, axis(big/small/未知)=0/300/0
  data/sysid/sim100/sim_small_90.csv: 300 样本, dt中位=0.01 s, 段数=1, axis(big/small/未知)=0/300/0
  data/sysid/sim100/sim_small_91.csv: 300 样本, dt中位=0.01 s, 段数=1, axis(big/small/未知)=0/300/0
  data/sysid/sim100/sim_small_92.csv: 300 样本, dt中位=0.01 s, 段数=1, axis(big/small/未知)=0/300/0
  data/sysid/sim100/sim_small_93.csv: 300 样本, dt中位=0.01 s, 段数=1, axis(big/small/未知)=0/300/0
  data/sysid/sim100/sim_small_94.csv: 300 样本, dt中位=0.01 s, 段数=1, axis(big/small/未知)=0/300/0
合计 27000 样本（90 段）
gravity_a: 使用命令行常数（CSV 无该列）

---- 角加速度（中心差分 + 3 遍 3 点平滑）----
  大yaw: |qdd| p99.9=6.961, max=7.3 rad/s²；尖峰阈值 500 ⇒ 剔除 0
  小yaw: |qdd| p99.9=3.835, max=4.374 rad/s²；尖峰阈值 2000 ⇒ 剔除 0
  差分边界剔除 180 个样本状态（每段首尾）

---- 力矩检查 ----
  指令力矩峰值: 大yaw 0.77167 N·m, 小yaw 0.19015 N·m（饱和阈值/sample数 0.98 / 0,0）

---- 加权 ----
  关节力矩标准差: 大yaw 0.21551, 小yaw 0.064752 N·m ⇒ 权重 (4.64, 15.44)

---- 时间对齐（τ 与状态平移，允许小数帧）----
  shift     -1: 方程 26820, 先验残差 0.91411 → 拟合后残差 0.49195 N·m   ← 目前最优
  shift     +0: 方程 26820, 先验残差 0.90871 → 拟合后残差 0.4685 N·m   ← 目前最优
  shift     +1: 方程 26820, 先验残差 0.90512 → 拟合后残差 0.45004 N·m   ← 目前最优
  对齐不确定度带（拟合后残差 ≤ 最优+2.0%）: shift +0.5 … +1（5 个候选）
    该带内各参数的散布（**LS 的 σ 不含这一项**，是系统不确定度）:
      Jbig_eff       0.088656 … 0.090569     (±1.1%)
      Js             0.019328 … 0.019809     (±1.2%)
      Px             -0.19384 … -0.186       (±2.1%)
      Py           -0.0080051 … -0.0064539   (±10.7%)
      fc_big          0.24592 … 0.24725      (±0.3%)
      fv_big         0.037014 … 0.041545     (±5.8%)
      fc_small        0.15402 … 0.15521      (±0.4%)
      fv_small              0 … 0            (±0.0%)
⇒ 选择 shift = +1（拟合后残差最小，相对 shift 0 改善 3.94%）
  相对次优 shift 领先 4.10%
  方程数 26820（held=drop, shift=+1）

  列级 SNR（信号 σ / 噪声 σ，噪声由段内高通残差估计）:
    列           σ_signal     σ_noise        SNR        w   说明
    Jbig_eff          10.95       0.4138      26.47   0.9986   
    Js                15.05        1.274      11.81   0.9929   
    Px                 1.57      0.09489      16.54   0.9964   
    Py               0.2004      0.01028       19.5   0.9974   
    fc_big            3.177      0.09466      33.56   0.9991   
    fv_big            3.105      0.01678      185.1   1.0000   
    fc_small          8.099        0.386      20.98   0.9977   
    fv_small            2.5      0.05353      46.69   0.9995   

---- 求解 ----
  列共线性诊断（关节加权后）: 
    Jbig_eff   ↔ Px         corr = +0.977  ⚠ 高度共线 ⇒ 二者只能定出组合量
  方程 26820, 参数 8, 数值秩 8（不可辨识方向 0 个保持先验）
  奇异值(前 8): 1.607 1.377 1.315 0.9339 0.7622 0.4625 0.3253 0.1479
  列归一化因子 ||col||: 1277 2456 258.1 32.98 413.8 415.6 1016 303
  Tikhonov λ = 0（归一化坐标）, 截断阈值 = 1.61e-07

---- 参数 ----
  name       先验(默认)     估计值     变化量  标准差 σ
  Jbig_eff           0.024     0.0886559    +0.0646559      0.001673
  Js                 0.013     0.0193283   +0.00632832     0.0002199
  Px                     0     -0.185997     -0.185997      0.008483
  Py                     0   -0.00800508   -0.00800508        0.0143
  fc_big              0.09      0.245925     +0.155925      0.001763
  fv_big              0.03     0.0415446    +0.0115446      0.001754
  fc_small            0.03      0.154016     +0.124016     0.0009874
  fv_small           0.008             0        -0.008      0.003318   ← 已钳制
      ⚠ 物理约束: fv_small 越界（原始估计 -0.111502）⇒ 钳到下限 0，该方向不再是最优拟合

---- 残差（τ_meas − inverseDynamics）----
  加权 RMS: 先验 0.90512 → 辨识后 0.4951（最小二乘解 0.45004），实测 τ 加权 RMS 1.3307
  相对降低 45.3%
  大yaw （未加权, N·m）: 先验 0.17243 → 辨识后 0.070464（τ RMS 0.29582）
  小yaw （未加权, N·m）: 先验 0.064697 → 辨识后 0.040091（τ RMS 0.083355）
  对齐复核: 用辨识参数重搜仍是 shift=+1 ✓
  数值可积性: recommendedFrictionLambda(dt=0.01) = 28.64（λ 固定 10） ✓

---- 真值对比（--truth）----
  name              真值     估计值 相对误差
  Jbig_eff            0.05     0.0886559      77.312%
  Js                  0.02     0.0193283      -3.358%
  Px                0.0087     -0.185997   -2237.898%
  Py                 0.005   -0.00800508    -260.102%
  fc_big              0.22      0.245925      11.784%
  fv_big             0.055     0.0415446     -24.464%
  fc_small          0.0973      0.154016      58.289%
  fv_small           0.028             0    -100.000%

已写出: data/sysid/ls_runs/sim100_drop.txt

================ 验证集 ================
  data/sysid/sim100/sim_big_45.csv: 300 样本, 1 段, dt中位 0.01 s
    力矩预测残差 RMS (未加权, N·m), align-shift=+1:
      大yaw : 先验 0.19417 → 辨识后 0.053909  ✓改善
    前向仿真（开环、用实测 τ 驱动）角度误差 RMS / max [rad]，顺序 大yaw / 小yaw:
      用先验  参数:   RMS 1.672 / 0.8046   max 2.368 / 1.992
      用辨识后参数:   RMS 0.009664 / 0.01313   max 0.01911 / 0.03281
  data/sysid/sim100/sim_big_46.csv: 300 样本, 1 段, dt中位 0.01 s
    力矩预测残差 RMS (未加权, N·m), align-shift=+1:
      大yaw : 先验 0.16556 → 辨识后 0.083694  ✓改善
    前向仿真（开环、用实测 τ 驱动）角度误差 RMS / max [rad]，顺序 大yaw / 小yaw:
      用先验  参数:   RMS 1.191 / 0.774   max 1.944 / 1.432
      用辨识后参数:   RMS 0.02035 / 0.01241   max 0.04005 / 0.01928
  data/sysid/sim100/sim_big_47.csv: 300 样本, 1 段, dt中位 0.01 s
    力矩预测残差 RMS (未加权, N·m), align-shift=-1:
      大yaw : 先验 0.055721 → 辨识后 0.054364  ✓改善
    前向仿真（开环、用实测 τ 驱动）角度误差 RMS / max [rad]，顺序 大yaw / 小yaw:
      用先验  参数:   RMS 0.1807 / 0.2031   max 0.2145 / 0.3114
      用辨识后参数:   RMS 0.03566 / 0.02344   max 0.0428 / 0.03827
  data/sysid/sim100/sim_big_48.csv: 300 样本, 1 段, dt中位 0.01 s
    力矩预测残差 RMS (未加权, N·m), align-shift=+1:
      大yaw : 先验 0.20605 → 辨识后 0.044655  ✓改善
    前向仿真（开环、用实测 τ 驱动）角度误差 RMS / max [rad]，顺序 大yaw / 小yaw:
      用先验  参数:   RMS 4.777 / 1.22   max 7.588 / 2.397
      用辨识后参数:   RMS 0.05469 / 0.03004   max 0.08643 / 0.04235
  data/sysid/sim100/sim_big_49.csv: 300 样本, 1 段, dt中位 0.01 s
    力矩预测残差 RMS (未加权, N·m), align-shift=+1:
      大yaw : 先验 0.18597 → 辨识后 0.047073  ✓改善
    前向仿真（开环、用实测 τ 驱动）角度误差 RMS / max [rad]，顺序 大yaw / 小yaw:
      用先验  参数:   RMS 2.529 / 1.172   max 4.587 / 2.231
      用辨识后参数:   RMS 0.01744 / 0.01758   max 0.03434 / 0.02731
  data/sysid/sim100/sim_small_95.csv: 300 样本, 1 段, dt中位 0.01 s
    力矩预测残差 RMS (未加权, N·m), align-shift=+1:
      小yaw : 先验 0.062945 → 辨识后 0.035293  ✓改善
    前向仿真（开环、用实测 τ 驱动）角度误差 RMS / max [rad]，顺序 大yaw / 小yaw:
      用先验  参数:   RMS 0.2233 / 0.7801   max 0.4162 / 1.159
      用辨识后参数:   RMS 0.02902 / 0.02433   max 0.04939 / 0.05731
  data/sysid/sim100/sim_small_96.csv: 300 样本, 1 段, dt中位 0.01 s
    力矩预测残差 RMS (未加权, N·m), align-shift=+1:
      小yaw : 先验 0.063021 → 辨识后 0.03669  ✓改善
    前向仿真（开环、用实测 τ 驱动）角度误差 RMS / max [rad]，顺序 大yaw / 小yaw:
      用先验  参数:   RMS 1.15 / 0.9522   max 1.659 / 1.422
      用辨识后参数:   RMS 0.06819 / 0.08416   max 0.1164 / 0.1214
  data/sysid/sim100/sim_small_97.csv: 300 样本, 1 段, dt中位 0.01 s
    力矩预测残差 RMS (未加权, N·m), align-shift=+1:
      小yaw : 先验 0.060951 → 辨识后 0.039091  ✓改善
    前向仿真（开环、用实测 τ 驱动）角度误差 RMS / max [rad]，顺序 大yaw / 小yaw:
      用先验  参数:   RMS 0.08977 / 0.6711   max 0.139 / 0.9725
      用辨识后参数:   RMS 0.01524 / 0.07145   max 0.02586 / 0.09794
  data/sysid/sim100/sim_small_98.csv: 300 样本, 1 段, dt中位 0.01 s
    力矩预测残差 RMS (未加权, N·m), align-shift=+1:
      小yaw : 先验 0.064573 → 辨识后 0.03977  ✓改善
    前向仿真（开环、用实测 τ 驱动）角度误差 RMS / max [rad]，顺序 大yaw / 小yaw:
      用先验  参数:   RMS 1.122 / 0.8619   max 2.079 / 2.064
      用辨识后参数:   RMS 0.06306 / 0.04613   max 0.1076 / 0.1063
  data/sysid/sim100/sim_small_99.csv: 300 样本, 1 段, dt中位 0.01 s
    力矩预测残差 RMS (未加权, N·m), align-shift=+1:
      小yaw : 先验 0.059164 → 辨识后 0.033598  ✓改善
    前向仿真（开环、用实测 τ 驱动）角度误差 RMS / max [rad]，顺序 大yaw / 小yaw:
      用先验  参数:   RMS 0.1332 / 1.812   max 0.2822 / 3.407
      用辨识后参数:   RMS 0.01596 / 0.03194   max 0.02713 / 0.05964

完成。
