==============================================================
 identify_params — 平面 8 参模型辨识 (加权 LS + SVD 截断)
 参数: Jbig_eff Js Px Py fc_big fv_big fc_small fv_small
==============================================================
几何: dx=0.1 dy=0 (defaultModelParams 被 --dx/--dy 覆盖)
held=drop  align-shift=auto  trunc=1e-07  tikhonov=0  SNR加权=on  smooth=3
gravity_a(默认, m/s²) = (0, 0)

---- 数据 ----
  data/sysid/sim100_lam10/sim_big_00.csv: 300 样本, dt中位=0.01 s, 段数=1, axis(big/small/未知)=300/0/0
  data/sysid/sim100_lam10/sim_big_01.csv: 300 样本, dt中位=0.01 s, 段数=1, axis(big/small/未知)=300/0/0
  data/sysid/sim100_lam10/sim_big_02.csv: 300 样本, dt中位=0.01 s, 段数=1, axis(big/small/未知)=300/0/0
  data/sysid/sim100_lam10/sim_big_03.csv: 300 样本, dt中位=0.01 s, 段数=1, axis(big/small/未知)=300/0/0
  data/sysid/sim100_lam10/sim_big_04.csv: 300 样本, dt中位=0.01 s, 段数=1, axis(big/small/未知)=300/0/0
  data/sysid/sim100_lam10/sim_big_05.csv: 300 样本, dt中位=0.01 s, 段数=1, axis(big/small/未知)=300/0/0
  data/sysid/sim100_lam10/sim_big_06.csv: 300 样本, dt中位=0.01 s, 段数=1, axis(big/small/未知)=300/0/0
  data/sysid/sim100_lam10/sim_big_07.csv: 300 样本, dt中位=0.01 s, 段数=1, axis(big/small/未知)=300/0/0
  data/sysid/sim100_lam10/sim_big_08.csv: 300 样本, dt中位=0.01 s, 段数=1, axis(big/small/未知)=300/0/0
  data/sysid/sim100_lam10/sim_big_09.csv: 300 样本, dt中位=0.01 s, 段数=1, axis(big/small/未知)=300/0/0
  data/sysid/sim100_lam10/sim_big_10.csv: 300 样本, dt中位=0.01 s, 段数=1, axis(big/small/未知)=300/0/0
  data/sysid/sim100_lam10/sim_big_11.csv: 300 样本, dt中位=0.01 s, 段数=1, axis(big/small/未知)=300/0/0
  data/sysid/sim100_lam10/sim_big_12.csv: 300 样本, dt中位=0.01 s, 段数=1, axis(big/small/未知)=300/0/0
  data/sysid/sim100_lam10/sim_big_13.csv: 300 样本, dt中位=0.01 s, 段数=1, axis(big/small/未知)=300/0/0
  data/sysid/sim100_lam10/sim_big_14.csv: 300 样本, dt中位=0.01 s, 段数=1, axis(big/small/未知)=300/0/0
  data/sysid/sim100_lam10/sim_big_15.csv: 300 样本, dt中位=0.01 s, 段数=1, axis(big/small/未知)=300/0/0
  data/sysid/sim100_lam10/sim_big_16.csv: 300 样本, dt中位=0.01 s, 段数=1, axis(big/small/未知)=300/0/0
  data/sysid/sim100_lam10/sim_big_17.csv: 300 样本, dt中位=0.01 s, 段数=1, axis(big/small/未知)=300/0/0
  data/sysid/sim100_lam10/sim_big_18.csv: 300 样本, dt中位=0.01 s, 段数=1, axis(big/small/未知)=300/0/0
  data/sysid/sim100_lam10/sim_big_19.csv: 300 样本, dt中位=0.01 s, 段数=1, axis(big/small/未知)=300/0/0
  data/sysid/sim100_lam10/sim_big_20.csv: 300 样本, dt中位=0.01 s, 段数=1, axis(big/small/未知)=300/0/0
  data/sysid/sim100_lam10/sim_big_21.csv: 300 样本, dt中位=0.01 s, 段数=1, axis(big/small/未知)=300/0/0
  data/sysid/sim100_lam10/sim_big_22.csv: 300 样本, dt中位=0.01 s, 段数=1, axis(big/small/未知)=300/0/0
  data/sysid/sim100_lam10/sim_big_23.csv: 300 样本, dt中位=0.01 s, 段数=1, axis(big/small/未知)=300/0/0
  data/sysid/sim100_lam10/sim_big_24.csv: 300 样本, dt中位=0.01 s, 段数=1, axis(big/small/未知)=300/0/0
  data/sysid/sim100_lam10/sim_big_25.csv: 300 样本, dt中位=0.01 s, 段数=1, axis(big/small/未知)=300/0/0
  data/sysid/sim100_lam10/sim_big_26.csv: 300 样本, dt中位=0.01 s, 段数=1, axis(big/small/未知)=300/0/0
  data/sysid/sim100_lam10/sim_big_27.csv: 300 样本, dt中位=0.01 s, 段数=1, axis(big/small/未知)=300/0/0
  data/sysid/sim100_lam10/sim_big_28.csv: 300 样本, dt中位=0.01 s, 段数=1, axis(big/small/未知)=300/0/0
  data/sysid/sim100_lam10/sim_big_29.csv: 300 样本, dt中位=0.01 s, 段数=1, axis(big/small/未知)=300/0/0
  data/sysid/sim100_lam10/sim_big_30.csv: 300 样本, dt中位=0.01 s, 段数=1, axis(big/small/未知)=300/0/0
  data/sysid/sim100_lam10/sim_big_31.csv: 300 样本, dt中位=0.01 s, 段数=1, axis(big/small/未知)=300/0/0
  data/sysid/sim100_lam10/sim_big_32.csv: 300 样本, dt中位=0.01 s, 段数=1, axis(big/small/未知)=300/0/0
  data/sysid/sim100_lam10/sim_big_33.csv: 300 样本, dt中位=0.01 s, 段数=1, axis(big/small/未知)=300/0/0
  data/sysid/sim100_lam10/sim_big_34.csv: 300 样本, dt中位=0.01 s, 段数=1, axis(big/small/未知)=300/0/0
  data/sysid/sim100_lam10/sim_big_35.csv: 300 样本, dt中位=0.01 s, 段数=1, axis(big/small/未知)=300/0/0
  data/sysid/sim100_lam10/sim_big_36.csv: 300 样本, dt中位=0.01 s, 段数=1, axis(big/small/未知)=300/0/0
  data/sysid/sim100_lam10/sim_big_37.csv: 300 样本, dt中位=0.01 s, 段数=1, axis(big/small/未知)=300/0/0
  data/sysid/sim100_lam10/sim_big_38.csv: 300 样本, dt中位=0.01 s, 段数=1, axis(big/small/未知)=300/0/0
  data/sysid/sim100_lam10/sim_big_39.csv: 300 样本, dt中位=0.01 s, 段数=1, axis(big/small/未知)=300/0/0
  data/sysid/sim100_lam10/sim_big_40.csv: 300 样本, dt中位=0.01 s, 段数=1, axis(big/small/未知)=300/0/0
  data/sysid/sim100_lam10/sim_big_41.csv: 300 样本, dt中位=0.01 s, 段数=1, axis(big/small/未知)=300/0/0
  data/sysid/sim100_lam10/sim_big_42.csv: 300 样本, dt中位=0.01 s, 段数=1, axis(big/small/未知)=300/0/0
  data/sysid/sim100_lam10/sim_big_43.csv: 300 样本, dt中位=0.01 s, 段数=1, axis(big/small/未知)=300/0/0
  data/sysid/sim100_lam10/sim_big_44.csv: 300 样本, dt中位=0.01 s, 段数=1, axis(big/small/未知)=300/0/0
  data/sysid/sim100_lam10/sim_small_50.csv: 300 样本, dt中位=0.01 s, 段数=1, axis(big/small/未知)=0/300/0
  data/sysid/sim100_lam10/sim_small_51.csv: 300 样本, dt中位=0.01 s, 段数=1, axis(big/small/未知)=0/300/0
  data/sysid/sim100_lam10/sim_small_52.csv: 300 样本, dt中位=0.01 s, 段数=1, axis(big/small/未知)=0/300/0
  data/sysid/sim100_lam10/sim_small_53.csv: 300 样本, dt中位=0.01 s, 段数=1, axis(big/small/未知)=0/300/0
  data/sysid/sim100_lam10/sim_small_54.csv: 300 样本, dt中位=0.01 s, 段数=1, axis(big/small/未知)=0/300/0
  data/sysid/sim100_lam10/sim_small_55.csv: 300 样本, dt中位=0.01 s, 段数=1, axis(big/small/未知)=0/300/0
  data/sysid/sim100_lam10/sim_small_56.csv: 300 样本, dt中位=0.01 s, 段数=1, axis(big/small/未知)=0/300/0
  data/sysid/sim100_lam10/sim_small_57.csv: 300 样本, dt中位=0.01 s, 段数=1, axis(big/small/未知)=0/300/0
  data/sysid/sim100_lam10/sim_small_58.csv: 300 样本, dt中位=0.01 s, 段数=1, axis(big/small/未知)=0/300/0
  data/sysid/sim100_lam10/sim_small_59.csv: 300 样本, dt中位=0.01 s, 段数=1, axis(big/small/未知)=0/300/0
  data/sysid/sim100_lam10/sim_small_60.csv: 300 样本, dt中位=0.01 s, 段数=1, axis(big/small/未知)=0/300/0
  data/sysid/sim100_lam10/sim_small_61.csv: 300 样本, dt中位=0.01 s, 段数=1, axis(big/small/未知)=0/300/0
  data/sysid/sim100_lam10/sim_small_62.csv: 300 样本, dt中位=0.01 s, 段数=1, axis(big/small/未知)=0/300/0
  data/sysid/sim100_lam10/sim_small_63.csv: 300 样本, dt中位=0.01 s, 段数=1, axis(big/small/未知)=0/300/0
  data/sysid/sim100_lam10/sim_small_64.csv: 300 样本, dt中位=0.01 s, 段数=1, axis(big/small/未知)=0/300/0
  data/sysid/sim100_lam10/sim_small_65.csv: 300 样本, dt中位=0.01 s, 段数=1, axis(big/small/未知)=0/300/0
  data/sysid/sim100_lam10/sim_small_66.csv: 300 样本, dt中位=0.01 s, 段数=1, axis(big/small/未知)=0/300/0
  data/sysid/sim100_lam10/sim_small_67.csv: 300 样本, dt中位=0.01 s, 段数=1, axis(big/small/未知)=0/300/0
  data/sysid/sim100_lam10/sim_small_68.csv: 300 样本, dt中位=0.01 s, 段数=1, axis(big/small/未知)=0/300/0
  data/sysid/sim100_lam10/sim_small_69.csv: 300 样本, dt中位=0.01 s, 段数=1, axis(big/small/未知)=0/300/0
  data/sysid/sim100_lam10/sim_small_70.csv: 300 样本, dt中位=0.01 s, 段数=1, axis(big/small/未知)=0/300/0
  data/sysid/sim100_lam10/sim_small_71.csv: 300 样本, dt中位=0.01 s, 段数=1, axis(big/small/未知)=0/300/0
  data/sysid/sim100_lam10/sim_small_72.csv: 300 样本, dt中位=0.01 s, 段数=1, axis(big/small/未知)=0/300/0
  data/sysid/sim100_lam10/sim_small_73.csv: 300 样本, dt中位=0.01 s, 段数=1, axis(big/small/未知)=0/300/0
  data/sysid/sim100_lam10/sim_small_74.csv: 300 样本, dt中位=0.01 s, 段数=1, axis(big/small/未知)=0/300/0
  data/sysid/sim100_lam10/sim_small_75.csv: 300 样本, dt中位=0.01 s, 段数=1, axis(big/small/未知)=0/300/0
  data/sysid/sim100_lam10/sim_small_76.csv: 300 样本, dt中位=0.01 s, 段数=1, axis(big/small/未知)=0/300/0
  data/sysid/sim100_lam10/sim_small_77.csv: 300 样本, dt中位=0.01 s, 段数=1, axis(big/small/未知)=0/300/0
  data/sysid/sim100_lam10/sim_small_78.csv: 300 样本, dt中位=0.01 s, 段数=1, axis(big/small/未知)=0/300/0
  data/sysid/sim100_lam10/sim_small_79.csv: 300 样本, dt中位=0.01 s, 段数=1, axis(big/small/未知)=0/300/0
  data/sysid/sim100_lam10/sim_small_80.csv: 300 样本, dt中位=0.01 s, 段数=1, axis(big/small/未知)=0/300/0
  data/sysid/sim100_lam10/sim_small_81.csv: 300 样本, dt中位=0.01 s, 段数=1, axis(big/small/未知)=0/300/0
  data/sysid/sim100_lam10/sim_small_82.csv: 300 样本, dt中位=0.01 s, 段数=1, axis(big/small/未知)=0/300/0
  data/sysid/sim100_lam10/sim_small_83.csv: 300 样本, dt中位=0.01 s, 段数=1, axis(big/small/未知)=0/300/0
  data/sysid/sim100_lam10/sim_small_84.csv: 300 样本, dt中位=0.01 s, 段数=1, axis(big/small/未知)=0/300/0
  data/sysid/sim100_lam10/sim_small_85.csv: 300 样本, dt中位=0.01 s, 段数=1, axis(big/small/未知)=0/300/0
  data/sysid/sim100_lam10/sim_small_86.csv: 300 样本, dt中位=0.01 s, 段数=1, axis(big/small/未知)=0/300/0
  data/sysid/sim100_lam10/sim_small_87.csv: 300 样本, dt中位=0.01 s, 段数=1, axis(big/small/未知)=0/300/0
  data/sysid/sim100_lam10/sim_small_88.csv: 300 样本, dt中位=0.01 s, 段数=1, axis(big/small/未知)=0/300/0
  data/sysid/sim100_lam10/sim_small_89.csv: 300 样本, dt中位=0.01 s, 段数=1, axis(big/small/未知)=0/300/0
  data/sysid/sim100_lam10/sim_small_90.csv: 300 样本, dt中位=0.01 s, 段数=1, axis(big/small/未知)=0/300/0
  data/sysid/sim100_lam10/sim_small_91.csv: 300 样本, dt中位=0.01 s, 段数=1, axis(big/small/未知)=0/300/0
  data/sysid/sim100_lam10/sim_small_92.csv: 300 样本, dt中位=0.01 s, 段数=1, axis(big/small/未知)=0/300/0
  data/sysid/sim100_lam10/sim_small_93.csv: 300 样本, dt中位=0.01 s, 段数=1, axis(big/small/未知)=0/300/0
  data/sysid/sim100_lam10/sim_small_94.csv: 300 样本, dt中位=0.01 s, 段数=1, axis(big/small/未知)=0/300/0
合计 27000 样本（90 段）
gravity_a: 使用命令行常数（CSV 无该列）

---- 角加速度（中心差分 + 3 遍 3 点平滑）----
  大yaw: |qdd| p99.9=6.871, max=7.57 rad/s²；尖峰阈值 500 ⇒ 剔除 0
  小yaw: |qdd| p99.9=3.096, max=3.955 rad/s²；尖峰阈值 2000 ⇒ 剔除 0
  差分边界剔除 180 个样本状态（每段首尾）

---- 力矩检查 ----
  指令力矩峰值: 大yaw 0.75513 N·m, 小yaw 0.17312 N·m（饱和阈值/sample数 0.98 / 0,0）

---- 加权 ----
  关节力矩标准差: 大yaw 0.20033, 小yaw 0.054492 N·m ⇒ 权重 (4.992, 18.35)

---- 时间对齐（τ 与状态平移，允许小数帧）----
  shift     -1: 方程 26820, 先验残差 0.82583 → 拟合后残差 0.16176 N·m   ← 目前最优
  shift     +0: 方程 26820, 先验残差 0.82455 → 拟合后残差 0.13333 N·m   ← 目前最优
  shift     +1: 方程 26820, 先验残差 0.82575 → 拟合后残差 0.12489 N·m   ← 目前最优
  对齐不确定度带（拟合后残差 ≤ 最优+2.0%）: shift +0.5 … +1（5 个候选）
    该带内各参数的散布（**LS 的 σ 不含这一项**，是系统不确定度）:
      Jbig_eff       0.082156 … 0.085407     (±1.9%)
      Js             0.017123 … 0.018327     (±3.4%)
      Px             -0.16186 … -0.14458     (±5.6%)
      Py            -0.012712 … -0.0099187   (±12.3%)
      fc_big          0.21475 … 0.21635      (±0.4%)
      fv_big         0.060782 … 0.065243     (±3.5%)
      fc_small       0.093291 … 0.094278     (±0.5%)
      fv_small        0.04231 … 0.048832     (±7.2%)
⇒ 选择 shift = +1（拟合后残差最小，相对 shift 0 改善 6.33%）
  相对次优 shift 领先 6.76%
  方程数 26820（held=drop, shift=+1）

  列级 SNR（信号 σ / 噪声 σ，噪声由段内高通残差估计）:
    列           σ_signal     σ_noise        SNR        w   说明
    Jbig_eff          11.08       0.4393      25.24   0.9984   
    Js                14.97        1.745      8.579   0.9866   
    Px                1.628        0.139      11.71   0.9928   
    Py               0.2066      0.01369       15.1   0.9956   
    fc_big            3.628       0.1011       35.9   0.9992   
    fv_big            3.271      0.01898      172.3   1.0000   
    fc_small           10.9       0.4866       22.4   0.9980   
    fv_small          2.859      0.07056      40.51   0.9994   

---- 求解 ----
  列共线性诊断（关节加权后）: 
    Jbig_eff   ↔ Px         corr = +0.964  ⚠ 高度共线 ⇒ 二者只能定出组合量
  方程 26820, 参数 8, 数值秩 8（不可辨识方向 0 个保持先验）
  奇异值(前 8): 1.609 1.372 1.301 0.9454 0.7401 0.4959 0.3445 0.1817
  列归一化因子 ||col||: 1292 2429 266.7 33.96 475.1 440.2 1393 349.3
  Tikhonov λ = 0（归一化坐标）, 截断阈值 = 1.61e-07

---- 参数 ----
  name       先验(默认)     估计值     变化量  标准差 σ
  Jbig_eff           0.024      0.082156     +0.058156     0.0003704
  Js                 0.013     0.0171225   +0.00412255     6.354e-05
  Px                     0     -0.144584     -0.144584      0.001867
  Py                     0    -0.0127121    -0.0127121      0.003807
  fc_big              0.09       0.21475      +0.12475     0.0004009
  fv_big              0.03     0.0652433    +0.0352433     0.0004336
  fc_small            0.03      0.093291     +0.063291     0.0001902
  fv_small           0.008     0.0488323    +0.0408323     0.0007628

---- 残差（τ_meas − inverseDynamics）----
  加权 RMS: 先验 0.82575 → 辨识后 0.12489（最小二乘解 0.12489），实测 τ 加权 RMS 1.3585
  相对降低 84.9%
  大yaw （未加权, N·m）: 先验 0.15214 → 辨识后 0.023148（τ RMS 0.28151）
  小yaw （未加权, N·m）: 先验 0.048338 → 辨识后 0.0072787（τ RMS 0.071384）
  对齐复核: 用辨识参数重搜仍是 shift=+1 ✓
  数值可积性: recommendedFrictionLambda(dt=0.01) = 42.22（λ 固定 10） ✓

---- 真值对比（--truth）----
  name              真值     估计值 相对误差
  Jbig_eff            0.05      0.082156      64.312%
  Js                  0.02     0.0171225     -14.387%
  Px                0.0087     -0.144584   -1761.891%
  Py                 0.005    -0.0127121    -354.242%
  fc_big              0.22       0.21475      -2.386%
  fv_big             0.055     0.0652433      18.624%
  fc_small          0.0973      0.093291      -4.120%
  fv_small           0.028     0.0488323      74.401%

已写出: data/sysid/ls_runs/sim100_lam10_drop.txt

================ 验证集 ================
  data/sysid/sim100_lam10/sim_big_45.csv: 300 样本, 1 段, dt中位 0.01 s
    力矩预测残差 RMS (未加权, N·m), align-shift=+1:
      大yaw : 先验 0.18244 → 辨识后 0.024348  ✓改善
    前向仿真（开环、用实测 τ 驱动）角度误差 RMS / max [rad]，顺序 大yaw / 小yaw:
      用先验  参数:   RMS 1.563 / 0.5352   max 2.229 / 1.246
      用辨识后参数:   RMS 0.01338 / 0.02757   max 0.03922 / 0.06816
  data/sysid/sim100_lam10/sim_big_46.csv: 300 样本, 1 段, dt中位 0.01 s
    力矩预测残差 RMS (未加权, N·m), align-shift=+1:
      大yaw : 先验 0.13393 → 辨识后 0.021487  ✓改善
    前向仿真（开环、用实测 τ 驱动）角度误差 RMS / max [rad]，顺序 大yaw / 小yaw:
      用先验  参数:   RMS 0.8 / 0.2248   max 1.389 / 0.55
      用辨识后参数:   RMS 0.005759 / 0.006692   max 0.01417 / 0.0148
  data/sysid/sim100_lam10/sim_big_47.csv: 300 样本, 1 段, dt中位 0.01 s
    力矩预测残差 RMS (未加权, N·m), align-shift=+1:
      大yaw : 先验 0.029181 → 辨识后 0.032282  ⚠变差
    前向仿真（开环、用实测 τ 驱动）角度误差 RMS / max [rad]，顺序 大yaw / 小yaw:
      用先验  参数:   RMS 0.0424 / 0.03619   max 0.05834 / 0.04301
      用辨识后参数:   RMS 0.0008489 / 0.0005591   max 0.0015 / 0.00108
  data/sysid/sim100_lam10/sim_big_48.csv: 300 样本, 1 段, dt中位 0.01 s
    力矩预测残差 RMS (未加权, N·m), align-shift=+1:
      大yaw : 先验 0.19595 → 辨识后 0.026557  ✓改善
    前向仿真（开环、用实测 τ 驱动）角度误差 RMS / max [rad]，顺序 大yaw / 小yaw:
      用先验  参数:   RMS 4.693 / 0.9682   max 7.656 / 1.373
      用辨识后参数:   RMS 0.09291 / 0.03381   max 0.1584 / 0.05668
  data/sysid/sim100_lam10/sim_big_49.csv: 300 样本, 1 段, dt中位 0.01 s
    力矩预测残差 RMS (未加权, N·m), align-shift=+1:
      大yaw : 先验 0.17565 → 辨识后 0.027181  ✓改善
    前向仿真（开环、用实测 τ 驱动）角度误差 RMS / max [rad]，顺序 大yaw / 小yaw:
      用先验  参数:   RMS 2.445 / 0.8891   max 4.579 / 1.529
      用辨识后参数:   RMS 0.02741 / 0.02207   max 0.05359 / 0.05085
  data/sysid/sim100_lam10/sim_small_95.csv: 300 样本, 1 段, dt中位 0.01 s
    力矩预测残差 RMS (未加权, N·m), align-shift=+1:
      小yaw : 先验 0.049793 → 辨识后 0.0068623  ✓改善
    前向仿真（开环、用实测 τ 驱动）角度误差 RMS / max [rad]，顺序 大yaw / 小yaw:
      用先验  参数:   RMS 0.04338 / 0.5687   max 0.07828 / 0.9144
      用辨识后参数:   RMS 0.00121 / 0.002623   max 0.002897 / 0.006625
  data/sysid/sim100_lam10/sim_small_96.csv: 300 样本, 1 段, dt中位 0.01 s
    力矩预测残差 RMS (未加权, N·m), align-shift=+1:
      小yaw : 先验 0.054575 → 辨识后 0.0075573  ✓改善
    前向仿真（开环、用实测 τ 驱动）角度误差 RMS / max [rad]，顺序 大yaw / 小yaw:
      用先验  参数:   RMS 0.328 / 0.6158   max 0.4347 / 0.8892
      用辨识后参数:   RMS 0.002492 / 0.008994   max 0.006122 / 0.0126
  data/sysid/sim100_lam10/sim_small_97.csv: 300 样本, 1 段, dt中位 0.01 s
    力矩预测残差 RMS (未加权, N·m), align-shift=+1:
      小yaw : 先验 0.04782 → 辨识后 0.0065628  ✓改善
    前向仿真（开环、用实测 τ 驱动）角度误差 RMS / max [rad]，顺序 大yaw / 小yaw:
      用先验  参数:   RMS 0.02285 / 0.2796   max 0.04184 / 0.6756
      用辨识后参数:   RMS 0.001529 / 0.007041   max 0.005101 / 0.01012
  data/sysid/sim100_lam10/sim_small_98.csv: 300 样本, 1 段, dt中位 0.01 s
    力矩预测残差 RMS (未加权, N·m), align-shift=+1:
      小yaw : 先验 0.050187 → 辨识后 0.0079292  ✓改善
    前向仿真（开环、用实测 τ 驱动）角度误差 RMS / max [rad]，顺序 大yaw / 小yaw:
      用先验  参数:   RMS 0.2652 / 0.5993   max 0.3655 / 1.207
      用辨识后参数:   RMS 0.001972 / 0.002885   max 0.005532 / 0.005117
  data/sysid/sim100_lam10/sim_small_99.csv: 300 样本, 1 段, dt中位 0.01 s
    力矩预测残差 RMS (未加权, N·m), align-shift=+1:
      小yaw : 先验 0.049231 → 辨识后 0.0069175  ✓改善
    前向仿真（开环、用实测 τ 驱动）角度误差 RMS / max [rad]，顺序 大yaw / 小yaw:
      用先验  参数:   RMS 0.05041 / 1.456   max 0.1093 / 2.723
      用辨识后参数:   RMS 0.001067 / 0.001849   max 0.002715 / 0.004913

完成。
