==============================================================
 identify_params — 平面 8 参模型辨识 (加权 LS + SVD 截断)
 参数: Jbig_eff Js Px Py fc_big fv_big fc_small fv_small
==============================================================
几何: dx=0.1 dy=0 (defaultModelParams 被 --dx/--dy 覆盖)
held=ideal  align-shift=auto  trunc=1e-07  tikhonov=0  SNR加权=on  smooth=3
gravity_a(默认, m/s²) = (0, 0)

---- 数据 ----
  data/sysid/sim100_lam10/sim_big_00.csv: 300 样本, dt中位=0.01 s, 段数=1, axis(big/small/未知)=300/0/0
  data/sysid/sim100_lam10/sim_big_01.csv: 300 样本, dt中位=0.01 s, 段数=1, axis(big/small/未知)=300/0/0
  data/sysid/sim100_lam10/sim_big_02.csv: 300 样本, dt中位=0.01 s, 段数=1, axis(big/small/未知)=300/0/0
  data/sysid/sim100_lam10/sim_big_03.csv: 300 样本, dt中位=0.01 s, 段数=1, axis(big/small/未知)=300/0/0
  data/sysid/sim100_lam10/sim_big_04.csv: 300 样本, dt中位=0.01 s, 段数=1, axis(big/small/未知)=300/0/0
  data/sysid/sim100_lam10/sim_big_05.csv: 300 样本, dt中位=0.01 s, 段数=1, axis(big/small/未知)=300/0/0
  data/sysid/sim100_lam10/sim_big_06.csv: 300 样本, dt中位=0.01 s, 段数=1, axis(big/small/未知)=300/0/0
  data/sysid/sim100_lam10/sim_big_07.csv: 300 样本, dt中位=0.01 s, 段数=1, axis(big/small/未知)=300/0/0
  data/sysid/sim100_lam10/sim_big_08.csv: 300 样本, dt中位=0.01 s, 段数=1, axis(big/small/未知)=300/0/0
  data/sysid/sim100_lam10/sim_big_09.csv: 300 样本, dt中位=0.01 s, 段数=1, axis(big/small/未知)=300/0/0
  data/sysid/sim100_lam10/sim_big_10.csv: 300 样本, dt中位=0.01 s, 段数=1, axis(big/small/未知)=300/0/0
  data/sysid/sim100_lam10/sim_big_11.csv: 300 样本, dt中位=0.01 s, 段数=1, axis(big/small/未知)=300/0/0
  data/sysid/sim100_lam10/sim_big_12.csv: 300 样本, dt中位=0.01 s, 段数=1, axis(big/small/未知)=300/0/0
  data/sysid/sim100_lam10/sim_big_13.csv: 300 样本, dt中位=0.01 s, 段数=1, axis(big/small/未知)=300/0/0
  data/sysid/sim100_lam10/sim_big_14.csv: 300 样本, dt中位=0.01 s, 段数=1, axis(big/small/未知)=300/0/0
  data/sysid/sim100_lam10/sim_big_15.csv: 300 样本, dt中位=0.01 s, 段数=1, axis(big/small/未知)=300/0/0
  data/sysid/sim100_lam10/sim_big_16.csv: 300 样本, dt中位=0.01 s, 段数=1, axis(big/small/未知)=300/0/0
  data/sysid/sim100_lam10/sim_big_17.csv: 300 样本, dt中位=0.01 s, 段数=1, axis(big/small/未知)=300/0/0
  data/sysid/sim100_lam10/sim_big_18.csv: 300 样本, dt中位=0.01 s, 段数=1, axis(big/small/未知)=300/0/0
  data/sysid/sim100_lam10/sim_big_19.csv: 300 样本, dt中位=0.01 s, 段数=1, axis(big/small/未知)=300/0/0
  data/sysid/sim100_lam10/sim_big_20.csv: 300 样本, dt中位=0.01 s, 段数=1, axis(big/small/未知)=300/0/0
  data/sysid/sim100_lam10/sim_big_21.csv: 300 样本, dt中位=0.01 s, 段数=1, axis(big/small/未知)=300/0/0
  data/sysid/sim100_lam10/sim_big_22.csv: 300 样本, dt中位=0.01 s, 段数=1, axis(big/small/未知)=300/0/0
  data/sysid/sim100_lam10/sim_big_23.csv: 300 样本, dt中位=0.01 s, 段数=1, axis(big/small/未知)=300/0/0
  data/sysid/sim100_lam10/sim_big_24.csv: 300 样本, dt中位=0.01 s, 段数=1, axis(big/small/未知)=300/0/0
  data/sysid/sim100_lam10/sim_big_25.csv: 300 样本, dt中位=0.01 s, 段数=1, axis(big/small/未知)=300/0/0
  data/sysid/sim100_lam10/sim_big_26.csv: 300 样本, dt中位=0.01 s, 段数=1, axis(big/small/未知)=300/0/0
  data/sysid/sim100_lam10/sim_big_27.csv: 300 样本, dt中位=0.01 s, 段数=1, axis(big/small/未知)=300/0/0
  data/sysid/sim100_lam10/sim_big_28.csv: 300 样本, dt中位=0.01 s, 段数=1, axis(big/small/未知)=300/0/0
  data/sysid/sim100_lam10/sim_big_29.csv: 300 样本, dt中位=0.01 s, 段数=1, axis(big/small/未知)=300/0/0
  data/sysid/sim100_lam10/sim_big_30.csv: 300 样本, dt中位=0.01 s, 段数=1, axis(big/small/未知)=300/0/0
  data/sysid/sim100_lam10/sim_big_31.csv: 300 样本, dt中位=0.01 s, 段数=1, axis(big/small/未知)=300/0/0
  data/sysid/sim100_lam10/sim_big_32.csv: 300 样本, dt中位=0.01 s, 段数=1, axis(big/small/未知)=300/0/0
  data/sysid/sim100_lam10/sim_big_33.csv: 300 样本, dt中位=0.01 s, 段数=1, axis(big/small/未知)=300/0/0
  data/sysid/sim100_lam10/sim_big_34.csv: 300 样本, dt中位=0.01 s, 段数=1, axis(big/small/未知)=300/0/0
  data/sysid/sim100_lam10/sim_big_35.csv: 300 样本, dt中位=0.01 s, 段数=1, axis(big/small/未知)=300/0/0
  data/sysid/sim100_lam10/sim_big_36.csv: 300 样本, dt中位=0.01 s, 段数=1, axis(big/small/未知)=300/0/0
  data/sysid/sim100_lam10/sim_big_37.csv: 300 样本, dt中位=0.01 s, 段数=1, axis(big/small/未知)=300/0/0
  data/sysid/sim100_lam10/sim_big_38.csv: 300 样本, dt中位=0.01 s, 段数=1, axis(big/small/未知)=300/0/0
  data/sysid/sim100_lam10/sim_big_39.csv: 300 样本, dt中位=0.01 s, 段数=1, axis(big/small/未知)=300/0/0
  data/sysid/sim100_lam10/sim_big_40.csv: 300 样本, dt中位=0.01 s, 段数=1, axis(big/small/未知)=300/0/0
  data/sysid/sim100_lam10/sim_big_41.csv: 300 样本, dt中位=0.01 s, 段数=1, axis(big/small/未知)=300/0/0
  data/sysid/sim100_lam10/sim_big_42.csv: 300 样本, dt中位=0.01 s, 段数=1, axis(big/small/未知)=300/0/0
  data/sysid/sim100_lam10/sim_big_43.csv: 300 样本, dt中位=0.01 s, 段数=1, axis(big/small/未知)=300/0/0
  data/sysid/sim100_lam10/sim_big_44.csv: 300 样本, dt中位=0.01 s, 段数=1, axis(big/small/未知)=300/0/0
  data/sysid/sim100_lam10/sim_small_50.csv: 300 样本, dt中位=0.01 s, 段数=1, axis(big/small/未知)=0/300/0
  data/sysid/sim100_lam10/sim_small_51.csv: 300 样本, dt中位=0.01 s, 段数=1, axis(big/small/未知)=0/300/0
  data/sysid/sim100_lam10/sim_small_52.csv: 300 样本, dt中位=0.01 s, 段数=1, axis(big/small/未知)=0/300/0
  data/sysid/sim100_lam10/sim_small_53.csv: 300 样本, dt中位=0.01 s, 段数=1, axis(big/small/未知)=0/300/0
  data/sysid/sim100_lam10/sim_small_54.csv: 300 样本, dt中位=0.01 s, 段数=1, axis(big/small/未知)=0/300/0
  data/sysid/sim100_lam10/sim_small_55.csv: 300 样本, dt中位=0.01 s, 段数=1, axis(big/small/未知)=0/300/0
  data/sysid/sim100_lam10/sim_small_56.csv: 300 样本, dt中位=0.01 s, 段数=1, axis(big/small/未知)=0/300/0
  data/sysid/sim100_lam10/sim_small_57.csv: 300 样本, dt中位=0.01 s, 段数=1, axis(big/small/未知)=0/300/0
  data/sysid/sim100_lam10/sim_small_58.csv: 300 样本, dt中位=0.01 s, 段数=1, axis(big/small/未知)=0/300/0
  data/sysid/sim100_lam10/sim_small_59.csv: 300 样本, dt中位=0.01 s, 段数=1, axis(big/small/未知)=0/300/0
  data/sysid/sim100_lam10/sim_small_60.csv: 300 样本, dt中位=0.01 s, 段数=1, axis(big/small/未知)=0/300/0
  data/sysid/sim100_lam10/sim_small_61.csv: 300 样本, dt中位=0.01 s, 段数=1, axis(big/small/未知)=0/300/0
  data/sysid/sim100_lam10/sim_small_62.csv: 300 样本, dt中位=0.01 s, 段数=1, axis(big/small/未知)=0/300/0
  data/sysid/sim100_lam10/sim_small_63.csv: 300 样本, dt中位=0.01 s, 段数=1, axis(big/small/未知)=0/300/0
  data/sysid/sim100_lam10/sim_small_64.csv: 300 样本, dt中位=0.01 s, 段数=1, axis(big/small/未知)=0/300/0
  data/sysid/sim100_lam10/sim_small_65.csv: 300 样本, dt中位=0.01 s, 段数=1, axis(big/small/未知)=0/300/0
  data/sysid/sim100_lam10/sim_small_66.csv: 300 样本, dt中位=0.01 s, 段数=1, axis(big/small/未知)=0/300/0
  data/sysid/sim100_lam10/sim_small_67.csv: 300 样本, dt中位=0.01 s, 段数=1, axis(big/small/未知)=0/300/0
  data/sysid/sim100_lam10/sim_small_68.csv: 300 样本, dt中位=0.01 s, 段数=1, axis(big/small/未知)=0/300/0
  data/sysid/sim100_lam10/sim_small_69.csv: 300 样本, dt中位=0.01 s, 段数=1, axis(big/small/未知)=0/300/0
  data/sysid/sim100_lam10/sim_small_70.csv: 300 样本, dt中位=0.01 s, 段数=1, axis(big/small/未知)=0/300/0
  data/sysid/sim100_lam10/sim_small_71.csv: 300 样本, dt中位=0.01 s, 段数=1, axis(big/small/未知)=0/300/0
  data/sysid/sim100_lam10/sim_small_72.csv: 300 样本, dt中位=0.01 s, 段数=1, axis(big/small/未知)=0/300/0
  data/sysid/sim100_lam10/sim_small_73.csv: 300 样本, dt中位=0.01 s, 段数=1, axis(big/small/未知)=0/300/0
  data/sysid/sim100_lam10/sim_small_74.csv: 300 样本, dt中位=0.01 s, 段数=1, axis(big/small/未知)=0/300/0
  data/sysid/sim100_lam10/sim_small_75.csv: 300 样本, dt中位=0.01 s, 段数=1, axis(big/small/未知)=0/300/0
  data/sysid/sim100_lam10/sim_small_76.csv: 300 样本, dt中位=0.01 s, 段数=1, axis(big/small/未知)=0/300/0
  data/sysid/sim100_lam10/sim_small_77.csv: 300 样本, dt中位=0.01 s, 段数=1, axis(big/small/未知)=0/300/0
  data/sysid/sim100_lam10/sim_small_78.csv: 300 样本, dt中位=0.01 s, 段数=1, axis(big/small/未知)=0/300/0
  data/sysid/sim100_lam10/sim_small_79.csv: 300 样本, dt中位=0.01 s, 段数=1, axis(big/small/未知)=0/300/0
  data/sysid/sim100_lam10/sim_small_80.csv: 300 样本, dt中位=0.01 s, 段数=1, axis(big/small/未知)=0/300/0
  data/sysid/sim100_lam10/sim_small_81.csv: 300 样本, dt中位=0.01 s, 段数=1, axis(big/small/未知)=0/300/0
  data/sysid/sim100_lam10/sim_small_82.csv: 300 样本, dt中位=0.01 s, 段数=1, axis(big/small/未知)=0/300/0
  data/sysid/sim100_lam10/sim_small_83.csv: 300 样本, dt中位=0.01 s, 段数=1, axis(big/small/未知)=0/300/0
  data/sysid/sim100_lam10/sim_small_84.csv: 300 样本, dt中位=0.01 s, 段数=1, axis(big/small/未知)=0/300/0
  data/sysid/sim100_lam10/sim_small_85.csv: 300 样本, dt中位=0.01 s, 段数=1, axis(big/small/未知)=0/300/0
  data/sysid/sim100_lam10/sim_small_86.csv: 300 样本, dt中位=0.01 s, 段数=1, axis(big/small/未知)=0/300/0
  data/sysid/sim100_lam10/sim_small_87.csv: 300 样本, dt中位=0.01 s, 段数=1, axis(big/small/未知)=0/300/0
  data/sysid/sim100_lam10/sim_small_88.csv: 300 样本, dt中位=0.01 s, 段数=1, axis(big/small/未知)=0/300/0
  data/sysid/sim100_lam10/sim_small_89.csv: 300 样本, dt中位=0.01 s, 段数=1, axis(big/small/未知)=0/300/0
  data/sysid/sim100_lam10/sim_small_90.csv: 300 样本, dt中位=0.01 s, 段数=1, axis(big/small/未知)=0/300/0
  data/sysid/sim100_lam10/sim_small_91.csv: 300 样本, dt中位=0.01 s, 段数=1, axis(big/small/未知)=0/300/0
  data/sysid/sim100_lam10/sim_small_92.csv: 300 样本, dt中位=0.01 s, 段数=1, axis(big/small/未知)=0/300/0
  data/sysid/sim100_lam10/sim_small_93.csv: 300 样本, dt中位=0.01 s, 段数=1, axis(big/small/未知)=0/300/0
  data/sysid/sim100_lam10/sim_small_94.csv: 300 样本, dt中位=0.01 s, 段数=1, axis(big/small/未知)=0/300/0
合计 27000 样本（90 段）
gravity_a: 使用命令行常数（CSV 无该列）

---- 角加速度（中心差分 + 3 遍 3 点平滑）----
  大yaw: |qdd| p99.9=6.871, max=7.57 rad/s²；尖峰阈值 500 ⇒ 剔除 0
  小yaw: |qdd| p99.9=3.096, max=3.955 rad/s²；尖峰阈值 2000 ⇒ 剔除 0
  差分边界剔除 180 个样本状态（每段首尾）

---- 力矩检查 ----
  指令力矩峰值: 大yaw 0.75513 N·m, 小yaw 0.17312 N·m（饱和阈值/sample数 0.98 / 0,0）

---- 加权 ----
  关节力矩标准差: 大yaw 0.20033, 小yaw 0.054492 N·m ⇒ 权重 (4.992, 18.35)

---- 时间对齐（τ 与状态平移，允许小数帧）----
  shift     -1: 方程 53640, 先验残差 0.63361 → 拟合后残差 0.24405 N·m   ← 目前最优
  shift     +0: 方程 53640, 先验残差 0.63667 → 拟合后残差 0.2415 N·m   ← 目前最优
  shift     +1: 方程 53640, 先验残差 0.64143 → 拟合后残差 0.24536 N·m
  对齐不确定度带（拟合后残差 ≤ 最优+2.0%）: shift -1 … +1（17 个候选）
    该带内各参数的散布（**LS 的 σ 不含这一项**，是系统不确定度）:
      Jbig_eff       0.072435 … 0.079225     (±4.5%)
      Js             0.017096 … 0.021313     (±11.0%)
      Px             -0.13021 … -0.094316    (±16.0%)
      Py            -0.036067 … -0.033761    (±3.3%)
      fc_big          0.21455 … 0.22084      (±1.4%)
      fv_big         0.047629 … 0.065786     (±16.0%)
      fc_small       0.093084 … 0.096904     (±2.0%)
      fv_small       0.023549 … 0.050205     (±36.1%)
⇒ 选择 shift = +0（拟合后残差最小，相对 shift 0 改善 0.00%）
  相对次优 shift 领先 1.05%
  ⚠ 对齐差异不显著（<2%）：残差本身对半帧错位不敏感，但摩擦参数
    （fc/fv）对它很敏感 —— 建议同时跑 --align-shift=fine 与
    --align-shift=0/-1 比较参数稳定性。
  方程数 53640（held=ideal, shift=+0）

  列级 SNR（信号 σ / 噪声 σ，噪声由段内高通残差估计）:
    列           σ_signal     σ_noise        SNR        w   说明
    Jbig_eff          11.08       0.4393      25.24   0.9984   
    Js                22.87          1.2      19.07   0.9973   
    Px                2.666       0.1085      24.59   0.9983   
    Py                1.108      0.01478      74.99   0.9998   
    fc_big            3.628       0.1011       35.9   0.9992   
    fv_big            3.271      0.01898      172.3   1.0000   
    fc_small           10.9       0.4866       22.4   0.9980   
    fv_small          2.859      0.07056      40.51   0.9994   

---- 求解 ----
  列共线性诊断（关节加权后）: 
    Js         ↔ Px         corr = +0.903  ⚠ 高度共线 ⇒ 二者只能定出组合量
  方程 53640, 参数 8, 数值秩 8（不可辨识方向 0 个保持先验）
  奇异值(前 8): 1.474 1.372 1.317 0.9947 0.8914 0.4959 0.344 0.2508
  列归一化因子 ||col||: 1292 5322 538.4 293.7 475.1 440.2 1393 349.3
  Tikhonov λ = 0（归一化坐标）, 截断阈值 = 1.47e-07

---- 参数 ----
  name       先验(默认)     估计值     变化量  标准差 σ
  Jbig_eff           0.024      0.076192     +0.052192      0.000245
  Js                 0.013     0.0194529   +0.00645286     0.0001212
  Px                     0      -0.11469      -0.11469      0.001323
  Py                     0    -0.0349589    -0.0349589      0.000825
  fc_big              0.09      0.217831     +0.127831     0.0007747
  fv_big              0.03     0.0566672    +0.0266672     0.0008347
  fc_small            0.03     0.0951414    +0.0651414     0.0003669
  fv_small           0.008     0.0366327    +0.0286327      0.001464

---- 残差（τ_meas − inverseDynamics）----
  加权 RMS: 先验 0.63667 → 辨识后 0.2415（最小二乘解 0.2415），实测 τ 加权 RMS 1.0017
  相对降低 62.1%
  大yaw （未加权, N·m）: 先验 0.1114 → 辨识后 0.02977（τ RMS 0.20087）
  小yaw （未加权, N·m）: 先验 0.038587 → 辨识后 0.016757（τ RMS 0.054534）
  对齐复核: 用辨识参数重搜仍是 shift=+0 ✓
  数值可积性: recommendedFrictionLambda(dt=0.01) = 45.28（λ 固定 10） ✓

---- 真值对比（--truth）----
  name              真值     估计值 相对误差
  Jbig_eff            0.05      0.076192      52.384%
  Js                  0.02     0.0194529      -2.736%
  Px                0.0087      -0.11469   -1418.273%
  Py                 0.005    -0.0349589    -799.177%
  fc_big              0.22      0.217831      -0.986%
  fv_big             0.055     0.0566672       3.031%
  fc_small          0.0973     0.0951414      -2.218%
  fv_small           0.028     0.0366327      30.831%

已写出: data/sysid/ls_runs/sim100_lam10_ideal.txt

================ 验证集 ================
  data/sysid/sim100_lam10/sim_big_45.csv: 300 样本, 1 段, dt中位 0.01 s
    力矩预测残差 RMS (未加权, N·m), align-shift=-1:
      大yaw : 先验 0.18408 → 辨识后 0.027327  ✓改善
      小yaw : 先验 0.024277 → 辨识后 0.028208  ⚠变差
    前向仿真（开环、用实测 τ 驱动）角度误差 RMS / max [rad]，顺序 大yaw / 小yaw:
      用先验  参数:   RMS 1.562 / 0.5446   max 2.229 / 1.25
      用辨识后参数:   RMS 0.004328 / 0.02404   max 0.008824 / 0.06285
  data/sysid/sim100_lam10/sim_big_46.csv: 300 样本, 1 段, dt中位 0.01 s
    力矩预测残差 RMS (未加权, N·m), align-shift=+0:
      大yaw : 先验 0.1348 → 辨识后 0.021556  ✓改善
      小yaw : 先验 0.018057 → 辨识后 0.012883  ✓改善
    前向仿真（开环、用实测 τ 驱动）角度误差 RMS / max [rad]，顺序 大yaw / 小yaw:
      用先验  参数:   RMS 0.7982 / 0.225   max 1.381 / 0.5506
      用辨识后参数:   RMS 0.002073 / 0.005049   max 0.004945 / 0.01168
  data/sysid/sim100_lam10/sim_big_47.csv: 300 样本, 1 段, dt中位 0.01 s
    力矩预测残差 RMS (未加权, N·m), align-shift=+0:
      大yaw : 先验 0.029276 → 辨识后 0.033539  ⚠变差
      小yaw : 先验 0.0095804 → 辨识后 0.0085927  ✓改善
    前向仿真（开环、用实测 τ 驱动）角度误差 RMS / max [rad]，顺序 大yaw / 小yaw:
      用先验  参数:   RMS 0.04078 / 0.03458   max 0.05652 / 0.0412
      用辨识后参数:   RMS 0.0002729 / 0.0003848   max 0.0005957 / 0.001014
  data/sysid/sim100_lam10/sim_big_48.csv: 300 样本, 1 段, dt中位 0.01 s
    力矩预测残差 RMS (未加权, N·m), align-shift=-1:
      大yaw : 先验 0.19756 → 辨识后 0.02975  ✓改善
      小yaw : 先验 0.024005 → 辨识后 0.031393  ⚠变差
    前向仿真（开环、用实测 τ 驱动）角度误差 RMS / max [rad]，顺序 大yaw / 小yaw:
      用先验  参数:   RMS 4.737 / 0.9706   max 7.647 / 1.375
      用辨识后参数:   RMS 0.0145 / 0.03346   max 0.03104 / 0.0494
  data/sysid/sim100_lam10/sim_big_49.csv: 300 样本, 1 段, dt中位 0.01 s
    力矩预测残差 RMS (未加权, N·m), align-shift=+0:
      大yaw : 先验 0.17734 → 辨识后 0.026536  ✓改善
      小yaw : 先验 0.021817 → 辨识后 0.017022  ✓改善
    前向仿真（开环、用实测 τ 驱动）角度误差 RMS / max [rad]，顺序 大yaw / 小yaw:
      用先验  参数:   RMS 2.46 / 0.8892   max 4.576 / 1.528
      用辨识后参数:   RMS 0.003806 / 0.01491   max 0.009335 / 0.03315
  data/sysid/sim100_lam10/sim_small_95.csv: 300 样本, 1 段, dt中位 0.01 s
    力矩预测残差 RMS (未加权, N·m), align-shift=+1:
      大yaw : 先验 0.024235 → 辨识后 0.022591  ✓改善
      小yaw : 先验 0.050068 → 辨识后 0.0074905  ✓改善
    前向仿真（开环、用实测 τ 驱动）角度误差 RMS / max [rad]，顺序 大yaw / 小yaw:
      用先验  参数:   RMS 0.04338 / 0.5687   max 0.07828 / 0.9144
      用辨识后参数:   RMS 0.0008352 / 0.002865   max 0.002198 / 0.007481
  data/sysid/sim100_lam10/sim_small_96.csv: 300 样本, 1 段, dt中位 0.01 s
    力矩预测残差 RMS (未加权, N·m), align-shift=+1:
      大yaw : 先验 0.051978 → 辨识后 0.049943  ✓改善
      小yaw : 先验 0.055049 → 辨识后 0.0076944  ✓改善
    前向仿真（开环、用实测 τ 驱动）角度误差 RMS / max [rad]，顺序 大yaw / 小yaw:
      用先验  参数:   RMS 0.328 / 0.6158   max 0.4347 / 0.8892
      用辨识后参数:   RMS 0.001751 / 0.003956   max 0.004343 / 0.01031
  data/sysid/sim100_lam10/sim_small_97.csv: 300 样本, 1 段, dt中位 0.01 s
    力矩预测残差 RMS (未加权, N·m), align-shift=+1:
      大yaw : 先验 0.017568 → 辨识后 0.014343  ✓改善
      小yaw : 先验 0.047969 → 辨识后 0.0066417  ✓改善
    前向仿真（开环、用实测 τ 驱动）角度误差 RMS / max [rad]，顺序 大yaw / 小yaw:
      用先验  参数:   RMS 0.02285 / 0.2796   max 0.04184 / 0.6756
      用辨识后参数:   RMS 0.001073 / 0.00429   max 0.003609 / 0.009372
  data/sysid/sim100_lam10/sim_small_98.csv: 300 样本, 1 段, dt中位 0.01 s
    力矩预测残差 RMS (未加权, N·m), align-shift=+1:
      大yaw : 先验 0.048114 → 辨识后 0.046613  ✓改善
      小yaw : 先验 0.050339 → 辨识后 0.0080676  ✓改善
    前向仿真（开环、用实测 τ 驱动）角度误差 RMS / max [rad]，顺序 大yaw / 小yaw:
      用先验  参数:   RMS 0.2652 / 0.5993   max 0.3655 / 1.207
      用辨识后参数:   RMS 0.001374 / 0.002919   max 0.003822 / 0.006655
  data/sysid/sim100_lam10/sim_small_99.csv: 300 样本, 1 段, dt中位 0.01 s
    力矩预测残差 RMS (未加权, N·m), align-shift=+1:
      大yaw : 先验 0.015672 → 辨识后 0.013692  ✓改善
      小yaw : 先验 0.049271 → 辨识后 0.0073768  ✓改善
    前向仿真（开环、用实测 τ 驱动）角度误差 RMS / max [rad]，顺序 大yaw / 小yaw:
      用先验  参数:   RMS 0.05041 / 1.456   max 0.1093 / 2.723
      用辨识后参数:   RMS 0.000727 / 0.001995   max 0.001962 / 0.006026

完成。
