[load] 共读入 31 段数据（31 个文件，跳过 0 个）
[hold] 保持段截断: 15 段 → 各取前 3 s（4500 点），丢 9675 点（占这些段的 68%）；普通段不截断
[load] 共读入 7 段数据（7 个文件，跳过 0 个）
[hold] 保持段截断: 3 段 → 各取前 3 s（900 点），丢 1500 点（占这些段的 62%）；普通段不截断
[ok] 留出集与训练集无重合（7 段，指纹比对）
[beta] 31/31 段带 `backlash_center` 列（在线估计 β）: 范围 [-0.0546, +0.0576] rad（-3.13°~+3.30°）
[beta] 仿真真值 β 范围 [+0.0000, +0.0000] rad；在线估计误差 RMS = 11.815 mrad
[torch] ★ 冻结参数（不参与优化，恒保持初值）: backlash_through=0.002
[torch] 原仓库配方：epochs=1500 × 段数31 个 Adam 步（= 原仓库 num_epochs 同轮数），每次 10 步(0.1 s)随机片段，lr=0.0003（常数），损失 = 角度wrap MSE + 角速度 MSE(等权)，3-DOF RK4 积分(substeps=2)，无限位(log 参数化)
[torch] 数据: 31 段 → 31 个 sample（最长 300 点 = 3.00 s，水平(重力=0)）；拟合轴=both，自由参数=15；参数化: log 参数化: Jbig_eff,Js,fc_big,fv_big,fc_small,fv_small,backlash_delta,backlash_k,backlash_c,Jmotor,fc_motor,fv_motor; 自由参数: Px,Py,backlash_beta；参数限位: 无（无上下界 / 无 clamp / 无投影 / 无惩罚项）
[torch] 初值 φ0 = [+0.05000 +0.02000 +0.00866 +0.00500 +0.22000 +0.05500 +0.09730 +0.02800 +0.09650 +157.82790 +2.59110 +0.00200 +0.00600 +0.03000 +0.01000 +0.00000]（来源: 用户 --init-vector）
[torch] ★ --batch-segments: 每 epoch 1 次 Adam 步（每步 batch=31/31 段 × 10 步；损失 = 组内各段损失均值）
[torch] epoch     0/1500  loss=1.231800e-02  [+0.05002 +0.02001 +0.00836 +0.00530 +0.21993 +0.05502 +0.09733 +0.02801 +0.09653 +157.78056 +2.59032 +0.00200 +0.00600 +0.02999 +0.01000 +0.00000]
[torch] epoch     1/1500  loss=1.710171e-02  [+0.05003 +0.02001 +0.00807 +0.00559 +0.21994 +0.05503 +0.09733 +0.02801 +0.09655 +157.74882 +2.58987 +0.00200 +0.00600 +0.02999 +0.01001 +0.00000]
[torch] epoch     2/1500  loss=3.725213e-02  [+0.05004 +0.02002 +0.00784 +0.00582 +0.21991 +0.05503 +0.09735 +0.02802 +0.09657 +157.71553 +2.59020 +0.00200 +0.00600 +0.02998 +0.01001 +0.00000]
[torch] epoch     3/1500  loss=1.999972e-02  [+0.05006 +0.02002 +0.00760 +0.00605 +0.21990 +0.05504 +0.09737 +0.02802 +0.09659 +157.68462 +2.59049 +0.00200 +0.00601 +0.02997 +0.01001 +0.00000]
[torch] epoch     4/1500  loss=2.158981e-02  [+0.05007 +0.02003 +0.00737 +0.00630 +0.21989 +0.05505 +0.09740 +0.02803 +0.09661 +157.65837 +2.59091 +0.00200 +0.00601 +0.02997 +0.01001 +0.00000]
[eval@   150] 留出集窗口 RMSE[°] 电机/云台/小yaw = 0.757/0.113/0.073  角速度 = 0.2929/0.0366/0.0256
[torch] epoch   150/1500  loss=2.607751e-02  [+0.05190 +0.02064 -0.00035 +0.03761 +0.22384 +0.05548 +0.09949 +0.02850 +0.09763 +154.72400 +2.65344 +0.00200 +0.00616 +0.02932 +0.01024 +0.00000]
[eval@   300] 留出集窗口 RMSE[°] 电机/云台/小yaw = 0.736/0.130/0.075  角速度 = 0.2880/0.0434/0.0279
[torch] epoch   300/1500  loss=1.216502e-02  [+0.05370 +0.02100 -0.00408 +0.05389 +0.22613 +0.05532 +0.10073 +0.02878 +0.09865 +152.36784 +2.71653 +0.00200 +0.00628 +0.02846 +0.01038 +0.00000]
[eval@   450] 留出集窗口 RMSE[°] 电机/云台/小yaw = 0.721/0.141/0.076  角速度 = 0.2846/0.0481/0.0285
[torch] epoch   450/1500  loss=8.209884e-03  [+0.05529 +0.02130 -0.00493 +0.06137 +0.22842 +0.05548 +0.10085 +0.02872 +0.09962 +150.33569 +2.77702 +0.00200 +0.00640 +0.02767 +0.01057 +0.00000]
[eval@   600] 留出集窗口 RMSE[°] 电机/云台/小yaw = 0.709/0.149/0.076  角速度 = 0.2816/0.0518/0.0280
[torch] epoch   600/1500  loss=2.042664e-02  [+0.05686 +0.02152 -0.00473 +0.06452 +0.22938 +0.05560 +0.10094 +0.02862 +0.10118 +147.02378 +2.82704 +0.00200 +0.00652 +0.02692 +0.01075 +0.00000]
[eval@   750] 留出集窗口 RMSE[°] 电机/云台/小yaw = 0.699/0.156/0.077  角速度 = 0.2793/0.0546/0.0276
[torch] epoch   750/1500  loss=1.555731e-02  [+0.05823 +0.02173 -0.00034 +0.06517 +0.23041 +0.05566 +0.10085 +0.02860 +0.10236 +144.25494 +2.88023 +0.00200 +0.00663 +0.02617 +0.01090 +0.00000]
[eval@   900] 留出集窗口 RMSE[°] 电机/云台/小yaw = 0.691/0.160/0.076  角速度 = 0.2775/0.0563/0.0270
[torch] epoch   900/1500  loss=4.960620e-03  [+0.05940 +0.02202 -0.00301 +0.06299 +0.23091 +0.05561 +0.09992 +0.02826 +0.10370 +142.41269 +2.92987 +0.00200 +0.00671 +0.02540 +0.01100 +0.00000]
[eval@  1050] 留出集窗口 RMSE[°] 电机/云台/小yaw = 0.683/0.166/0.076  角速度 = 0.2756/0.0589/0.0272
[torch] epoch  1050/1500  loss=2.217057e-02  [+0.06066 +0.02229 -0.00282 +0.06423 +0.23191 +0.05572 +0.09926 +0.02796 +0.10480 +140.93725 +2.97860 +0.00200 +0.00681 +0.02469 +0.01115 +0.00000]
[eval@  1200] 留出集窗口 RMSE[°] 电机/云台/小yaw = 0.678/0.168/0.079  角速度 = 0.2743/0.0596/0.0269
[torch] epoch  1200/1500  loss=7.741308e-03  [+0.06173 +0.02231 -0.00076 +0.05692 +0.23237 +0.05571 +0.09854 +0.02774 +0.10559 +139.44907 +3.03009 +0.00200 +0.00687 +0.02396 +0.01127 +0.00000]
[eval@  1350] 留出集窗口 RMSE[°] 电机/云台/小yaw = 0.672/0.171/0.081  角速度 = 0.2730/0.0609/0.0272
[torch] epoch  1350/1500  loss=2.118596e-02  [+0.06272 +0.02240 +0.00107 +0.05448 +0.23122 +0.05553 +0.09802 +0.02755 +0.10625 +137.82720 +3.07593 +0.00200 +0.00695 +0.02315 +0.01136 +0.00000]
[torch] epoch  1495/1500  loss=1.735156e-02  [+0.06367 +0.02263 -0.00271 +0.05715 +0.23209 +0.05571 +0.09725 +0.02731 +0.10675 +136.85865 +3.10896 +0.00200 +0.00705 +0.02252 +0.01150 +0.00000]
[torch] epoch  1496/1500  loss=1.884732e-02  [+0.06368 +0.02263 -0.00260 +0.05708 +0.23210 +0.05571 +0.09725 +0.02731 +0.10675 +136.84263 +3.10922 +0.00200 +0.00705 +0.02251 +0.01150 +0.00000]
[torch] epoch  1497/1500  loss=1.366216e-02  [+0.06368 +0.02264 -0.00250 +0.05704 +0.23211 +0.05571 +0.09725 +0.02731 +0.10675 +136.82822 +3.10946 +0.00200 +0.00705 +0.02251 +0.01150 +0.00000]
[torch] epoch  1498/1500  loss=2.360629e-02  [+0.06369 +0.02264 -0.00241 +0.05700 +0.23211 +0.05570 +0.09725 +0.02731 +0.10676 +136.80065 +3.10983 +0.00200 +0.00705 +0.02250 +0.01150 +0.00000]
[torch] epoch  1499/1500  loss=2.691684e-02  [+0.06369 +0.02264 -0.00231 +0.05692 +0.23213 +0.05571 +0.09725 +0.02731 +0.10676 +136.77624 +3.11029 +0.00200 +0.00705 +0.02250 +0.01150 +0.00000]
[eval@  1500] 留出集窗口 RMSE[°] 电机/云台/小yaw = 0.666/0.176/0.081  角速度 = 0.2716/0.0631/0.0275

==============================================================================
辨识结果（输出误差法, 段数=31, 轴=both）  用时 306.3s
配方: ★ 全批配方(epochs=1500 个**全批** Adam 步, 每步 batch=全部段)—— 同一损失，只是把原配方的'每段一次更新'合并成'每 epoch 一次'；Adam/总步数=1500；参数限位=无（无上下界 / 无 clamp / 无投影 / 无惩罚项）
 # 参数                         初值           估计           变化  单位
   ---- 平面 8 参（云台/小 yaw 子块）----
 0 Jbig_eff             0.050000     0.063692    +0.013692  kg·m²
 1 Js                   0.020000     0.022642    +0.002642  kg·m²
 2 Px                   0.008660    -0.002307    -0.010967  kg·m
 3 Py                   0.005000     0.056924    +0.051924  kg·m
 4 fc_big               0.220000     0.232129    +0.012129  N·m
 5 fv_big               0.055000     0.055705    +0.000705  N·m·s/rad
 6 fc_small             0.097300     0.097249    -0.000051  N·m
 7 fv_small             0.028000     0.027308    -0.000692  N·m·s/rad
   ---- ★ 新增: 大 yaw 背隙 / 电机侧 ----
 8 backlash_delta       0.096500     0.106764    +0.010264  rad   (= 6.117°)
 9 backlash_k         157.827900   136.776244   -21.051656  N·m/rad
10 backlash_c           2.591100     3.110290    +0.519190  N·m·s/rad
11 backlash_through     0.002000     0.002000    +0.000000  —
12 Jmotor               0.006000     0.007054    +0.001054  kg·m²
13 fc_motor             0.030000     0.022497    -0.007503  N·m
14 fv_motor             0.010000     0.011498    +0.001498  N·m·s/rad
/home/huhu233/.config/matplotlib is not a writable directory
Matplotlib created a temporary cache directory at /tmp/matplotlib-n2ffonhw because there was an issue with the default path (/home/huhu233/.config/matplotlib); it is highly recommended to set the MPLCONFIGDIR environment variable to a writable directory, in particular to speed up the import of Matplotlib and to better support multiprocessing.
/home/huhu233/.local/lib/python3.10/site-packages/matplotlib/projections/__init__.py:63: UserWarning: Unable to import Axes3D. This may be due to multiple versions of Matplotlib being installed (e.g. as a system package and as a pip package). As a result, the 3D projection is not available.
  warnings.warn("Unable to import Axes3D. This may be due to multiple versions of "
15 backlash_beta        0.000000     0.000000    +0.000000  rad
==============================================================================
全批前向仿真 val_loss = 6.476630e-02
  ★ 估计参数（留出集）: 窗口(0.1s) RMSE: 角度[°] 电机/云台/小yaw = 0.666 / 0.176 / 0.081; 角速度[rad/s] = 0.2716 / 0.0631 / 0.0275
               整段开环 RMSE: 角度[°] 电机/云台/小yaw = 7.473 / 6.730 / 1.173
    （对照）初值: 窗口(0.1s) RMSE: 角度[°] 电机/云台/小yaw = 0.789 / 0.090 / 0.076; 角速度[rad/s] = 0.3006 / 0.0278 / 0.0244
loss 曲线: 共 1500 点；前 5 个 = 1.231800e-02, 1.710171e-02, 3.725213e-02, 1.999972e-02, 2.158981e-02
           后 5 个 = 1.735156e-02, 1.884732e-02, 1.366216e-02, 2.360629e-02, 2.691684e-02
            前 5 均值=2.084824e-02 → 后 5 均值=2.031315e-02（比值 0.9743，最小值 4.296229e-03）  ⇒ 下降 ✓
可粘贴到 include/tcbs/mpc/planar_yaw_params.h:
  p.Jbig_eff = 0.063692;  p.Js = 0.022642;
  p.Px = -0.002307;  p.Py = 0.056924;
  p.fcBig = 0.232129;  p.fvBig = 0.055705;
  p.fcSmall = 0.097249;  p.fvSmall = 0.027308;
  p.backlash_delta = 0.106764;  p.backlash_k = 136.7762;
  p.backlash_c = 3.1103;  p.backlash_through = 0.002000;
  p.Jmotor = 0.007054;  p.fcMotor = 0.022497;
  p.fvMotor = 0.011498;  // β 由估计器在线给（离线拟合值 +0.000000 仅供参考）
留出集学习曲线（10 个点，epoch 150..1500）:
  epoch    150: 角度 RMSE[°] 0.757/0.113/0.073   角速度 0.2929/0.0366/0.0256
  epoch    300: 角度 RMSE[°] 0.736/0.130/0.075   角速度 0.2880/0.0434/0.0279
  epoch    450: 角度 RMSE[°] 0.721/0.141/0.076   角速度 0.2846/0.0481/0.0285
  epoch    600: 角度 RMSE[°] 0.709/0.149/0.076   角速度 0.2816/0.0518/0.0280
  epoch    750: 角度 RMSE[°] 0.699/0.156/0.077   角速度 0.2793/0.0546/0.0276
  epoch    900: 角度 RMSE[°] 0.691/0.160/0.076   角速度 0.2775/0.0563/0.0270
  epoch   1050: 角度 RMSE[°] 0.683/0.166/0.076   角速度 0.2756/0.0589/0.0272
  epoch   1200: 角度 RMSE[°] 0.678/0.168/0.079   角速度 0.2743/0.0596/0.0269
  epoch   1350: 角度 RMSE[°] 0.672/0.171/0.081   角速度 0.2730/0.0609/0.0272
  epoch   1500: 角度 RMSE[°] 0.666/0.176/0.081   角速度 0.2716/0.0631/0.0275
[plot] 已保存 data/archive/20260920_sim_nobacklash/A_bogus_delta/ident_convergence.png  (362.9 KB)
[plot] 已保存 data/archive/20260920_sim_nobacklash/A_bogus_delta/ident_traj.png  (318.4 KB)
[plot] 已保存 data/archive/20260920_sim_nobacklash/A_bogus_delta/ident_convergence_learning.png  (46.7 KB)
[out] 已写入 data/archive/20260920_sim_nobacklash/A_bogus_delta/params.txt
