[load] 共读入 31 段数据（31 个文件，跳过 0 个）
[hold] 保持段截断: 15 段 → 各取前 3 s（4500 点），丢 9675 点（占这些段的 68%）；普通段不截断
[load] 共读入 7 段数据（7 个文件，跳过 0 个）
[hold] 保持段截断: 3 段 → 各取前 3 s（900 点），丢 1500 点（占这些段的 62%）；普通段不截断
[ok] 留出集与训练集无重合（7 段，指纹比对）
[beta] 31/31 段带 `backlash_center` 列（在线估计 β）: 范围 [-0.0546, +0.0576] rad（-3.13°~+3.30°）
[beta] 仿真真值 β 范围 [+0.0000, +0.0000] rad；在线估计误差 RMS = 11.815 mrad
[torch] ★ 冻结参数（不参与优化，恒保持初值）: backlash_through=0.002
[torch] 原仓库配方：epochs=1500 × 段数31 个 Adam 步（= 原仓库 num_epochs 同轮数），每次 10 步(0.1 s)随机片段，lr=0.0003（常数），损失 = 角度wrap MSE + 角速度 MSE(等权)，3-DOF RK4 积分(substeps=2)，无限位(log 参数化)
[torch] 数据: 31 段 → 31 个 sample（最长 300 点 = 3.00 s，水平(重力=0)）；拟合轴=both，自由参数=15；参数化: log 参数化: Jbig_eff,Js,fc_big,fv_big,fc_small,fv_small,backlash_delta,backlash_k,backlash_c,Jmotor,fc_motor,fv_motor; 自由参数: Px,Py,backlash_beta；参数限位: 无（无上下界 / 无 clamp / 无投影 / 无惩罚项）
[torch] 初值 φ0 = [+0.05000 +0.02000 +0.00866 +0.00500 +0.22000 +0.05500 +0.09730 +0.02800 +0.00200 +200.00000 +2.00000 +0.00200 +0.00600 +0.03000 +0.01000 +0.00000]（来源: 用户 --init-vector）
[torch] ★ --batch-segments: 每 epoch 1 次 Adam 步（每步 batch=31/31 段 × 10 步；损失 = 组内各段损失均值）
[torch] epoch     0/1500  loss=9.336289e-03  [+0.04999 +0.01999 +0.00836 +0.00470 +0.21993 +0.05498 +0.09733 +0.02801 +0.00200 +199.94001 +2.00060 +0.00200 +0.00600 +0.02999 +0.01000 +0.00000]
[torch] epoch     1/1500  loss=3.902770e-03  [+0.04997 +0.01999 +0.00818 +0.00440 +0.21987 +0.05497 +0.09734 +0.02801 +0.00200 +199.88572 +2.00114 +0.00200 +0.00600 +0.02998 +0.01000 +0.00000]
[torch] epoch     2/1500  loss=1.421187e-02  [+0.04996 +0.01999 +0.00796 +0.00410 +0.21981 +0.05496 +0.09736 +0.02801 +0.00200 +199.82899 +2.00170 +0.00200 +0.00599 +0.02998 +0.00999 +0.00000]
[torch] epoch     3/1500  loss=1.184340e-02  [+0.04994 +0.01999 +0.00774 +0.00380 +0.21975 +0.05494 +0.09738 +0.02802 +0.00200 +199.77152 +2.00227 +0.00200 +0.00599 +0.02997 +0.00999 +0.00000]
[torch] epoch     4/1500  loss=4.220885e-03  [+0.04993 +0.01999 +0.00754 +0.00350 +0.21969 +0.05492 +0.09740 +0.02802 +0.00200 +199.71713 +2.00280 +0.00200 +0.00599 +0.02996 +0.00999 +0.00000]
[eval@   150] 留出集窗口 RMSE[°] 电机/云台/小yaw = 0.469/0.052/0.042  角速度 = 0.1386/0.0172/0.0160
[torch] epoch   150/1500  loss=9.455936e-03  [+0.04855 +0.02003 +0.00379 -0.00290 +0.21639 +0.05330 +0.09793 +0.02790 +0.00209 +192.24979 +2.08262 +0.00200 +0.00576 +0.03035 +0.01004 +0.00000]
[eval@   300] 留出集窗口 RMSE[°] 电机/云台/小yaw = 0.466/0.052/0.042  角速度 = 0.1299/0.0166/0.0156
[torch] epoch   300/1500  loss=2.690364e-03  [+0.04823 +0.01990 +0.00429 +0.00145 +0.21588 +0.05173 +0.09889 +0.02792 +0.00217 +185.39428 +2.16996 +0.00200 +0.00552 +0.03036 +0.01020 +0.00000]
[eval@   450] 留出集窗口 RMSE[°] 电机/云台/小yaw = 0.464/0.051/0.043  角速度 = 0.1193/0.0150/0.0150
[torch] epoch   450/1500  loss=6.781911e-03  [+0.04837 +0.01978 +0.00216 +0.00419 +0.21730 +0.05066 +0.09875 +0.02775 +0.00224 +178.68927 +2.26454 +0.00200 +0.00528 +0.02886 +0.01046 +0.00000]
[eval@   600] 留出集窗口 RMSE[°] 电机/云台/小yaw = 0.460/0.051/0.044  角速度 = 0.1075/0.0144/0.0144
[torch] epoch   600/1500  loss=4.510835e-03  [+0.04943 +0.01990 +0.00200 +0.00288 +0.21630 +0.04992 +0.09755 +0.02742 +0.00226 +172.32398 +2.36277 +0.00200 +0.00505 +0.02598 +0.01084 +0.00000]
[eval@   750] 留出集窗口 RMSE[°] 电机/云台/小yaw = 0.456/0.055/0.047  角速度 = 0.1026/0.0154/0.0145
[torch] epoch   750/1500  loss=4.132182e-03  [+0.05161 +0.02028 +0.00249 -0.00474 +0.21146 +0.05016 +0.09445 +0.02713 +0.00216 +167.28687 +2.39950 +0.00200 +0.00501 +0.02356 +0.01118 +0.00000]
[eval@   900] 留出集窗口 RMSE[°] 电机/云台/小yaw = 0.454/0.059/0.050  角速度 = 0.0999/0.0164/0.0165
[torch] epoch   900/1500  loss=3.884293e-03  [+0.05300 +0.02066 +0.00315 -0.00247 +0.20937 +0.05072 +0.09253 +0.02706 +0.00206 +164.63983 +2.40703 +0.00200 +0.00503 +0.02215 +0.01145 +0.00000]
[eval@  1050] 留出集窗口 RMSE[°] 电机/云台/小yaw = 0.454/0.058/0.051  角速度 = 0.0987/0.0161/0.0165
[torch] epoch  1050/1500  loss=2.757912e-03  [+0.05302 +0.02064 +0.00189 -0.00725 +0.20942 +0.05130 +0.09251 +0.02732 +0.00197 +162.95281 +2.42911 +0.00200 +0.00500 +0.02169 +0.01171 +0.00000]
[eval@  1200] 留出集窗口 RMSE[°] 电机/云台/小yaw = 0.454/0.057/0.052  角速度 = 0.0975/0.0160/0.0166
[torch] epoch  1200/1500  loss=2.710809e-03  [+0.05324 +0.02063 +0.00252 -0.01061 +0.20930 +0.05195 +0.09237 +0.02754 +0.00187 +161.31236 +2.43972 +0.00200 +0.00499 +0.02115 +0.01194 +0.00000]
[eval@  1350] 留出集窗口 RMSE[°] 电机/云台/小yaw = 0.454/0.058/0.054  角速度 = 0.0960/0.0163/0.0167
[torch] epoch  1350/1500  loss=5.694737e-03  [+0.05350 +0.02065 +0.00587 -0.01291 +0.20900 +0.05240 +0.09226 +0.02783 +0.00177 +159.80391 +2.44724 +0.00200 +0.00500 +0.02058 +0.01213 +0.00000]
[torch] epoch  1495/1500  loss=3.649891e-03  [+0.05370 +0.02069 +0.00341 -0.01514 +0.20866 +0.05287 +0.09199 +0.02782 +0.00168 +158.29880 +2.45574 +0.00200 +0.00500 +0.02000 +0.01232 +0.00000]
[torch] epoch  1496/1500  loss=4.046524e-03  [+0.05370 +0.02069 +0.00347 -0.01516 +0.20865 +0.05287 +0.09199 +0.02783 +0.00168 +158.29019 +2.45574 +0.00200 +0.00500 +0.02000 +0.01233 +0.00000]
[torch] epoch  1497/1500  loss=2.826526e-03  [+0.05371 +0.02069 +0.00352 -0.01518 +0.20865 +0.05287 +0.09200 +0.02783 +0.00168 +158.28263 +2.45566 +0.00200 +0.00500 +0.01999 +0.01233 +0.00000]
[torch] epoch  1498/1500  loss=4.634975e-03  [+0.05371 +0.02069 +0.00356 -0.01520 +0.20865 +0.05287 +0.09200 +0.02784 +0.00168 +158.27441 +2.45557 +0.00200 +0.00500 +0.01999 +0.01233 +0.00000]
[torch] epoch  1499/1500  loss=3.870390e-03  [+0.05372 +0.02069 +0.00360 -0.01521 +0.20865 +0.05287 +0.09200 +0.02785 +0.00168 +158.26595 +2.45552 +0.00200 +0.00500 +0.01999 +0.01233 +0.00000]
[eval@  1500] 留出集窗口 RMSE[°] 电机/云台/小yaw = 0.454/0.058/0.055  角速度 = 0.0945/0.0163/0.0173

==============================================================================
辨识结果（输出误差法, 段数=31, 轴=both）  用时 302.8s
配方: ★ 全批配方(epochs=1500 个**全批** Adam 步, 每步 batch=全部段)—— 同一损失，只是把原配方的'每段一次更新'合并成'每 epoch 一次'；Adam/总步数=1500；参数限位=无（无上下界 / 无 clamp / 无投影 / 无惩罚项）
 # 参数                         初值           估计           变化  单位
   ---- 平面 8 参（云台/小 yaw 子块）----
 0 Jbig_eff             0.050000     0.053717    +0.003717  kg·m²
 1 Js                   0.020000     0.020694    +0.000694  kg·m²
 2 Px                   0.008660     0.003604    -0.005056  kg·m
 3 Py                   0.005000    -0.015210    -0.020210  kg·m
 4 fc_big               0.220000     0.208646    -0.011354  N·m
 5 fv_big               0.055000     0.052872    -0.002128  N·m·s/rad
 6 fc_small             0.097300     0.091997    -0.005303  N·m
 7 fv_small             0.028000     0.027845    -0.000155  N·m·s/rad
   ---- ★ 新增: 大 yaw 背隙 / 电机侧 ----
 8 backlash_delta       0.002000     0.001682    -0.000318  rad   (= 0.096°)
 9 backlash_k         200.000000   158.265953   -41.734047  N·m/rad
10 backlash_c           2.000000     2.455518    +0.455518  N·m·s/rad
11 backlash_through     0.002000     0.002000    +0.000000  —
12 Jmotor               0.006000     0.005000    -0.001000  kg·m²
13 fc_motor             0.030000     0.019987    -0.010013  N·m
14 fv_motor             0.010000     0.012327    +0.002327  N·m·s/rad
/home/huhu233/.config/matplotlib is not a writable directory
Matplotlib created a temporary cache directory at /tmp/matplotlib-t4i3t8m4 because there was an issue with the default path (/home/huhu233/.config/matplotlib); it is highly recommended to set the MPLCONFIGDIR environment variable to a writable directory, in particular to speed up the import of Matplotlib and to better support multiprocessing.
/home/huhu233/.local/lib/python3.10/site-packages/matplotlib/projections/__init__.py:63: UserWarning: Unable to import Axes3D. This may be due to multiple versions of Matplotlib being installed (e.g. as a system package and as a pip package). As a result, the 3D projection is not available.
  warnings.warn("Unable to import Axes3D. This may be due to multiple versions of "
15 backlash_beta        0.000000     0.000000    +0.000000  rad
==============================================================================
全批前向仿真 val_loss = 7.928387e-03
  ★ 估计参数（留出集）: 窗口(0.1s) RMSE: 角度[°] 电机/云台/小yaw = 0.454 / 0.058 / 0.055; 角速度[rad/s] = 0.0945 / 0.0163 / 0.0173
               整段开环 RMSE: 角度[°] 电机/云台/小yaw = 2.414 / 2.755 / 0.589
    （对照）初值: 窗口(0.1s) RMSE: 角度[°] 电机/云台/小yaw = 0.469 / 0.054 / 0.046; 角速度[rad/s] = 0.1476 / 0.0170 / 0.0168
loss 曲线: 共 1500 点；前 5 个 = 9.336289e-03, 3.902770e-03, 1.421187e-02, 1.184340e-02, 4.220885e-03
           后 5 个 = 3.649891e-03, 4.046524e-03, 2.826526e-03, 4.634975e-03, 3.870390e-03
            前 5 均值=9.130998e-03 → 后 5 均值=3.806808e-03（比值 0.4169，最小值 2.125553e-03）  ⇒ 下降 ✓
可粘贴到 include/tcbs/mpc/planar_yaw_params.h:
  p.Jbig_eff = 0.053717;  p.Js = 0.020694;
  p.Px = 0.003604;  p.Py = -0.015210;
  p.fcBig = 0.208646;  p.fvBig = 0.052872;
  p.fcSmall = 0.091997;  p.fvSmall = 0.027845;
  p.backlash_delta = 0.001682;  p.backlash_k = 158.2660;
  p.backlash_c = 2.4555;  p.backlash_through = 0.002000;
  p.Jmotor = 0.005000;  p.fcMotor = 0.019987;
  p.fvMotor = 0.012327;  // β 由估计器在线给（离线拟合值 +0.000000 仅供参考）
留出集学习曲线（10 个点，epoch 150..1500）:
  epoch    150: 角度 RMSE[°] 0.469/0.052/0.042   角速度 0.1386/0.0172/0.0160
  epoch    300: 角度 RMSE[°] 0.466/0.052/0.042   角速度 0.1299/0.0166/0.0156
  epoch    450: 角度 RMSE[°] 0.464/0.051/0.043   角速度 0.1193/0.0150/0.0150
  epoch    600: 角度 RMSE[°] 0.460/0.051/0.044   角速度 0.1075/0.0144/0.0144
  epoch    750: 角度 RMSE[°] 0.456/0.055/0.047   角速度 0.1026/0.0154/0.0145
  epoch    900: 角度 RMSE[°] 0.454/0.059/0.050   角速度 0.0999/0.0164/0.0165
  epoch   1050: 角度 RMSE[°] 0.454/0.058/0.051   角速度 0.0987/0.0161/0.0165
  epoch   1200: 角度 RMSE[°] 0.454/0.057/0.052   角速度 0.0975/0.0160/0.0166
  epoch   1350: 角度 RMSE[°] 0.454/0.058/0.054   角速度 0.0960/0.0163/0.0167
  epoch   1500: 角度 RMSE[°] 0.454/0.058/0.055   角速度 0.0945/0.0163/0.0173
[plot] 已保存 data/archive/20260920_sim_nobacklash/E_true_state/ident_convergence.png  (377.1 KB)
[plot] 已保存 data/archive/20260920_sim_nobacklash/E_true_state/ident_traj.png  (300.9 KB)
[plot] 已保存 data/archive/20260920_sim_nobacklash/E_true_state/ident_convergence_learning.png  (47.0 KB)
[out] 已写入 data/archive/20260920_sim_nobacklash/E_true_state/params.txt
