加载目标序列: 11 个文件, 共 300727 点 @100Hz
==============================================================================
双级 yaw 系统辨识数据采集 — 分轴激励（录制序列 + 增强 + 上位机 PID）
  段数=16  每段=300 点 (3.00s @100Hz)  到位=5s  种子=42
  PID: kp=2.0 ki=0.0 kd=0.1 输出限幅 ±1 N·m  力矩变化限幅 0.5 N·m/步
  静止保持段记录=开（后缀 _hold）（首段除外）
  仅力矩模式(mode=0)  pitch=0  小 yaw 行程=[-30°, +30°]  参考包络=[-22°, +22°]  中止阈值=同硬限位  中心=+0.0°  过温=55℃
  保存目录: data/archive/20260920_sim_nobacklash/train
  保存格式: npz（默认，不写 csv）  ← 也记静止保持段
  [DRY-RUN] 无硬件: 用内置仿真代替串口（planar_yaw_model.h 同方程, λ=100, 积分步长 0.050 ms）
  [DRY-RUN] ★ 仿真环境 3: **没有背隙**（δ=0）—— 电机与云台之间没有空行程，只剩 τ_t = k·Δ + c·Δ̇（k=200 N·m/rad, c=defaultModelParams 的 2）
  [DRY-RUN] 用途: 可辨识性诊断 —— 喂给当前 16 参（含 δ）模型，看它能不能识出'其实没有背隙'；npz 里记 no_backlash=1
==============================================================================
数据链路就绪

=== 段 1 === driven=big 轴 / held=small 轴  温度=(30,30)℃
  参考来源: recording_1778322622.npz[1991:2291] 随机缩放=0.74
  driven 大 yaw: 中心=+0.273 rad 半幅=±0.533 rad(±30.6°)
  held   小 yaw: 目标=+0.193 rad (+11.0°)  [包络 -22°…+22°]
  到位(固定 5s): err_big=-0.85° err_small=-0.20°
  等待连续 3s 稳定（判据: 两轴误差 ≤ 3° 且 两轴速度 < 12°/s；任一越界即重新计时）…
    [稳定等待] 已等   0.0s  e_big=-0.85° e_small=-0.20°  |ω_big|=0.07°/s |ω_small|=0.04°/s  连续 0.0/3s
    [稳定等待] 已等   1.0s  e_big=-0.78° e_small=-0.16°  |ω_big|=0.06°/s |ω_small|=0.03°/s  连续 1.0/3s
    [稳定等待] 已等   2.0s  e_big=-0.72° e_small=-0.13°  |ω_big|=0.06°/s |ω_small|=0.03°/s  连续 2.0/3s
  ✓ 已稳定（第二段用时 3.00s，两段合计 8.00s）
  采样 300 点 (3.00 s @100Hz)…
  保存: data/archive/20260920_sim_nobacklash/train/sysid_big_20260920_091125_00.npz  (300 行)

=== 段 2 === driven=small 轴 / held=big 轴  温度=(30,30)℃
  参考来源: recording_1778327131.npz[1301:1601] 随机缩放=0.37
  driven 小 yaw: 中心=+0.084 rad(+4.8°) 半幅=±0.262 rad(±15.0°)
    整条位于参考包络 [-22°, +22°] 内（硬限位 [-30°, +30°]，两侧各留 8° 跟踪余量; 中心 +0.0°）
  held   大 yaw: 目标=+0.394 rad（现有方位角 ±π 内随机）
  到位(固定 5s): err_big=-3.43° err_small=+0.08°
  等待连续 3s 稳定（判据: 两轴误差 ≤ 3° 且 两轴速度 < 12°/s；任一越界即重新计时）…
    [稳定等待] 已等   0.0s  e_big=-3.43° e_small=+0.08°  |ω_big|=0.30°/s |ω_small|=0.02°/s  连续 0.0/3s  ← 未满足 e_big超差
    [稳定等待] 已等   1.0s  e_big=-3.14° e_small=+0.07°  |ω_big|=0.27°/s |ω_small|=0.01°/s  连续 0.0/3s  ← 未满足 e_big超差
    [稳定等待] 已等   2.0s  e_big=-2.89° e_small=+0.06°  |ω_big|=0.24°/s |ω_small|=0.01°/s  连续 0.5/3s
    [稳定等待] 已等   3.0s  e_big=-2.65° e_small=+0.04°  |ω_big|=0.22°/s |ω_small|=0.01°/s  连续 1.5/3s
    [稳定等待] 已等   4.0s  e_big=-2.44° e_small=+0.04°  |ω_big|=0.20°/s |ω_small|=0.01°/s  连续 2.5/3s
  ✓ 已稳定（第二段用时 4.56s，两段合计 9.56s）
  静止保持段已记录: data/archive/20260920_sim_nobacklash/train/sysid_small_20260920_091138_01_hold.npz  (956 行, t=0~9.55s, 含大角度阶跃)
  采样 300 点 (3.00 s @100Hz)…
  保存: data/archive/20260920_sim_nobacklash/train/sysid_small_20260920_091143_01.npz  (300 行)

=== 段 3 === driven=big 轴 / held=small 轴  温度=(30,30)℃
  参考来源: recording_1778341521.npz[22922:23222] 随机缩放=0.14
  driven 大 yaw: 中心=+0.519 rad 半幅=±0.456 rad(±26.1°)
  held   小 yaw: 目标=+0.221 rad (+12.6°)  [包络 -22°…+22°]
  到位(固定 5s): err_big=-4.37° err_small=-0.76°
  等待连续 3s 稳定（判据: 两轴误差 ≤ 3° 且 两轴速度 < 12°/s；任一越界即重新计时）…
    [稳定等待] 已等   0.0s  e_big=-4.37° e_small=-0.77°  |ω_big|=0.40°/s |ω_small|=0.16°/s  连续 0.0/3s  ← 未满足 e_big超差
    [稳定等待] 已等   1.0s  e_big=-3.99° e_small=-0.62°  |ω_big|=0.36°/s |ω_small|=0.13°/s  连续 0.0/3s  ← 未满足 e_big超差
    [稳定等待] 已等   2.0s  e_big=-3.65° e_small=-0.50°  |ω_big|=0.32°/s |ω_small|=0.10°/s  连续 0.0/3s  ← 未满足 e_big超差
    [稳定等待] 已等   3.0s  e_big=-3.34° e_small=-0.41°  |ω_big|=0.29°/s |ω_small|=0.08°/s  连续 0.0/3s  ← 未满足 e_big超差
    [稳定等待] 已等   4.0s  e_big=-3.07° e_small=-0.34°  |ω_big|=0.26°/s |ω_small|=0.07°/s  连续 0.0/3s  ← 未满足 e_big超差
    [稳定等待] 已等   5.0s  e_big=-2.82° e_small=-0.27°  |ω_big|=0.24°/s |ω_small|=0.05°/s  连续 0.7/3s
    [稳定等待] 已等   6.0s  e_big=-2.60° e_small=-0.22°  |ω_big|=0.22°/s |ω_small|=0.05°/s  连续 1.7/3s
    [稳定等待] 已等   7.0s  e_big=-2.39° e_small=-0.18°  |ω_big|=0.20°/s |ω_small|=0.04°/s  连续 2.7/3s
  ✓ 已稳定（第二段用时 7.30s，两段合计 12.30s）
  静止保持段已记录: data/archive/20260920_sim_nobacklash/train/sysid_big_20260920_091158_02_hold.npz  (1230 行, t=0~12.29s, 含大角度阶跃)
  采样 300 点 (3.00 s @100Hz)…
  保存: data/archive/20260920_sim_nobacklash/train/sysid_big_20260920_091203_02.npz  (300 行)

=== 段 4 === driven=small 轴 / held=big 轴  温度=(30,30)℃
  参考来源: recording_1778414251.npz[5662:5962] 随机缩放=0.12
  driven 小 yaw: 中心=-0.052 rad(-3.0°) 半幅=±0.318 rad(±18.2°)
    整条位于参考包络 [-22°, +22°] 内（硬限位 [-30°, +30°]，两侧各留 8° 跟踪余量; 中心 +0.0°）
  held   大 yaw: 目标=-0.743 rad（现有方位角 ±π 内随机）
  到位(固定 5s): err_big=+1.26° err_small=+0.45°
  等待连续 3s 稳定（判据: 两轴误差 ≤ 3° 且 两轴速度 < 12°/s；任一越界即重新计时）…
    [稳定等待] 已等   0.0s  e_big=+1.26° e_small=+0.45°  |ω_big|=0.10°/s |ω_small|=0.10°/s  连续 0.0/3s
    [稳定等待] 已等   1.0s  e_big=+1.16° e_small=+0.37°  |ω_big|=0.09°/s |ω_small|=0.07°/s  连续 1.0/3s
    [稳定等待] 已等   2.0s  e_big=+1.07° e_small=+0.30°  |ω_big|=0.09°/s |ω_small|=0.06°/s  连续 2.0/3s
  ✓ 已稳定（第二段用时 3.00s，两段合计 8.00s）
  静止保持段已记录: data/archive/20260920_sim_nobacklash/train/sysid_small_20260920_091214_03_hold.npz  (800 行, t=0~7.99s, 含大角度阶跃)
  采样 300 点 (3.00 s @100Hz)…
  保存: data/archive/20260920_sim_nobacklash/train/sysid_small_20260920_091218_03.npz  (300 行)

=== 段 5 === driven=big 轴 / held=small 轴  温度=(30,30)℃
  参考来源: recording_1778341012.npz[22016:22316] 随机缩放=0.23
  driven 大 yaw: 中心=-0.895 rad 半幅=±0.320 rad(±18.3°)
  held   小 yaw: 目标=+0.080 rad (+4.6°)  [包络 -22°…+22°]
  到位(固定 5s): err_big=-0.65° err_small=+0.51°
  等待连续 3s 稳定（判据: 两轴误差 ≤ 3° 且 两轴速度 < 12°/s；任一越界即重新计时）…
    [稳定等待] 已等   0.0s  e_big=-0.65° e_small=+0.51°  |ω_big|=0.05°/s |ω_small|=0.11°/s  连续 0.0/3s
    [稳定等待] 已等   1.0s  e_big=-0.60° e_small=+0.41°  |ω_big|=0.05°/s |ω_small|=0.09°/s  连续 1.0/3s
    [稳定等待] 已等   2.0s  e_big=-0.56° e_small=+0.34°  |ω_big|=0.04°/s |ω_small|=0.07°/s  连续 2.0/3s
  ✓ 已稳定（第二段用时 3.00s，两段合计 8.00s）
  静止保持段已记录: data/archive/20260920_sim_nobacklash/train/sysid_big_20260920_091228_04_hold.npz  (800 行, t=0~7.99s, 含大角度阶跃)
  采样 300 点 (3.00 s @100Hz)…
  保存: data/archive/20260920_sim_nobacklash/train/sysid_big_20260920_091233_04.npz  (300 行)

=== 段 6 === driven=small 轴 / held=big 轴  温度=(30,30)℃
  参考来源: recording_1778340524.npz[3518:3818] 随机缩放=0.31
  driven 小 yaw: 中心=-0.044 rad(-2.5°) 半幅=±0.266 rad(±15.2°)
    整条位于参考包络 [-22°, +22°] 内（硬限位 [-30°, +30°]，两侧各留 8° 跟踪余量; 中心 +0.0°）
  held   大 yaw: 目标=-3.056 rad（现有方位角 ±π 内随机）
  到位(固定 5s): err_big=-4.08° err_small=-0.74°
  等待连续 3s 稳定（判据: 两轴误差 ≤ 3° 且 两轴速度 < 12°/s；任一越界即重新计时）…
    [稳定等待] 已等   0.0s  e_big=-4.08° e_small=-0.74°  |ω_big|=0.37°/s |ω_small|=0.16°/s  连续 0.0/3s  ← 未满足 e_big超差
    [稳定等待] 已等   1.0s  e_big=-3.73° e_small=-0.60°  |ω_big|=0.33°/s |ω_small|=0.12°/s  连续 0.0/3s  ← 未满足 e_big超差
    [稳定等待] 已等   2.0s  e_big=-3.42° e_small=-0.48°  |ω_big|=0.30°/s |ω_small|=0.10°/s  连续 0.0/3s  ← 未满足 e_big超差
    [稳定等待] 已等   3.0s  e_big=-3.13° e_small=-0.39°  |ω_big|=0.27°/s |ω_small|=0.08°/s  连续 0.0/3s  ← 未满足 e_big超差
    [稳定等待] 已等   4.0s  e_big=-2.87° e_small=-0.32°  |ω_big|=0.24°/s |ω_small|=0.07°/s  连续 0.5/3s
    [稳定等待] 已等   5.0s  e_big=-2.64° e_small=-0.26°  |ω_big|=0.22°/s |ω_small|=0.05°/s  连续 1.5/3s
    [稳定等待] 已等   6.0s  e_big=-2.43° e_small=-0.21°  |ω_big|=0.20°/s |ω_small|=0.05°/s  连续 2.5/3s
  ✓ 已稳定（第二段用时 6.53s，两段合计 11.53s）
  静止保持段已记录: data/archive/20260920_sim_nobacklash/train/sysid_small_20260920_091248_05_hold.npz  (1153 行, t=0~11.52s, 含大角度阶跃)
  采样 300 点 (3.00 s @100Hz)…
  保存: data/archive/20260920_sim_nobacklash/train/sysid_small_20260920_091252_05.npz  (300 行)

=== 段 7 === driven=big 轴 / held=small 轴  温度=(30,30)℃
  参考来源: recording_1778341521.npz[18454:18754] 随机缩放=0.27
  driven 大 yaw: 中心=-2.897 rad 半幅=±0.692 rad(±39.6°)
  held   小 yaw: 目标=-0.013 rad (-0.7°)  [包络 -22°…+22°]
  到位(固定 5s): err_big=+1.05° err_small=-0.13°
  等待连续 3s 稳定（判据: 两轴误差 ≤ 3° 且 两轴速度 < 12°/s；任一越界即重新计时）…
    [稳定等待] 已等   0.0s  e_big=+1.05° e_small=-0.12°  |ω_big|=0.08°/s |ω_small|=0.02°/s  连续 0.0/3s
    [稳定等待] 已等   1.0s  e_big=+0.97° e_small=-0.10°  |ω_big|=0.08°/s |ω_small|=0.02°/s  连续 1.0/3s
    [稳定等待] 已等   2.0s  e_big=+0.89° e_small=-0.09°  |ω_big|=0.07°/s |ω_small|=0.01°/s  连续 2.0/3s
  ✓ 已稳定（第二段用时 3.00s，两段合计 8.00s）
  静止保持段已记录: data/archive/20260920_sim_nobacklash/train/sysid_big_20260920_091304_06_hold.npz  (800 行, t=0~7.99s, 含大角度阶跃)
  采样 300 点 (3.00 s @100Hz)…
  保存: data/archive/20260920_sim_nobacklash/train/sysid_big_20260920_091309_06.npz  (300 行)

=== 段 8 === driven=small 轴 / held=big 轴  温度=(30,30)℃
  参考来源: recording_1778414251.npz[3177:3477] 随机缩放=0.15
  driven 小 yaw: 中心=+0.094 rad(+5.4°) 半幅=±0.275 rad(±15.7°)
    整条位于参考包络 [-22°, +22°] 内（硬限位 [-30°, +30°]，两侧各留 8° 跟踪余量; 中心 +0.0°）
  held   大 yaw: 目标=-0.753 rad（现有方位角 ±π 内随机）
  到位(固定 5s): err_big=+0.76° err_small=-0.03°
  等待连续 3s 稳定（判据: 两轴误差 ≤ 3° 且 两轴速度 < 12°/s；任一越界即重新计时）…
    [稳定等待] 已等   0.0s  e_big=+0.76° e_small=-0.03°  |ω_big|=0.06°/s |ω_small|=0.01°/s  连续 0.0/3s
    [稳定等待] 已等   1.0s  e_big=+0.70° e_small=-0.03°  |ω_big|=0.06°/s |ω_small|=0.00°/s  连续 1.0/3s
    [稳定等待] 已等   2.0s  e_big=+0.65° e_small=-0.02°  |ω_big|=0.05°/s |ω_small|=0.01°/s  连续 2.0/3s
  ✓ 已稳定（第二段用时 3.00s，两段合计 8.00s）
  静止保持段已记录: data/archive/20260920_sim_nobacklash/train/sysid_small_20260920_091320_07_hold.npz  (800 行, t=0~7.99s, 含大角度阶跃)
  采样 300 点 (3.00 s @100Hz)…
  保存: data/archive/20260920_sim_nobacklash/train/sysid_small_20260920_091325_07.npz  (300 行)

=== 段 9 === driven=big 轴 / held=small 轴  温度=(30,30)℃
  参考来源: recording_1778322660.npz[92:392] 随机缩放=0.30
  driven 大 yaw: 中心=-0.625 rad 半幅=±0.272 rad(±15.6°)
  held   小 yaw: 目标=+0.064 rad (+3.7°)  [包络 -22°…+22°]
  到位(固定 5s): err_big=+2.69° err_small=+0.66°
  等待连续 3s 稳定（判据: 两轴误差 ≤ 3° 且 两轴速度 < 12°/s；任一越界即重新计时）…
    [稳定等待] 已等   0.0s  e_big=+2.69° e_small=+0.66°  |ω_big|=0.23°/s |ω_small|=0.13°/s  连续 0.0/3s
    [稳定等待] 已等   1.0s  e_big=+2.48° e_small=+0.54°  |ω_big|=0.21°/s |ω_small|=0.11°/s  连续 1.0/3s
    [稳定等待] 已等   2.0s  e_big=+2.28° e_small=+0.44°  |ω_big|=0.19°/s |ω_small|=0.09°/s  连续 2.0/3s
  ✓ 已稳定（第二段用时 3.00s，两段合计 8.00s）
  静止保持段已记录: data/archive/20260920_sim_nobacklash/train/sysid_big_20260920_091336_08_hold.npz  (800 行, t=0~7.99s, 含大角度阶跃)
  采样 300 点 (3.00 s @100Hz)…
  保存: data/archive/20260920_sim_nobacklash/train/sysid_big_20260920_091341_08.npz  (300 行)

=== 段 10 === driven=small 轴 / held=big 轴  温度=(30,30)℃
  参考来源: recording_1778413386.npz[26990:27290] 随机缩放=0.20
  driven 小 yaw: 中心=+0.189 rad(+10.9°) 半幅=±0.348 rad(±19.9°)
    整条位于参考包络 [-22°, +22°] 内（硬限位 [-30°, +30°]，两侧各留 8° 跟踪余量; 中心 +0.0°）
  held   大 yaw: 目标=-3.533 rad（现有方位角 ±π 内随机）
  到位(固定 5s): err_big=-5.01° err_small=-1.03°
  等待连续 3s 稳定（判据: 两轴误差 ≤ 3° 且 两轴速度 < 12°/s；任一越界即重新计时）…
    [稳定等待] 已等   0.0s  e_big=-5.01° e_small=-1.03°  |ω_big|=0.49°/s |ω_small|=0.22°/s  连续 0.0/3s  ← 未满足 e_big超差
    [稳定等待] 已等   1.0s  e_big=-4.56° e_small=-0.84°  |ω_big|=0.43°/s |ω_small|=0.17°/s  连续 0.0/3s  ← 未满足 e_big超差
    [稳定等待] 已等   2.0s  e_big=-4.15° e_small=-0.68°  |ω_big|=0.38°/s |ω_small|=0.14°/s  连续 0.0/3s  ← 未满足 e_big超差
    [稳定等待] 已等   3.0s  e_big=-3.80° e_small=-0.55°  |ω_big|=0.34°/s |ω_small|=0.12°/s  连续 0.0/3s  ← 未满足 e_big超差
    [稳定等待] 已等   4.0s  e_big=-3.47° e_small=-0.45°  |ω_big|=0.30°/s |ω_small|=0.09°/s  连续 0.0/3s  ← 未满足 e_big超差
    [稳定等待] 已等   5.0s  e_big=-3.18° e_small=-0.36°  |ω_big|=0.27°/s |ω_small|=0.08°/s  连续 0.0/3s  ← 未满足 e_big超差
    [稳定等待] 已等   6.0s  e_big=-2.93° e_small=-0.29°  |ω_big|=0.25°/s |ω_small|=0.06°/s  连续 0.3/3s
    [稳定等待] 已等   7.0s  e_big=-2.69° e_small=-0.24°  |ω_big|=0.22°/s |ω_small|=0.05°/s  连续 1.3/3s
    [稳定等待] 已等   8.0s  e_big=-2.47° e_small=-0.20°  |ω_big|=0.21°/s |ω_small|=0.04°/s  连续 2.3/3s
  ✓ 已稳定（第二段用时 8.74s，两段合计 13.74s）
  静止保持段已记录: data/archive/20260920_sim_nobacklash/train/sysid_small_20260920_091358_09_hold.npz  (1374 行, t=0~13.73s, 含大角度阶跃)
  采样 300 点 (3.00 s @100Hz)…
  保存: data/archive/20260920_sim_nobacklash/train/sysid_small_20260920_091403_09.npz  (300 行)

=== 段 11 === driven=big 轴 / held=small 轴  温度=(30,30)℃
  参考来源: recording_1778322622.npz[2236:2536] 随机缩放=0.62
  driven 大 yaw: 中心=-3.569 rad 半幅=±0.507 rad(±29.0°)
  held   小 yaw: 目标=+0.037 rad (+2.1°)  [包络 -22°…+22°]
  到位(固定 5s): err_big=+2.51° err_small=+0.28°
  等待连续 3s 稳定（判据: 两轴误差 ≤ 3° 且 两轴速度 < 12°/s；任一越界即重新计时）…
    [稳定等待] 已等   0.0s  e_big=+2.51° e_small=+0.28°  |ω_big|=0.21°/s |ω_small|=0.05°/s  连续 0.0/3s
    [稳定等待] 已等   1.0s  e_big=+2.31° e_small=+0.23°  |ω_big|=0.19°/s |ω_small|=0.05°/s  连续 1.0/3s
    [稳定等待] 已等   2.0s  e_big=+2.13° e_small=+0.19°  |ω_big|=0.17°/s |ω_small|=0.04°/s  连续 2.0/3s
  ✓ 已稳定（第二段用时 3.00s，两段合计 8.00s）
  静止保持段已记录: data/archive/20260920_sim_nobacklash/train/sysid_big_20260920_091414_10_hold.npz  (800 行, t=0~7.99s, 含大角度阶跃)
  采样 300 点 (3.00 s @100Hz)…
  保存: data/archive/20260920_sim_nobacklash/train/sysid_big_20260920_091419_10.npz  (300 行)

=== 段 12 === driven=small 轴 / held=big 轴  温度=(30,30)℃
  参考来源: recording_1778327131.npz[1523:1823] 随机缩放=0.33
  driven 小 yaw: 中心=-0.014 rad(-0.8°) 半幅=±0.175 rad(±10.0°)
    整条位于参考包络 [-22°, +22°] 内（硬限位 [-30°, +30°]，两侧各留 8° 跟踪余量; 中心 +0.0°）
  held   大 yaw: 目标=-0.449 rad（现有方位角 ±π 内随机）
  到位(固定 5s): err_big=+5.03° err_small=+1.05°
  等待连续 3s 稳定（判据: 两轴误差 ≤ 3° 且 两轴速度 < 12°/s；任一越界即重新计时）…
    [稳定等待] 已等   0.0s  e_big=+5.03° e_small=+1.05°  |ω_big|=0.49°/s |ω_small|=0.23°/s  连续 0.0/3s  ← 未满足 e_big超差
    [稳定等待] 已等   1.0s  e_big=+4.56° e_small=+0.85°  |ω_big|=0.43°/s |ω_small|=0.18°/s  连续 0.0/3s  ← 未满足 e_big超差
    [稳定等待] 已等   2.0s  e_big=+4.16° e_small=+0.69°  |ω_big|=0.38°/s |ω_small|=0.14°/s  连续 0.0/3s  ← 未满足 e_big超差
    [稳定等待] 已等   3.0s  e_big=+3.80° e_small=+0.56°  |ω_big|=0.34°/s |ω_small|=0.12°/s  连续 0.0/3s  ← 未满足 e_big超差
    [稳定等待] 已等   4.0s  e_big=+3.48° e_small=+0.45°  |ω_big|=0.30°/s |ω_small|=0.09°/s  连续 0.0/3s  ← 未满足 e_big超差
    [稳定等待] 已等   5.0s  e_big=+3.19° e_small=+0.37°  |ω_big|=0.27°/s |ω_small|=0.08°/s  连续 0.0/3s  ← 未满足 e_big超差
    [稳定等待] 已等   6.0s  e_big=+2.93° e_small=+0.30°  |ω_big|=0.25°/s |ω_small|=0.06°/s  连续 0.3/3s
    [稳定等待] 已等   7.1s  e_big=+2.69° e_small=+0.24°  |ω_big|=0.22°/s |ω_small|=0.05°/s  连续 1.3/3s
    [稳定等待] 已等   8.1s  e_big=+2.48° e_small=+0.20°  |ω_big|=0.21°/s |ω_small|=0.04°/s  连续 2.3/3s
  ✓ 已稳定（第二段用时 8.76s，两段合计 13.76s）
  静止保持段已记录: data/archive/20260920_sim_nobacklash/train/sysid_small_20260920_091436_11_hold.npz  (1376 行, t=0~13.75s, 含大角度阶跃)
  采样 300 点 (3.00 s @100Hz)…
  保存: data/archive/20260920_sim_nobacklash/train/sysid_small_20260920_091441_11.npz  (300 行)

=== 段 13 === driven=big 轴 / held=small 轴  温度=(30,30)℃
  参考来源: recording_1778322660.npz[2254:2554] 随机缩放=0.49
  driven 大 yaw: 中心=-0.278 rad 半幅=±0.522 rad(±29.9°)
  held   小 yaw: 目标=+0.261 rad (+15.0°)  [包络 -22°…+22°]
  到位(固定 5s): err_big=-0.54° err_small=+0.20°
  等待连续 3s 稳定（判据: 两轴误差 ≤ 3° 且 两轴速度 < 12°/s；任一越界即重新计时）…
    [稳定等待] 已等   0.0s  e_big=-0.54° e_small=+0.20°  |ω_big|=0.04°/s |ω_small|=0.04°/s  连续 0.0/3s
    [稳定等待] 已等   1.0s  e_big=-0.50° e_small=+0.16°  |ω_big|=0.04°/s |ω_small|=0.03°/s  连续 1.0/3s
    [稳定等待] 已等   2.0s  e_big=-0.46° e_small=+0.13°  |ω_big|=0.04°/s |ω_small|=0.03°/s  连续 2.0/3s
  ✓ 已稳定（第二段用时 3.00s，两段合计 8.00s）
  静止保持段已记录: data/archive/20260920_sim_nobacklash/train/sysid_big_20260920_091452_12_hold.npz  (800 行, t=0~7.99s, 含大角度阶跃)
  采样 300 点 (3.00 s @100Hz)…
  保存: data/archive/20260920_sim_nobacklash/train/sysid_big_20260920_091457_12.npz  (300 行)

=== 段 14 === driven=small 轴 / held=big 轴  温度=(30,30)℃
  参考来源: recording_1778322660.npz[2301:2601] 随机缩放=0.21
  driven 小 yaw: 中心=-0.076 rad(-4.3°) 半幅=±0.236 rad(±13.5°)
    整条位于参考包络 [-22°, +22°] 内（硬限位 [-30°, +30°]，两侧各留 8° 跟踪余量; 中心 +0.0°）
  held   大 yaw: 目标=-0.462 rad（现有方位角 ±π 内随机）
  到位(固定 5s): err_big=-2.88° err_small=+0.01°
  等待连续 3s 稳定（判据: 两轴误差 ≤ 3° 且 两轴速度 < 12°/s；任一越界即重新计时）…
    [稳定等待] 已等   0.0s  e_big=-2.88° e_small=+0.01°  |ω_big|=0.24°/s |ω_small|=0.00°/s  连续 0.0/3s
    [稳定等待] 已等   1.0s  e_big=-2.65° e_small=+0.01°  |ω_big|=0.22°/s |ω_small|=0.00°/s  连续 1.0/3s
    [稳定等待] 已等   2.0s  e_big=-2.44° e_small=+0.01°  |ω_big|=0.20°/s |ω_small|=0.00°/s  连续 2.0/3s
  ✓ 已稳定（第二段用时 3.00s，两段合计 8.00s）
  静止保持段已记录: data/archive/20260920_sim_nobacklash/train/sysid_small_20260920_091508_13_hold.npz  (800 行, t=0~7.99s, 含大角度阶跃)
  采样 300 点 (3.00 s @100Hz)…
  保存: data/archive/20260920_sim_nobacklash/train/sysid_small_20260920_091513_13.npz  (300 行)

=== 段 15 === driven=big 轴 / held=small 轴  温度=(30,30)℃
  参考来源: recording_1778330157.npz[28522:28822] 随机缩放=0.48
  driven 大 yaw: 中心=-0.342 rad 半幅=±0.436 rad(±25.0°)
  held   小 yaw: 目标=-0.225 rad (-12.9°)  [包络 -22°…+22°]
  到位(固定 5s): err_big=+0.27° err_small=-0.23°
  等待连续 3s 稳定（判据: 两轴误差 ≤ 3° 且 两轴速度 < 12°/s；任一越界即重新计时）…
    [稳定等待] 已等   0.0s  e_big=+0.27° e_small=-0.22°  |ω_big|=0.02°/s |ω_small|=0.05°/s  连续 0.0/3s
    [稳定等待] 已等   1.0s  e_big=+0.25° e_small=-0.18°  |ω_big|=0.02°/s |ω_small|=0.04°/s  连续 1.0/3s
    [稳定等待] 已等   2.0s  e_big=+0.23° e_small=-0.15°  |ω_big|=0.02°/s |ω_small|=0.03°/s  连续 2.0/3s
  ✓ 已稳定（第二段用时 3.00s，两段合计 8.00s）
  静止保持段已记录: data/archive/20260920_sim_nobacklash/train/sysid_big_20260920_091525_14_hold.npz  (800 行, t=0~7.99s, 含大角度阶跃)
  采样 300 点 (3.00 s @100Hz)…
  保存: data/archive/20260920_sim_nobacklash/train/sysid_big_20260920_091529_14.npz  (300 行)

=== 段 16 === driven=small 轴 / held=big 轴  温度=(30,30)℃
  参考来源: recording_1778327131.npz[3715:4015] 随机缩放=0.30
  driven 小 yaw: 中心=+0.192 rad(+11.0°) 半幅=±0.344 rad(±19.7°)
    整条位于参考包络 [-22°, +22°] 内（硬限位 [-30°, +30°]，两侧各留 8° 跟踪余量; 中心 +0.0°）
  held   大 yaw: 目标=-0.509 rad（现有方位角 ±π 内随机）
  到位(固定 5s): err_big=-3.23° err_small=+0.37°
  等待连续 3s 稳定（判据: 两轴误差 ≤ 3° 且 两轴速度 < 12°/s；任一越界即重新计时）…
    [稳定等待] 已等   0.0s  e_big=-3.23° e_small=+0.37°  |ω_big|=0.28°/s |ω_small|=0.07°/s  连续 0.0/3s  ← 未满足 e_big超差
    [稳定等待] 已等   1.0s  e_big=-2.96° e_small=+0.30°  |ω_big|=0.25°/s |ω_small|=0.06°/s  连续 0.2/3s
    [稳定等待] 已等   2.0s  e_big=-2.72° e_small=+0.24°  |ω_big|=0.23°/s |ω_small|=0.05°/s  连续 1.2/3s
    [稳定等待] 已等   3.0s  e_big=-2.50° e_small=+0.20°  |ω_big|=0.21°/s |ω_small|=0.04°/s  连续 2.2/3s
  ✓ 已稳定（第二段用时 3.86s，两段合计 8.86s）
  静止保持段已记录: data/archive/20260920_sim_nobacklash/train/sysid_small_20260920_091542_15_hold.npz  (886 行, t=0~8.85s, 含大角度阶跃)
  采样 300 点 (3.00 s @100Hz)…
  保存: data/archive/20260920_sim_nobacklash/train/sysid_small_20260920_091546_15.npz  (300 行)
  已发送 20 帧零力矩并停止
------------------------------------------------------------------------------
完成: 保存 16/16 段 → data/archive/20260920_sim_nobacklash/train
  [DRY-RUN] 仿真下发 22196 帧, 结束状态 θ_big=-0.4894 θ_small=-0.4894 rad
