[load] 共读入 31 段数据（31 个文件，跳过 0 个）
[hold] 保持段截断: 15 段 → 各取前 3 s（4500 点），丢 9482 点（占这些段的 68%）；普通段不截断
[load] 共读入 7 段数据（7 个文件，跳过 0 个）
[hold] 保持段截断: 3 段 → 各取前 3 s（900 点），丢 1757 点（占这些段的 66%）；普通段不截断
[ok] 留出集与训练集无重合（7 段，指纹比对）
[beta] 31/31 段带 `backlash_center` 列（在线估计 β）: 范围 [-0.0587, +0.0340] rad（-3.37°~+1.95°）
[beta] 仿真真值 β 范围 [+0.0000, +0.0000] rad；在线估计误差 RMS = 10.800 mrad
[torch] ★ 冻结参数（不参与优化，恒保持初值）: backlash_through=0.002
[torch] 原仓库配方：epochs=3000 × 段数31 个 Adam 步（= 原仓库 num_epochs 同轮数），每次 10 步(0.1 s)随机片段，lr=0.0003（常数），损失 = 角度wrap MSE + 角速度 MSE(等权)，3-DOF RK4 积分(substeps=4)，无限位(log 参数化)
[torch] 数据: 31 段 → 31 个 sample（最长 300 点 = 3.00 s，水平(重力=0)）；拟合轴=both，自由参数=17；参数化: log 参数化: Jbig_eff,Js,fc_big,fv_big,fc_small,fv_small,backlash_delta,backlash_k,backlash_c,Jmotor,fc_motor,fv_motor; 自由参数: Px,Py,backlash_beta,Pbx,Pby；参数限位: 无（无上下界 / 无 clamp / 无投影 / 无惩罚项）
[torch] 初值 φ0 = [+0.05000 +0.02000 +0.00000 +0.00000 +0.22000 +0.05500 +0.09730 +0.02800 +0.00200 +2500.00000 +2.00000 +0.00200 +0.00600 +0.03000 +0.01000 +0.00000 +0.00000 +0.00000]（来源: 用户 --init-vector）
[torch] ★ --batch-segments: 每 epoch 1 次 Adam 步（每步 batch=31/31 段 × 10 步；损失 = 组内各段损失均值）
[torch] epoch     0/3000  loss=6.255741e-02  [+0.04999 +0.02001 -0.00030 -0.00030 +0.21993 +0.05498 +0.09733 +0.02801 +0.00200 +2500.75011 +2.00060 +0.00200 +0.00600 +0.02999 +0.01000 -0.00030 +0.00000 +0.00000]
[torch] epoch     1/3000  loss=5.721705e-02  [+0.04997 +0.02001 -0.00046 -0.00035 +0.21987 +0.05497 +0.09736 +0.02802 +0.00200 +2501.37988 +2.00117 +0.00200 +0.00600 +0.02998 +0.00999 -0.00060 +0.00000 +0.00000]
[torch] epoch     2/3000  loss=9.362312e-02  [+0.04996 +0.02001 -0.00066 -0.00052 +0.21981 +0.05496 +0.09738 +0.02802 +0.00200 +2502.06324 +2.00173 +0.00200 +0.00599 +0.02998 +0.00999 -0.00089 +0.00000 +0.00000]
[torch] epoch     3/3000  loss=8.315308e-02  [+0.04995 +0.02001 -0.00081 -0.00049 +0.21974 +0.05495 +0.09740 +0.02803 +0.00200 +2502.76965 +2.00231 +0.00200 +0.00599 +0.02997 +0.00999 -0.00116 +0.00000 +0.00000]
[torch] epoch     4/3000  loss=1.105196e-01  [+0.04993 +0.02001 -0.00086 -0.00043 +0.21970 +0.05494 +0.09743 +0.02804 +0.00200 +2503.47395 +2.00290 +0.00200 +0.00599 +0.02997 +0.00999 -0.00144 +0.00000 +0.00000]
[eval@   200] 留出集窗口 RMSE[°] 电机/云台/小yaw = 1.341/0.184/0.199  角速度 = 0.5232/0.0536/0.0568
[torch] epoch   200/3000  loss=5.067784e-02  [+0.04812 +0.02031 -0.00503 +0.00324 +0.21683 +0.05319 +0.10151 +0.02894 +0.00190 +2622.44887 +2.04559 +0.00200 +0.00573 +0.03053 +0.00958 -0.00288 +0.00000 +0.00000]
[eval@   400] 留出集窗口 RMSE[°] 电机/云台/小yaw = 1.334/0.178/0.202  角速度 = 0.4665/0.0452/0.0540
[torch] epoch   400/3000  loss=4.243996e-02  [+0.04766 +0.02031 -0.00448 +0.01509 +0.21650 +0.05194 +0.10473 +0.02942 +0.00182 +2728.09250 +1.97349 +0.00200 +0.00555 +0.03102 +0.00917 -0.00088 +0.00000 +0.00000]
[eval@   600] 留出集窗口 RMSE[°] 电机/云台/小yaw = 1.337/0.171/0.192  角速度 = 0.4230/0.0391/0.0475
[torch] epoch   600/3000  loss=4.207112e-02  [+0.04818 +0.02027 -0.00553 +0.01510 +0.21642 +0.05082 +0.10654 +0.02926 +0.00174 +2820.16448 +1.86337 +0.00200 +0.00544 +0.03129 +0.00878 +0.00019 +0.00000 +0.00000]
[eval@   800] 留出集窗口 RMSE[°] 电机/云台/小yaw = 1.337/0.166/0.181  角速度 = 0.3924/0.0344/0.0394
[torch] epoch   800/3000  loss=2.510659e-02  [+0.04935 +0.02039 +0.00274 +0.01386 +0.21836 +0.05014 +0.10665 +0.02881 +0.00167 +2897.55791 +1.76169 +0.00200 +0.00537 +0.03170 +0.00845 +0.00122 +0.00000 +0.00000]
[eval@  1000] 留出集窗口 RMSE[°] 电机/云台/小yaw = 1.334/0.163/0.173  角速度 = 0.3733/0.0331/0.0345
[torch] epoch  1000/3000  loss=1.719835e-02  [+0.05075 +0.02047 +0.00499 +0.01606 +0.21876 +0.04925 +0.10595 +0.02836 +0.00161 +2960.10971 +1.68567 +0.00200 +0.00533 +0.03182 +0.00816 -0.00081 +0.00000 +0.00000]
[eval@  1200] 留出集窗口 RMSE[°] 电机/云台/小yaw = 1.334/0.161/0.163  角速度 = 0.3620/0.0343/0.0309
[torch] epoch  1200/3000  loss=3.858352e-02  [+0.05221 +0.02053 +0.00782 +0.01555 +0.21849 +0.04849 +0.10523 +0.02777 +0.00155 +3013.38239 +1.63312 +0.00200 +0.00528 +0.03181 +0.00793 -0.00014 +0.00000 +0.00000]
[eval@  1400] 留出集窗口 RMSE[°] 电机/云台/小yaw = 1.335/0.160/0.160  角速度 = 0.3497/0.0351/0.0286
[torch] epoch  1400/3000  loss=3.096364e-02  [+0.05320 +0.02058 +0.00959 +0.01760 +0.21902 +0.04778 +0.10436 +0.02731 +0.00151 +3083.84017 +1.60337 +0.00200 +0.00518 +0.03203 +0.00776 -0.00123 +0.00000 +0.00000]
[eval@  1600] 留出集窗口 RMSE[°] 电机/云台/小yaw = 1.335/0.162/0.156  角速度 = 0.3478/0.0369/0.0265
[torch] epoch  1600/3000  loss=1.218352e-02  [+0.05436 +0.02063 +0.00745 +0.01678 +0.22180 +0.04751 +0.10356 +0.02690 +0.00148 +3109.21247 +1.61494 +0.00200 +0.00511 +0.03264 +0.00771 -0.00161 +0.00000 +0.00000]
[eval@  1800] 留出集窗口 RMSE[°] 电机/云台/小yaw = 1.334/0.160/0.147  角速度 = 0.3465/0.0387/0.0248
[torch] epoch  1800/3000  loss=4.236237e-02  [+0.05548 +0.02072 +0.00893 +0.01461 +0.22144 +0.04672 +0.10300 +0.02657 +0.00145 +3131.90725 +1.62703 +0.00200 +0.00505 +0.03280 +0.00760 -0.00023 +0.00000 +0.00000]
[eval@  2000] 留出集窗口 RMSE[°] 电机/云台/小yaw = 1.336/0.161/0.143  角速度 = 0.3456/0.0411/0.0240
[torch] epoch  2000/3000  loss=2.069822e-02  [+0.05636 +0.02076 +0.00958 +0.01645 +0.22088 +0.04605 +0.10180 +0.02610 +0.00143 +3155.87026 +1.63769 +0.00200 +0.00498 +0.03289 +0.00750 +0.00093 +0.00000 +0.00000]
[eval@  2200] 留出集窗口 RMSE[°] 电机/云台/小yaw = 1.338/0.160/0.137  角速度 = 0.3452/0.0426/0.0233
[torch] epoch  2200/3000  loss=1.832277e-02  [+0.05724 +0.02079 +0.01018 +0.01347 +0.22038 +0.04545 +0.10138 +0.02589 +0.00140 +3174.13915 +1.64736 +0.00200 +0.00493 +0.03297 +0.00740 +0.00026 +0.00000 +0.00000]
[eval@  2400] 留出集窗口 RMSE[°] 电机/云台/小yaw = 1.339/0.161/0.134  角速度 = 0.3447/0.0443/0.0229
[torch] epoch  2400/3000  loss=3.090654e-02  [+0.05806 +0.02083 +0.01158 +0.01209 +0.22131 +0.04498 +0.10074 +0.02569 +0.00138 +3193.28946 +1.64530 +0.00200 +0.00489 +0.03324 +0.00730 -0.00063 +0.00000 +0.00000]
[eval@  2600] 留出集窗口 RMSE[°] 电机/云台/小yaw = 1.339/0.164/0.133  角速度 = 0.3438/0.0472/0.0234
[torch] epoch  2600/3000  loss=1.672939e-02  [+0.05887 +0.02087 +0.01182 +0.01297 +0.21979 +0.04427 +0.10016 +0.02545 +0.00136 +3206.25591 +1.63878 +0.00200 +0.00487 +0.03312 +0.00715 -0.00016 +0.00000 +0.00000]
[eval@  2800] 留出集窗口 RMSE[°] 电机/云台/小yaw = 1.341/0.163/0.131  角速度 = 0.3436/0.0474/0.0240
[torch] epoch  2800/3000  loss=1.989750e-02  [+0.05923 +0.02092 +0.01314 +0.01000 +0.21956 +0.04395 +0.09969 +0.02535 +0.00134 +3215.42812 +1.63448 +0.00200 +0.00486 +0.03315 +0.00706 -0.00009 +0.00000 +0.00000]
[torch] epoch  2995/3000  loss=3.500904e-02  [+0.05955 +0.02098 +0.01568 +0.00861 +0.21958 +0.04360 +0.09901 +0.02519 +0.00132 +3224.36099 +1.62849 +0.00200 +0.00485 +0.03323 +0.00696 +0.00017 +0.00000 +0.00000]
[torch] epoch  2996/3000  loss=6.909572e-03  [+0.05955 +0.02098 +0.01561 +0.00872 +0.21957 +0.04360 +0.09901 +0.02519 +0.00132 +3224.38100 +1.62850 +0.00200 +0.00485 +0.03323 +0.00696 +0.00019 +0.00000 +0.00000]
[torch] epoch  2997/3000  loss=2.787294e-02  [+0.05956 +0.02098 +0.01555 +0.00886 +0.21956 +0.04360 +0.09901 +0.02519 +0.00132 +3224.39633 +1.62842 +0.00200 +0.00485 +0.03323 +0.00696 +0.00023 +0.00000 +0.00000]
/home/huhu233/.config/matplotlib is not a writable directory
Matplotlib created a temporary cache directory at /tmp/matplotlib-emf7d3vr because there was an issue with the default path (/home/huhu233/.config/matplotlib); it is highly recommended to set the MPLCONFIGDIR environment variable to a writable directory, in particular to speed up the import of Matplotlib and to better support multiprocessing.
/home/huhu233/.local/lib/python3.10/site-packages/matplotlib/projections/__init__.py:63: UserWarning: Unable to import Axes3D. This may be due to multiple versions of Matplotlib being installed (e.g. as a system package and as a pip package). As a result, the 3D projection is not available.
  warnings.warn("Unable to import Axes3D. This may be due to multiple versions of "
[torch] epoch  2998/3000  loss=3.032412e-02  [+0.05957 +0.02098 +0.01550 +0.00900 +0.21956 +0.04360 +0.09901 +0.02519 +0.00132 +3224.42358 +1.62834 +0.00200 +0.00485 +0.03323 +0.00696 +0.00026 +0.00000 +0.00000]
[torch] epoch  2999/3000  loss=1.928239e-02  [+0.05958 +0.02098 +0.01545 +0.00912 +0.21956 +0.04360 +0.09901 +0.02519 +0.00132 +3224.45305 +1.62825 +0.00200 +0.00485 +0.03323 +0.00696 +0.00032 +0.00000 +0.00000]
[eval@  3000] 留出集窗口 RMSE[°] 电机/云台/小yaw = 1.342/0.163/0.130  角速度 = 0.3434/0.0482/0.0246

==============================================================================
辨识结果（输出误差法, 段数=31, 轴=both）  用时 623.6s
配方: ★ 全批配方(epochs=3000 个**全批** Adam 步, 每步 batch=全部段)—— 同一损失，只是把原配方的'每段一次更新'合并成'每 epoch 一次'；Adam/总步数=3000；参数限位=无（无上下界 / 无 clamp / 无投影 / 无惩罚项）
 # 参数                         初值           估计           变化  单位
   ---- 平面 8 参（云台/小 yaw 子块）----
 0 Jbig_eff             0.050000     0.059578    +0.009578  kg·m²
 1 Js                   0.020000     0.020982    +0.000982  kg·m²
 2 Px                   0.000000     0.015449    +0.015449  kg·m
 3 Py                   0.000000     0.009118    +0.009118  kg·m
 4 fc_big               0.220000     0.219557    -0.000443  N·m
 5 fv_big               0.055000     0.043597    -0.011403  N·m·s/rad
 6 fc_small             0.097300     0.099009    +0.001709  N·m
 7 fv_small             0.028000     0.025195    -0.002805  N·m·s/rad
   ---- ★ 新增: 大 yaw 背隙 / 电机侧 ----
 8 backlash_delta       0.002000     0.001324    -0.000676  rad   (= 0.076°)
 9 backlash_k        2500.000000  3224.453048  +724.453048  N·m/rad
10 backlash_c           2.000000     1.628252    -0.371748  N·m·s/rad
11 backlash_through     0.002000     0.002000    +0.000000  —
12 Jmotor               0.006000     0.004846    -0.001154  kg·m²
13 fc_motor             0.030000     0.033229    +0.003229  N·m
14 fv_motor             0.010000     0.006961    -0.003039  N·m·s/rad
15 backlash_beta        0.000000     0.000321    +0.000321  rad
   ---- ★ 新增: 大 yaw 侧一阶矩 Pb（只在倾斜 + 大 yaw 转动时可辨识）----
16 Pbx                  0.000000     0.000000    +0.000000  kg·m
17 Pby                  0.000000     0.000000    +0.000000  kg·m
==============================================================================
全批前向仿真 val_loss = 3.326759e-02
  ★ 估计参数（留出集）: 窗口(0.1s) RMSE: 角度[°] 电机/云台/小yaw = 1.342 / 0.163 / 0.130; 角速度[rad/s] = 0.3434 / 0.0482 / 0.0246
               整段开环 RMSE: 角度[°] 电机/云台/小yaw = 2.576 / 2.813 / 1.128
    （对照）初值: 窗口(0.1s) RMSE: 角度[°] 电机/云台/小yaw = 1.322 / 0.191 / 0.197; 角速度[rad/s] = 0.6110 / 0.0646 / 0.0643
loss 曲线: 共 3000 点；前 5 个 = 6.255741e-02, 5.721705e-02, 9.362312e-02, 8.315308e-02, 1.105196e-01
           后 5 个 = 3.500904e-02, 6.909572e-03, 2.787294e-02, 3.032412e-02, 1.928239e-02
            前 5 均值=8.023415e-02 → 后 5 均值=2.256564e-02（比值 0.2812，最小值 4.079252e-03）  ⇒ 下降 ✓
可粘贴到 include/tcbs/mpc/planar_yaw_params.h:
  p.Jbig_eff = 0.059578;  p.Js = 0.020982;
  p.Px = 0.015449;  p.Py = 0.009118;
  p.fcBig = 0.219557;  p.fvBig = 0.043597;
  p.fcSmall = 0.099009;  p.fvSmall = 0.025195;
  p.backlash_delta = 0.001324;  p.backlash_k = 3224.4530;
  p.backlash_c = 1.6283;  p.backlash_through = 0.002000;
  p.Jmotor = 0.004846;  p.fcMotor = 0.033229;
  p.fvMotor = 0.006961;  // β 由估计器在线给（离线拟合值 +0.000321 仅供参考）
  p.Pbx = 0.000000;  p.Pby = 0.000000;  // 大 yaw 侧一阶矩（只有倾斜数据才可辨识）
留出集学习曲线（15 个点，epoch 200..3000）:
  epoch    200: 角度 RMSE[°] 1.341/0.184/0.199   角速度 0.5232/0.0536/0.0568
  epoch    400: 角度 RMSE[°] 1.334/0.178/0.202   角速度 0.4665/0.0452/0.0540
  epoch    600: 角度 RMSE[°] 1.337/0.171/0.192   角速度 0.4230/0.0391/0.0475
  epoch    800: 角度 RMSE[°] 1.337/0.166/0.181   角速度 0.3924/0.0344/0.0394
  epoch   1000: 角度 RMSE[°] 1.334/0.163/0.173   角速度 0.3733/0.0331/0.0345
  epoch   1200: 角度 RMSE[°] 1.334/0.161/0.163   角速度 0.3620/0.0343/0.0309
  epoch   1400: 角度 RMSE[°] 1.335/0.160/0.160   角速度 0.3497/0.0351/0.0286
  epoch   1600: 角度 RMSE[°] 1.335/0.162/0.156   角速度 0.3478/0.0369/0.0265
  epoch   1800: 角度 RMSE[°] 1.334/0.160/0.147   角速度 0.3465/0.0387/0.0248
  epoch   2000: 角度 RMSE[°] 1.336/0.161/0.143   角速度 0.3456/0.0411/0.0240
  epoch   2200: 角度 RMSE[°] 1.338/0.160/0.137   角速度 0.3452/0.0426/0.0233
  epoch   2400: 角度 RMSE[°] 1.339/0.161/0.134   角速度 0.3447/0.0443/0.0229
  epoch   2600: 角度 RMSE[°] 1.339/0.164/0.133   角速度 0.3438/0.0472/0.0234
  epoch   2800: 角度 RMSE[°] 1.341/0.163/0.131   角速度 0.3436/0.0474/0.0240
  epoch   3000: 角度 RMSE[°] 1.342/0.163/0.130   角速度 0.3434/0.0482/0.0246
[plot] 已保存 data/archive/20260920_sim_com_tilt/level_betafit/ident_convergence.png  (406.7 KB)
[plot] 已保存 data/archive/20260920_sim_com_tilt/level_betafit/ident_traj.png  (309.2 KB)
[plot] 已保存 data/archive/20260920_sim_com_tilt/level_betafit/ident_convergence_learning.png  (58.0 KB)
[out] 已写入 data/archive/20260920_sim_com_tilt/level_betafit/params.txt
