[load] 共读入 31 段数据（31 个文件，跳过 0 个）
[hold] 保持段截断: 15 段 → 各取前 3 s（4500 点），丢 9675 点（占这些段的 68%）；普通段不截断
[load] 共读入 7 段数据（7 个文件，跳过 0 个）
[hold] 保持段截断: 3 段 → 各取前 3 s（900 点），丢 1500 点（占这些段的 62%）；普通段不截断
[ok] 留出集与训练集无重合（7 段，指纹比对）
[beta] 31/31 段带 `backlash_center` 列（在线估计 β）: 范围 [-0.0546, +0.0576] rad（-3.13°~+3.30°）
[beta] 仿真真值 β 范围 [+0.0000, +0.0000] rad；在线估计误差 RMS = 11.815 mrad
[torch] ★ 冻结参数（不参与优化，恒保持初值）: backlash_through=0.002
[torch] 原仓库配方：epochs=1500 × 段数31 个 Adam 步（= 原仓库 num_epochs 同轮数），每次 10 步(0.1 s)随机片段，lr=0.0003（常数），损失 = 角度wrap MSE + 角速度 MSE(等权)，3-DOF RK4 积分(substeps=2)，无限位(log 参数化)
[torch] 数据: 31 段 → 31 个 sample（最长 300 点 = 3.00 s，水平(重力=0)）；拟合轴=both，自由参数=15；参数化: log 参数化: Jbig_eff,Js,fc_big,fv_big,fc_small,fv_small,backlash_delta,backlash_k,backlash_c,Jmotor,fc_motor,fv_motor; 自由参数: Px,Py,backlash_beta；参数限位: 无（无上下界 / 无 clamp / 无投影 / 无惩罚项）
[torch] 初值 φ0 = [+0.04561 +0.00812 +0.02135 -0.00743 +0.09624 +0.23737 +0.03343 +0.04847 +0.08730 +200.00000 +2.00000 +0.00200 +0.00600 +0.03000 +0.01000 +0.00000]（来源: 用户 --init-vector）
[torch] ★ --batch-segments: 每 epoch 1 次 Adam 步（每步 batch=31/31 段 × 10 步；损失 = 组内各段损失均值）
[torch] epoch     0/1500  loss=6.116935e-02  [+0.04563 +0.00812 +0.02105 -0.00773 +0.09622 +0.23730 +0.03344 +0.04848 +0.08733 +199.94001 +2.00060 +0.00200 +0.00600 +0.02999 +0.01000 +0.00000]
[torch] epoch     1/1500  loss=4.230746e-02  [+0.04564 +0.00812 +0.02083 -0.00794 +0.09620 +0.23725 +0.03345 +0.04849 +0.08734 +199.90228 +2.00120 +0.00200 +0.00600 +0.02999 +0.01000 +0.00000]
[torch] epoch     2/1500  loss=1.026225e-01  [+0.04565 +0.00812 +0.02063 -0.00786 +0.09618 +0.23719 +0.03346 +0.04851 +0.08736 +199.86819 +2.00175 +0.00200 +0.00600 +0.02998 +0.00999 +0.00000]
[torch] epoch     3/1500  loss=1.092734e-01  [+0.04566 +0.00813 +0.02040 -0.00790 +0.09616 +0.23713 +0.03347 +0.04852 +0.08738 +199.83719 +2.00230 +0.00200 +0.00600 +0.02998 +0.00999 +0.00000]
[torch] epoch     4/1500  loss=6.321017e-02  [+0.04568 +0.00813 +0.02021 -0.00793 +0.09614 +0.23708 +0.03348 +0.04853 +0.08739 +199.81232 +2.00287 +0.00200 +0.00600 +0.02997 +0.00999 +0.00000]
[eval@   150] 留出集窗口 RMSE[°] 电机/云台/小yaw = 0.912/0.233/0.819  角速度 = 0.3480/0.0913/0.3197
[torch] epoch   150/1500  loss=6.073265e-02  [+0.04726 +0.00846 +0.02537 -0.00301 +0.09563 +0.22945 +0.03491 +0.05046 +0.08861 +195.79852 +2.08575 +0.00200 +0.00616 +0.03040 +0.00970 +0.00000]
[eval@   300] 留出集窗口 RMSE[°] 电机/云台/小yaw = 0.880/0.218/0.766  角速度 = 0.3379/0.0841/0.2981
[torch] epoch   300/1500  loss=5.759545e-02  [+0.04881 +0.00880 +0.02665 +0.00316 +0.09570 +0.22237 +0.03639 +0.05245 +0.08999 +191.90899 +2.17131 +0.00200 +0.00631 +0.03096 +0.00942 +0.00000]
[eval@   450] 留出集窗口 RMSE[°] 电机/云台/小yaw = 0.855/0.206/0.719  角速度 = 0.3298/0.0789/0.2792
[torch] epoch   450/1500  loss=5.146279e-02  [+0.05015 +0.00913 +0.02564 +0.00578 +0.09578 +0.21607 +0.03786 +0.05442 +0.09145 +188.02773 +2.25786 +0.00200 +0.00642 +0.03150 +0.00918 +0.00000]
[eval@   600] 留出集窗口 RMSE[°] 电机/云台/小yaw = 0.834/0.194/0.673  角速度 = 0.3227/0.0738/0.2605
[torch] epoch   600/1500  loss=4.850637e-02  [+0.05160 +0.00946 +0.02580 +0.00478 +0.09574 +0.20956 +0.03941 +0.05645 +0.09336 +183.27049 +2.34681 +0.00200 +0.00650 +0.03197 +0.00892 +0.00000]
[eval@   750] 留出集窗口 RMSE[°] 电机/云台/小yaw = 0.812/0.187/0.634  角速度 = 0.3157/0.0700/0.2447
[torch] epoch   750/1500  loss=3.439256e-02  [+0.05301 +0.00979 +0.02412 +0.00833 +0.09594 +0.20369 +0.04089 +0.05827 +0.09485 +179.49165 +2.43793 +0.00200 +0.00655 +0.03248 +0.00869 +0.00000]
[eval@   900] 留出集窗口 RMSE[°] 电机/云台/小yaw = 0.793/0.181/0.599  角速度 = 0.3096/0.0673/0.2306
[torch] epoch   900/1500  loss=1.500912e-02  [+0.05434 +0.01010 +0.02252 +0.01100 +0.09658 +0.19874 +0.04237 +0.06004 +0.09600 +176.72694 +2.52600 +0.00200 +0.00655 +0.03302 +0.00849 +0.00000]
[eval@  1050] 留出集窗口 RMSE[°] 电机/云台/小yaw = 0.777/0.175/0.565  角速度 = 0.3040/0.0646/0.2170
[torch] epoch  1050/1500  loss=3.893623e-02  [+0.05575 +0.01041 +0.02255 +0.01126 +0.09746 +0.19363 +0.04385 +0.06179 +0.09741 +173.88759 +2.62177 +0.00200 +0.00649 +0.03361 +0.00829 +0.00000]
[eval@  1200] 留出集窗口 RMSE[°] 电机/云台/小yaw = 0.765/0.172/0.536  角速度 = 0.2985/0.0632/0.2052
[torch] epoch  1200/1500  loss=2.426326e-02  [+0.05696 +0.01071 +0.02365 +0.01400 +0.09867 +0.18934 +0.04524 +0.06333 +0.09805 +170.93759 +2.72060 +0.00200 +0.00634 +0.03380 +0.00812 +0.00000]
[eval@  1350] 留出集窗口 RMSE[°] 电机/云台/小yaw = 0.753/0.168/0.507  角速度 = 0.2943/0.0618/0.1936
[torch] epoch  1350/1500  loss=4.024234e-02  [+0.05818 +0.01100 +0.02667 +0.01434 +0.09939 +0.18498 +0.04671 +0.06493 +0.09885 +168.45143 +2.80291 +0.00200 +0.00632 +0.03333 +0.00794 +0.00000]
[torch] epoch  1495/1500  loss=2.938766e-02  [+0.05946 +0.01130 +0.02736 +0.01708 +0.09992 +0.18079 +0.04816 +0.06646 +0.09922 +166.75072 +2.85638 +0.00200 +0.00644 +0.03255 +0.00776 +0.00000]
[torch] epoch  1496/1500  loss=2.647423e-02  [+0.05946 +0.01130 +0.02737 +0.01704 +0.09992 +0.18077 +0.04817 +0.06647 +0.09923 +166.72123 +2.85685 +0.00200 +0.00644 +0.03255 +0.00776 +0.00000]
[torch] epoch  1497/1500  loss=2.470717e-02  [+0.05947 +0.01130 +0.02739 +0.01702 +0.09993 +0.18074 +0.04818 +0.06648 +0.09923 +166.69478 +2.85731 +0.00200 +0.00644 +0.03254 +0.00776 +0.00000]
[torch] epoch  1498/1500  loss=3.536048e-02  [+0.05948 +0.01130 +0.02740 +0.01702 +0.09995 +0.18072 +0.04819 +0.06649 +0.09923 +166.65810 +2.85787 +0.00200 +0.00644 +0.03254 +0.00776 +0.00000]
[torch] epoch  1499/1500  loss=3.970454e-02  [+0.05948 +0.01130 +0.02740 +0.01703 +0.09996 +0.18070 +0.04820 +0.06650 +0.09924 +166.62471 +2.85850 +0.00200 +0.00644 +0.03254 +0.00776 +0.00000]
[eval@  1500] 留出集窗口 RMSE[°] 电机/云台/小yaw = 0.740/0.168/0.482  角速度 = 0.2907/0.0612/0.1831

==============================================================================
辨识结果（输出误差法, 段数=31, 轴=both）  用时 312.8s
配方: ★ 全批配方(epochs=1500 个**全批** Adam 步, 每步 batch=全部段)—— 同一损失，只是把原配方的'每段一次更新'合并成'每 epoch 一次'；Adam/总步数=1500；参数限位=无（无上下界 / 无 clamp / 无投影 / 无惩罚项）
 # 参数                         初值           估计           变化  单位
   ---- 平面 8 参（云台/小 yaw 子块）----
 0 Jbig_eff             0.045614     0.059483    +0.013869  kg·m²
 1 Js                   0.008116     0.011305    +0.003189  kg·m²
 2 Px                   0.021348     0.027403    +0.006055  kg·m
 3 Py                  -0.007430     0.017034    +0.024464  kg·m
 4 fc_big               0.096245     0.099959    +0.003714  N·m
 5 fv_big               0.237374     0.180703    -0.056671  N·m·s/rad
 6 fc_small             0.033434     0.048196    +0.014762  N·m
 7 fv_small             0.048466     0.066498    +0.018032  N·m·s/rad
   ---- ★ 新增: 大 yaw 背隙 / 电机侧 ----
 8 backlash_delta       0.087300     0.099238    +0.011938  rad   (= 5.686°)
 9 backlash_k         200.000000   166.624712   -33.375288  N·m/rad
10 backlash_c           2.000000     2.858504    +0.858504  N·m·s/rad
11 backlash_through     0.002000     0.002000    +0.000000  —
12 Jmotor               0.006000     0.006437    +0.000437  kg·m²
13 fc_motor             0.030000     0.032537    +0.002537  N·m
14 fv_motor             0.010000     0.007758    -0.002242  N·m·s/rad
/home/huhu233/.config/matplotlib is not a writable directory
Matplotlib created a temporary cache directory at /tmp/matplotlib-rgjyj57i because there was an issue with the default path (/home/huhu233/.config/matplotlib); it is highly recommended to set the MPLCONFIGDIR environment variable to a writable directory, in particular to speed up the import of Matplotlib and to better support multiprocessing.
/home/huhu233/.local/lib/python3.10/site-packages/matplotlib/projections/__init__.py:63: UserWarning: Unable to import Axes3D. This may be due to multiple versions of Matplotlib being installed (e.g. as a system package and as a pip package). As a result, the 3D projection is not available.
  warnings.warn("Unable to import Axes3D. This may be due to multiple versions of "
15 backlash_beta        0.000000     0.000000    +0.000000  rad
==============================================================================
全批前向仿真 val_loss = 2.316195e-01
  ★ 估计参数（留出集）: 窗口(0.1s) RMSE: 角度[°] 电机/云台/小yaw = 0.740 / 0.168 / 0.482; 角速度[rad/s] = 0.2907 / 0.0612 / 0.1831
               整段开环 RMSE: 角度[°] 电机/云台/小yaw = 14.737 / 13.285 / 10.085
    （对照）初值: 窗口(0.1s) RMSE: 角度[°] 电机/云台/小yaw = 0.945 / 0.253 / 0.878; 角速度[rad/s] = 0.3587 / 0.1001 / 0.3437
loss 曲线: 共 1500 点；前 5 个 = 6.116935e-02, 4.230746e-02, 1.026225e-01, 1.092734e-01, 6.321017e-02
           后 5 个 = 2.938766e-02, 2.647423e-02, 2.470717e-02, 3.536048e-02, 3.970454e-02
            前 5 均值=7.239021e-02 → 后 5 均值=3.507315e-02（比值 0.4845，最小值 1.294023e-02）  ⇒ 下降 ✓
可粘贴到 include/tcbs/mpc/planar_yaw_params.h:
  p.Jbig_eff = 0.059483;  p.Js = 0.011305;
  p.Px = 0.027403;  p.Py = 0.017034;
  p.fcBig = 0.099959;  p.fvBig = 0.180703;
  p.fcSmall = 0.048196;  p.fvSmall = 0.066498;
  p.backlash_delta = 0.099238;  p.backlash_k = 166.6247;
  p.backlash_c = 2.8585;  p.backlash_through = 0.002000;
  p.Jmotor = 0.006437;  p.fcMotor = 0.032537;
  p.fvMotor = 0.007758;  // β 由估计器在线给（离线拟合值 +0.000000 仅供参考）
留出集学习曲线（10 个点，epoch 150..1500）:
  epoch    150: 角度 RMSE[°] 0.912/0.233/0.819   角速度 0.3480/0.0913/0.3197
  epoch    300: 角度 RMSE[°] 0.880/0.218/0.766   角速度 0.3379/0.0841/0.2981
  epoch    450: 角度 RMSE[°] 0.855/0.206/0.719   角速度 0.3298/0.0789/0.2792
  epoch    600: 角度 RMSE[°] 0.834/0.194/0.673   角速度 0.3227/0.0738/0.2605
  epoch    750: 角度 RMSE[°] 0.812/0.187/0.634   角速度 0.3157/0.0700/0.2447
  epoch    900: 角度 RMSE[°] 0.793/0.181/0.599   角速度 0.3096/0.0673/0.2306
  epoch   1050: 角度 RMSE[°] 0.777/0.175/0.565   角速度 0.3040/0.0646/0.2170
  epoch   1200: 角度 RMSE[°] 0.765/0.172/0.536   角速度 0.2985/0.0632/0.2052
  epoch   1350: 角度 RMSE[°] 0.753/0.168/0.507   角速度 0.2943/0.0618/0.1936
  epoch   1500: 角度 RMSE[°] 0.740/0.168/0.482   角速度 0.2907/0.0612/0.1831
[plot] 已保存 data/archive/20260920_sim_nobacklash/D_current_defaults/ident_convergence.png  (356.3 KB)
[plot] 已保存 data/archive/20260920_sim_nobacklash/D_current_defaults/ident_traj.png  (327.3 KB)
[plot] 已保存 data/archive/20260920_sim_nobacklash/D_current_defaults/ident_convergence_learning.png  (66.2 KB)
[out] 已写入 data/archive/20260920_sim_nobacklash/D_current_defaults/params.txt
