[load] 共读入 100 段数据（100 个文件，跳过 0 个）
[load] 共读入 8 段数据（8 个文件，跳过 0 个）
[beta] 100/100 段带 `backlash_center` 列（在线估计 β）: 范围 [-0.0644, +0.0722] rad（-3.69°~+4.14°）
[beta] 仿真真值 β 范围 [-0.0237, +0.0304] rad；在线估计误差 RMS = 31.377 mrad
[torch] 原仓库配方：epochs=1000 × 段数100 个 Adam 步（= 原仓库 num_epochs 同轮数），每次 10 步(0.1 s)随机片段，lr=0.0003（常数），损失 = 角度wrap MSE + 角速度 MSE(等权)，3-DOF RK4 积分(substeps=2)，无限位(log 参数化)
[torch] 数据: 100 段 → 100 个 sample（最长 300 点 = 3.00 s，水平(重力=0)）；拟合轴=both，自由参数=16；参数化: log 参数化: Jbig_eff,Js,fc_big,fv_big,fc_small,fv_small,backlash_delta,backlash_k,backlash_c,Jmotor,fc_motor,fv_motor; 自由参数: Px,Py,backlash_through,backlash_beta；参数限位: 无（无上下界 / 无 clamp / 无投影 / 无惩罚项）
[torch] 初值 φ0 = [+0.05189 +0.00916 +0.00190 -0.00102 +0.10336 +0.20904 +0.03058 +0.04874 +0.08730 +200.00000 +2.00000 +0.00200 +0.00600 +0.03000 +0.01000 +0.00000]（来源: 用户 --init-vector）
[torch] ★ --batch-segments: 每 epoch 1 次 Adam 步（每步 batch=100/100 段 × 10 步；损失 = 组内各段损失均值）
[torch] epoch     0/1000  loss=9.939857e-02  [+0.05191 +0.00916 +0.00220 -0.00132 +0.10339 +0.20898 +0.03059 +0.04875 +0.08727 +200.06000 +2.00060 +0.00230 +0.00600 +0.03001 +0.01000 +0.00000]
[torch] epoch     1/1000  loss=8.608643e-02  [+0.05192 +0.00917 +0.00249 -0.00162 +0.10342 +0.20892 +0.03060 +0.04876 +0.08725 +200.11454 +2.00112 +0.00260 +0.00600 +0.03002 +0.00999 +0.00000]
[torch] epoch     2/1000  loss=8.716548e-02  [+0.05193 +0.00917 +0.00275 -0.00192 +0.10345 +0.20886 +0.03061 +0.04878 +0.08722 +200.13684 +2.00167 +0.00289 +0.00600 +0.03003 +0.00999 +0.00000]
[torch] epoch     3/1000  loss=9.341572e-02  [+0.05195 +0.00917 +0.00285 -0.00221 +0.10348 +0.20881 +0.03062 +0.04879 +0.08722 +200.10679 +2.00224 +0.00319 +0.00599 +0.03004 +0.00999 +0.00000]
[torch] epoch     4/1000  loss=8.314254e-02  [+0.05196 +0.00918 +0.00291 -0.00250 +0.10351 +0.20875 +0.03063 +0.04881 +0.08722 +200.07809 +2.00280 +0.00348 +0.00599 +0.03004 +0.00999 +0.00000]
[torch] epoch    50/1000  loss=7.982397e-02  [+0.05243 +0.00930 +0.00459 -0.01446 +0.10478 +0.20615 +0.03105 +0.04947 +0.08715 +201.35427 +2.02054 +0.01624 +0.00594 +0.03040 +0.00987 +0.00000]
[torch] epoch   100/1000  loss=9.481175e-02  [+0.05287 +0.00943 +0.00286 -0.02252 +0.10595 +0.20338 +0.03149 +0.05014 +0.08783 +204.46884 +2.03732 +0.02812 +0.00586 +0.03070 +0.00974 +0.00000]
[torch] epoch   150/1000  loss=6.605121e-02  [+0.05329 +0.00956 +0.00267 -0.02759 +0.10712 +0.20104 +0.03192 +0.05081 +0.08901 +207.92215 +2.05145 +0.03844 +0.00578 +0.03097 +0.00963 +0.00000]
[torch] epoch   200/1000  loss=7.303819e-02  [+0.05359 +0.00970 +0.00221 -0.02760 +0.10827 +0.19862 +0.03235 +0.05146 +0.09030 +210.92997 +2.07163 +0.04680 +0.00569 +0.03122 +0.00952 +0.00000]
[torch] epoch   250/1000  loss=6.995053e-02  [+0.05385 +0.00983 +0.00177 -0.02764 +0.10943 +0.19625 +0.03279 +0.05212 +0.09144 +213.70089 +2.09452 +0.05345 +0.00560 +0.03143 +0.00941 +0.00000]
[torch] epoch   300/1000  loss=5.595358e-02  [+0.05405 +0.00997 +0.00007 -0.02805 +0.11060 +0.19395 +0.03323 +0.05278 +0.09255 +215.99068 +2.11906 +0.05872 +0.00551 +0.03159 +0.00930 +0.00000]
[torch] epoch   350/1000  loss=5.978032e-02  [+0.05404 +0.01010 -0.00083 -0.02807 +0.11162 +0.19159 +0.03368 +0.05344 +0.09377 +218.35363 +2.14281 +0.06394 +0.00542 +0.03163 +0.00918 +0.00000]
[torch] epoch   400/1000  loss=6.947440e-02  [+0.05411 +0.01023 +0.00266 -0.03038 +0.11259 +0.18914 +0.03414 +0.05411 +0.09498 +219.73658 +2.16892 +0.06706 +0.00533 +0.03155 +0.00906 +0.00000]
[torch] epoch   450/1000  loss=6.679283e-02  [+0.05414 +0.01036 +0.00478 -0.03043 +0.11348 +0.18688 +0.03459 +0.05476 +0.09616 +220.80578 +2.20215 +0.06968 +0.00524 +0.03134 +0.00895 +0.00000]
[torch] epoch   500/1000  loss=6.043413e-02  [+0.05412 +0.01049 +0.00232 -0.02962 +0.11440 +0.18472 +0.03503 +0.05538 +0.09713 +221.33202 +2.23914 +0.07125 +0.00514 +0.03104 +0.00885 +0.00000]
[torch] epoch   550/1000  loss=6.789768e-02  [+0.05409 +0.01062 +0.00371 -0.02917 +0.11534 +0.18266 +0.03547 +0.05600 +0.09801 +222.39806 +2.26082 +0.07375 +0.00510 +0.03044 +0.00875 +0.00000]
[torch] epoch   600/1000  loss=6.251149e-02  [+0.05413 +0.01075 +0.00509 -0.03053 +0.11629 +0.18049 +0.03590 +0.05659 +0.09889 +223.44845 +2.27416 +0.07616 +0.00507 +0.02980 +0.00864 +0.00000]
[torch] epoch   650/1000  loss=4.864167e-02  [+0.05410 +0.01087 +0.00772 -0.02944 +0.11725 +0.17836 +0.03633 +0.05717 +0.09984 +224.05096 +2.28872 +0.07790 +0.00505 +0.02911 +0.00854 +0.00000]
[torch] epoch   700/1000  loss=5.465741e-02  [+0.05408 +0.01100 +0.00712 -0.02916 +0.11825 +0.17651 +0.03676 +0.05773 +0.10072 +224.87811 +2.29101 +0.07997 +0.00505 +0.02850 +0.00845 +0.00000]
[torch] epoch   750/1000  loss=5.675818e-02  [+0.05386 +0.01112 +0.00458 -0.02892 +0.11946 +0.17481 +0.03721 +0.05836 +0.10167 +224.62437 +2.30389 +0.08021 +0.00503 +0.02790 +0.00836 +0.00000]
[torch] epoch   800/1000  loss=6.874058e-02  [+0.05381 +0.01125 +0.00440 -0.02810 +0.12072 +0.17318 +0.03764 +0.05894 +0.10244 +225.61680 +2.30290 +0.08285 +0.00504 +0.02734 +0.00828 +0.00000]
[torch] epoch   850/1000  loss=4.832416e-02  [+0.05372 +0.01137 +0.00207 -0.02898 +0.12189 +0.17141 +0.03808 +0.05950 +0.10322 +225.57537 +2.30443 +0.08324 +0.00504 +0.02684 +0.00819 +0.00000]
[torch] epoch   900/1000  loss=5.252277e-02  [+0.05359 +0.01149 +0.00022 -0.03023 +0.12304 +0.16973 +0.03853 +0.06006 +0.10404 +225.98210 +2.30466 +0.08470 +0.00504 +0.02639 +0.00811 +0.00000]
[torch] epoch   950/1000  loss=5.747242e-02  [+0.05336 +0.01162 +0.00131 -0.02814 +0.12420 +0.16807 +0.03896 +0.06059 +0.10484 +226.18215 +2.30997 +0.08561 +0.00503 +0.02600 +0.00803 +0.00000]
[torch] epoch   995/1000  loss=4.792041e-02  [+0.05325 +0.01173 +0.00248 -0.02741 +0.12538 +0.16666 +0.03933 +0.06104 +0.10563 +225.59402 +2.31610 +0.08490 +0.00503 +0.02565 +0.00796 +0.00000]
[torch] epoch   996/1000  loss=4.165033e-02  [+0.05325 +0.01173 +0.00244 -0.02736 +0.12541 +0.16663 +0.03934 +0.06105 +0.10565 +225.58311 +2.31653 +0.08489 +0.00503 +0.02564 +0.00796 +0.00000]
[torch] epoch   997/1000  loss=4.129477e-02  [+0.05324 +0.01173 +0.00237 -0.02733 +0.12543 +0.16661 +0.03935 +0.06106 +0.10566 +225.56926 +2.31684 +0.08488 +0.00502 +0.02563 +0.00796 +0.00000]
[torch] epoch   998/1000  loss=4.962476e-02  [+0.05324 +0.01173 +0.00235 -0.02731 +0.12546 +0.16658 +0.03936 +0.06107 +0.10568 +225.55283 +2.31714 +0.08485 +0.00502 +0.02562 +0.00796 +0.00000]
[torch] epoch   999/1000  loss=5.226588e-02  [+0.05323 +0.01174 +0.00231 -0.02727 +0.12548 +0.16655 +0.03936 +0.06107 +0.10569 +225.54378 +2.31733 +0.08484 +0.00502 +0.02561 +0.00796 +0.00000]

==============================================================================
辨识结果（输出误差法, 段数=100, 轴=both）  用时 180.8s
配方: ★ 全批配方(epochs=1000 个**全批** Adam 步, 每步 batch=全部段)—— 同一损失，只是把原配方的'每段一次更新'合并成'每 epoch 一次'；Adam/总步数=1000；参数限位=无（无上下界 / 无 clamp / 无投影 / 无惩罚项）
 # 参数                         初值           估计           变化  单位
   ---- 平面 8 参（云台/小 yaw 子块）----
 0 Jbig_eff             0.051893     0.053234    +0.001341  kg·m²
 1 Js                   0.009162     0.011737    +0.002575  kg·m²
 2 Px                   0.001897     0.002313    +0.000416  kg·m
 3 Py                  -0.001017    -0.027273    -0.026256  kg·m
 4 fc_big               0.103360     0.125481    +0.022121  N·m
 5 fv_big               0.209044     0.166548    -0.042496  N·m·s/rad
 6 fc_small             0.030582     0.039364    +0.008782  N·m
 7 fv_small             0.048735     0.061075    +0.012340  N·m·s/rad
   ---- ★ 新增: 大 yaw 背隙 / 电机侧 ----
 8 backlash_delta       0.087300     0.105689    +0.018389  rad   (= 6.056°)
 9 backlash_k         200.000000   225.543781   +25.543781  N·m/rad
10 backlash_c           2.000000     2.317334    +0.317334  N·m·s/rad
11 backlash_through     0.002000     0.084842    +0.082842  —
12 Jmotor               0.006000     0.005024    -0.000976  kg·m²
13 fc_motor             0.030000     0.025612    -0.004388  N·m
14 fv_motor             0.010000     0.007957    -0.002043  N·m·s/rad
15 backlash_beta        0.000000     0.000000    +0.000000  rad
==============================================================================
全批前向仿真 val_loss = 1.923281e-01
  ★ 估计参数（留出集）: 窗口(0.1s) RMSE: 角度[°] 电机/云台/小yaw = 0.583 / 0.143 / 0.515; 角速度[rad/s] = 0.2634 / 0.0609 / 0.2088
               整段开环 RMSE: 角度[°] 电机/云台/小yaw = 5.924 / 5.487 / 10.488
    （对照）初值: 窗口(0.1s) RMSE: 角度[°] 电机/云台/小yaw = 0.657 / 0.174 / 0.873; 角速度[rad/s] = 0.2901 / 0.0718 / 0.3499
loss 曲线: 共 1000 点；前 5 个 = 9.939857e-02, 8.608643e-02, 8.716548e-02, 9.341572e-02, 8.314254e-02
           后 5 个 = 4.792041e-02, 4.165033e-02, 4.129477e-02, 4.962476e-02, 5.226588e-02
            前 5 均值=8.995989e-02 → 后 5 均值=4.706257e-02（比值 0.5232，最小值 2.988846e-02）  ⇒ 下降 ✓
可粘贴到 include/tcbs/mpc/planar_yaw_params.h:
  p.Jbig_eff = 0.053234;  p.Js = 0.011737;
  p.Px = 0.002313;  p.Py = -0.027273;
  p.fcBig = 0.125481;  p.fvBig = 0.166548;
  p.fcSmall = 0.039364;  p.fvSmall = 0.061075;
  p.backlash_delta = 0.105689;  p.backlash_k = 225.5438;
  p.backlash_c = 2.3173;  p.backlash_through = 0.084842;
  p.Jmotor = 0.005024;  p.fcMotor = 0.025612;
  p.fvMotor = 0.007957;  // β 由估计器在线给（离线拟合值 +0.000000 仅供参考）
exit=0
