[load] 共读入 100 段数据（100 个文件，跳过 0 个）
[load] 共读入 8 段数据（8 个文件，跳过 0 个）
[beta] 100/100 段带 `backlash_center` 列（在线估计 β）: 范围 [-0.0644, +0.0722] rad（-3.69°~+4.14°）
[beta] 仿真真值 β 范围 [-0.0237, +0.0304] rad；在线估计误差 RMS = 31.377 mrad
[torch] 原仓库配方：epochs=1000 × 段数100 个 Adam 步（= 原仓库 num_epochs 同轮数），每次 10 步(0.1 s)随机片段，lr=0.0003（常数），损失 = 角度wrap MSE + 角速度 MSE(等权)，3-DOF RK4 积分(substeps=2)，无限位(log 参数化)
[torch] 数据: 100 段 → 100 个 sample（最长 300 点 = 3.00 s，水平(重力=0)）；拟合轴=both，自由参数=16；参数化: log 参数化: Jbig_eff,Js,fc_big,fv_big,fc_small,fv_small,backlash_delta,backlash_k,backlash_c,Jmotor,fc_motor,fv_motor; 自由参数: Px,Py,backlash_through,backlash_beta；参数限位: 无（无上下界 / 无 clamp / 无投影 / 无惩罚项）
[torch] 初值 φ0 = [+0.05189 +0.00916 +0.00190 -0.00102 +0.10336 +0.20904 +0.03058 +0.04874 +0.08730 +200.00000 +2.00000 +0.00200 +0.00600 +0.03000 +0.01000 +0.00000]（来源: 用户 --init-vector）
[torch] ★ --batch-segments: 每 epoch 1 次 Adam 步（每步 batch=100/100 段 × 10 步；损失 = 组内各段损失均值）
[torch] epoch     0/1000  loss=1.540951e-01  [+0.05191 +0.00916 +0.00220 -0.00132 +0.10339 +0.20898 +0.03059 +0.04875 +0.08727 +199.94001 +2.00060 +0.00230 +0.00600 +0.03001 +0.01000 +0.00000]
[torch] epoch     1/1000  loss=1.106490e-01  [+0.05192 +0.00917 +0.00248 -0.00162 +0.10342 +0.20892 +0.03060 +0.04876 +0.08725 +199.89040 +2.00116 +0.00257 +0.00600 +0.03002 +0.01000 +0.00000]
[torch] epoch     2/1000  loss=1.210181e-01  [+0.05193 +0.00917 +0.00272 -0.00192 +0.10345 +0.20886 +0.03061 +0.04878 +0.08723 +199.85211 +2.00167 +0.00283 +0.00600 +0.03003 +0.00999 +0.00000]
[torch] epoch     3/1000  loss=1.288967e-01  [+0.05195 +0.00917 +0.00278 -0.00221 +0.10348 +0.20880 +0.03062 +0.04879 +0.08721 +199.82057 +2.00213 +0.00310 +0.00599 +0.03004 +0.00999 +0.00000]
[torch] epoch     4/1000  loss=1.828941e-01  [+0.05196 +0.00918 +0.00282 -0.00249 +0.10351 +0.20874 +0.03063 +0.04881 +0.08719 +199.78769 +2.00261 +0.00336 +0.00599 +0.03004 +0.00999 +0.00000]
[torch] epoch    50/1000  loss=1.162699e-01  [+0.05243 +0.00930 +0.00359 -0.01420 +0.10481 +0.20633 +0.03105 +0.04947 +0.08733 +198.42094 +2.02379 +0.01572 +0.00593 +0.03038 +0.00988 +0.00000]
[torch] epoch   100/1000  loss=2.311614e-01  [+0.05303 +0.00943 +0.00121 -0.02061 +0.10600 +0.20382 +0.03149 +0.05014 +0.08781 +196.64257 +2.04973 +0.02732 +0.00586 +0.03067 +0.00978 +0.00000]
[torch] epoch   150/1000  loss=9.912145e-02  [+0.05351 +0.00956 +0.00116 -0.02525 +0.10715 +0.20193 +0.03192 +0.05081 +0.08869 +195.42426 +2.07298 +0.03695 +0.00578 +0.03091 +0.00970 +0.00000]
[torch] epoch   200/1000  loss=1.162543e-01  [+0.05404 +0.00970 +0.00090 -0.02384 +0.10834 +0.19998 +0.03235 +0.05147 +0.08957 +194.60127 +2.09733 +0.04655 +0.00570 +0.03119 +0.00963 +0.00000]
[torch] epoch   250/1000  loss=1.454164e-01  [+0.05461 +0.00983 +0.00085 -0.02294 +0.10937 +0.19762 +0.03280 +0.05213 +0.09062 +192.81835 +2.12831 +0.05404 +0.00561 +0.03138 +0.00952 +0.00000]
[torch] epoch   300/1000  loss=1.246292e-01  [+0.05505 +0.00997 -0.00113 -0.02322 +0.11069 +0.19568 +0.03325 +0.05280 +0.09159 +191.36090 +2.15857 +0.05988 +0.00552 +0.03164 +0.00945 +0.00000]
[torch] epoch   350/1000  loss=1.372351e-01  [+0.05548 +0.01010 -0.00179 -0.02276 +0.11172 +0.19348 +0.03370 +0.05346 +0.09276 +190.18412 +2.18810 +0.06766 +0.00543 +0.03173 +0.00935 +0.00000]
[torch] epoch   400/1000  loss=9.717565e-02  [+0.05590 +0.01023 +0.00161 -0.02495 +0.11283 +0.19128 +0.03416 +0.05414 +0.09385 +188.94197 +2.21789 +0.07400 +0.00534 +0.03174 +0.00926 +0.00000]
[torch] epoch   450/1000  loss=1.883104e-01  [+0.05620 +0.01036 +0.00388 -0.02509 +0.11384 +0.18939 +0.03461 +0.05480 +0.09495 +187.69576 +2.25245 +0.07990 +0.00524 +0.03158 +0.00918 +0.00000]
[torch] epoch   500/1000  loss=1.518353e-01  [+0.05654 +0.01049 +0.00157 -0.02311 +0.11506 +0.18758 +0.03505 +0.05543 +0.09610 +186.67850 +2.28742 +0.08622 +0.00514 +0.03134 +0.00910 +0.00000]
[torch] epoch   550/1000  loss=1.318613e-01  [+0.05676 +0.01062 +0.00361 -0.02380 +0.11584 +0.18573 +0.03549 +0.05605 +0.09700 +185.76101 +2.31462 +0.09242 +0.00507 +0.03072 +0.00902 +0.00000]
[torch] epoch   600/1000  loss=1.386062e-01  [+0.05707 +0.01075 +0.00609 -0.02571 +0.11677 +0.18386 +0.03592 +0.05664 +0.09791 +184.97494 +2.33090 +0.09974 +0.00504 +0.03000 +0.00892 +0.00000]
[torch] epoch   650/1000  loss=1.008066e-01  [+0.05733 +0.01087 +0.00867 -0.02528 +0.11740 +0.18183 +0.03635 +0.05723 +0.09865 +184.32491 +2.34193 +0.10653 +0.00502 +0.02921 +0.00882 +0.00000]
[torch] epoch   700/1000  loss=1.036076e-01  [+0.05774 +0.01100 +0.00808 -0.02433 +0.11823 +0.18019 +0.03678 +0.05779 +0.09957 +183.77107 +2.35508 +0.11412 +0.00501 +0.02853 +0.00874 +0.00000]
[torch] epoch   750/1000  loss=9.550774e-02  [+0.05791 +0.01113 +0.00593 -0.02491 +0.11920 +0.17872 +0.03723 +0.05843 +0.10061 +183.19378 +2.35724 +0.12213 +0.00502 +0.02786 +0.00865 +0.00000]
[torch] epoch   800/1000  loss=1.779140e-01  [+0.05799 +0.01125 +0.00558 -0.02437 +0.12039 +0.17750 +0.03765 +0.05901 +0.10158 +182.46252 +2.36213 +0.12929 +0.00502 +0.02734 +0.00857 +0.00000]
[torch] epoch   850/1000  loss=6.682689e-02  [+0.05816 +0.01138 +0.00283 -0.02388 +0.12148 +0.17609 +0.03809 +0.05957 +0.10267 +181.82162 +2.37496 +0.13478 +0.00499 +0.02685 +0.00851 +0.00000]
[torch] epoch   900/1000  loss=1.331435e-01  [+0.05842 +0.01150 +0.00128 -0.02499 +0.12248 +0.17468 +0.03853 +0.06013 +0.10370 +181.12044 +2.37729 +0.14133 +0.00500 +0.02631 +0.00842 +0.00000]
[torch] epoch   950/1000  loss=1.438770e-01  [+0.05849 +0.01162 +0.00227 -0.02312 +0.12349 +0.17329 +0.03896 +0.06067 +0.10484 +180.66702 +2.38133 +0.14888 +0.00500 +0.02579 +0.00834 +0.00000]
[torch] epoch   995/1000  loss=1.352402e-01  [+0.05864 +0.01173 +0.00350 -0.02167 +0.12445 +0.17222 +0.03934 +0.06113 +0.10591 +180.09485 +2.38641 +0.15424 +0.00500 +0.02538 +0.00828 +0.00000]
[torch] epoch   996/1000  loss=1.287086e-01  [+0.05864 +0.01174 +0.00348 -0.02162 +0.12447 +0.17220 +0.03934 +0.06114 +0.10593 +180.07871 +2.38633 +0.15432 +0.00500 +0.02537 +0.00828 +0.00000]
[torch] epoch   997/1000  loss=1.878963e-01  [+0.05864 +0.01174 +0.00342 -0.02160 +0.12450 +0.17218 +0.03935 +0.06115 +0.10595 +180.06360 +2.38635 +0.15441 +0.00500 +0.02536 +0.00828 +0.00000]
[torch] epoch   998/1000  loss=1.681255e-01  [+0.05864 +0.01174 +0.00342 -0.02158 +0.12453 +0.17216 +0.03936 +0.06116 +0.10598 +180.04139 +2.38635 +0.15448 +0.00500 +0.02535 +0.00827 +0.00000]
[torch] epoch   999/1000  loss=9.348932e-02  [+0.05865 +0.01174 +0.00340 -0.02155 +0.12456 +0.17214 +0.03937 +0.06116 +0.10600 +180.01298 +2.38627 +0.15456 +0.00500 +0.02534 +0.00827 +0.00000]

==============================================================================
辨识结果（输出误差法, 段数=100, 轴=both）  用时 184.7s
配方: ★ 全批配方(epochs=1000 个**全批** Adam 步, 每步 batch=全部段)—— 同一损失，只是把原配方的'每段一次更新'合并成'每 epoch 一次'；Adam/总步数=1000；参数限位=无（无上下界 / 无 clamp / 无投影 / 无惩罚项）
 # 参数                         初值           估计           变化  单位
   ---- 平面 8 参（云台/小 yaw 子块）----
 0 Jbig_eff             0.051893     0.058647    +0.006754  kg·m²
 1 Js                   0.009162     0.011744    +0.002582  kg·m²
 2 Px                   0.001897     0.003399    +0.001502  kg·m
 3 Py                  -0.001017    -0.021546    -0.020529  kg·m
 4 fc_big               0.103360     0.124555    +0.021195  N·m
 5 fv_big               0.209044     0.172143    -0.036901  N·m·s/rad
 6 fc_small             0.030582     0.039367    +0.008785  N·m
 7 fv_small             0.048735     0.061164    +0.012429  N·m·s/rad
   ---- ★ 新增: 大 yaw 背隙 / 电机侧 ----
 8 backlash_delta       0.087300     0.106000    +0.018700  rad   (= 6.073°)
 9 backlash_k         200.000000   180.012984   -19.987016  N·m/rad
10 backlash_c           2.000000     2.386274    +0.386274  N·m·s/rad
11 backlash_through     0.002000     0.154560    +0.152560  —
12 Jmotor               0.006000     0.005000    -0.001000  kg·m²
13 fc_motor             0.030000     0.025343    -0.004657  N·m
14 fv_motor             0.010000     0.008272    -0.001728  N·m·s/rad
15 backlash_beta        0.000000     0.000000    +0.000000  rad
==============================================================================
全批前向仿真 val_loss = 2.679055e-01
  ★ 估计参数（留出集）: 窗口(0.1s) RMSE: 角度[°] 电机/云台/小yaw = 0.945 / 0.187 / 0.543; 角速度[rad/s] = 0.4352 / 0.0621 / 0.2141
               整段开环 RMSE: 角度[°] 电机/云台/小yaw = 6.238 / 5.768 / 10.633
    （对照）初值: 窗口(0.1s) RMSE: 角度[°] 电机/云台/小yaw = 1.054 / 0.224 / 0.890; 角速度[rad/s] = 0.4716 / 0.0793 / 0.3530
loss 曲线: 共 1000 点；前 5 个 = 1.540951e-01, 1.106490e-01, 1.210181e-01, 1.288967e-01, 1.828941e-01
           后 5 个 = 1.352402e-01, 1.287086e-01, 1.878963e-01, 1.681255e-01, 9.348932e-02
            前 5 均值=1.500971e-01 → 后 5 均值=1.297218e-01（比值 0.8643，最小值 5.800070e-02）  ⇒ 下降 ✓
可粘贴到 include/tcbs/mpc/planar_yaw_params.h:
  p.Jbig_eff = 0.058647;  p.Js = 0.011744;
  p.Px = 0.003399;  p.Py = -0.021546;
  p.fcBig = 0.124555;  p.fvBig = 0.172143;
  p.fcSmall = 0.039367;  p.fvSmall = 0.061164;
  p.backlash_delta = 0.106000;  p.backlash_k = 180.0130;
  p.backlash_c = 2.3863;  p.backlash_through = 0.154560;
  p.Jmotor = 0.005000;  p.fcMotor = 0.025343;
  p.fvMotor = 0.008272;  // β 由估计器在线给（离线拟合值 +0.000000 仅供参考）
/home/huhu233/.config/matplotlib is not a writable directory
Matplotlib created a temporary cache directory at /tmp/matplotlib-kjdc20qy because there was an issue with the default path (/home/huhu233/.config/matplotlib); it is highly recommended to set the MPLCONFIGDIR environment variable to a writable directory, in particular to speed up the import of Matplotlib and to better support multiprocessing.
/home/huhu233/.local/lib/python3.10/site-packages/matplotlib/projections/__init__.py:63: UserWarning: Unable to import Axes3D. This may be due to multiple versions of Matplotlib being installed (e.g. as a system package and as a pip package). As a result, the 3D projection is not available.
  warnings.warn("Unable to import Axes3D. This may be due to multiple versions of "
[plot] 已保存 _tmpr/final/ident_convergence.png  (353.2 KB)
[plot] 已保存 _tmpr/final/ident_traj.png  (316.0 KB)
[out] 已写入 _tmpr/final/params.txt
exit=0
