[load] 共读入 100 段数据（100 个文件，跳过 0 个）
[load] 共读入 8 段数据（8 个文件，跳过 0 个）
[beta] 100/100 段带 `backlash_center` 列（在线估计 β）: 范围 [-0.0644, +0.0722] rad（-3.69°~+4.14°）
[beta] 仿真真值 β 范围 [-0.0237, +0.0304] rad；在线估计误差 RMS = 31.377 mrad
[torch] 原仓库配方：epochs=1000 × 段数100 个 Adam 步（= 原仓库 num_epochs 同轮数），每次 10 步(0.1 s)随机片段，lr=0.0003（常数），损失 = 角度wrap MSE + 角速度 MSE(等权)，3-DOF RK4 积分(substeps=2)，无限位(log 参数化)
[torch] 数据: 100 段 → 100 个 sample（最长 300 点 = 3.00 s，水平(重力=0)）；拟合轴=both，自由参数=16；参数化: log 参数化: Jbig_eff,Js,fc_big,fv_big,fc_small,fv_small,backlash_delta,backlash_k,backlash_c,Jmotor,fc_motor,fv_motor; 自由参数: Px,Py,backlash_through,backlash_beta；参数限位: 无（无上下界 / 无 clamp / 无投影 / 无惩罚项）
[torch] 初值 φ0 = [+0.05189 +0.00916 +0.00190 -0.00102 +0.10336 +0.20904 +0.03058 +0.04874 +0.08730 +200.00000 +2.00000 +0.00200 +0.00600 +0.03000 +0.01000 +0.00000]（来源: 用户 --init-vector）
[torch] ★ --batch-segments: 每 epoch 1 次 Adam 步（每步 batch=100/100 段 × 10 步；损失 = 组内各段损失均值）
[torch] epoch     0/1000  loss=1.543962e-01  [+0.05188 +0.00916 +0.00220 -0.00132 +0.10339 +0.20898 +0.03059 +0.04875 +0.08727 +199.94001 +2.00060 +0.00230 +0.00600 +0.03001 +0.01000 +0.00000]
[torch] epoch     1/1000  loss=1.059700e-01  [+0.05189 +0.00917 +0.00248 -0.00162 +0.10342 +0.20892 +0.03060 +0.04876 +0.08725 +199.89091 +2.00112 +0.00255 +0.00600 +0.03002 +0.00999 +0.00000]
[torch] epoch     2/1000  loss=1.177162e-01  [+0.05190 +0.00917 +0.00272 -0.00192 +0.10345 +0.20886 +0.03061 +0.04878 +0.08722 +199.85403 +2.00157 +0.00282 +0.00600 +0.03003 +0.00999 +0.00000]
[torch] epoch     3/1000  loss=1.269719e-01  [+0.05191 +0.00917 +0.00279 -0.00221 +0.10348 +0.20880 +0.03062 +0.04879 +0.08720 +199.82444 +2.00194 +0.00310 +0.00599 +0.03003 +0.00999 +0.00000]
[torch] epoch     4/1000  loss=1.836225e-01  [+0.05193 +0.00918 +0.00285 -0.00249 +0.10351 +0.20874 +0.03063 +0.04881 +0.08718 +199.79205 +2.00237 +0.00337 +0.00599 +0.03004 +0.00999 +0.00000]
[torch] epoch    50/1000  loss=1.139921e-01  [+0.05233 +0.00930 +0.00377 -0.01438 +0.10479 +0.20630 +0.03105 +0.04947 +0.08723 +198.38950 +2.02133 +0.01357 +0.00593 +0.03031 +0.00988 +0.00000]
[torch] epoch   100/1000  loss=2.269466e-01  [+0.05289 +0.00943 +0.00147 -0.02134 +0.10594 +0.20374 +0.03149 +0.05014 +0.08728 +196.55518 +2.04487 +0.01786 +0.00586 +0.03049 +0.00976 +0.00000]
[torch] epoch   150/1000  loss=9.730132e-02  [+0.05332 +0.00956 +0.00138 -0.02627 +0.10705 +0.20179 +0.03192 +0.05081 +0.08763 +195.07459 +2.06703 +0.01820 +0.00578 +0.03065 +0.00967 +0.00000]
[torch] epoch   200/1000  loss=1.152392e-01  [+0.05384 +0.00970 +0.00108 -0.02503 +0.10826 +0.19982 +0.03236 +0.05148 +0.08769 +193.85601 +2.08947 +0.01940 +0.00571 +0.03089 +0.00959 +0.00000]
[torch] epoch   250/1000  loss=1.429658e-01  [+0.05438 +0.00983 +0.00100 -0.02417 +0.10932 +0.19751 +0.03280 +0.05214 +0.08799 +191.64867 +2.12086 +0.01817 +0.00562 +0.03107 +0.00949 +0.00000]
[torch] epoch   300/1000  loss=1.254566e-01  [+0.05481 +0.00997 -0.00100 -0.02416 +0.11068 +0.19556 +0.03325 +0.05280 +0.08805 +189.96075 +2.14893 +0.01900 +0.00553 +0.03135 +0.00940 +0.00000]
[torch] epoch   350/1000  loss=1.390124e-01  [+0.05524 +0.01010 -0.00173 -0.02356 +0.11180 +0.19338 +0.03370 +0.05347 +0.08823 +188.27617 +2.17854 +0.02066 +0.00544 +0.03153 +0.00931 +0.00000]
[torch] epoch   400/1000  loss=9.655184e-02  [+0.05567 +0.01023 +0.00166 -0.02551 +0.11308 +0.19121 +0.03416 +0.05415 +0.08834 +186.61679 +2.20821 +0.02155 +0.00535 +0.03177 +0.00921 +0.00000]
[torch] epoch   450/1000  loss=1.916047e-01  [+0.05598 +0.01036 +0.00370 -0.02577 +0.11422 +0.18932 +0.03461 +0.05480 +0.08858 +184.88913 +2.24484 +0.02428 +0.00525 +0.03191 +0.00913 +0.00000]
[torch] epoch   500/1000  loss=1.556270e-01  [+0.05631 +0.01049 +0.00140 -0.02340 +0.11555 +0.18749 +0.03505 +0.05543 +0.08897 +183.38306 +2.28321 +0.02679 +0.00514 +0.03202 +0.00907 +0.00000]
[torch] epoch   550/1000  loss=1.345795e-01  [+0.05650 +0.01062 +0.00347 -0.02411 +0.11661 +0.18563 +0.03550 +0.05605 +0.08892 +182.05133 +2.31760 +0.03035 +0.00505 +0.03197 +0.00899 +0.00000]
[torch] epoch   600/1000  loss=1.393648e-01  [+0.05682 +0.01075 +0.00598 -0.02621 +0.11781 +0.18370 +0.03593 +0.05665 +0.08904 +180.92116 +2.33948 +0.03934 +0.00499 +0.03160 +0.00890 +0.00000]
[torch] epoch   650/1000  loss=1.004853e-01  [+0.05710 +0.01087 +0.00864 -0.02618 +0.11880 +0.18159 +0.03636 +0.05723 +0.08883 +180.01709 +2.35412 +0.04500 +0.00496 +0.03118 +0.00879 +0.00000]
[torch] epoch   700/1000  loss=1.044729e-01  [+0.05755 +0.01100 +0.00806 -0.02518 +0.12007 +0.17992 +0.03678 +0.05780 +0.08861 +179.02950 +2.36372 +0.04893 +0.00495 +0.03076 +0.00870 +0.00000]
[torch] epoch   750/1000  loss=9.509329e-02  [+0.05773 +0.01113 +0.00614 -0.02598 +0.12139 +0.17838 +0.03724 +0.05844 +0.08872 +177.99940 +2.36744 +0.05065 +0.00494 +0.03041 +0.00860 +0.00000]
[torch] epoch   800/1000  loss=1.791938e-01  [+0.05785 +0.01125 +0.00573 -0.02565 +0.12292 +0.17706 +0.03766 +0.05902 +0.08875 +176.61724 +2.36948 +0.05143 +0.00495 +0.03008 +0.00852 +0.00000]
[torch] epoch   850/1000  loss=6.638282e-02  [+0.05807 +0.01138 +0.00288 -0.02525 +0.12442 +0.17562 +0.03809 +0.05958 +0.08903 +175.53034 +2.37590 +0.05294 +0.00494 +0.02975 +0.00844 +0.00000]
[torch] epoch   900/1000  loss=1.338181e-01  [+0.05835 +0.01150 +0.00110 -0.02640 +0.12589 +0.17417 +0.03854 +0.06015 +0.08912 +174.08875 +2.38078 +0.05391 +0.00493 +0.02951 +0.00836 +0.00000]
[torch] epoch   950/1000  loss=1.497721e-01  [+0.05851 +0.01163 +0.00210 -0.02440 +0.12731 +0.17269 +0.03897 +0.06069 +0.08895 +172.70646 +2.38235 +0.05554 +0.00494 +0.02919 +0.00827 +0.00000]
[torch] epoch   995/1000  loss=1.351326e-01  [+0.05880 +0.01174 +0.00330 -0.02247 +0.12864 +0.17153 +0.03934 +0.06115 +0.08892 +171.28792 +2.38271 +0.05613 +0.00494 +0.02894 +0.00820 +0.00000]
[torch] epoch   996/1000  loss=1.313764e-01  [+0.05880 +0.01174 +0.00327 -0.02241 +0.12867 +0.17151 +0.03935 +0.06116 +0.08891 +171.26013 +2.38252 +0.05614 +0.00495 +0.02894 +0.00820 +0.00000]
[torch] epoch   997/1000  loss=1.954053e-01  [+0.05881 +0.01174 +0.00322 -0.02238 +0.12871 +0.17149 +0.03936 +0.06116 +0.08891 +171.23016 +2.38250 +0.05615 +0.00495 +0.02893 +0.00820 +0.00000]
[torch] epoch   998/1000  loss=1.708856e-01  [+0.05881 +0.01174 +0.00322 -0.02235 +0.12874 +0.17146 +0.03937 +0.06117 +0.08890 +171.19511 +2.38258 +0.05611 +0.00495 +0.02893 +0.00819 +0.00000]
[torch] epoch   999/1000  loss=9.041614e-02  [+0.05882 +0.01175 +0.00319 -0.02231 +0.12877 +0.17144 +0.03938 +0.06118 +0.08889 +171.15822 +2.38263 +0.05607 +0.00495 +0.02893 +0.00819 +0.00000]

==============================================================================
辨识结果（输出误差法, 段数=100, 轴=both）  用时 172.5s
配方: ★ 全批配方(epochs=1000 个**全批** Adam 步, 每步 batch=全部段)—— 同一损失，只是把原配方的'每段一次更新'合并成'每 epoch 一次'；Adam/总步数=1000；参数限位=无（无上下界 / 无 clamp / 无投影 / 无惩罚项）
 # 参数                         初值           估计           变化  单位
   ---- 平面 8 参（云台/小 yaw 子块）----
 0 Jbig_eff             0.051893     0.058816    +0.006923  kg·m²
 1 Js                   0.009162     0.011747    +0.002585  kg·m²
 2 Px                   0.001897     0.003194    +0.001297  kg·m
 3 Py                  -0.001017    -0.022313    -0.021296  kg·m
 4 fc_big               0.103360     0.128773    +0.025413  N·m
 5 fv_big               0.209044     0.171441    -0.037603  N·m·s/rad
 6 fc_small             0.030582     0.039375    +0.008793  N·m
 7 fv_small             0.048735     0.061182    +0.012447  N·m·s/rad
   ---- ★ 新增: 大 yaw 背隙 / 电机侧 ----
 8 backlash_delta       0.087300     0.088894    +0.001594  rad   (= 5.093°)
 9 backlash_k         200.000000   171.158219   -28.841781  N·m/rad
10 backlash_c           2.000000     2.382631    +0.382631  N·m·s/rad
11 backlash_through     0.002000     0.056069    +0.054069  —
12 Jmotor               0.006000     0.004945    -0.001055  kg·m²
13 fc_motor             0.030000     0.028926    -0.001074  N·m
14 fv_motor             0.010000     0.008193    -0.001807  N·m·s/rad
15 backlash_beta        0.000000     0.000000    +0.000000  rad
==============================================================================
全批前向仿真 val_loss = 2.687919e-01
  ★ 估计参数（留出集）: 窗口(0.1s) RMSE: 角度[°] 电机/云台/小yaw = 0.997 / 0.177 / 0.546; 角速度[rad/s] = 0.4484 / 0.0597 / 0.2148
               整段开环 RMSE: 角度[°] 电机/云台/小yaw = 6.427 / 5.722 / 10.691
    （对照）初值: 窗口(0.1s) RMSE: 角度[°] 电机/云台/小yaw = 1.054 / 0.224 / 0.890; 角速度[rad/s] = 0.4716 / 0.0793 / 0.3530
loss 曲线: 共 1000 点；前 5 个 = 1.543962e-01, 1.059700e-01, 1.177162e-01, 1.269719e-01, 1.836225e-01
           后 5 个 = 1.351326e-01, 1.313764e-01, 1.954053e-01, 1.708856e-01, 9.041614e-02
            前 5 均值=1.486187e-01 → 后 5 均值=1.310497e-01（比值 0.8818，最小值 5.598374e-02）  ⇒ 下降 ✓
可粘贴到 include/tcbs/mpc/planar_yaw_params.h:
  p.Jbig_eff = 0.058816;  p.Js = 0.011747;
  p.Px = 0.003194;  p.Py = -0.022313;
  p.fcBig = 0.128773;  p.fvBig = 0.171441;
  p.fcSmall = 0.039375;  p.fvSmall = 0.061182;
  p.backlash_delta = 0.088894;  p.backlash_k = 171.1582;
  p.backlash_c = 2.3826;  p.backlash_through = 0.056069;
  p.Jmotor = 0.004945;  p.fcMotor = 0.028926;
  p.fvMotor = 0.008193;  // β 由估计器在线给（离线拟合值 +0.000000 仅供参考）
exit=0
