[load] 共读入 11 段数据（11 个文件，跳过 0 个）
[torch] 原仓库配方：epochs=200 × 段数11 个 Adam 步（= 原仓库 num_epochs 同轮数），每次 10 步(0.1 s)随机片段，lr=0.0003（常数），损失 = 角度wrap MSE + 角速度 MSE(等权)，3-DOF RK4 积分(substeps=2)，无限位(log 参数化)
[torch] 数据: 11 段 → 11 个 sample（最长 1394 点 = 13.94 s，水平(重力=0)）；拟合轴=both，自由参数=16；参数化: log 参数化: Jbig_eff,Js,fc_big,fv_big,fc_small,fv_small,backlash_delta,backlash_k,backlash_c,Jmotor,fc_motor,fv_motor; 自由参数: Px,Py,backlash_through,backlash_beta；参数限位: 无（无上下界 / 无 clamp / 无投影 / 无惩罚项）
[torch] 初值 φ0 = [+0.02400 +0.01300 +0.00000 +0.00000 +0.09000 +0.03000 +0.03000 +0.00800 +0.08730 +200.00000 +2.00000 +0.00200 +0.00600 +0.03000 +0.01000 +0.00000]（来源: 用户 --init-vector）
[torch] epoch     0/200  loss=8.551919e-02  [+0.02404 +0.01303 -0.00023 -0.00016 +0.09002 +0.03000 +0.03002 +0.00801 +0.08718 +200.27775 +2.00347 +0.00371 +0.00601 +0.03000 +0.01000 -0.00120]
[torch] epoch     1/200  loss=1.914946e-01  [+0.02408 +0.01303 -0.00118 -0.00071 +0.09004 +0.02999 +0.03008 +0.00802 +0.08715 +200.37644 +2.00640 +0.00470 +0.00602 +0.03002 +0.01000 -0.00127]
[torch] epoch     2/200  loss=9.191114e-02  [+0.02411 +0.01304 -0.00181 -0.00158 +0.09015 +0.03000 +0.03014 +0.00803 +0.08714 +200.37911 +2.00884 +0.00489 +0.00603 +0.03007 +0.01001 -0.00101]
[torch] epoch     3/200  loss=1.045192e-01  [+0.02414 +0.01305 -0.00191 -0.00206 +0.09030 +0.03004 +0.03019 +0.00804 +0.08714 +200.37553 +2.01108 +0.00524 +0.00603 +0.03012 +0.01002 -0.00066]
[torch] epoch     4/200  loss=1.016329e-01  [+0.02417 +0.01305 -0.00166 -0.00220 +0.09047 +0.03009 +0.03025 +0.00805 +0.08705 +200.58380 +2.01333 +0.00642 +0.00604 +0.03018 +0.01004 -0.00111]
[torch] epoch    50/200  loss=1.191898e-01  [+0.02570 +0.01329 -0.00976 -0.01276 +0.09566 +0.03134 +0.03243 +0.00846 +0.08550 +202.67130 +2.11118 +0.00868 +0.00639 +0.03200 +0.01052 -0.00488]
[torch] epoch   100/200  loss=9.788253e-02  [+0.02724 +0.01369 -0.00827 -0.02163 +0.10109 +0.03254 +0.03505 +0.00891 +0.08554 +201.98983 +2.21926 +0.01160 +0.00673 +0.03381 +0.01098 +0.00070]
[torch] epoch   150/200  loss=8.917739e-02  [+0.02892 +0.01405 +0.00164 -0.02087 +0.10790 +0.03405 +0.03786 +0.00934 +0.08585 +199.52267 +2.35870 +0.00806 +0.00711 +0.03608 +0.01157 -0.00056]
[torch] epoch   195/200  loss=6.452645e-02  [+0.03020 +0.01452 +0.00166 -0.03003 +0.11275 +0.03486 +0.04061 +0.00982 +0.08644 +199.74868 +2.45923 +0.00799 +0.00741 +0.03774 +0.01190 +0.00004]
[torch] epoch   196/200  loss=5.213397e-02  [+0.03023 +0.01453 +0.00176 -0.02958 +0.11286 +0.03488 +0.04067 +0.00983 +0.08645 +199.77189 +2.45966 +0.00840 +0.00742 +0.03777 +0.01191 -0.00002]
[torch] epoch   197/200  loss=6.509402e-02  [+0.03026 +0.01453 +0.00143 -0.02934 +0.11295 +0.03490 +0.04073 +0.00984 +0.08637 +199.84509 +2.46053 +0.00852 +0.00743 +0.03780 +0.01191 -0.00094]
[torch] epoch   198/200  loss=7.810808e-02  [+0.03031 +0.01453 +0.00128 -0.02856 +0.11307 +0.03494 +0.04078 +0.00985 +0.08629 +199.91297 +2.46370 +0.00830 +0.00744 +0.03785 +0.01193 -0.00125]
[torch] epoch   199/200  loss=3.951836e-02  [+0.03034 +0.01453 +0.00180 -0.02792 +0.11315 +0.03496 +0.04081 +0.00985 +0.08626 +199.96751 +2.46688 +0.00872 +0.00745 +0.03789 +0.01194 -0.00123]

==============================================================================
辨识结果（输出误差法, 段数=11, 轴=both）  用时 391.0s
配方: 原仓库配方(epochs×段数 个单片段 Adam 步)；Adam/总步数=2200；参数限位=无（无上下界 / 无 clamp / 无投影 / 无惩罚项）
 # 参数                         初值           估计           变化  单位
   ---- 平面 8 参（云台/小 yaw 子块）----
 0 Jbig_eff             0.024000     0.030344    +0.006344  kg·m²
 1 Js                   0.013000     0.014533    +0.001533  kg·m²
 2 Px                   0.000000     0.001800    +0.001800  kg·m
 3 Py                   0.000000    -0.027922    -0.027922  kg·m
 4 fc_big               0.090000     0.113150    +0.023150  N·m
 5 fv_big               0.030000     0.034956    +0.004956  N·m·s/rad
 6 fc_small             0.030000     0.040815    +0.010815  N·m
 7 fv_small             0.008000     0.009854    +0.001854  N·m·s/rad
   ---- ★ 新增: 大 yaw 背隙 / 电机侧 ----
 8 backlash_delta       0.087300     0.086258    -0.001042  rad   (= 4.942°)
 9 backlash_k         200.000000   199.967508    -0.032492  N·m/rad
10 backlash_c           2.000000     2.466878    +0.466878  N·m·s/rad
11 backlash_through     0.002000     0.008724    +0.006724  —
12 Jmotor               0.006000     0.007451    +0.001451  kg·m²
13 fc_motor             0.030000     0.037885    +0.007885  N·m
14 fv_motor             0.010000     0.011937    +0.001937  N·m·s/rad
15 backlash_beta        0.000000    -0.001231    -0.001231  rad
==============================================================================
全批前向仿真 val_loss = 2.346790e+00
  ★ 估计参数: 窗口(0.1s) RMSE: 角度[°] 电机/云台/小yaw = 0.598 / 0.241 / 0.322; 角速度[rad/s] = 0.2714 / 0.1126 / 0.1368
               整段开环 RMSE: 角度[°] 电机/云台/小yaw = 73.026 / 72.873 / 86.560
    （对照）初值: 窗口(0.1s) RMSE: 角度[°] 电机/云台/小yaw = 0.772 / 0.403 / 0.533; 角速度[rad/s] = 0.3335 / 0.1853 / 0.2307
loss 曲线: 共 200 点；前 5 个 = 8.551919e-02, 1.914946e-01, 9.191114e-02, 1.045192e-01, 1.016329e-01
           后 5 个 = 6.452645e-02, 5.213397e-02, 6.509402e-02, 7.810808e-02, 3.951836e-02
            前 5 均值=1.204775e-01 → 后 5 均值=5.632332e-02（比值 0.4675，最小值 1.219617e-02）  ⇒ 下降 ✓
可粘贴到 include/tcbs/mpc/planar_yaw_params.h:
  p.Jbig_eff = 0.030344;  p.Js = 0.014533;
  p.Px = 0.001800;  p.Py = -0.027922;
  p.fcBig = 0.113150;  p.fvBig = 0.034956;
  p.fcSmall = 0.040815;  p.fvSmall = 0.009854;
  p.backlash_delta = 0.086258;  p.backlash_k = 199.9675;
  p.backlash_c = 2.4669;  p.backlash_through = 0.008724;
  p.Jmotor = 0.007451;  p.fcMotor = 0.037885;
  p.fvMotor = 0.011937;  // β 由估计器在线给（离线拟合值 -0.001231 仅供参考）
/home/huhu233/.config/matplotlib is not a writable directory
Matplotlib created a temporary cache directory at /tmp/matplotlib-cv1e3awx because there was an issue with the default path (/home/huhu233/.config/matplotlib); it is highly recommended to set the MPLCONFIGDIR environment variable to a writable directory, in particular to speed up the import of Matplotlib and to better support multiprocessing.
/home/huhu233/.local/lib/python3.10/site-packages/matplotlib/projections/__init__.py:63: UserWarning: Unable to import Axes3D. This may be due to multiple versions of Matplotlib being installed (e.g. as a system package and as a pip package). As a result, the 3D projection is not available.
  warnings.warn("Unable to import Axes3D. This may be due to multiple versions of "
[plot] 已保存 _tmp_bs/cad/ident_convergence.png  (366.2 KB)
[plot] 已保存 _tmp_bs/cad/ident_traj.png  (272.6 KB)
[out] 已写入 _tmp_bs/cad/params.txt
exit=0
