[load] 共读入 31 段数据（31 个文件，跳过 0 个）
[hold] 保持段截断: 15 段 → 各取前 3 s（4500 点），丢 9675 点（占这些段的 68%）；普通段不截断
[load] 共读入 7 段数据（7 个文件，跳过 0 个）
[hold] 保持段截断: 3 段 → 各取前 3 s（900 点），丢 1500 点（占这些段的 62%）；普通段不截断
[ok] 留出集与训练集无重合（7 段，指纹比对）
[beta] 31/31 段带 `backlash_center` 列（在线估计 β）: 范围 [-0.0546, +0.0576] rad（-3.13°~+3.30°）
[beta] 仿真真值 β 范围 [+0.0000, +0.0000] rad；在线估计误差 RMS = 11.815 mrad
[torch] ★ 冻结参数（不参与优化，恒保持初值）: backlash_through=0.002
[torch] 原仓库配方：epochs=10000 × 段数31 个 Adam 步（= 原仓库 num_epochs 同轮数），每次 10 步(0.1 s)随机片段，lr=0.0003（常数），损失 = 角度wrap MSE + 角速度 MSE(等权)，3-DOF RK4 积分(substeps=2)，无限位(log 参数化)
[torch] 数据: 31 段 → 31 个 sample（最长 300 点 = 3.00 s，水平(重力=0)）；拟合轴=both，自由参数=15；参数化: log 参数化: Jbig_eff,Js,fc_big,fv_big,fc_small,fv_small,backlash_delta,backlash_k,backlash_c,Jmotor,fc_motor,fv_motor; 自由参数: Px,Py,backlash_beta；参数限位: 无（无上下界 / 无 clamp / 无投影 / 无惩罚项）
[torch] 初值 φ0 = [+0.05000 +0.02000 +0.00866 +0.00500 +0.22000 +0.05500 +0.09730 +0.02800 +0.09650 +157.82790 +2.59110 +0.00200 +0.00600 +0.03000 +0.01000 +0.00000]（来源: 用户 --init-vector）
[torch] ★ --batch-segments: 每 epoch 1 次 Adam 步（每步 batch=31/31 段 × 10 步；损失 = 组内各段损失均值）
[torch] epoch     0/10000  loss=2.451714e-03  [+0.05002 +0.02001 +0.00896 +0.00530 +0.22007 +0.05502 +0.09727 +0.02801 +0.09647 +157.87524 +2.59032 +0.00200 +0.00600 +0.02999 +0.01000 -0.00030]
[torch] epoch     1/10000  loss=2.946241e-03  [+0.05003 +0.02001 +0.00878 +0.00556 +0.22013 +0.05503 +0.09725 +0.02801 +0.09645 +157.92229 +2.58958 +0.00200 +0.00600 +0.02998 +0.01001 -0.00059]
[torch] epoch     2/10000  loss=4.879980e-03  [+0.05004 +0.02002 +0.00856 +0.00580 +0.22019 +0.05505 +0.09727 +0.02801 +0.09642 +157.96748 +2.58905 +0.00200 +0.00601 +0.02997 +0.01001 -0.00071]
[torch] epoch     3/10000  loss=4.194629e-03  [+0.05006 +0.02002 +0.00843 +0.00606 +0.22025 +0.05506 +0.09728 +0.02801 +0.09640 +158.01362 +2.58862 +0.00200 +0.00601 +0.02997 +0.01001 -0.00089]
[torch] epoch     4/10000  loss=3.803279e-03  [+0.05007 +0.02003 +0.00831 +0.00632 +0.22031 +0.05508 +0.09730 +0.02802 +0.09637 +158.06004 +2.58820 +0.00200 +0.00601 +0.02996 +0.01001 -0.00088]
[eval@   500] 留出集窗口 RMSE[°] 电机/云台/小yaw = 0.212/0.066/0.031  角速度 = 0.0653/0.0243/0.0122
[torch] epoch   500/10000  loss=7.742908e-04  [+0.05276 +0.02051 -0.00044 +0.02242 +0.23107 +0.05714 +0.09868 +0.02756 +0.09017 +156.71191 +2.71898 +0.00200 +0.00649 +0.02792 +0.01071 +0.04496]
[eval@  1000] 留出集窗口 RMSE[°] 电机/云台/小yaw = 0.201/0.066/0.030  角速度 = 0.0581/0.0238/0.0110
[torch] epoch  1000/10000  loss=1.171499e-03  [+0.05288 +0.02071 +0.00280 +0.01737 +0.23192 +0.05816 +0.09809 +0.02678 +0.08960 +146.32331 +2.90955 +0.00200 +0.00698 +0.02564 +0.01139 +0.04609]
[eval@  1500] 留出集窗口 RMSE[°] 电机/云台/小yaw = 0.188/0.063/0.029  角速度 = 0.0539/0.0223/0.0109
[torch] epoch  1500/10000  loss=6.874226e-04  [+0.05236 +0.02073 +0.00126 +0.01265 +0.23092 +0.05814 +0.09761 +0.02668 +0.08919 +136.68271 +3.09916 +0.00200 +0.00754 +0.02372 +0.01201 +0.04603]
[eval@  2000] 留出集窗口 RMSE[°] 电机/云台/小yaw = 0.172/0.061/0.030  角速度 = 0.0499/0.0214/0.0110
[torch] epoch  2000/10000  loss=1.261713e-03  [+0.05144 +0.02068 +0.00166 +0.01126 +0.23156 +0.05840 +0.09768 +0.02669 +0.08880 +126.97669 +3.30545 +0.00200 +0.00818 +0.02225 +0.01275 +0.04584]
[eval@  2500] 留出集窗口 RMSE[°] 电机/云台/小yaw = 0.160/0.059/0.030  角速度 = 0.0463/0.0204/0.0112
[torch] epoch  2500/10000  loss=1.205164e-03  [+0.05045 +0.02070 -0.00015 +0.00966 +0.23193 +0.05789 +0.09767 +0.02671 +0.08840 +118.43127 +3.51148 +0.00200 +0.00888 +0.02113 +0.01339 +0.04582]
[eval@  3000] 留出集窗口 RMSE[°] 电机/云台/小yaw = 0.149/0.056/0.030  角速度 = 0.0432/0.0190/0.0112
[torch] epoch  3000/10000  loss=7.493447e-04  [+0.04933 +0.02070 +0.00158 +0.00755 +0.23194 +0.05736 +0.09767 +0.02673 +0.08803 +110.83719 +3.72341 +0.00200 +0.00965 +0.02028 +0.01398 +0.04569]
[eval@  3500] 留出集窗口 RMSE[°] 电机/云台/小yaw = 0.140/0.055/0.029  角速度 = 0.0408/0.0183/0.0109
[torch] epoch  3500/10000  loss=4.282233e-04  [+0.04834 +0.02062 +0.00040 +0.00792 +0.23138 +0.05622 +0.09803 +0.02643 +0.08771 +109.16467 +3.88254 +0.00200 +0.01037 +0.01981 +0.01446 +0.04542]
[eval@  4000] 留出集窗口 RMSE[°] 电机/云台/小yaw = 0.130/0.055/0.030  角速度 = 0.0382/0.0181/0.0112
[torch] epoch  4000/10000  loss=5.056151e-04  [+0.04750 +0.02068 +0.00064 +0.00755 +0.23183 +0.05537 +0.09782 +0.02651 +0.08741 +107.00544 +4.07612 +0.00200 +0.01113 +0.01958 +0.01503 +0.04516]
[eval@  4500] 留出集窗口 RMSE[°] 电机/云台/小yaw = 0.122/0.055/0.031  角速度 = 0.0354/0.0179/0.0116
[torch] epoch  4500/10000  loss=2.257657e-04  [+0.04657 +0.02071 -0.00036 +0.00589 +0.23212 +0.05482 +0.09758 +0.02638 +0.08706 +104.40864 +4.28923 +0.00200 +0.01205 +0.01946 +0.01569 +0.04527]
[eval@  5000] 留出集窗口 RMSE[°] 电机/云台/小yaw = 0.115/0.053/0.031  角速度 = 0.0333/0.0170/0.0117
[torch] epoch  5000/10000  loss=6.636925e-04  [+0.04538 +0.02074 +0.00042 +0.00429 +0.23088 +0.05422 +0.09764 +0.02650 +0.08676 +102.37056 +4.48482 +0.00200 +0.01303 +0.01950 +0.01632 +0.04503]
[eval@  5500] 留出集窗口 RMSE[°] 电机/云台/小yaw = 0.107/0.052/0.031  角速度 = 0.0314/0.0166/0.0118
[torch] epoch  5500/10000  loss=7.028026e-04  [+0.04424 +0.02068 +0.00080 +0.00333 +0.22998 +0.05359 +0.09746 +0.02653 +0.08654 +101.65280 +4.65472 +0.00200 +0.01408 +0.01982 +0.01689 +0.04491]
[eval@  6000] 留出集窗口 RMSE[°] 电机/云台/小yaw = 0.101/0.051/0.032  角速度 = 0.0298/0.0159/0.0121
[torch] epoch  6000/10000  loss=2.262201e-04  [+0.04295 +0.02074 +0.00086 +0.00193 +0.22874 +0.05289 +0.09727 +0.02665 +0.08642 +101.58259 +4.83563 +0.00200 +0.01516 +0.02036 +0.01745 +0.04488]
[eval@  6500] 留出集窗口 RMSE[°] 电机/云台/小yaw = 0.097/0.050/0.032  角速度 = 0.0284/0.0153/0.0123
[torch] epoch  6500/10000  loss=3.709954e-04  [+0.04173 +0.02067 +0.00163 +0.00043 +0.22719 +0.05207 +0.09733 +0.02673 +0.08629 +101.98885 +4.97106 +0.00200 +0.01628 +0.02115 +0.01786 +0.04480]
[eval@  7000] 留出集窗口 RMSE[°] 电机/云台/小yaw = 0.091/0.051/0.034  角速度 = 0.0267/0.0156/0.0130
[torch] epoch  7000/10000  loss=2.950449e-04  [+0.04073 +0.02077 -0.00022 -0.00195 +0.22630 +0.05158 +0.09707 +0.02665 +0.08615 +102.19096 +5.11244 +0.00200 +0.01749 +0.02240 +0.01839 +0.04472]
[eval@  7500] 留出集窗口 RMSE[°] 电机/云台/小yaw = 0.101/0.063/0.046  角速度 = 0.0281/0.0224/0.0169
[torch] epoch  7500/10000  loss=6.533814e-04  [+0.04016 +0.02094 -0.00183 -0.00313 +0.22582 +0.05150 +0.09621 +0.02675 +0.08662 +101.62950 +5.20939 +0.00200 +0.01884 +0.02421 +0.01894 +0.03877]
[eval@  8000] 留出集窗口 RMSE[°] 电机/云台/小yaw = 0.084/0.052/0.035  角速度 = 0.0249/0.0155/0.0136
[torch] epoch  8000/10000  loss=3.949099e-04  [+0.03867 +0.02085 -0.00121 -0.00315 +0.22164 +0.05076 +0.09713 +0.02704 +0.08610 +101.93003 +5.25604 +0.00200 +0.01944 +0.02582 +0.01929 +0.04464]
[eval@  8500] 留出集窗口 RMSE[°] 电机/云台/小yaw = 0.081/0.052/0.035  角速度 = 0.0243/0.0153/0.0136
[torch] epoch  8500/10000  loss=3.691655e-04  [+0.03775 +0.02081 -0.00096 -0.00246 +0.21974 +0.05032 +0.09682 +0.02715 +0.08610 +101.97914 +5.32873 +0.00200 +0.02018 +0.02759 +0.01977 +0.04460]
[eval@  9000] 留出集窗口 RMSE[°] 电机/云台/小yaw = 0.081/0.051/0.036  角速度 = 0.0241/0.0148/0.0138
/home/huhu233/.config/matplotlib is not a writable directory
Matplotlib created a temporary cache directory at /tmp/matplotlib-cr_y4m77 because there was an issue with the default path (/home/huhu233/.config/matplotlib); it is highly recommended to set the MPLCONFIGDIR environment variable to a writable directory, in particular to speed up the import of Matplotlib and to better support multiprocessing.
/home/huhu233/.local/lib/python3.10/site-packages/matplotlib/projections/__init__.py:63: UserWarning: Unable to import Axes3D. This may be due to multiple versions of Matplotlib being installed (e.g. as a system package and as a pip package). As a result, the 3D projection is not available.
  warnings.warn("Unable to import Axes3D. This may be due to multiple versions of "
[torch] epoch  9000/10000  loss=3.996602e-04  [+0.03700 +0.02086 -0.00041 -0.00408 +0.21690 +0.04985 +0.09675 +0.02712 +0.08608 +102.06015 +5.32715 +0.00200 +0.02081 +0.02960 +0.02020 +0.04464]
[eval@  9500] 留出集窗口 RMSE[°] 电机/云台/小yaw = 0.078/0.053/0.036  角速度 = 0.0232/0.0155/0.0137
[torch] epoch  9500/10000  loss=2.209206e-04  [+0.03649 +0.02076 -0.00081 -0.00217 +0.21432 +0.04939 +0.09675 +0.02719 +0.08607 +102.15654 +5.35459 +0.00200 +0.02141 +0.03232 +0.02065 +0.04462]
[torch] epoch  9995/10000  loss=3.462362e-04  [+0.03608 +0.02083 -0.00280 -0.00401 +0.21031 +0.04913 +0.09669 +0.02713 +0.08605 +102.27268 +5.36027 +0.00200 +0.02191 +0.03517 +0.02121 +0.04469]
[torch] epoch  9996/10000  loss=3.936258e-04  [+0.03607 +0.02083 -0.00281 -0.00400 +0.21031 +0.04913 +0.09668 +0.02713 +0.08605 +102.27318 +5.36005 +0.00200 +0.02191 +0.03517 +0.02121 +0.04469]
[torch] epoch  9997/10000  loss=2.186742e-04  [+0.03607 +0.02084 -0.00282 -0.00398 +0.21031 +0.04914 +0.09667 +0.02713 +0.08605 +102.27363 +5.35975 +0.00200 +0.02191 +0.03518 +0.02121 +0.04469]
[torch] epoch  9998/10000  loss=2.513940e-04  [+0.03606 +0.02084 -0.00282 -0.00401 +0.21031 +0.04913 +0.09666 +0.02713 +0.08605 +102.27400 +5.35946 +0.00200 +0.02191 +0.03519 +0.02121 +0.04469]
[torch] epoch  9999/10000  loss=3.843256e-04  [+0.03606 +0.02084 -0.00282 -0.00402 +0.21031 +0.04913 +0.09666 +0.02712 +0.08605 +102.27423 +5.35932 +0.00200 +0.02191 +0.03519 +0.02121 +0.04469]
[eval@ 10000] 留出集窗口 RMSE[°] 电机/云台/小yaw = 0.077/0.053/0.036  角速度 = 0.0229/0.0153/0.0140

==============================================================================
辨识结果（输出误差法, 段数=31, 轴=both）  用时 922.9s
配方: ★ 全批配方(epochs=10000 个**全批** Adam 步, 每步 batch=全部段)—— 同一损失，只是把原配方的'每段一次更新'合并成'每 epoch 一次'；Adam/总步数=10000；参数限位=无（无上下界 / 无 clamp / 无投影 / 无惩罚项）
 # 参数                         初值           估计           变化  单位
   ---- 平面 8 参（云台/小 yaw 子块）----
 0 Jbig_eff             0.050000     0.036061    -0.013939  kg·m²
 1 Js                   0.020000     0.020838    +0.000838  kg·m²
 2 Px                   0.008660    -0.002818    -0.011478  kg·m
 3 Py                   0.005000    -0.004022    -0.009022  kg·m
 4 fc_big               0.220000     0.210309    -0.009691  N·m
 5 fv_big               0.055000     0.049134    -0.005866  N·m·s/rad
 6 fc_small             0.097300     0.096657    -0.000643  N·m
 7 fv_small             0.028000     0.027124    -0.000876  N·m·s/rad
   ---- ★ 新增: 大 yaw 背隙 / 电机侧 ----
 8 backlash_delta       0.096500     0.086046    -0.010454  rad   (= 4.930°)
 9 backlash_k         157.827900   102.274234   -55.553666  N·m/rad
10 backlash_c           2.591100     5.359321    +2.768221  N·m·s/rad
11 backlash_through     0.002000     0.002000    +0.000000  —
12 Jmotor               0.006000     0.021906    +0.015906  kg·m²
13 fc_motor             0.030000     0.035195    +0.005195  N·m
14 fv_motor             0.010000     0.021213    +0.011213  N·m·s/rad
15 backlash_beta        0.000000     0.044689    +0.044689  rad
==============================================================================
全批前向仿真 val_loss = 2.623401e-03
  ★ 估计参数（留出集）: 窗口(0.1s) RMSE: 角度[°] 电机/云台/小yaw = 0.077 / 0.053 / 0.036; 角速度[rad/s] = 0.0229 / 0.0153 / 0.0140
               整段开环 RMSE: 角度[°] 电机/云台/小yaw = 1.817 / 1.027 / 1.034
    （对照）初值: 窗口(0.1s) RMSE: 角度[°] 电机/云台/小yaw = 0.366 / 0.044 / 0.040; 角速度[rad/s] = 0.1117 / 0.0172 / 0.0169
loss 曲线: 共 10000 点；前 5 个 = 2.451714e-03, 2.946241e-03, 4.879980e-03, 4.194629e-03, 3.803279e-03
           后 5 个 = 3.462362e-04, 3.936258e-04, 2.186742e-04, 2.513940e-04, 3.843256e-04
            前 5 均值=3.488854e-03 → 后 5 均值=3.073946e-04（比值 0.0881，最小值 1.043374e-04）  ⇒ 下降 ✓
可粘贴到 include/tcbs/mpc/planar_yaw_params.h:
  p.Jbig_eff = 0.036061;  p.Js = 0.020838;
  p.Px = -0.002818;  p.Py = -0.004022;
  p.fcBig = 0.210309;  p.fvBig = 0.049134;
  p.fcSmall = 0.096657;  p.fvSmall = 0.027124;
  p.backlash_delta = 0.086046;  p.backlash_k = 102.2742;
  p.backlash_c = 5.3593;  p.backlash_through = 0.002000;
  p.Jmotor = 0.021906;  p.fcMotor = 0.035195;
  p.fvMotor = 0.021213;  // β 由估计器在线给（离线拟合值 +0.044689 仅供参考）
留出集学习曲线（20 个点，epoch 500..10000）:
  epoch    500: 角度 RMSE[°] 0.212/0.066/0.031   角速度 0.0653/0.0243/0.0122
  epoch   1500: 角度 RMSE[°] 0.188/0.063/0.029   角速度 0.0539/0.0223/0.0109
  epoch   2500: 角度 RMSE[°] 0.160/0.059/0.030   角速度 0.0463/0.0204/0.0112
  epoch   3500: 角度 RMSE[°] 0.140/0.055/0.029   角速度 0.0408/0.0183/0.0109
  epoch   4500: 角度 RMSE[°] 0.122/0.055/0.031   角速度 0.0354/0.0179/0.0116
  epoch   5500: 角度 RMSE[°] 0.107/0.052/0.031   角速度 0.0314/0.0166/0.0118
  epoch   6500: 角度 RMSE[°] 0.097/0.050/0.032   角速度 0.0284/0.0153/0.0123
  epoch   7500: 角度 RMSE[°] 0.101/0.063/0.046   角速度 0.0281/0.0224/0.0169
  epoch   8500: 角度 RMSE[°] 0.081/0.052/0.035   角速度 0.0243/0.0153/0.0136
  epoch   9500: 角度 RMSE[°] 0.078/0.053/0.036   角速度 0.0232/0.0155/0.0137
  epoch  10000: 角度 RMSE[°] 0.077/0.053/0.036   角速度 0.0229/0.0153/0.0140
[plot] 已保存 data/archive/20260920_sim_nobacklash/G10k_bogus_betafit/ident_convergence.png  (376.8 KB)
[plot] 已保存 data/archive/20260920_sim_nobacklash/G10k_bogus_betafit/ident_traj.png  (301.8 KB)
[plot] 已保存 data/archive/20260920_sim_nobacklash/G10k_bogus_betafit/ident_convergence_learning.png  (77.1 KB)
[out] 已写入 data/archive/20260920_sim_nobacklash/G10k_bogus_betafit/params.txt
