[load] 共读入 31 段数据（31 个文件，跳过 0 个）
[hold] 保持段截断: 15 段 → 各取前 3 s（4500 点），丢 9675 点（占这些段的 68%）；普通段不截断
[load] 共读入 7 段数据（7 个文件，跳过 0 个）
[hold] 保持段截断: 3 段 → 各取前 3 s（900 点），丢 1500 点（占这些段的 62%）；普通段不截断
[ok] 留出集与训练集无重合（7 段，指纹比对）
[beta] 31/31 段带 `backlash_center` 列（在线估计 β）: 范围 [-0.0546, +0.0576] rad（-3.13°~+3.30°）
[beta] 仿真真值 β 范围 [+0.0000, +0.0000] rad；在线估计误差 RMS = 11.815 mrad
[torch] ★ 冻结参数（不参与优化，恒保持初值）: backlash_through=0.002
[torch] 原仓库配方：epochs=1500 × 段数31 个 Adam 步（= 原仓库 num_epochs 同轮数），每次 10 步(0.1 s)随机片段，lr=0.0003（常数），损失 = 角度wrap MSE + 角速度 MSE(等权)，3-DOF RK4 积分(substeps=2)，无限位(log 参数化)
[torch] 数据: 31 段 → 31 个 sample（最长 300 点 = 3.00 s，水平(重力=0)）；拟合轴=both，自由参数=15；参数化: log 参数化: Jbig_eff,Js,fc_big,fv_big,fc_small,fv_small,backlash_delta,backlash_k,backlash_c,Jmotor,fc_motor,fv_motor; 自由参数: Px,Py,backlash_beta；参数限位: 无（无上下界 / 无 clamp / 无投影 / 无惩罚项）
[torch] 初值 φ0 = [+0.05000 +0.02000 +0.00866 +0.00500 +0.22000 +0.05500 +0.09730 +0.02800 +0.09650 +157.82790 +2.59110 +0.00200 +0.00600 +0.03000 +0.01000 +0.00000]（来源: 用户 --init-vector）
[torch] ★ --batch-segments: 每 epoch 1 次 Adam 步（每步 batch=31/31 段 × 10 步；损失 = 组内各段损失均值）
[torch] epoch     0/1500  loss=1.802169e-03  [+0.05002 +0.02001 +0.00836 +0.00470 +0.22007 +0.05502 +0.09727 +0.02801 +0.09647 +157.78059 +2.59032 +0.00200 +0.00600 +0.02999 +0.01000 +0.00000]
[torch] epoch     1/1500  loss=2.781238e-03  [+0.05003 +0.02001 +0.00812 +0.00488 +0.22013 +0.05503 +0.09725 +0.02801 +0.09645 +157.80985 +2.58958 +0.00200 +0.00600 +0.02998 +0.01001 +0.00000]
[torch] epoch     2/1500  loss=4.489913e-03  [+0.05004 +0.02002 +0.00789 +0.00510 +0.22017 +0.05504 +0.09727 +0.02801 +0.09642 +157.84561 +2.58895 +0.00200 +0.00601 +0.02997 +0.01001 +0.00000]
[torch] epoch     3/1500  loss=3.373857e-03  [+0.05006 +0.02002 +0.00768 +0.00533 +0.22022 +0.05506 +0.09729 +0.02801 +0.09639 +157.88130 +2.58836 +0.00200 +0.00601 +0.02997 +0.01001 +0.00000]
[torch] epoch     4/1500  loss=3.372072e-03  [+0.05007 +0.02003 +0.00748 +0.00558 +0.22028 +0.05507 +0.09731 +0.02802 +0.09637 +157.91892 +2.58775 +0.00200 +0.00601 +0.02996 +0.01001 +0.00000]
[eval@   150] 留出集窗口 RMSE[°] 电机/云台/小yaw = 0.323/0.077/0.042  角速度 = 0.0945/0.0282/0.0181
[torch] epoch   150/1500  loss=1.661029e-03  [+0.05185 +0.02048 -0.00108 +0.03232 +0.22844 +0.05624 +0.09907 +0.02820 +0.09502 +159.91996 +2.59528 +0.00200 +0.00621 +0.02960 +0.01035 +0.00000]
[eval@   300] 留出集窗口 RMSE[°] 电机/云台/小yaw = 0.302/0.093/0.046  角速度 = 0.0870/0.0344/0.0193
[torch] epoch   300/1500  loss=2.613376e-03  [+0.05332 +0.02065 -0.00134 +0.03978 +0.23422 +0.05605 +0.09979 +0.02800 +0.09461 +159.84430 +2.63841 +0.00200 +0.00639 +0.02938 +0.01056 +0.00000]
[eval@   450] 留出集窗口 RMSE[°] 电机/云台/小yaw = 0.286/0.101/0.048  角速度 = 0.0819/0.0374/0.0194
[torch] epoch   450/1500  loss=1.349693e-03  [+0.05438 +0.02074 -0.00142 +0.03967 +0.23761 +0.05568 +0.09933 +0.02761 +0.09435 +158.57616 +2.70121 +0.00200 +0.00656 +0.02932 +0.01080 +0.00000]
[eval@   600] 留出集窗口 RMSE[°] 电机/云台/小yaw = 0.274/0.105/0.048  角速度 = 0.0779/0.0394/0.0194
[torch] epoch   600/1500  loss=2.685005e-03  [+0.05507 +0.02087 +0.00027 +0.03872 +0.24021 +0.05517 +0.09932 +0.02723 +0.09422 +156.83611 +2.76374 +0.00200 +0.00674 +0.02907 +0.01101 +0.00000]
[eval@   750] 留出集窗口 RMSE[°] 电机/云台/小yaw = 0.265/0.106/0.049  角速度 = 0.0748/0.0397/0.0193
[torch] epoch   750/1500  loss=1.505760e-03  [+0.05548 +0.02094 -0.00091 +0.03312 +0.24164 +0.05474 +0.09890 +0.02678 +0.09487 +154.00603 +2.82704 +0.00200 +0.00693 +0.02874 +0.01122 +0.00000]
[eval@   900] 留出集窗口 RMSE[°] 电机/云台/小yaw = 0.256/0.107/0.050  角速度 = 0.0720/0.0402/0.0196
[torch] epoch   900/1500  loss=1.193589e-03  [+0.05557 +0.02107 -0.00120 +0.03192 +0.24282 +0.05457 +0.09863 +0.02646 +0.09532 +150.99525 +2.89344 +0.00200 +0.00712 +0.02841 +0.01144 +0.00000]
[eval@  1050] 留出集窗口 RMSE[°] 电机/云台/小yaw = 0.248/0.107/0.049  角速度 = 0.0698/0.0400/0.0196
[torch] epoch  1050/1500  loss=1.975200e-03  [+0.05545 +0.02109 -0.00095 +0.03067 +0.24290 +0.05416 +0.09837 +0.02616 +0.09546 +148.63905 +2.96108 +0.00200 +0.00731 +0.02803 +0.01164 +0.00000]
[eval@  1200] 留出集窗口 RMSE[°] 电机/云台/小yaw = 0.242/0.106/0.050  角速度 = 0.0678/0.0395/0.0196
[torch] epoch  1200/1500  loss=1.026148e-03  [+0.05533 +0.02113 -0.00229 +0.02746 +0.24281 +0.05384 +0.09813 +0.02605 +0.09587 +146.65856 +3.02729 +0.00200 +0.00751 +0.02763 +0.01182 +0.00000]
[eval@  1350] 留出集窗口 RMSE[°] 电机/云台/小yaw = 0.236/0.104/0.049  角速度 = 0.0659/0.0389/0.0193
[torch] epoch  1350/1500  loss=2.288839e-03  [+0.05512 +0.02108 +0.00057 +0.02596 +0.24225 +0.05338 +0.09803 +0.02597 +0.09591 +144.25639 +3.09675 +0.00200 +0.00772 +0.02725 +0.01200 +0.00000]
[torch] epoch  1495/1500  loss=1.221987e-03  [+0.05465 +0.02114 -0.00120 +0.02411 +0.24228 +0.05315 +0.09785 +0.02582 +0.09590 +141.83171 +3.16676 +0.00200 +0.00793 +0.02693 +0.01221 +0.00000]
[torch] epoch  1496/1500  loss=1.199740e-03  [+0.05465 +0.02114 -0.00118 +0.02408 +0.24227 +0.05315 +0.09785 +0.02582 +0.09589 +141.82605 +3.16727 +0.00200 +0.00793 +0.02693 +0.01221 +0.00000]
[torch] epoch  1497/1500  loss=1.829114e-03  [+0.05466 +0.02114 -0.00115 +0.02409 +0.24226 +0.05314 +0.09786 +0.02582 +0.09589 +141.82221 +3.16774 +0.00200 +0.00793 +0.02693 +0.01221 +0.00000]
[torch] epoch  1498/1500  loss=1.919085e-03  [+0.05466 +0.02114 -0.00114 +0.02411 +0.24225 +0.05314 +0.09786 +0.02582 +0.09588 +141.81804 +3.16821 +0.00200 +0.00793 +0.02693 +0.01221 +0.00000]
[torch] epoch  1499/1500  loss=1.655340e-03  [+0.05466 +0.02115 -0.00111 +0.02413 +0.24225 +0.05314 +0.09787 +0.02583 +0.09588 +141.81449 +3.16868 +0.00200 +0.00794 +0.02692 +0.01221 +0.00000]
[eval@  1500] 留出集窗口 RMSE[°] 电机/云台/小yaw = 0.230/0.102/0.049  角速度 = 0.0643/0.0381/0.0193

==============================================================================
辨识结果（输出误差法, 段数=31, 轴=both）  用时 288.8s
配方: ★ 全批配方(epochs=1500 个**全批** Adam 步, 每步 batch=全部段)—— 同一损失，只是把原配方的'每段一次更新'合并成'每 epoch 一次'；Adam/总步数=1500；参数限位=无（无上下界 / 无 clamp / 无投影 / 无惩罚项）
 # 参数                         初值           估计           变化  单位
   ---- 平面 8 参（云台/小 yaw 子块）----
 0 Jbig_eff             0.050000     0.054657    +0.004657  kg·m²
 1 Js                   0.020000     0.021146    +0.001146  kg·m²
 2 Px                   0.008660    -0.001114    -0.009774  kg·m
 3 Py                   0.005000     0.024134    +0.019134  kg·m
 4 fc_big               0.220000     0.242250    +0.022250  N·m
 5 fv_big               0.055000     0.053135    -0.001865  N·m·s/rad
 6 fc_small             0.097300     0.097867    +0.000567  N·m
 7 fv_small             0.028000     0.025825    -0.002175  N·m·s/rad
   ---- ★ 新增: 大 yaw 背隙 / 电机侧 ----
 8 backlash_delta       0.096500     0.095884    -0.000616  rad   (= 5.494°)
 9 backlash_k         157.827900   141.814490   -16.013410  N·m/rad
10 backlash_c           2.591100     3.168680    +0.577580  N·m·s/rad
11 backlash_through     0.002000     0.002000    +0.000000  —
12 Jmotor               0.006000     0.007936    +0.001936  kg·m²
13 fc_motor             0.030000     0.026925    -0.003075  N·m
14 fv_motor             0.010000     0.012214    +0.002214  N·m·s/rad
15 backlash_beta        0.000000     0.000000    +0.000000  rad
==============================================================================
全批前向仿真 val_loss = 2.059749e-02
  ★ 估计参数（留出集）: 窗口(0.1s) RMSE: 角度[°] 电机/云台/小yaw = 0.230 / 0.102 / 0.049; 角速度[rad/s] = 0.0643 / 0.0381 / 0.0193
               整段开环 RMSE: 角度[°] 电机/云台/小yaw = 5.154 / 4.510 / 0.770
    （对照）初值: 窗口(0.1s) RMSE: 角度[°] 电机/云台/小yaw = 0.357 / 0.043 / 0.040; 角速度[rad/s] = 0.1093 / 0.0170 / 0.0169
loss 曲线: 共 1500 点；前 5 个 = 1.802169e-03, 2.781238e-03, 4.489913e-03, 3.373857e-03, 3.372072e-03
           后 5 个 = 1.221987e-03, 1.199740e-03, 1.829114e-03, 1.919085e-03, 1.655340e-03
            前 5 均值=3.110354e-03 → 后 5 均值=1.659233e-03（比值 0.5335，最小值 7.372979e-04）  ⇒ 下降 ✓
可粘贴到 include/tcbs/mpc/planar_yaw_params.h:
  p.Jbig_eff = 0.054657;  p.Js = 0.021146;
  p.Px = -0.001114;  p.Py = 0.024134;
  p.fcBig = 0.242250;  p.fvBig = 0.053135;
  p.fcSmall = 0.097867;  p.fvSmall = 0.025825;
  p.backlash_delta = 0.095884;  p.backlash_k = 141.8145;
  p.backlash_c = 3.1687;  p.backlash_through = 0.002000;
  p.Jmotor = 0.007936;  p.fcMotor = 0.026925;
  p.fvMotor = 0.012214;  // β 由估计器在线给（离线拟合值 +0.000000 仅供参考）
留出集学习曲线（10 个点，epoch 150..1500）:
  epoch    150: 角度 RMSE[°] 0.323/0.077/0.042   角速度 0.0945/0.0282/0.0181
  epoch    300: 角度 RMSE[°] 0.302/0.093/0.046   角速度 0.0870/0.0344/0.0193
  epoch    450: 角度 RMSE[°] 0.286/0.101/0.048   角速度 0.0819/0.0374/0.0194
  epoch    600: 角度 RMSE[°] 0.274/0.105/0.048   角速度 0.0779/0.0394/0.0194
  epoch    750: 角度 RMSE[°] 0.265/0.106/0.049   角速度 0.0748/0.0397/0.0193
  epoch    900: 角度 RMSE[°] 0.256/0.107/0.050   角速度 0.0720/0.0402/0.0196
  epoch   1050: 角度 RMSE[°] 0.248/0.107/0.049   角速度 0.0698/0.0400/0.0196
  epoch   1200: 角度 RMSE[°] 0.242/0.106/0.050   角速度 0.0678/0.0395/0.0196
  epoch   1350: 角度 RMSE[°] 0.236/0.104/0.049   角速度 0.0659/0.0389/0.0193
  epoch   1500: 角度 RMSE[°] 0.230/0.102/0.049   角速度 0.0643/0.0381/0.0193
[out] 已写入 data/archive/20260920_sim_nobacklash/F_bogus_true_state/params.txt
