[load] 共读入 400 段数据（400 个文件，跳过 0 个）
[load] 共读入 32 段数据（32 个文件，跳过 0 个）
[ok] 留出集与训练集无重合（32 段，指纹比对）
[beta] 400/400 段带 `backlash_center` 列（在线估计 β）: 范围 [-0.0658, +0.0722] rad（-3.77°~+4.14°）
[beta] 仿真真值 β 范围 [-0.0245, +0.0304] rad；在线估计误差 RMS = 31.515 mrad
[torch] ★ 冻结参数（不参与优化，恒保持初值）: backlash_through=0.002
[torch] 原仓库配方：epochs=10000 × 段数400 个 Adam 步（= 原仓库 num_epochs 同轮数），每次 10 步(0.1 s)随机片段，lr=0.0003（常数），损失 = 角度wrap MSE + 角速度 MSE(等权)，3-DOF RK4 积分(substeps=2)，无限位(log 参数化)
[torch] 数据: 400 段 → 400 个 sample（最长 300 点 = 3.00 s，水平(重力=0)）；拟合轴=both，自由参数=15；参数化: log 参数化: Jbig_eff,Js,fc_big,fv_big,fc_small,fv_small,backlash_delta,backlash_k,backlash_c,Jmotor,fc_motor,fv_motor; 自由参数: Px,Py,backlash_beta；参数限位: 无（无上下界 / 无 clamp / 无投影 / 无惩罚项）
[torch] 初值 φ0 = [+0.05189 +0.00916 +0.00190 -0.00102 +0.10336 +0.20904 +0.03058 +0.04874 +0.08730 +200.00000 +2.00000 +0.00200 +0.00600 +0.03000 +0.01000 +0.00000]（来源: 用户 --init-vector）
[torch] ★ --batch-segments: 每 epoch 1 次 Adam 步（每步 batch=400/400 段 × 10 步；损失 = 组内各段损失均值）
[torch] epoch     0/10000  loss=1.558194e-01  [+0.05191 +0.00916 +0.00220 -0.00132 +0.10339 +0.20898 +0.03059 +0.04875 +0.08733 +199.94001 +2.00060 +0.00200 +0.00600 +0.03001 +0.01000 +0.00000]
[torch] epoch     1/10000  loss=1.982475e-01  [+0.05192 +0.00917 +0.00250 -0.00162 +0.10342 +0.20892 +0.03060 +0.04876 +0.08735 +199.88172 +2.00120 +0.00200 +0.00600 +0.03002 +0.00999 +0.00000]
[torch] epoch     2/10000  loss=1.572075e-01  [+0.05194 +0.00917 +0.00275 -0.00190 +0.10345 +0.20886 +0.03061 +0.04878 +0.08737 +199.82260 +2.00180 +0.00200 +0.00599 +0.03003 +0.00999 +0.00000]
[torch] epoch     3/10000  loss=1.913131e-01  [+0.05195 +0.00917 +0.00300 -0.00219 +0.10348 +0.20880 +0.03062 +0.04879 +0.08739 +199.76521 +2.00240 +0.00200 +0.00599 +0.03003 +0.00999 +0.00000]
[torch] epoch     4/10000  loss=1.607506e-01  [+0.05197 +0.00918 +0.00324 -0.00248 +0.10351 +0.20874 +0.03063 +0.04881 +0.08741 +199.70708 +2.00301 +0.00200 +0.00599 +0.03004 +0.00999 +0.00000]
[eval@   250] 留出集窗口 RMSE[°] 电机/云台/小yaw = 1.334/0.256/0.789  角速度 = 0.5980/0.0874/0.3165
[torch] epoch   250/10000  loss=1.524723e-01  [+0.05475 +0.00985 +0.01329 -0.01889 +0.11048 +0.19627 +0.03284 +0.05225 +0.09016 +187.87903 +2.14941 +0.00200 +0.00556 +0.03188 +0.00944 +0.00000]
[eval@   500] 留出集窗口 RMSE[°] 电机/云台/小yaw = 1.343/0.232/0.701  角速度 = 0.5889/0.0788/0.2808
[torch] epoch   500/10000  loss=1.445698e-01  [+0.05690 +0.01052 +0.01406 -0.01865 +0.11758 +0.18508 +0.03511 +0.05561 +0.09083 +178.12877 +2.32025 +0.00200 +0.00508 +0.03137 +0.00899 +0.00000]
[eval@   750] 留出集窗口 RMSE[°] 电机/云台/小yaw = 1.341/0.219/0.627  角速度 = 0.5869/0.0734/0.2503
[torch] epoch   750/10000  loss=1.439217e-01  [+0.05897 +0.01116 +0.01906 -0.01575 +0.12434 +0.17606 +0.03738 +0.05880 +0.08861 +169.12812 +2.37421 +0.00200 +0.00507 +0.02750 +0.00849 +0.00000]
[eval@  1000] 留出集窗口 RMSE[°] 电机/云台/小yaw = 1.338/0.214/0.563  角速度 = 0.5857/0.0709/0.2240
[torch] epoch  1000/10000  loss=1.220975e-01  [+0.05974 +0.01180 +0.01770 -0.01456 +0.13243 +0.16930 +0.03958 +0.06169 +0.08613 +159.94934 +2.40819 +0.00200 +0.00512 +0.02519 +0.00810 +0.00000]
[eval@  1250] 留出集窗口 RMSE[°] 电机/云台/小yaw = 1.335/0.210/0.507  角速度 = 0.5847/0.0692/0.2010
[torch] epoch  1250/10000  loss=1.489607e-01  [+0.06021 +0.01242 +0.01246 -0.01213 +0.14043 +0.16277 +0.04180 +0.06431 +0.08328 +151.33697 +2.43465 +0.00200 +0.00517 +0.02343 +0.00774 +0.00000]
[eval@  1500] 留出集窗口 RMSE[°] 电机/云台/小yaw = 1.331/0.209/0.460  角速度 = 0.5840/0.0679/0.1812
[torch] epoch  1500/10000  loss=1.217823e-01  [+0.05983 +0.01302 +0.01364 -0.01079 +0.14813 +0.15698 +0.04400 +0.06666 +0.08023 +142.79803 +2.46281 +0.00200 +0.00521 +0.02180 +0.00741 +0.00000]
[eval@  1750] 留出集窗口 RMSE[°] 电机/云台/小yaw = 1.326/0.208/0.418  角速度 = 0.5831/0.0670/0.1639
[torch] epoch  1750/10000  loss=1.198306e-01  [+0.05946 +0.01363 +0.01301 -0.00973 +0.15587 +0.15174 +0.04619 +0.06867 +0.07660 +134.92898 +2.48334 +0.00200 +0.00525 +0.02046 +0.00712 +0.00000]
[eval@  2000] 留出集窗口 RMSE[°] 电机/云台/小yaw = 1.321/0.207/0.383  角速度 = 0.5824/0.0664/0.1488
[torch] epoch  2000/10000  loss=1.219227e-01  [+0.05899 +0.01422 +0.01158 -0.00785 +0.16319 +0.14693 +0.04838 +0.07035 +0.07297 +127.40564 +2.49870 +0.00200 +0.00530 +0.01928 +0.00684 +0.00000]
[eval@  2250] 留出集窗口 RMSE[°] 电机/云台/小yaw = 1.317/0.207/0.351  角速度 = 0.5820/0.0656/0.1356
[torch] epoch  2250/10000  loss=9.919138e-02  [+0.05867 +0.01480 +0.01411 -0.00720 +0.17006 +0.14237 +0.05055 +0.07167 +0.06986 +120.79730 +2.51710 +0.00200 +0.00532 +0.01822 +0.00660 +0.00000]
[eval@  2500] 留出集窗口 RMSE[°] 电机/云台/小yaw = 1.314/0.206/0.324  角速度 = 0.5815/0.0651/0.1239
[torch] epoch  2500/10000  loss=9.719594e-02  [+0.05831 +0.01537 +0.01606 -0.00788 +0.17623 +0.13823 +0.05270 +0.07266 +0.06687 +114.45665 +2.52774 +0.00200 +0.00536 +0.01720 +0.00637 +0.00000]
[eval@  2750] 留出集窗口 RMSE[°] 电机/云台/小yaw = 1.309/0.206/0.300  角速度 = 0.5810/0.0646/0.1137
[torch] epoch  2750/10000  loss=1.134352e-01  [+0.05782 +0.01593 +0.01503 -0.00862 +0.18122 +0.13447 +0.05481 +0.07318 +0.06345 +108.63289 +2.53864 +0.00200 +0.00539 +0.01627 +0.00615 +0.00000]
[eval@  3000] 留出集窗口 RMSE[°] 电机/云台/小yaw = 1.305/0.206/0.280  角速度 = 0.5805/0.0641/0.1048
[torch] epoch  3000/10000  loss=1.245716e-01  [+0.05741 +0.01649 +0.01053 -0.00773 +0.18493 +0.13119 +0.05689 +0.07329 +0.06007 +103.12473 +2.54911 +0.00200 +0.00541 +0.01538 +0.00595 +0.00000]
[eval@  3250] 留出集窗口 RMSE[°] 电机/云台/小yaw = 1.301/0.206/0.263  角速度 = 0.5800/0.0638/0.0971
[torch] epoch  3250/10000  loss=1.100626e-01  [+0.05728 +0.01703 +0.01013 -0.00726 +0.18896 +0.12860 +0.05898 +0.07305 +0.05693 +98.30914 +2.55459 +0.00200 +0.00543 +0.01460 +0.00579 +0.00000]
[eval@  3500] 留出集窗口 RMSE[°] 电机/云台/小yaw = 1.298/0.206/0.248  角速度 = 0.5797/0.0633/0.0900
[torch] epoch  3500/10000  loss=1.108460e-01  [+0.05709 +0.01756 +0.01050 -0.00892 +0.19178 +0.12587 +0.06108 +0.07251 +0.05421 +93.95589 +2.55831 +0.00200 +0.00545 +0.01386 +0.00562 +0.00000]
[eval@  3750] 留出集窗口 RMSE[°] 电机/云台/小yaw = 1.296/0.205/0.235  角速度 = 0.5798/0.0627/0.0842
[torch] epoch  3750/10000  loss=8.414233e-02  [+0.05707 +0.01806 +0.00978 -0.00910 +0.19455 +0.12390 +0.06311 +0.07158 +0.05162 +89.66866 +2.57155 +0.00200 +0.00544 +0.01318 +0.00549 +0.00000]
[eval@  4000] 留出集窗口 RMSE[°] 电机/云台/小yaw = 1.293/0.205/0.223  角速度 = 0.5795/0.0626/0.0789
[torch] epoch  4000/10000  loss=1.034440e-01  [+0.05685 +0.01855 +0.00706 -0.01164 +0.19658 +0.12218 +0.06510 +0.07040 +0.04935 +86.12825 +2.56672 +0.00200 +0.00546 +0.01251 +0.00536 +0.00000]
[eval@  4250] 留出集窗口 RMSE[°] 电机/云台/小yaw = 1.292/0.204/0.215  角速度 = 0.5796/0.0620/0.0746
[torch] epoch  4250/10000  loss=7.508738e-02  [+0.05657 +0.01900 +0.00868 -0.01150 +0.19840 +0.12072 +0.06707 +0.06897 +0.04722 +82.39595 +2.57541 +0.00200 +0.00544 +0.01187 +0.00524 +0.00000]
[eval@  4500] 留出集窗口 RMSE[°] 电机/云台/小yaw = 1.291/0.205/0.207  角速度 = 0.5794/0.0621/0.0711
[torch] epoch  4500/10000  loss=1.560655e-01  [+0.05642 +0.01943 +0.00646 -0.01124 +0.20019 +0.12003 +0.06900 +0.06729 +0.04513 +79.12684 +2.57164 +0.00200 +0.00546 +0.01128 +0.00513 +0.00000]
[eval@  4750] 留出集窗口 RMSE[°] 电机/云台/小yaw = 1.290/0.203/0.200  角速度 = 0.5794/0.0615/0.0677
[torch] epoch  4750/10000  loss=8.768895e-02  [+0.05660 +0.01981 +0.00890 -0.01413 +0.20017 +0.11877 +0.07108 +0.06564 +0.04296 +76.29555 +2.57117 +0.00200 +0.00546 +0.01074 +0.00502 +0.00000]
[eval@  5000] 留出集窗口 RMSE[°] 电机/云台/小yaw = 1.288/0.204/0.195  角速度 = 0.5794/0.0613/0.0652
[torch] epoch  5000/10000  loss=9.981506e-02  [+0.05610 +0.02015 +0.00719 -0.01656 +0.20149 +0.11877 +0.07295 +0.06380 +0.04101 +73.86924 +2.57022 +0.00200 +0.00544 +0.01022 +0.00493 +0.00000]
[eval@  5250] 留出集窗口 RMSE[°] 电机/云台/小yaw = 1.287/0.203/0.192  角速度 = 0.5792/0.0613/0.0634
[torch] epoch  5250/10000  loss=1.097825e-01  [+0.05623 +0.02044 +0.00690 -0.01320 +0.20068 +0.11876 +0.07487 +0.06198 +0.03904 +71.54001 +2.56403 +0.00200 +0.00544 +0.00974 +0.00483 +0.00000]
[eval@  5500] 留出集窗口 RMSE[°] 电机/云台/小yaw = 1.287/0.203/0.188  角速度 = 0.5791/0.0612/0.0617
[torch] epoch  5500/10000  loss=1.161407e-01  [+0.05633 +0.02068 +0.00411 -0.01461 +0.20240 +0.11884 +0.07679 +0.06014 +0.03719 +69.26305 +2.56065 +0.00200 +0.00543 +0.00929 +0.00476 +0.00000]
[eval@  5750] 留出集窗口 RMSE[°] 电机/云台/小yaw = 1.286/0.202/0.184  角速度 = 0.5790/0.0609/0.0601
[torch] epoch  5750/10000  loss=9.746740e-02  [+0.05635 +0.02088 +0.01122 -0.01738 +0.20243 +0.11893 +0.07846 +0.05823 +0.03554 +67.40365 +2.55464 +0.00200 +0.00542 +0.00886 +0.00467 +0.00000]
[eval@  6000] 留出集窗口 RMSE[°] 电机/云台/小yaw = 1.286/0.202/0.182  角速度 = 0.5789/0.0607/0.0589
[torch] epoch  6000/10000  loss=7.556123e-02  [+0.05632 +0.02103 +0.00839 -0.01520 +0.20186 +0.11920 +0.08016 +0.05632 +0.03405 +65.37151 +2.55197 +0.00200 +0.00540 +0.00843 +0.00459 +0.00000]
[eval@  6250] 留出集窗口 RMSE[°] 电机/云台/小yaw = 1.286/0.202/0.180  角速度 = 0.5787/0.0608/0.0580
[torch] epoch  6250/10000  loss=1.210732e-01  [+0.05596 +0.02114 +0.00288 -0.01740 +0.20252 +0.12036 +0.08147 +0.05435 +0.03257 +63.63670 +2.54744 +0.00200 +0.00538 +0.00803 +0.00453 +0.00000]
[eval@  6500] 留出集窗口 RMSE[°] 电机/云台/小yaw = 1.285/0.202/0.178  角速度 = 0.5786/0.0607/0.0570
[torch] epoch  6500/10000  loss=1.077515e-01  [+0.05607 +0.02119 +0.00513 -0.01488 +0.20196 +0.12100 +0.08304 +0.05255 +0.03112 +62.33532 +2.54075 +0.00200 +0.00537 +0.00766 +0.00445 +0.00000]
[eval@  6750] 留出集窗口 RMSE[°] 电机/云台/小yaw = 1.285/0.202/0.176  角速度 = 0.5786/0.0604/0.0560
[torch] epoch  6750/10000  loss=1.186774e-01  [+0.05581 +0.02122 +0.00667 -0.01767 +0.20169 +0.12160 +0.08421 +0.05072 +0.02969 +60.88496 +2.53642 +0.00200 +0.00535 +0.00729 +0.00438 +0.00000]
[eval@  7000] 留出集窗口 RMSE[°] 电机/云台/小yaw = 1.285/0.201/0.173  角速度 = 0.5784/0.0604/0.0552
[torch] epoch  7000/10000  loss=1.011450e-01  [+0.05590 +0.02122 +0.00867 -0.01794 +0.20223 +0.12220 +0.08558 +0.04905 +0.02831 +59.71508 +2.52711 +0.00200 +0.00533 +0.00694 +0.00431 +0.00000]
[eval@  7250] 留出集窗口 RMSE[°] 电机/云台/小yaw = 1.284/0.202/0.172  角速度 = 0.5783/0.0605/0.0545
[torch] epoch  7250/10000  loss=1.060080e-01  [+0.05571 +0.02119 +0.00569 -0.01843 +0.20201 +0.12270 +0.08652 +0.04733 +0.02699 +58.64054 +2.51460 +0.00200 +0.00533 +0.00660 +0.00422 +0.00000]
[eval@  7500] 留出集窗口 RMSE[°] 电机/云台/小yaw = 1.284/0.202/0.171  角速度 = 0.5782/0.0603/0.0538
[torch] epoch  7500/10000  loss=1.071001e-01  [+0.05532 +0.02119 +0.01038 -0.01882 +0.20116 +0.12322 +0.08739 +0.04577 +0.02579 +57.44285 +2.50945 +0.00200 +0.00531 +0.00627 +0.00413 +0.00000]
[eval@  7750] 留出集窗口 RMSE[°] 电机/云台/小yaw = 1.285/0.200/0.170  角速度 = 0.5783/0.0597/0.0531
[torch] epoch  7750/10000  loss=1.007143e-01  [+0.05563 +0.02114 +0.00938 -0.01195 +0.20095 +0.12352 +0.08912 +0.04439 +0.02463 +56.44987 +2.51267 +0.00200 +0.00526 +0.00597 +0.00407 +0.00000]
[eval@  8000] 留出集窗口 RMSE[°] 电机/云台/小yaw = 1.284/0.201/0.168  角速度 = 0.5781/0.0600/0.0526
[torch] epoch  8000/10000  loss=1.043170e-01  [+0.05527 +0.02113 +0.00856 -0.01637 +0.20121 +0.12464 +0.08951 +0.04284 +0.02354 +55.33337 +2.50120 +0.00200 +0.00525 +0.00567 +0.00399 +0.00000]
[eval@  8250] 留出集窗口 RMSE[°] 电机/云台/小yaw = 1.284/0.201/0.167  角速度 = 0.5779/0.0599/0.0521
[torch] epoch  8250/10000  loss=1.040652e-01  [+0.05533 +0.02112 +0.00533 -0.01576 +0.20063 +0.12476 +0.09059 +0.04155 +0.02241 +54.31948 +2.49003 +0.00200 +0.00524 +0.00539 +0.00390 +0.00000]
[eval@  8500] 留出集窗口 RMSE[°] 电机/云台/小yaw = 1.285/0.201/0.166  角速度 = 0.5779/0.0597/0.0516
[torch] epoch  8500/10000  loss=1.047281e-01  [+0.05511 +0.02107 +0.01115 -0.01650 +0.20147 +0.12548 +0.09142 +0.04025 +0.02143 +53.37519 +2.48745 +0.00200 +0.00521 +0.00512 +0.00383 +0.00000]
[eval@  8750] 留出集窗口 RMSE[°] 电机/云台/小yaw = 1.285/0.200/0.164  角速度 = 0.5777/0.0597/0.0512
[torch] epoch  8750/10000  loss=9.583863e-02  [+0.05515 +0.02105 +0.00704 -0.01675 +0.20021 +0.12514 +0.09200 +0.03906 +0.02048 +52.79003 +2.47088 +0.00200 +0.00521 +0.00486 +0.00374 +0.00000]
[eval@  9000] 留出集窗口 RMSE[°] 电机/云台/小yaw = 1.284/0.200/0.164  角速度 = 0.5776/0.0596/0.0508
[torch] epoch  9000/10000  loss=1.295418e-01  [+0.05499 +0.02105 +0.00830 -0.01639 +0.20004 +0.12521 +0.09258 +0.03796 +0.01955 +52.58763 +2.46096 +0.00200 +0.00519 +0.00465 +0.00367 +0.00000]
[eval@  9250] 留出集窗口 RMSE[°] 电机/云台/小yaw = 1.285/0.199/0.163  角速度 = 0.5775/0.0593/0.0504
[torch] epoch  9250/10000  loss=8.459884e-02  [+0.05522 +0.02101 +0.00272 -0.01528 +0.19982 +0.12500 +0.09352 +0.03700 +0.01865 +52.08152 +2.45375 +0.00200 +0.00517 +0.00443 +0.00358 +0.00000]
[eval@  9500] 留出集窗口 RMSE[°] 电机/云台/小yaw = 1.285/0.198/0.163  角速度 = 0.5774/0.0590/0.0501
[torch] epoch  9500/10000  loss=9.132367e-02  [+0.05504 +0.02097 +0.00910 -0.01206 +0.20080 +0.12520 +0.09418 +0.03605 +0.01785 +51.80958 +2.45262 +0.00200 +0.00513 +0.00422 +0.00352 +0.00000]
[eval@  9750] 留出集窗口 RMSE[°] 电机/云台/小yaw = 1.285/0.199/0.161  角速度 = 0.5773/0.0590/0.0498
[torch] epoch  9750/10000  loss=1.353005e-01  [+0.05488 +0.02096 +0.00413 -0.01726 +0.20122 +0.12549 +0.09434 +0.03505 +0.01705 +51.45541 +2.44318 +0.00200 +0.00511 +0.00402 +0.00345 +0.00000]
[torch] epoch  9995/10000  loss=7.259591e-02  [+0.05487 +0.02094 +0.00550 -0.01335 +0.20166 +0.12561 +0.09530 +0.03431 +0.01632 +51.17032 +2.43232 +0.00200 +0.00509 +0.00383 +0.00338 +0.00000]
[torch] epoch  9996/10000  loss=9.632808e-02  [+0.05487 +0.02094 +0.00549 -0.01333 +0.20167 +0.12560 +0.09530 +0.03430 +0.01632 +51.16270 +2.43255 +0.00200 +0.00509 +0.00383 +0.00338 +0.00000]
[torch] epoch  9997/10000  loss=8.938157e-02  [+0.05487 +0.02094 +0.00549 -0.01329 +0.20167 +0.12560 +0.09530 +0.03430 +0.01631 +51.15667 +2.43273 +0.00200 +0.00509 +0.00382 +0.00338 +0.00000]
[torch] epoch  9998/10000  loss=8.176530e-02  [+0.05487 +0.02094 +0.00554 -0.01328 +0.20166 +0.12559 +0.09530 +0.03430 +0.01631 +51.15117 +2.43289 +0.00200 +0.00509 +0.00382 +0.00338 +0.00000]
[torch] epoch  9999/10000  loss=1.283037e-01  [+0.05487 +0.02094 +0.00557 -0.01324 +0.20165 +0.12558 +0.09531 +0.03430 +0.01630 +51.14835 +2.43294 +0.00200 +0.00509 +0.00382 +0.00338 +0.00000]
[eval@ 10000] 留出集窗口 RMSE[°] 电机/云台/小yaw = 1.285/0.198/0.161  角速度 = 0.5772/0.0589/0.0496

==============================================================================
辨识结果（输出误差法, 段数=400, 轴=both）  用时 4488.6s
配方: ★ 全批配方(epochs=10000 个**全批** Adam 步, 每步 batch=全部段)—— 同一损失，只是把原配方的'每段一次更新'合并成'每 epoch 一次'；Adam/总步数=10000；参数限位=无（无上下界 / 无 clamp / 无投影 / 无惩罚项）
 # 参数                         初值           估计           变化  单位
   ---- 平面 8 参（云台/小 yaw 子块）----
 0 Jbig_eff             0.051893     0.054871    +0.002978  kg·m²
 1 Js                   0.009162     0.020937    +0.011775  kg·m²
 2 Px                   0.001897     0.005565    +0.003668  kg·m
 3 Py                  -0.001017    -0.013241    -0.012224  kg·m
 4 fc_big               0.103360     0.201654    +0.098294  N·m
 5 fv_big               0.209044     0.125585    -0.083459  N·m·s/rad
 6 fc_small             0.030582     0.095307    +0.064725  N·m
 7 fv_small             0.048735     0.034297    -0.014438  N·m·s/rad
   ---- ★ 新增: 大 yaw 背隙 / 电机侧 ----
 8 backlash_delta       0.087300     0.016304    -0.070996  rad   (= 0.934°)
 9 backlash_k         200.000000    51.148352  -148.851648  N·m/rad
10 backlash_c           2.000000     2.432941    +0.432941  N·m·s/rad
11 backlash_through     0.002000     0.002000    +0.000000  —
12 Jmotor               0.006000     0.005090    -0.000910  kg·m²
13 fc_motor             0.030000     0.003823    -0.026177  N·m
14 fv_motor             0.010000     0.003377    -0.006623  N·m·s/rad
15 backlash_beta        0.000000     0.000000    +0.000000  rad
==============================================================================
全批前向仿真 val_loss = 1.360380e-01
  ★ 估计参数（留出集）: 窗口(0.1s) RMSE: 角度[°] 电机/云台/小yaw = 1.285 / 0.198 / 0.161; 角速度[rad/s] = 0.5772 / 0.0589 / 0.0496
               整段开环 RMSE: 角度[°] 电机/云台/小yaw = 3.988 / 3.365 / 1.324
    （对照）初值: 窗口(0.1s) RMSE: 角度[°] 电机/云台/小yaw = 1.323 / 0.287 / 0.914; 角速度[rad/s] = 0.6042 / 0.0984 / 0.3658
loss 曲线: 共 10000 点；前 5 个 = 1.558194e-01, 1.982475e-01, 1.572075e-01, 1.913131e-01, 1.607506e-01
           后 5 个 = 7.259591e-02, 9.632808e-02, 8.938157e-02, 8.176530e-02, 1.283037e-01
            前 5 均值=1.806431e-01 → 后 5 均值=1.019587e-01（比值 0.5644，最小值 5.479515e-02）  ⇒ 下降 ✓
可粘贴到 include/tcbs/mpc/planar_yaw_params.h:
  p.Jbig_eff = 0.054871;  p.Js = 0.020937;
  p.Px = 0.005565;  p.Py = -0.013241;
  p.fcBig = 0.201654;  p.fvBig = 0.125585;
  p.fcSmall = 0.095307;  p.fvSmall = 0.034297;
  p.backlash_delta = 0.016304;  p.backlash_k = 51.1484;
  p.backlash_c = 2.4329;  p.backlash_through = 0.002000;
  p.Jmotor = 0.005090;  p.fcMotor = 0.003823;
  p.fvMotor = 0.003377;  // β 由估计器在线给（离线拟合值 +0.000000 仅供参考）
留出集学习曲线（40 个点，epoch 250..10000）:
  epoch    250: 角度 RMSE[°] 1.334/0.256/0.789   角速度 0.5980/0.0874/0.3165
  epoch   1250: 角度 RMSE[°] 1.335/0.210/0.507   角速度 0.5847/0.0692/0.2010
  epoch   2250: 角度 RMSE[°] 1.317/0.207/0.351   角速度 0.5820/0.0656/0.1356
  epoch   3250: 角度 RMSE[°] 1.301/0.206/0.263   角速度 0.5800/0.0638/0.0971
  epoch   4250: 角度 RMSE[°] 1.292/0.204/0.215   角速度 0.5796/0.0620/0.0746
  epoch   5250: 角度 RMSE[°] 1.287/0.203/0.192   角速度 0.5792/0.0613/0.0634
  epoch   6250: 角度 RMSE[°] 1.286/0.202/0.180   角速度 0.5787/0.0608/0.0580
  epoch   7250: 角度 RMSE[°] 1.284/0.202/0.172   角速度 0.5783/0.0605/0.0545
  epoch   8250: 角度 RMSE[°] 1.284/0.201/0.167   角速度 0.5779/0.0599/0.0521
  epoch   9250: 角度 RMSE[°] 1.285/0.199/0.163   角速度 0.5775/0.0593/0.0504
  epoch  10000: 角度 RMSE[°] 1.285/0.198/0.161   角速度 0.5772/0.0589/0.0496
/home/huhu233/.config/matplotlib is not a writable directory
Matplotlib created a temporary cache directory at /tmp/matplotlib-haj29xe9 because there was an issue with the default path (/home/huhu233/.config/matplotlib); it is highly recommended to set the MPLCONFIGDIR environment variable to a writable directory, in particular to speed up the import of Matplotlib and to better support multiprocessing.
/home/huhu233/.local/lib/python3.10/site-packages/matplotlib/projections/__init__.py:63: UserWarning: Unable to import Axes3D. This may be due to multiple versions of Matplotlib being installed (e.g. as a system package and as a pip package). As a result, the 3D projection is not available.
  warnings.warn("Unable to import Axes3D. This may be due to multiple versions of "
[plot] 已保存 _tmp4x/A400/ident_convergence.png  (370.5 KB)
[plot] 已保存 _tmp4x/A400/ident_traj.png  (303.2 KB)
[plot] 已保存 _tmp4x/A400/ident_convergence_learning.png  (67.1 KB)
[out] 已写入 _tmp4x/A400/params.txt
exit=0
