[load] 共读入 100 段数据（100 个文件，跳过 0 个）
[load] 共读入 32 段数据（32 个文件，跳过 0 个）
[ok] 留出集与训练集无重合（32 段，指纹比对）
[beta] 100/100 段带 `backlash_center` 列（在线估计 β）: 范围 [-0.0636, +0.0690] rad（-3.65°~+3.95°）
[beta] 仿真真值 β 范围 [-0.0245, +0.0300] rad；在线估计误差 RMS = 31.943 mrad
[torch] ★ 冻结参数（不参与优化，恒保持初值）: backlash_through=0.002
[torch] 原仓库配方：epochs=10000 × 段数100 个 Adam 步（= 原仓库 num_epochs 同轮数），每次 10 步(0.1 s)随机片段，lr=0.0003（常数），损失 = 角度wrap MSE + 角速度 MSE(等权)，3-DOF RK4 积分(substeps=2)，无限位(log 参数化)
[torch] 数据: 100 段 → 100 个 sample（最长 300 点 = 3.00 s，水平(重力=0)）；拟合轴=both，自由参数=15；参数化: log 参数化: Jbig_eff,Js,fc_big,fv_big,fc_small,fv_small,backlash_delta,backlash_k,backlash_c,Jmotor,fc_motor,fv_motor; 自由参数: Px,Py,backlash_beta；参数限位: 无（无上下界 / 无 clamp / 无投影 / 无惩罚项）
[torch] 初值 φ0 = [+0.05189 +0.00916 +0.00190 -0.00102 +0.10336 +0.20904 +0.03058 +0.04874 +0.08730 +200.00000 +2.00000 +0.00200 +0.00600 +0.03000 +0.01000 +0.00000]（来源: 用户 --init-vector）
[torch] ★ --batch-segments: 每 epoch 1 次 Adam 步（每步 batch=100/100 段 × 10 步；损失 = 组内各段损失均值）
[torch] epoch     0/10000  loss=1.690085e-01  [+0.05191 +0.00916 +0.00160 -0.00132 +0.10339 +0.20898 +0.03059 +0.04875 +0.08733 +199.94001 +2.00060 +0.00200 +0.00600 +0.03001 +0.01000 +0.00000]
[torch] epoch     1/10000  loss=1.976337e-01  [+0.05192 +0.00917 +0.00180 -0.00157 +0.10342 +0.20892 +0.03060 +0.04876 +0.08735 +199.87996 +2.00120 +0.00200 +0.00600 +0.03002 +0.00999 +0.00000]
[torch] epoch     2/10000  loss=1.022590e-01  [+0.05193 +0.00917 +0.00197 -0.00184 +0.10345 +0.20886 +0.03061 +0.04878 +0.08737 +199.82234 +2.00173 +0.00200 +0.00599 +0.03002 +0.00999 +0.00000]
[torch] epoch     3/10000  loss=1.960459e-01  [+0.05195 +0.00917 +0.00217 -0.00204 +0.10347 +0.20880 +0.03062 +0.04879 +0.08739 +199.76811 +2.00228 +0.00200 +0.00599 +0.03003 +0.00999 +0.00000]
[torch] epoch     4/10000  loss=2.507697e-01  [+0.05196 +0.00918 +0.00236 -0.00226 +0.10350 +0.20874 +0.03063 +0.04881 +0.08742 +199.71284 +2.00284 +0.00200 +0.00599 +0.03004 +0.00999 +0.00000]
[eval@   250] 留出集窗口 RMSE[°] 电机/云台/小yaw = 1.331/0.261/0.791  角速度 = 0.5995/0.0888/0.3173
[torch] epoch   250/10000  loss=2.110289e-01  [+0.05417 +0.00984 +0.01031 -0.01747 +0.10910 +0.19700 +0.03283 +0.05218 +0.08898 +191.33041 +2.12055 +0.00200 +0.00565 +0.03131 +0.00949 +0.00000]
[eval@   500] 留出集窗口 RMSE[°] 电机/云台/小yaw = 1.339/0.239/0.702  角速度 = 0.5919/0.0810/0.2809
[torch] epoch   500/10000  loss=1.806628e-01  [+0.05578 +0.01050 +0.01221 -0.01823 +0.11492 +0.18667 +0.03505 +0.05546 +0.09027 +183.22302 +2.26535 +0.00200 +0.00523 +0.03183 +0.00906 +0.00000]
[eval@   750] 留出集窗口 RMSE[°] 电机/云台/小yaw = 1.342/0.224/0.631  角速度 = 0.5880/0.0755/0.2517
[torch] epoch   750/10000  loss=1.500892e-01  [+0.05743 +0.01114 +0.01354 -0.01585 +0.12088 +0.17849 +0.03728 +0.05858 +0.08974 +176.55776 +2.35211 +0.00200 +0.00506 +0.02873 +0.00870 +0.00000]
[eval@  1000] 留出集窗口 RMSE[°] 电机/云台/小yaw = 1.341/0.217/0.567  角速度 = 0.5868/0.0721/0.2256
[torch] epoch  1000/10000  loss=9.661427e-02  [+0.05870 +0.01176 +0.01305 -0.01407 +0.12737 +0.17184 +0.03946 +0.06147 +0.08839 +170.36988 +2.38413 +0.00200 +0.00508 +0.02615 +0.00837 +0.00000]
[eval@  1250] 留出集窗口 RMSE[°] 电机/云台/小yaw = 1.341/0.211/0.512  角速度 = 0.5860/0.0697/0.2030
[torch] epoch  1250/10000  loss=1.332012e-01  [+0.05961 +0.01238 +0.01579 -0.01205 +0.13355 +0.16578 +0.04167 +0.06415 +0.08737 +164.18455 +2.40720 +0.00200 +0.00510 +0.02421 +0.00809 +0.00000]
[eval@  1500] 留出集窗口 RMSE[°] 电机/云台/小yaw = 1.340/0.208/0.463  角速度 = 0.5850/0.0683/0.1827
[torch] epoch  1500/10000  loss=8.706010e-02  [+0.05984 +0.01299 +0.01308 -0.01096 +0.13999 +0.16046 +0.04386 +0.06660 +0.08647 +157.49001 +2.42101 +0.00200 +0.00514 +0.02257 +0.00783 +0.00000]
[eval@  1750] 留出集窗口 RMSE[°] 电机/云台/小yaw = 1.339/0.206/0.423  角速度 = 0.5845/0.0673/0.1657
[torch] epoch  1750/10000  loss=1.125743e-01  [+0.05972 +0.01359 +0.01719 -0.00783 +0.14610 +0.15583 +0.04596 +0.06859 +0.08513 +151.53225 +2.43645 +0.00200 +0.00516 +0.02126 +0.00762 +0.00000]
[eval@  2000] 留出集窗口 RMSE[°] 电机/云台/小yaw = 1.338/0.204/0.386  角速度 = 0.5845/0.0660/0.1506
[torch] epoch  2000/10000  loss=6.092894e-02  [+0.05940 +0.01419 +0.01824 -0.00720 +0.15169 +0.15068 +0.04808 +0.07023 +0.08378 +145.61302 +2.45814 +0.00200 +0.00517 +0.01995 +0.00738 +0.00000]
[eval@  2250] 留出集窗口 RMSE[°] 电机/云台/小yaw = 1.335/0.203/0.355  角速度 = 0.5837/0.0656/0.1374
[torch] epoch  2250/10000  loss=1.208918e-01  [+0.05952 +0.01477 +0.01533 -0.00445 +0.15788 +0.14701 +0.05021 +0.07167 +0.08185 +140.29505 +2.46531 +0.00200 +0.00520 +0.01885 +0.00721 +0.00000]
[eval@  2500] 留出集窗口 RMSE[°] 电机/云台/小yaw = 1.331/0.203/0.327  角速度 = 0.5831/0.0651/0.1257
[torch] epoch  2500/10000  loss=6.917422e-02  [+0.05914 +0.01534 +0.01217 -0.00656 +0.16426 +0.14379 +0.05225 +0.07267 +0.07936 +135.05504 +2.47281 +0.00200 +0.00523 +0.01780 +0.00706 +0.00000]
[eval@  2750] 留出集窗口 RMSE[°] 电机/云台/小yaw = 1.330/0.201/0.303  角速度 = 0.5829/0.0643/0.1154
[torch] epoch  2750/10000  loss=1.118903e-01  [+0.05903 +0.01591 +0.01487 -0.00592 +0.16967 +0.13992 +0.05439 +0.07339 +0.07766 +130.88158 +2.48372 +0.00200 +0.00524 +0.01693 +0.00691 +0.00000]
[eval@  3000] 留出集窗口 RMSE[°] 电机/云台/小yaw = 1.328/0.200/0.283  角速度 = 0.5824/0.0639/0.1064
[torch] epoch  3000/10000  loss=9.235532e-02  [+0.05932 +0.01648 +0.01104 -0.00522 +0.17353 +0.13664 +0.05647 +0.07376 +0.07582 +126.33428 +2.49097 +0.00200 +0.00526 +0.01602 +0.00676 +0.00000]
[eval@  3250] 留出集窗口 RMSE[°] 电机/云台/小yaw = 1.326/0.201/0.264  角速度 = 0.5819/0.0638/0.0984
[torch] epoch  3250/10000  loss=1.433737e-01  [+0.05901 +0.01703 +0.01048 -0.00656 +0.17859 +0.13424 +0.05842 +0.07361 +0.07450 +121.43197 +2.49261 +0.00200 +0.00529 +0.01518 +0.00664 +0.00000]
[eval@  3500] 留出集窗口 RMSE[°] 电机/云台/小yaw = 1.324/0.200/0.248  角速度 = 0.5817/0.0634/0.0913
[torch] epoch  3500/10000  loss=1.095903e-01  [+0.05857 +0.01757 +0.01015 -0.00845 +0.18306 +0.13172 +0.06034 +0.07308 +0.07272 +117.52769 +2.49961 +0.00200 +0.00529 +0.01447 +0.00654 +0.00000]
[eval@  3750] 留出集窗口 RMSE[°] 电机/云台/小yaw = 1.321/0.201/0.236  角速度 = 0.5815/0.0633/0.0856
[torch] epoch  3750/10000  loss=8.120157e-02  [+0.05842 +0.01809 +0.00757 -0.00640 +0.18760 +0.12959 +0.06225 +0.07229 +0.07059 +113.15937 +2.51097 +0.00200 +0.00530 +0.01376 +0.00645 +0.00000]
[eval@  4000] 留出集窗口 RMSE[°] 电机/云台/小yaw = 1.320/0.200/0.225  角速度 = 0.5815/0.0628/0.0802
[torch] epoch  4000/10000  loss=5.357812e-02  [+0.05835 +0.01860 +0.01344 -0.00701 +0.18975 +0.12712 +0.06418 +0.07125 +0.06896 +108.99486 +2.51850 +0.00200 +0.00531 +0.01316 +0.00634 +0.00000]
[eval@  4250] 留出集窗口 RMSE[°] 电机/云台/小yaw = 1.317/0.200/0.215  角速度 = 0.5809/0.0629/0.0758
[torch] epoch  4250/10000  loss=1.355341e-01  [+0.05843 +0.01908 +0.01288 -0.00888 +0.19399 +0.12544 +0.06609 +0.07001 +0.06685 +105.58317 +2.51698 +0.00200 +0.00533 +0.01261 +0.00627 +0.00000]
[eval@  4500] 留出集窗口 RMSE[°] 电机/云台/小yaw = 1.315/0.200/0.207  角速度 = 0.5808/0.0625/0.0720
[torch] epoch  4500/10000  loss=9.739219e-02  [+0.05812 +0.01951 +0.01341 -0.01023 +0.19636 +0.12356 +0.06793 +0.06862 +0.06505 +101.83714 +2.52253 +0.00200 +0.00533 +0.01206 +0.00616 +0.00000]
[eval@  4750] 留出集窗口 RMSE[°] 电机/云台/小yaw = 1.312/0.199/0.200  角速度 = 0.5805/0.0623/0.0689
[torch] epoch  4750/10000  loss=7.567366e-02  [+0.05813 +0.01993 +0.00899 -0.01086 +0.19814 +0.12165 +0.06983 +0.06706 +0.06271 +99.12160 +2.52393 +0.00200 +0.00534 +0.01155 +0.00608 +0.00000]
[eval@  5000] 留出集窗口 RMSE[°] 电机/云台/小yaw = 1.310/0.199/0.195  角速度 = 0.5803/0.0619/0.0663
[torch] epoch  5000/10000  loss=8.901408e-02  [+0.05831 +0.02029 +0.01184 -0.01217 +0.19975 +0.12039 +0.07160 +0.06537 +0.06065 +96.02825 +2.52934 +0.00200 +0.00534 +0.01105 +0.00604 +0.00000]
[eval@  5250] 留出集窗口 RMSE[°] 电机/云台/小yaw = 1.307/0.199/0.191  角速度 = 0.5799/0.0621/0.0645
[torch] epoch  5250/10000  loss=9.227765e-02  [+0.05808 +0.02062 +0.01201 -0.01131 +0.20211 +0.11990 +0.07316 +0.06352 +0.05859 +93.14754 +2.52847 +0.00200 +0.00535 +0.01055 +0.00600 +0.00000]
[eval@  5500] 留出集窗口 RMSE[°] 电机/云台/小yaw = 1.306/0.199/0.188  角速度 = 0.5799/0.0617/0.0629
[torch] epoch  5500/10000  loss=1.739837e-01  [+0.05799 +0.02089 +0.01218 -0.01041 +0.20242 +0.11872 +0.07489 +0.06191 +0.05696 +89.91546 +2.53575 +0.00200 +0.00535 +0.01005 +0.00593 +0.00000]
[eval@  5750] 留出集窗口 RMSE[°] 电机/云台/小yaw = 1.303/0.199/0.185  角速度 = 0.5797/0.0614/0.0614
[torch] epoch  5750/10000  loss=1.407925e-01  [+0.05770 +0.02110 +0.00525 -0.01537 +0.20374 +0.11796 +0.07637 +0.06009 +0.05496 +87.33105 +2.53506 +0.00200 +0.00536 +0.00959 +0.00589 +0.00000]
[eval@  6000] 留出集窗口 RMSE[°] 电机/云台/小yaw = 1.303/0.199/0.184  角速度 = 0.5796/0.0616/0.0605
[torch] epoch  6000/10000  loss=1.167154e-01  [+0.05805 +0.02125 +0.00839 -0.00813 +0.20396 +0.11770 +0.07818 +0.05846 +0.05336 +84.62413 +2.53832 +0.00200 +0.00536 +0.00914 +0.00585 +0.00000]
[eval@  6250] 留出集窗口 RMSE[°] 电机/云台/小yaw = 1.300/0.199/0.181  角速度 = 0.5794/0.0616/0.0594
[torch] epoch  6250/10000  loss=1.491680e-01  [+0.05776 +0.02136 +0.00914 -0.01290 +0.20566 +0.11829 +0.07955 +0.05654 +0.05159 +82.96970 +2.53350 +0.00200 +0.00537 +0.00876 +0.00585 +0.00000]
[eval@  6500] 留出集窗口 RMSE[°] 电机/云台/小yaw = 1.298/0.199/0.179  角速度 = 0.5793/0.0614/0.0585
[torch] epoch  6500/10000  loss=1.274387e-01  [+0.05763 +0.02145 +0.01256 -0.01428 +0.20727 +0.11775 +0.08091 +0.05477 +0.04996 +80.97425 +2.53530 +0.00200 +0.00536 +0.00839 +0.00583 +0.00000]
[eval@  6750] 留出集窗口 RMSE[°] 电机/云台/小yaw = 1.297/0.199/0.177  角速度 = 0.5793/0.0615/0.0578
[torch] epoch  6750/10000  loss=1.228884e-01  [+0.05766 +0.02147 +0.01913 -0.01426 +0.20866 +0.11769 +0.08214 +0.05306 +0.04826 +78.54654 +2.53543 +0.00200 +0.00537 +0.00802 +0.00582 +0.00000]
[eval@  7000] 留出集窗口 RMSE[°] 电机/云台/小yaw = 1.296/0.199/0.175  角速度 = 0.5793/0.0610/0.0567
[torch] epoch  7000/10000  loss=6.341877e-02  [+0.05760 +0.02146 +0.01220 -0.01299 +0.20765 +0.11702 +0.08341 +0.05146 +0.04669 +76.93794 +2.53725 +0.00200 +0.00536 +0.00761 +0.00578 +0.00000]
[eval@  7250] 留出集窗口 RMSE[°] 电机/云台/小yaw = 1.295/0.198/0.173  角速度 = 0.5792/0.0606/0.0558
[torch] epoch  7250/10000  loss=1.737177e-01  [+0.05763 +0.02146 +0.00816 -0.01286 +0.20757 +0.11637 +0.08467 +0.04991 +0.04514 +75.66274 +2.53854 +0.00200 +0.00535 +0.00727 +0.00574 +0.00000]
[eval@  7500] 留出集窗口 RMSE[°] 电机/云台/小yaw = 1.293/0.198/0.172  角速度 = 0.5793/0.0602/0.0551
[torch] epoch  7500/10000  loss=1.622154e-01  [+0.05717 +0.02146 +0.00786 -0.01744 +0.20738 +0.11668 +0.08516 +0.04828 +0.04389 +73.75390 +2.54012 +0.00200 +0.00535 +0.00691 +0.00571 +0.00000]
[eval@  7750] 留出集窗口 RMSE[°] 电机/云台/小yaw = 1.292/0.199/0.171  角速度 = 0.5791/0.0605/0.0546
[torch] epoch  7750/10000  loss=6.892632e-02  [+0.05714 +0.02138 +0.00412 -0.01415 +0.20834 +0.11676 +0.08646 +0.04694 +0.04231 +72.48843 +2.53763 +0.00200 +0.00535 +0.00660 +0.00568 +0.00000]
[eval@  8000] 留出集窗口 RMSE[°] 电机/云台/小yaw = 1.291/0.199/0.171  角速度 = 0.5793/0.0605/0.0542
[torch] epoch  8000/10000  loss=9.195928e-02  [+0.05678 +0.02135 +0.00738 -0.01170 +0.20998 +0.11741 +0.08763 +0.04548 +0.04107 +70.83560 +2.54191 +0.00200 +0.00533 +0.00629 +0.00568 +0.00000]
[eval@  8250] 留出集窗口 RMSE[°] 电机/云台/小yaw = 1.290/0.199/0.170  角速度 = 0.5790/0.0608/0.0537
[torch] epoch  8250/10000  loss=1.053278e-01  [+0.05679 +0.02133 +0.00675 -0.00956 +0.20924 +0.11696 +0.08862 +0.04406 +0.03969 +69.58342 +2.52845 +0.00200 +0.00535 +0.00600 +0.00562 +0.00000]
[eval@  8500] 留出集窗口 RMSE[°] 电机/云台/小yaw = 1.290/0.198/0.168  角速度 = 0.5790/0.0601/0.0529
[torch] epoch  8500/10000  loss=9.181190e-02  [+0.05670 +0.02127 +0.00784 -0.01079 +0.20853 +0.11609 +0.08910 +0.04296 +0.03846 +68.23887 +2.53254 +0.00200 +0.00534 +0.00570 +0.00557 +0.00000]
[eval@  8750] 留出集窗口 RMSE[°] 电机/云台/小yaw = 1.290/0.198/0.167  角速度 = 0.5789/0.0601/0.0525
[torch] epoch  8750/10000  loss=7.685238e-02  [+0.05697 +0.02134 +0.00745 -0.01069 +0.20772 +0.11583 +0.08993 +0.04188 +0.03722 +66.82475 +2.52722 +0.00200 +0.00535 +0.00545 +0.00554 +0.00000]
[eval@  9000] 留出集窗口 RMSE[°] 电机/云台/小yaw = 1.289/0.198/0.166  角速度 = 0.5788/0.0599/0.0520
[torch] epoch  9000/10000  loss=4.249981e-02  [+0.05687 +0.02125 +0.00639 -0.01088 +0.20764 +0.11635 +0.09034 +0.04078 +0.03607 +65.79719 +2.52906 +0.00200 +0.00533 +0.00520 +0.00553 +0.00000]
[eval@  9250] 留出集窗口 RMSE[°] 电机/云台/小yaw = 1.289/0.198/0.165  角速度 = 0.5788/0.0596/0.0516
[torch] epoch  9250/10000  loss=6.893131e-02  [+0.05682 +0.02126 +0.00256 -0.01150 +0.20743 +0.11581 +0.09112 +0.03971 +0.03504 +64.91141 +2.52896 +0.00200 +0.00532 +0.00498 +0.00550 +0.00000]
[eval@  9500] 留出集窗口 RMSE[°] 电机/云台/小yaw = 1.288/0.197/0.165  角速度 = 0.5788/0.0591/0.0511
[torch] epoch  9500/10000  loss=1.042839e-01  [+0.05640 +0.02122 +0.00759 -0.01211 +0.20790 +0.11541 +0.09154 +0.03872 +0.03377 +63.71819 +2.53219 +0.00200 +0.00531 +0.00473 +0.00544 +0.00000]
[eval@  9750] 留出集窗口 RMSE[°] 电机/云台/小yaw = 1.288/0.198/0.163  角速度 = 0.5786/0.0594/0.0509
[torch] epoch  9750/10000  loss=8.680310e-02  [+0.05652 +0.02109 +0.00796 -0.01339 +0.20926 +0.11575 +0.09252 +0.03799 +0.03277 +62.83891 +2.52316 +0.00200 +0.00532 +0.00452 +0.00539 +0.00000]
[torch] epoch  9995/10000  loss=1.502182e-01  [+0.05604 +0.02116 +0.01137 -0.01302 +0.21086 +0.11682 +0.09244 +0.03703 +0.03175 +61.99378 +2.52636 +0.00200 +0.00530 +0.00432 +0.00540 +0.00000]
[torch] epoch  9996/10000  loss=1.136521e-01  [+0.05603 +0.02116 +0.01134 -0.01311 +0.21088 +0.11684 +0.09243 +0.03703 +0.03175 +61.98602 +2.52627 +0.00200 +0.00530 +0.00432 +0.00541 +0.00000]
[torch] epoch  9997/10000  loss=7.594137e-02  [+0.05603 +0.02115 +0.01131 -0.01316 +0.21090 +0.11686 +0.09243 +0.03702 +0.03174 +61.97884 +2.52622 +0.00200 +0.00530 +0.00432 +0.00541 +0.00000]
[torch] epoch  9998/10000  loss=9.310793e-02  [+0.05602 +0.02115 +0.01132 -0.01320 +0.21092 +0.11687 +0.09243 +0.03701 +0.03174 +61.97042 +2.52625 +0.00200 +0.00530 +0.00432 +0.00541 +0.00000]
[torch] epoch  9999/10000  loss=8.935514e-02  [+0.05601 +0.02115 +0.01132 -0.01327 +0.21094 +0.11688 +0.09242 +0.03701 +0.03174 +61.96284 +2.52625 +0.00200 +0.00530 +0.00432 +0.00541 +0.00000]
[eval@ 10000] 留出集窗口 RMSE[°] 电机/云台/小yaw = 1.287/0.199/0.164  角速度 = 0.5786/0.0595/0.0510

==============================================================================
辨识结果（输出误差法, 段数=100, 轴=both）  用时 4301.3s
配方: ★ 全批配方(epochs=10000 个**全批** Adam 步, 每步 batch=全部段)—— 同一损失，只是把原配方的'每段一次更新'合并成'每 epoch 一次'；Adam/总步数=10000；参数限位=无（无上下界 / 无 clamp / 无投影 / 无惩罚项）
 # 参数                         初值           估计           变化  单位
   ---- 平面 8 参（云台/小 yaw 子块）----
 0 Jbig_eff             0.051893     0.056010    +0.004117  kg·m²
 1 Js                   0.009162     0.021152    +0.011990  kg·m²
 2 Px                   0.001897     0.011319    +0.009422  kg·m
 3 Py                  -0.001017    -0.013273    -0.012256  kg·m
 4 fc_big               0.103360     0.210936    +0.107576  N·m
 5 fv_big               0.209044     0.116878    -0.092166  N·m·s/rad
 6 fc_small             0.030582     0.092424    +0.061842  N·m
 7 fv_small             0.048735     0.037008    -0.011727  N·m·s/rad
   ---- ★ 新增: 大 yaw 背隙 / 电机侧 ----
 8 backlash_delta       0.087300     0.031739    -0.055561  rad   (= 1.819°)
 9 backlash_k         200.000000    61.962843  -138.037157  N·m/rad
10 backlash_c           2.000000     2.526250    +0.526250  N·m·s/rad
11 backlash_through     0.002000     0.002000    +0.000000  —
12 Jmotor               0.006000     0.005299    -0.000701  kg·m²
13 fc_motor             0.030000     0.004317    -0.025683  N·m
14 fv_motor             0.010000     0.005406    -0.004594  N·m·s/rad
15 backlash_beta        0.000000     0.000000    +0.000000  rad
==============================================================================
全批前向仿真 val_loss = 1.356012e-01
  ★ 估计参数（留出集）: 窗口(0.1s) RMSE: 角度[°] 电机/云台/小yaw = 1.287 / 0.199 / 0.164; 角速度[rad/s] = 0.5786 / 0.0595 / 0.0510
               整段开环 RMSE: 角度[°] 电机/云台/小yaw = 4.075 / 3.420 / 1.764
    （对照）初值: 窗口(0.1s) RMSE: 角度[°] 电机/云台/小yaw = 1.323 / 0.287 / 0.914; 角速度[rad/s] = 0.6042 / 0.0984 / 0.3658
loss 曲线: 共 10000 点；前 5 个 = 1.690085e-01, 1.976337e-01, 1.022590e-01, 1.960459e-01, 2.507697e-01
           后 5 个 = 1.502182e-01, 1.136521e-01, 7.594137e-02, 9.310793e-02, 8.935514e-02
            前 5 均值=1.730820e-01 → 后 5 均值=1.094467e-01（比值 0.6323，最小值 2.978731e-02）  ⇒ 下降 ✓
可粘贴到 include/tcbs/mpc/planar_yaw_params.h:
  p.Jbig_eff = 0.056010;  p.Js = 0.021152;
  p.Px = 0.011319;  p.Py = -0.013273;
  p.fcBig = 0.210936;  p.fvBig = 0.116878;
  p.fcSmall = 0.092424;  p.fvSmall = 0.037008;
  p.backlash_delta = 0.031739;  p.backlash_k = 61.9628;
  p.backlash_c = 2.5262;  p.backlash_through = 0.002000;
  p.Jmotor = 0.005299;  p.fcMotor = 0.004317;
  p.fvMotor = 0.005406;  // β 由估计器在线给（离线拟合值 +0.000000 仅供参考）
留出集学习曲线（40 个点，epoch 250..10000）:
  epoch    250: 角度 RMSE[°] 1.331/0.261/0.791   角速度 0.5995/0.0888/0.3173
  epoch   1250: 角度 RMSE[°] 1.341/0.211/0.512   角速度 0.5860/0.0697/0.2030
  epoch   2250: 角度 RMSE[°] 1.335/0.203/0.355   角速度 0.5837/0.0656/0.1374
  epoch   3250: 角度 RMSE[°] 1.326/0.201/0.264   角速度 0.5819/0.0638/0.0984
  epoch   4250: 角度 RMSE[°] 1.317/0.200/0.215   角速度 0.5809/0.0629/0.0758
  epoch   5250: 角度 RMSE[°] 1.307/0.199/0.191   角速度 0.5799/0.0621/0.0645
  epoch   6250: 角度 RMSE[°] 1.300/0.199/0.181   角速度 0.5794/0.0616/0.0594
  epoch   7250: 角度 RMSE[°] 1.295/0.198/0.173   角速度 0.5792/0.0606/0.0558
  epoch   8250: 角度 RMSE[°] 1.290/0.199/0.170   角速度 0.5790/0.0608/0.0537
  epoch   9250: 角度 RMSE[°] 1.289/0.198/0.165   角速度 0.5788/0.0596/0.0516
  epoch  10000: 角度 RMSE[°] 1.287/0.199/0.164   角速度 0.5786/0.0595/0.0510
/home/huhu233/.config/matplotlib is not a writable directory
Matplotlib created a temporary cache directory at /tmp/matplotlib-x7ola1zm because there was an issue with the default path (/home/huhu233/.config/matplotlib); it is highly recommended to set the MPLCONFIGDIR environment variable to a writable directory, in particular to speed up the import of Matplotlib and to better support multiprocessing.
/home/huhu233/.local/lib/python3.10/site-packages/matplotlib/projections/__init__.py:63: UserWarning: Unable to import Axes3D. This may be due to multiple versions of Matplotlib being installed (e.g. as a system package and as a pip package). As a result, the 3D projection is not available.
  warnings.warn("Unable to import Axes3D. This may be due to multiple versions of "
[plot] 已保存 _tmp4x/B100/ident_convergence.png  (364.9 KB)
[plot] 已保存 _tmp4x/B100/ident_traj.png  (310.0 KB)
[plot] 已保存 _tmp4x/B100/ident_convergence_learning.png  (66.4 KB)
[out] 已写入 _tmp4x/B100/params.txt
exit=0
