[load] 共读入 400 段数据（400 个文件，跳过 0 个）
[load] 共读入 32 段数据（32 个文件，跳过 0 个）
[ok] 留出集与训练集无重合（32 段，指纹比对）
[beta] 400/400 段带 `backlash_center` 列（在线估计 β）: 范围 [-0.0658, +0.0722] rad（-3.77°~+4.14°）
[beta] 仿真真值 β 范围 [-0.0245, +0.0304] rad；在线估计误差 RMS = 31.515 mrad
[torch] 原仓库配方：epochs=10000 × 段数400 个 Adam 步（= 原仓库 num_epochs 同轮数），每次 10 步(0.1 s)随机片段，lr=0.0003（常数），损失 = 角度wrap MSE + 角速度 MSE(等权)，3-DOF RK4 积分(substeps=2)，无限位(log 参数化)
[torch] 数据: 400 段 → 400 个 sample（最长 300 点 = 3.00 s，水平(重力=0)）；拟合轴=both，自由参数=16；参数化: log 参数化: Jbig_eff,Js,fc_big,fv_big,fc_small,fv_small,backlash_delta,backlash_k,backlash_c,Jmotor,fc_motor,fv_motor; 自由参数: Px,Py,backlash_through,backlash_beta；参数限位: 无（无上下界 / 无 clamp / 无投影 / 无惩罚项）
[torch] 初值 φ0 = [+0.05189 +0.00916 +0.00190 -0.00102 +0.10336 +0.20904 +0.03058 +0.04874 +0.08730 +200.00000 +2.00000 +0.00200 +0.00600 +0.03000 +0.01000 +0.00000]（来源: 用户 --init-vector）
[torch] ★ --batch-segments: 每 epoch 1 次 Adam 步（每步 batch=400/400 段 × 10 步；损失 = 组内各段损失均值）
[torch] epoch     0/10000  loss=1.558194e-01  [+0.05191 +0.00916 +0.00220 -0.00132 +0.10339 +0.20898 +0.03059 +0.04875 +0.08733 +199.94001 +2.00060 +0.00230 +0.00600 +0.03001 +0.01000 +0.00000]
[torch] epoch     1/10000  loss=1.982344e-01  [+0.05192 +0.00917 +0.00250 -0.00162 +0.10342 +0.20892 +0.03060 +0.04876 +0.08735 +199.88172 +2.00120 +0.00260 +0.00600 +0.03002 +0.00999 +0.00000]
[torch] epoch     2/10000  loss=1.571568e-01  [+0.05194 +0.00917 +0.00275 -0.00190 +0.10345 +0.20886 +0.03061 +0.04878 +0.08737 +199.82259 +2.00180 +0.00289 +0.00599 +0.03003 +0.00999 +0.00000]
[torch] epoch     3/10000  loss=1.912515e-01  [+0.05195 +0.00917 +0.00300 -0.00219 +0.10348 +0.20880 +0.03062 +0.04879 +0.08739 +199.76517 +2.00240 +0.00319 +0.00599 +0.03003 +0.00999 +0.00000]
[torch] epoch     4/10000  loss=1.606857e-01  [+0.05197 +0.00918 +0.00324 -0.00248 +0.10351 +0.20874 +0.03063 +0.04881 +0.08741 +199.70701 +2.00301 +0.00348 +0.00599 +0.03004 +0.00999 +0.00000]
[eval@   250] 留出集窗口 RMSE[°] 电机/云台/小yaw = 1.278/0.261/0.789  角速度 = 0.5926/0.0883/0.3165
[torch] epoch   250/10000  loss=1.507135e-01  [+0.05460 +0.00985 +0.01321 -0.01951 +0.10999 +0.19606 +0.03284 +0.05224 +0.09337 +189.41889 +2.14532 +0.06243 +0.00556 +0.03142 +0.00940 +0.00000]
[eval@   500] 留出集窗口 RMSE[°] 电机/云台/小yaw = 1.270/0.240/0.700  角速度 = 0.5820/0.0802/0.2802
[torch] epoch   500/10000  loss=1.406079e-01  [+0.05618 +0.01052 +0.01393 -0.02067 +0.11592 +0.18449 +0.03511 +0.05560 +0.10014 +182.27098 +2.31371 +0.10018 +0.00507 +0.02994 +0.00888 +0.00000]
[eval@   750] 留出集窗口 RMSE[°] 电机/云台/小yaw = 1.263/0.230/0.625  角速度 = 0.5784/0.0751/0.2492
[torch] epoch   750/10000  loss=1.373803e-01  [+0.05722 +0.01116 +0.01904 -0.01949 +0.12143 +0.17502 +0.03737 +0.05878 +0.10660 +177.41701 +2.36854 +0.14151 +0.00499 +0.02601 +0.00831 +0.00000]
[eval@  1000] 留出集窗口 RMSE[°] 电机/云台/小yaw = 1.261/0.226/0.560  角速度 = 0.5766/0.0724/0.2225
[torch] epoch  1000/10000  loss=1.175184e-01  [+0.05724 +0.01179 +0.01736 -0.01954 +0.12801 +0.16763 +0.03957 +0.06166 +0.11306 +171.75095 +2.38828 +0.16794 +0.00501 +0.02378 +0.00785 +0.00000]
[eval@  1250] 留出集窗口 RMSE[°] 电机/云台/小yaw = 1.262/0.222/0.505  角速度 = 0.5748/0.0701/0.1996
[torch] epoch  1250/10000  loss=1.442183e-01  [+0.05729 +0.01241 +0.01191 -0.01755 +0.13441 +0.16064 +0.04180 +0.06429 +0.11921 +165.32334 +2.40121 +0.18592 +0.00503 +0.02207 +0.00743 +0.00000]
[eval@  1500] 留出集窗口 RMSE[°] 电机/云台/小yaw = 1.263/0.219/0.458  角速度 = 0.5736/0.0684/0.1797
[torch] epoch  1500/10000  loss=1.183374e-01  [+0.05671 +0.01301 +0.01324 -0.01669 +0.14074 +0.15456 +0.04400 +0.06664 +0.12590 +159.70587 +2.41423 +0.20252 +0.00504 +0.02061 +0.00707 +0.00000]
[eval@  1750] 留出集窗口 RMSE[°] 电机/云台/小yaw = 1.264/0.216/0.416  角速度 = 0.5728/0.0668/0.1623
[torch] epoch  1750/10000  loss=1.158439e-01  [+0.05639 +0.01361 +0.01240 -0.01573 +0.14736 +0.14923 +0.04621 +0.06867 +0.13219 +153.61095 +2.42085 +0.21224 +0.00505 +0.01934 +0.00674 +0.00000]
[eval@  2000] 留出集窗口 RMSE[°] 电机/云台/小yaw = 1.265/0.214/0.380  角速度 = 0.5722/0.0657/0.1472
[torch] epoch  2000/10000  loss=1.143532e-01  [+0.05599 +0.01420 +0.01109 -0.01428 +0.15396 +0.14451 +0.04842 +0.07038 +0.13854 +149.30290 +2.42252 +0.22844 +0.00507 +0.01826 +0.00646 +0.00000]
[eval@  2250] 留出集窗口 RMSE[°] 电机/云台/小yaw = 1.266/0.212/0.349  角速度 = 0.5719/0.0644/0.1339
[torch] epoch  2250/10000  loss=9.623288e-02  [+0.05581 +0.01477 +0.01344 -0.01348 +0.15988 +0.14010 +0.05062 +0.07173 +0.14525 +145.24868 +2.42775 +0.24154 +0.00507 +0.01725 +0.00620 +0.00000]
[eval@  2500] 留出集窗口 RMSE[°] 电机/云台/小yaw = 1.268/0.210/0.322  角速度 = 0.5718/0.0633/0.1222
[torch] epoch  2500/10000  loss=9.490162e-02  [+0.05560 +0.01534 +0.01504 -0.01453 +0.16520 +0.13619 +0.05282 +0.07277 +0.15193 +141.57959 +2.42789 +0.25371 +0.00507 +0.01630 +0.00596 +0.00000]
[eval@  2750] 留出集窗口 RMSE[°] 电机/云台/小yaw = 1.269/0.208/0.298  角速度 = 0.5720/0.0626/0.1119
[torch] epoch  2750/10000  loss=1.080816e-01  [+0.05523 +0.01590 +0.01400 -0.01497 +0.16997 +0.13273 +0.05497 +0.07331 +0.15932 +138.07995 +2.42553 +0.26423 +0.00507 +0.01542 +0.00574 +0.00000]
[eval@  3000] 留出集窗口 RMSE[°] 电机/云台/小yaw = 1.270/0.207/0.278  角速度 = 0.5722/0.0617/0.1030
[torch] epoch  3000/10000  loss=1.230123e-01  [+0.05499 +0.01645 +0.00950 -0.01401 +0.17343 +0.12971 +0.05711 +0.07346 +0.16628 +134.82144 +2.42554 +0.27346 +0.00506 +0.01461 +0.00554 +0.00000]
[eval@  3250] 留出集窗口 RMSE[°] 电机/云台/小yaw = 1.271/0.205/0.261  角速度 = 0.5725/0.0612/0.0952
[torch] epoch  3250/10000  loss=1.071371e-01  [+0.05492 +0.01698 +0.00923 -0.01380 +0.17748 +0.12744 +0.05926 +0.07324 +0.17269 +132.18243 +2.42029 +0.28497 +0.00506 +0.01388 +0.00537 +0.00000]
[eval@  3500] 留出集窗口 RMSE[°] 电机/云台/小yaw = 1.273/0.203/0.245  角速度 = 0.5727/0.0602/0.0881
[torch] epoch  3500/10000  loss=1.076850e-01  [+0.05481 +0.01750 +0.00968 -0.01498 +0.18012 +0.12498 +0.06143 +0.07272 +0.17823 +129.47025 +2.42173 +0.29290 +0.00504 +0.01319 +0.00521 +0.00000]
[eval@  3750] 留出集窗口 RMSE[°] 电机/云台/小yaw = 1.274/0.202/0.232  角速度 = 0.5728/0.0595/0.0822
[torch] epoch  3750/10000  loss=8.064394e-02  [+0.05491 +0.01800 +0.01066 -0.01523 +0.18350 +0.12328 +0.06355 +0.07187 +0.18382 +127.91253 +2.42085 +0.30447 +0.00503 +0.01251 +0.00506 +0.00000]
[eval@  4000] 留出集窗口 RMSE[°] 电机/云台/小yaw = 1.275/0.201/0.220  角速度 = 0.5730/0.0593/0.0769
[torch] epoch  4000/10000  loss=1.015862e-01  [+0.05483 +0.01848 +0.00699 -0.01693 +0.18524 +0.12166 +0.06560 +0.07068 +0.18884 +125.78687 +2.40978 +0.30653 +0.00503 +0.01195 +0.00492 +0.00000]
[eval@  4250] 留出集窗口 RMSE[°] 电机/云台/小yaw = 1.276/0.200/0.211  角速度 = 0.5732/0.0585/0.0725
[torch] epoch  4250/10000  loss=7.335608e-02  [+0.05463 +0.01893 +0.00815 -0.01672 +0.18739 +0.12048 +0.06765 +0.06923 +0.19481 +124.06860 +2.41350 +0.31174 +0.00500 +0.01139 +0.00480 +0.00000]
[eval@  4500] 留出集窗口 RMSE[°] 电机/云台/小yaw = 1.277/0.199/0.203  角速度 = 0.5733/0.0584/0.0688
[torch] epoch  4500/10000  loss=1.528171e-01  [+0.05450 +0.01936 +0.00555 -0.01695 +0.18923 +0.11993 +0.06964 +0.06751 +0.19934 +122.38031 +2.40549 +0.31823 +0.00499 +0.01086 +0.00468 +0.00000]
[eval@  4750] 留出集窗口 RMSE[°] 电机/云台/小yaw = 1.278/0.198/0.196  角速度 = 0.5734/0.0579/0.0654
[torch] epoch  4750/10000  loss=8.618639e-02  [+0.05481 +0.01972 +0.00784 -0.01888 +0.18925 +0.11881 +0.07182 +0.06583 +0.20409 +121.16246 +2.39781 +0.32452 +0.00498 +0.01036 +0.00456 +0.00000]
[eval@  5000] 留出集窗口 RMSE[°] 电机/云台/小yaw = 1.278/0.198/0.190  角速度 = 0.5734/0.0579/0.0628
[torch] epoch  5000/10000  loss=9.895021e-02  [+0.05438 +0.02006 +0.00590 -0.02192 +0.19095 +0.11891 +0.07375 +0.06397 +0.20805 +120.12827 +2.39176 +0.33144 +0.00497 +0.00988 +0.00445 +0.00000]
[eval@  5250] 留出集窗口 RMSE[°] 电机/云台/小yaw = 1.279/0.197/0.186  角速度 = 0.5735/0.0576/0.0609
[torch] epoch  5250/10000  loss=1.081044e-01  [+0.05453 +0.02035 +0.00652 -0.01881 +0.19072 +0.11892 +0.07570 +0.06208 +0.21217 +118.60824 +2.38481 +0.33593 +0.00495 +0.00943 +0.00434 +0.00000]
[eval@  5500] 留出集窗口 RMSE[°] 电机/云台/小yaw = 1.279/0.196/0.182  角速度 = 0.5735/0.0575/0.0592
[torch] epoch  5500/10000  loss=1.147988e-01  [+0.05472 +0.02058 +0.00369 -0.01859 +0.19250 +0.11895 +0.07769 +0.06020 +0.21559 +117.21328 +2.37685 +0.33943 +0.00494 +0.00899 +0.00424 +0.00000]
[eval@  5750] 留出集窗口 RMSE[°] 电机/云台/小yaw = 1.280/0.195/0.178  角速度 = 0.5736/0.0572/0.0575
[torch] epoch  5750/10000  loss=9.758662e-02  [+0.05479 +0.02078 +0.01051 -0.02103 +0.19277 +0.11907 +0.07944 +0.05823 +0.21729 +116.06821 +2.37032 +0.34357 +0.00492 +0.00858 +0.00414 +0.00000]
[eval@  6000] 留出集窗口 RMSE[°] 电机/云台/小yaw = 1.281/0.194/0.176  角速度 = 0.5737/0.0569/0.0562
[torch] epoch  6000/10000  loss=7.351949e-02  [+0.05480 +0.02093 +0.00813 -0.01852 +0.19270 +0.11931 +0.08121 +0.05628 +0.22180 +114.87972 +2.36644 +0.34823 +0.00490 +0.00817 +0.00404 +0.00000]
[eval@  6250] 留出集窗口 RMSE[°] 电机/云台/小yaw = 1.281/0.195/0.174  角速度 = 0.5737/0.0570/0.0552
[torch] epoch  6250/10000  loss=1.204298e-01  [+0.05448 +0.02104 +0.00240 -0.02074 +0.19367 +0.12034 +0.08255 +0.05428 +0.22423 +113.54559 +2.36016 +0.35044 +0.00488 +0.00779 +0.00396 +0.00000]
[eval@  6500] 留出集窗口 RMSE[°] 电机/云台/小yaw = 1.281/0.194/0.172  角速度 = 0.5737/0.0568/0.0542
[torch] epoch  6500/10000  loss=1.057798e-01  [+0.05459 +0.02110 +0.00469 -0.01882 +0.19321 +0.12079 +0.08411 +0.05246 +0.22725 +112.98504 +2.35417 +0.35884 +0.00486 +0.00743 +0.00386 +0.00000]
[eval@  6750] 留出集窗口 RMSE[°] 电机/云台/小yaw = 1.281/0.194/0.169  角速度 = 0.5739/0.0566/0.0531
[torch] epoch  6750/10000  loss=1.136740e-01  [+0.05435 +0.02113 +0.00613 -0.02105 +0.19359 +0.12123 +0.08531 +0.05060 +0.23088 +111.97958 +2.34958 +0.36162 +0.00484 +0.00708 +0.00377 +0.00000]
[eval@  7000] 留出集窗口 RMSE[°] 电机/云台/小yaw = 1.282/0.194/0.167  角速度 = 0.5739/0.0566/0.0524
[torch] epoch  7000/10000  loss=9.997431e-02  [+0.05442 +0.02112 +0.00792 -0.02098 +0.19430 +0.12160 +0.08640 +0.04894 +0.23328 +112.35839 +2.34074 +0.37161 +0.00483 +0.00674 +0.00368 +0.00000]
[eval@  7250] 留出集窗口 RMSE[°] 电机/云台/小yaw = 1.282/0.194/0.165  角速度 = 0.5740/0.0568/0.0517
[torch] epoch  7250/10000  loss=1.046046e-01  [+0.05427 +0.02109 +0.00540 -0.02143 +0.19440 +0.12191 +0.08750 +0.04723 +0.23594 +111.70861 +2.33203 +0.37201 +0.00482 +0.00642 +0.00357 +0.00000]
[eval@  7500] 留出集窗口 RMSE[°] 电机/云台/小yaw = 1.282/0.194/0.164  角速度 = 0.5741/0.0566/0.0509
[torch] epoch  7500/10000  loss=1.057167e-01  [+0.05396 +0.02109 +0.00997 -0.02141 +0.19415 +0.12223 +0.08848 +0.04566 +0.23996 +111.18896 +2.32671 +0.37288 +0.00481 +0.00611 +0.00347 +0.00000]
[eval@  7750] 留出集窗口 RMSE[°] 电机/云台/小yaw = 1.283/0.192/0.163  角速度 = 0.5743/0.0559/0.0503
[torch] epoch  7750/10000  loss=1.005362e-01  [+0.05435 +0.02105 +0.00944 -0.01422 +0.19461 +0.12230 +0.09017 +0.04424 +0.24303 +110.64733 +2.32615 +0.37271 +0.00478 +0.00583 +0.00339 +0.00000]
[eval@  8000] 留出集窗口 RMSE[°] 电机/云台/小yaw = 1.283/0.192/0.161  角速度 = 0.5743/0.0564/0.0498
[torch] epoch  8000/10000  loss=1.036083e-01  [+0.05401 +0.02104 +0.00809 -0.01860 +0.19554 +0.12309 +0.09056 +0.04269 +0.24567 +110.11035 +2.31572 +0.37325 +0.00477 +0.00555 +0.00330 +0.00000]
[eval@  8250] 留出集窗口 RMSE[°] 电机/云台/小yaw = 1.283/0.192/0.160  角速度 = 0.5744/0.0563/0.0493
[torch] epoch  8250/10000  loss=1.034719e-01  [+0.05407 +0.02102 +0.00492 -0.01732 +0.19560 +0.12301 +0.09169 +0.04137 +0.24853 +109.30224 +2.30708 +0.37214 +0.00476 +0.00528 +0.00321 +0.00000]
[eval@  8500] 留出集窗口 RMSE[°] 电机/云台/小yaw = 1.284/0.191/0.159  角速度 = 0.5745/0.0561/0.0488
[torch] epoch  8500/10000  loss=1.040338e-01  [+0.05394 +0.02097 +0.01124 -0.01822 +0.19694 +0.12348 +0.09237 +0.04006 +0.25079 +108.40529 +2.30355 +0.36934 +0.00474 +0.00504 +0.00313 +0.00000]
[eval@  8750] 留出集窗口 RMSE[°] 电机/云台/小yaw = 1.284/0.191/0.157  角速度 = 0.5745/0.0562/0.0484
[torch] epoch  8750/10000  loss=9.526086e-02  [+0.05402 +0.02095 +0.00690 -0.01757 +0.19638 +0.12287 +0.09310 +0.03886 +0.25240 +108.24845 +2.28908 +0.37290 +0.00473 +0.00480 +0.00304 +0.00000]
[eval@  9000] 留出集窗口 RMSE[°] 电机/云台/小yaw = 1.284/0.191/0.157  角速度 = 0.5744/0.0560/0.0480
[torch] epoch  9000/10000  loss=1.277994e-01  [+0.05381 +0.02095 +0.00790 -0.01750 +0.19630 +0.12275 +0.09363 +0.03774 +0.25173 +108.28234 +2.28385 +0.37877 +0.00471 +0.00459 +0.00297 +0.00000]
[eval@  9250] 留出集窗口 RMSE[°] 电机/云台/小yaw = 1.285/0.190/0.155  角速度 = 0.5744/0.0557/0.0476
[torch] epoch  9250/10000  loss=8.336970e-02  [+0.05407 +0.02093 +0.00267 -0.01660 +0.19625 +0.12233 +0.09452 +0.03676 +0.25372 +108.07248 +2.27762 +0.38288 +0.00470 +0.00438 +0.00289 +0.00000]
[eval@  9500] 留出集窗口 RMSE[°] 电机/云台/小yaw = 1.285/0.189/0.156  角速度 = 0.5745/0.0554/0.0474
[torch] epoch  9500/10000  loss=8.977707e-02  [+0.05394 +0.02088 +0.00917 -0.01315 +0.19770 +0.12243 +0.09524 +0.03580 +0.25469 +107.97057 +2.27607 +0.38593 +0.00467 +0.00418 +0.00282 +0.00000]
[eval@  9750] 留出集窗口 RMSE[°] 电机/云台/小yaw = 1.285/0.189/0.154  角速度 = 0.5744/0.0554/0.0470
[torch] epoch  9750/10000  loss=1.332908e-01  [+0.05374 +0.02087 +0.00396 -0.01825 +0.19832 +0.12256 +0.09541 +0.03477 +0.25376 +107.35812 +2.27081 +0.38558 +0.00465 +0.00398 +0.00275 +0.00000]
[torch] epoch  9995/10000  loss=7.234125e-02  [+0.05378 +0.02085 +0.00505 -0.01427 +0.19918 +0.12251 +0.09630 +0.03403 +0.25424 +107.17495 +2.26103 +0.38829 +0.00464 +0.00380 +0.00268 +0.00000]
[torch] epoch  9996/10000  loss=9.518952e-02  [+0.05378 +0.02085 +0.00504 -0.01426 +0.19919 +0.12250 +0.09630 +0.03402 +0.25424 +107.16136 +2.26124 +0.38818 +0.00464 +0.00380 +0.00268 +0.00000]
[torch] epoch  9997/10000  loss=8.778229e-02  [+0.05377 +0.02085 +0.00504 -0.01423 +0.19919 +0.12250 +0.09630 +0.03402 +0.25424 +107.15242 +2.26141 +0.38811 +0.00464 +0.00380 +0.00268 +0.00000]
[torch] epoch  9998/10000  loss=8.099786e-02  [+0.05377 +0.02085 +0.00507 -0.01422 +0.19919 +0.12249 +0.09631 +0.03402 +0.25425 +107.14494 +2.26154 +0.38805 +0.00464 +0.00380 +0.00268 +0.00000]
[torch] epoch  9999/10000  loss=1.273353e-01  [+0.05377 +0.02085 +0.00510 -0.01419 +0.19919 +0.12248 +0.09631 +0.03402 +0.25426 +107.14149 +2.26159 +0.38804 +0.00464 +0.00380 +0.00268 +0.00000]
[eval@ 10000] 留出集窗口 RMSE[°] 电机/云台/小yaw = 1.285/0.189/0.154  角速度 = 0.5744/0.0554/0.0470

==============================================================================
辨识结果（输出误差法, 段数=400, 轴=both）  用时 4491.3s
配方: ★ 全批配方(epochs=10000 个**全批** Adam 步, 每步 batch=全部段)—— 同一损失，只是把原配方的'每段一次更新'合并成'每 epoch 一次'；Adam/总步数=10000；参数限位=无（无上下界 / 无 clamp / 无投影 / 无惩罚项）
 # 参数                         初值           估计           变化  单位
   ---- 平面 8 参（云台/小 yaw 子块）----
 0 Jbig_eff             0.051893     0.053775    +0.001882  kg·m²
 1 Js                   0.009162     0.020847    +0.011685  kg·m²
 2 Px                   0.001897     0.005100    +0.003203  kg·m
 3 Py                  -0.001017    -0.014194    -0.013177  kg·m
 4 fc_big               0.103360     0.199187    +0.095827  N·m
 5 fv_big               0.209044     0.122481    -0.086563  N·m·s/rad
 6 fc_small             0.030582     0.096312    +0.065730  N·m
 7 fv_small             0.048735     0.034015    -0.014720  N·m·s/rad
   ---- ★ 新增: 大 yaw 背隙 / 电机侧 ----
 8 backlash_delta       0.087300     0.254261    +0.166961  rad   (= 14.568°)
 9 backlash_k         200.000000   107.141491   -92.858509  N·m/rad
10 backlash_c           2.000000     2.261595    +0.261595  N·m·s/rad
11 backlash_through     0.002000     0.388036    +0.386036  —
12 Jmotor               0.006000     0.004641    -0.001359  kg·m²
13 fc_motor             0.030000     0.003796    -0.026204  N·m
14 fv_motor             0.010000     0.002678    -0.007322  N·m·s/rad
15 backlash_beta        0.000000     0.000000    +0.000000  rad
==============================================================================
全批前向仿真 val_loss = 1.354384e-01
  ★ 估计参数（留出集）: 窗口(0.1s) RMSE: 角度[°] 电机/云台/小yaw = 1.285 / 0.189 / 0.154; 角速度[rad/s] = 0.5744 / 0.0554 / 0.0470
               整段开环 RMSE: 角度[°] 电机/云台/小yaw = 3.785 / 3.202 / 1.233
    （对照）初值: 窗口(0.1s) RMSE: 角度[°] 电机/云台/小yaw = 1.323 / 0.287 / 0.914; 角速度[rad/s] = 0.6042 / 0.0984 / 0.3658
loss 曲线: 共 10000 点；前 5 个 = 1.558194e-01, 1.982344e-01, 1.571568e-01, 1.912515e-01, 1.606857e-01
           后 5 个 = 7.234125e-02, 9.518952e-02, 8.778229e-02, 8.099786e-02, 1.273353e-01
            前 5 均值=1.805525e-01 → 后 5 均值=1.009780e-01（比值 0.5593，最小值 5.467418e-02）  ⇒ 下降 ✓
可粘贴到 include/tcbs/mpc/planar_yaw_params.h:
  p.Jbig_eff = 0.053775;  p.Js = 0.020847;
  p.Px = 0.005100;  p.Py = -0.014194;
  p.fcBig = 0.199187;  p.fvBig = 0.122481;
  p.fcSmall = 0.096312;  p.fvSmall = 0.034015;
  p.backlash_delta = 0.254261;  p.backlash_k = 107.1415;
  p.backlash_c = 2.2616;  p.backlash_through = 0.388036;
  p.Jmotor = 0.004641;  p.fcMotor = 0.003796;
  p.fvMotor = 0.002678;  // β 由估计器在线给（离线拟合值 +0.000000 仅供参考）
留出集学习曲线（40 个点，epoch 250..10000）:
  epoch    250: 角度 RMSE[°] 1.278/0.261/0.789   角速度 0.5926/0.0883/0.3165
  epoch   1250: 角度 RMSE[°] 1.262/0.222/0.505   角速度 0.5748/0.0701/0.1996
  epoch   2250: 角度 RMSE[°] 1.266/0.212/0.349   角速度 0.5719/0.0644/0.1339
  epoch   3250: 角度 RMSE[°] 1.271/0.205/0.261   角速度 0.5725/0.0612/0.0952
  epoch   4250: 角度 RMSE[°] 1.276/0.200/0.211   角速度 0.5732/0.0585/0.0725
  epoch   5250: 角度 RMSE[°] 1.279/0.197/0.186   角速度 0.5735/0.0576/0.0609
  epoch   6250: 角度 RMSE[°] 1.281/0.195/0.174   角速度 0.5737/0.0570/0.0552
  epoch   7250: 角度 RMSE[°] 1.282/0.194/0.165   角速度 0.5740/0.0568/0.0517
  epoch   8250: 角度 RMSE[°] 1.283/0.192/0.160   角速度 0.5744/0.0563/0.0493
  epoch   9250: 角度 RMSE[°] 1.285/0.190/0.155   角速度 0.5744/0.0557/0.0476
  epoch  10000: 角度 RMSE[°] 1.285/0.189/0.154   角速度 0.5744/0.0554/0.0470
/home/huhu233/.config/matplotlib is not a writable directory
Matplotlib created a temporary cache directory at /tmp/matplotlib-8wwiway1 because there was an issue with the default path (/home/huhu233/.config/matplotlib); it is highly recommended to set the MPLCONFIGDIR environment variable to a writable directory, in particular to speed up the import of Matplotlib and to better support multiprocessing.
/home/huhu233/.local/lib/python3.10/site-packages/matplotlib/projections/__init__.py:63: UserWarning: Unable to import Axes3D. This may be due to multiple versions of Matplotlib being installed (e.g. as a system package and as a pip package). As a result, the 3D projection is not available.
  warnings.warn("Unable to import Axes3D. This may be due to multiple versions of "
[plot] 已保存 _tmp4x/C400/ident_convergence.png  (360.3 KB)
[plot] 已保存 _tmp4x/C400/ident_traj.png  (303.0 KB)
[plot] 已保存 _tmp4x/C400/ident_convergence_learning.png  (66.7 KB)
[out] 已写入 _tmp4x/C400/params.txt
exit=0
