加载目标序列: 11 个文件, 共 300727 点 @100Hz
==============================================================================
双级 yaw 系统辨识数据采集 — 分轴激励（录制序列 + 增强 + 上位机 PID）
  段数=100  每段=300 点 (3.00s @100Hz)  到位=5s  种子=101
  PID: kp=2.0 ki=0.0 kd=0.1 输出限幅 ±1 N·m  力矩变化限幅 0.5 N·m/步
  静止保持段记录=关（首段除外）
  仅力矩模式(mode=0)  pitch=0  小 yaw 行程=[-30°, +30°]  参考包络=[-22°, +22°]  中止阈值=同硬限位  中心=+0.0°  过温=55℃
  保存目录: _tmp4x/train_a
  [DRY-RUN] 无硬件: 用内置仿真代替串口（planar_yaw_model.h 同方程, λ=100, 积分步长 0.050 ms）
  [DRY-RUN] ★ 仿真环境 2: 接触**完全刚性** + 死区**完全自由**（τ_t≡0 in |Δ−β|<δ/2），撞击=完全非弹性冲击; β0 每条数据随机 ±0.30·δ, 漂移 ±0.05·δ / 30s
  [DRY-RUN] 注意: 这个环境里 k/c/γ **无效**；记录列 backlash_center(在线估计) / backlash_beta_true(真值)
==============================================================================
数据链路就绪

=== 段 1 === driven=big 轴 / held=small 轴  温度=(30,30)℃
  参考来源: recording_1778330157.npz[28310:28610] 随机缩放=0.53
  driven 大 yaw: 中心=+0.496 rad 半幅=±0.632 rad(±36.2°)
  held   小 yaw: 目标=+0.049 rad (+2.8°)  [包络 -22°…+22°]
  到位(固定 5s): err_big=-3.56° err_small=+0.72°
  等待连续 3s 稳定（判据: 两轴误差 ≤ 3° 且 两轴速度 < 6°/s；任一越界即重新计时）…
    [稳定等待] 已等   0.0s  e_big=-3.56° e_small=+0.72°  |ω_big|=0.31°/s |ω_small|=0.15°/s  连续 0.0/3s  ← 未满足 e_big超差
    [稳定等待] 已等   1.0s  e_big=-3.26° e_small=+0.59°  |ω_big|=0.28°/s |ω_small|=0.12°/s  连续 0.0/3s  ← 未满足 e_big超差
    [稳定等待] 已等   2.0s  e_big=-2.99° e_small=+0.48°  |ω_big|=0.25°/s |ω_small|=0.10°/s  连续 0.0/3s
    [稳定等待] 已等   3.0s  e_big=-2.75° e_small=+0.39°  |ω_big|=0.23°/s |ω_small|=0.08°/s  连续 1.0/3s
    [稳定等待] 已等   4.0s  e_big=-2.53° e_small=+0.31°  |ω_big|=0.21°/s |ω_small|=0.07°/s  连续 2.0/3s
  ✓ 已稳定（第二段用时 4.99s，两段合计 9.99s）
  采样 300 点 (3.00 s @100Hz)…
  保存: _tmp4x/train_a/sysid_big_20260919_135041_00.npz
        _tmp4x/train_a/sysid_big_20260919_135041_00.csv  (300 行)

=== 段 2 === driven=small 轴 / held=big 轴  温度=(30,30)℃
  参考来源: recording_1778341521.npz[37920:38220] 随机缩放=1.48
  driven 小 yaw: 中心=-0.081 rad(-4.6°) 半幅=±0.273 rad(±15.6°)
    整条位于参考包络 [-22°, +22°] 内（硬限位 [-30°, +30°]，两侧各留 8° 跟踪余量; 中心 +0.0°）
  held   大 yaw: 目标=-2.790 rad（现有方位角 ±π 内随机）
  到位(固定 5s): err_big=-5.09° err_small=-1.13°
  等待连续 3s 稳定（判据: 两轴误差 ≤ 3° 且 两轴速度 < 6°/s；任一越界即重新计时）…
    [稳定等待] 已等   0.0s  e_big=-5.09° e_small=-1.13°  |ω_big|=0.50°/s |ω_small|=0.24°/s  连续 0.0/3s  ← 未满足 e_big超差
    [稳定等待] 已等   1.0s  e_big=-4.62° e_small=-0.91°  |ω_big|=0.44°/s |ω_small|=0.19°/s  连续 0.0/3s  ← 未满足 e_big超差
    [稳定等待] 已等   2.0s  e_big=-4.22° e_small=-0.74°  |ω_big|=0.38°/s |ω_small|=0.15°/s  连续 0.0/3s  ← 未满足 e_big超差
    [稳定等待] 已等   3.0s  e_big=-3.85° e_small=-0.60°  |ω_big|=0.34°/s |ω_small|=0.13°/s  连续 0.0/3s  ← 未满足 e_big超差
    [稳定等待] 已等   4.0s  e_big=-3.53° e_small=-0.49°  |ω_big|=0.31°/s |ω_small|=0.10°/s  连续 0.0/3s  ← 未满足 e_big超差
    [稳定等待] 已等   5.0s  e_big=-3.23° e_small=-0.40°  |ω_big|=0.28°/s |ω_small|=0.08°/s  连续 0.0/3s  ← 未满足 e_big超差
    [稳定等待] 已等   6.0s  e_big=-2.97° e_small=-0.33°  |ω_big|=0.25°/s |ω_small|=0.07°/s  连续 0.1/3s
    [稳定等待] 已等   7.0s  e_big=-2.73° e_small=-0.26°  |ω_big|=0.23°/s |ω_small|=0.05°/s  连续 1.1/3s
    [稳定等待] 已等   8.0s  e_big=-2.51° e_small=-0.22°  |ω_big|=0.21°/s |ω_small|=0.04°/s  连续 2.1/3s
  ✓ 已稳定（第二段用时 8.90s，两段合计 13.90s）
  采样 300 点 (3.00 s @100Hz)…
  保存: _tmp4x/train_a/sysid_small_20260919_135103_01.npz
        _tmp4x/train_a/sysid_small_20260919_135103_01.csv  (300 行)

=== 段 3 === driven=big 轴 / held=small 轴  温度=(30,30)℃
  参考来源: recording_1778327131.npz[5129:5429] 随机缩放=1.50
  driven 大 yaw: 中心=-2.499 rad 半幅=±0.467 rad(±26.8°)
  held   小 yaw: 目标=-0.128 rad (-7.3°)  [包络 -22°…+22°]
  到位(固定 5s): err_big=+0.55° err_small=+0.39°
  等待连续 3s 稳定（判据: 两轴误差 ≤ 3° 且 两轴速度 < 6°/s；任一越界即重新计时）…
    [稳定等待] 已等   0.0s  e_big=+0.55° e_small=+0.39°  |ω_big|=0.04°/s |ω_small|=0.08°/s  连续 0.0/3s
    [稳定等待] 已等   1.0s  e_big=+0.51° e_small=+0.32°  |ω_big|=0.04°/s |ω_small|=0.06°/s  连续 1.0/3s
    [稳定等待] 已等   2.0s  e_big=+0.47° e_small=+0.26°  |ω_big|=0.04°/s |ω_small|=0.05°/s  连续 2.0/3s
  ✓ 已稳定（第二段用时 3.00s，两段合计 8.00s）
  采样 300 点 (3.00 s @100Hz)…
  保存: _tmp4x/train_a/sysid_big_20260919_135119_02.npz
        _tmp4x/train_a/sysid_big_20260919_135119_02.csv  (300 行)

=== 段 4 === driven=small 轴 / held=big 轴  温度=(30,30)℃
  参考来源: recording_1778327131.npz[4865:5165] 随机缩放=0.37
  driven 小 yaw: 中心=+0.149 rad(+8.5°) 半幅=±0.276 rad(±15.8°)
    整条位于参考包络 [-22°, +22°] 内（硬限位 [-30°, +30°]，两侧各留 8° 跟踪余量; 中心 +0.0°）
  held   大 yaw: 目标=-5.308 rad（现有方位角 ±π 内随机）
  到位(固定 5s): err_big=-5.04° err_small=-1.08°
  等待连续 3s 稳定（判据: 两轴误差 ≤ 3° 且 两轴速度 < 6°/s；任一越界即重新计时）…
    [稳定等待] 已等   0.0s  e_big=-5.04° e_small=-1.08°  |ω_big|=0.49°/s |ω_small|=0.23°/s  连续 0.0/3s  ← 未满足 e_big超差
    [稳定等待] 已等   1.0s  e_big=-4.57° e_small=-0.87°  |ω_big|=0.43°/s |ω_small|=0.18°/s  连续 0.0/3s  ← 未满足 e_big超差
    [稳定等待] 已等   2.0s  e_big=-4.17° e_small=-0.71°  |ω_big|=0.38°/s |ω_small|=0.15°/s  连续 0.0/3s  ← 未满足 e_big超差
    [稳定等待] 已等   3.0s  e_big=-3.81° e_small=-0.58°  |ω_big|=0.34°/s |ω_small|=0.12°/s  连续 0.0/3s  ← 未满足 e_big超差
    [稳定等待] 已等   4.0s  e_big=-3.49° e_small=-0.47°  |ω_big|=0.30°/s |ω_small|=0.10°/s  连续 0.0/3s  ← 未满足 e_big超差
    [稳定等待] 已等   5.0s  e_big=-3.20° e_small=-0.38°  |ω_big|=0.27°/s |ω_small|=0.08°/s  连续 0.0/3s  ← 未满足 e_big超差
    [稳定等待] 已等   6.0s  e_big=-2.94° e_small=-0.31°  |ω_big|=0.25°/s |ω_small|=0.07°/s  连续 0.2/3s
    [稳定等待] 已等   7.0s  e_big=-2.70° e_small=-0.25°  |ω_big|=0.23°/s |ω_small|=0.05°/s  连续 1.3/3s
    [稳定等待] 已等   8.0s  e_big=-2.48° e_small=-0.20°  |ω_big|=0.21°/s |ω_small|=0.04°/s  连续 2.3/3s
  ✓ 已稳定（第二段用时 8.79s，两段合计 13.79s）
  采样 300 点 (3.00 s @100Hz)…
  保存: _tmp4x/train_a/sysid_small_20260919_135141_03.npz
        _tmp4x/train_a/sysid_small_20260919_135141_03.csv  (300 行)

=== 段 5 === driven=big 轴 / held=small 轴  温度=(30,30)℃
  参考来源: recording_1778340524.npz[25707:26007] 随机缩放=0.74
  driven 大 yaw: 中心=-5.074 rad 半幅=±0.699 rad(±40.0°)
  held   小 yaw: 目标=+0.257 rad (+14.8°)  [包络 -22°…+22°]
  到位(固定 5s): err_big=-2.84° err_small=-0.26°
  等待连续 3s 稳定（判据: 两轴误差 ≤ 3° 且 两轴速度 < 6°/s；任一越界即重新计时）…
    [稳定等待] 已等   0.0s  e_big=-2.84° e_small=-0.26°  |ω_big|=0.24°/s |ω_small|=0.05°/s  连续 0.0/3s
    [稳定等待] 已等   1.0s  e_big=-2.61° e_small=-0.21°  |ω_big|=0.22°/s |ω_small|=0.04°/s  连续 1.0/3s
    [稳定等待] 已等   2.0s  e_big=-2.40° e_small=-0.17°  |ω_big|=0.20°/s |ω_small|=0.03°/s  连续 2.0/3s
  ✓ 已稳定（第二段用时 3.00s，两段合计 8.00s）
  采样 300 点 (3.00 s @100Hz)…
  保存: _tmp4x/train_a/sysid_big_20260919_135157_04.npz
        _tmp4x/train_a/sysid_big_20260919_135157_04.csv  (300 行)

=== 段 6 === driven=small 轴 / held=big 轴  温度=(30,30)℃
  参考来源: recording_1778328241.npz[14539:14839] 随机缩放=0.35
  driven 小 yaw: 中心=+0.139 rad(+8.0°) 半幅=±0.302 rad(±17.3°)
    整条位于参考包络 [-22°, +22°] 内（硬限位 [-30°, +30°]，两侧各留 8° 跟踪余量; 中心 +0.0°）
  held   大 yaw: 目标=-5.881 rad（现有方位角 ±π 内随机）
  到位(固定 5s): err_big=-0.70° err_small=+0.15°
  等待连续 3s 稳定（判据: 两轴误差 ≤ 3° 且 两轴速度 < 6°/s；任一越界即重新计时）…
    [稳定等待] 已等   0.0s  e_big=-0.70° e_small=+0.15°  |ω_big|=0.06°/s |ω_small|=0.03°/s  连续 0.0/3s
    [稳定等待] 已等   1.0s  e_big=-0.65° e_small=+0.12°  |ω_big|=0.05°/s |ω_small|=0.02°/s  连续 1.0/3s
    [稳定等待] 已等   2.0s  e_big=-0.60° e_small=+0.10°  |ω_big|=0.05°/s |ω_small|=0.02°/s  连续 2.0/3s
  ✓ 已稳定（第二段用时 3.00s，两段合计 8.00s）
  采样 300 点 (3.00 s @100Hz)…
  保存: _tmp4x/train_a/sysid_small_20260919_135213_05.npz
        _tmp4x/train_a/sysid_small_20260919_135213_05.csv  (300 行)

=== 段 7 === driven=big 轴 / held=small 轴  温度=(30,30)℃
  参考来源: recording_1778322660.npz[2460:2760] 随机缩放=0.61
  driven 大 yaw: 中心=-6.328 rad 半幅=±0.519 rad(±29.7°)
  held   小 yaw: 目标=-0.138 rad (-7.9°)  [包络 -22°…+22°]
  到位(固定 5s): err_big=+3.15° err_small=+0.82°
  等待连续 3s 稳定（判据: 两轴误差 ≤ 3° 且 两轴速度 < 6°/s；任一越界即重新计时）…
    [稳定等待] 已等   0.0s  e_big=+3.15° e_small=+0.82°  |ω_big|=0.27°/s |ω_small|=0.18°/s  连续 0.0/3s  ← 未满足 e_big超差
    [稳定等待] 已等   1.0s  e_big=+2.89° e_small=+0.67°  |ω_big|=0.24°/s |ω_small|=0.14°/s  连续 0.4/3s
    [稳定等待] 已等   2.0s  e_big=+2.66° e_small=+0.54°  |ω_big|=0.22°/s |ω_small|=0.11°/s  连续 1.4/3s
    [稳定等待] 已等   3.0s  e_big=+2.44° e_small=+0.44°  |ω_big|=0.20°/s |ω_small|=0.09°/s  连续 2.5/3s
  ✓ 已稳定（第二段用时 3.57s，两段合计 8.57s）
  采样 300 点 (3.00 s @100Hz)…
  保存: _tmp4x/train_a/sysid_big_20260919_135230_06.npz
        _tmp4x/train_a/sysid_big_20260919_135230_06.csv  (300 行)

=== 段 8 === driven=small 轴 / held=big 轴  温度=(30,30)℃
  参考来源: recording_1778414251.npz[21957:22257] 随机缩放=0.15
  driven 小 yaw: 中心=-0.020 rad(-1.2°) 半幅=±0.316 rad(±18.1°)
    整条位于参考包络 [-22°, +22°] 内（硬限位 [-30°, +30°]，两侧各留 8° 跟踪余量; 中心 +0.0°）
  held   大 yaw: 目标=-7.975 rad（现有方位角 ±π 内随机）
  到位(固定 5s): err_big=-0.99° err_small=+0.13°
  等待连续 3s 稳定（判据: 两轴误差 ≤ 3° 且 两轴速度 < 6°/s；任一越界即重新计时）…
    [稳定等待] 已等   0.0s  e_big=-0.99° e_small=+0.13°  |ω_big|=0.08°/s |ω_small|=0.03°/s  连续 0.0/3s
    [稳定等待] 已等   1.0s  e_big=-0.91° e_small=+0.10°  |ω_big|=0.07°/s |ω_small|=0.02°/s  连续 1.0/3s
    [稳定等待] 已等   2.0s  e_big=-0.84° e_small=+0.08°  |ω_big|=0.07°/s |ω_small|=0.02°/s  连续 2.0/3s
  ✓ 已稳定（第二段用时 3.00s，两段合计 8.00s）
  采样 300 点 (3.00 s @100Hz)…
  保存: _tmp4x/train_a/sysid_small_20260919_135246_07.npz
        _tmp4x/train_a/sysid_small_20260919_135246_07.csv  (300 行)

=== 段 9 === driven=big 轴 / held=small 轴  温度=(30,30)℃
  参考来源: recording_1778327131.npz[2469:2769] 随机缩放=0.65
  driven 大 yaw: 中心=-7.609 rad 半幅=±0.769 rad(±44.0°)
  held   小 yaw: 目标=-0.073 rad (-4.2°)  [包络 -22°…+22°]
  到位(固定 5s): err_big=-2.49° err_small=-0.70°
  等待连续 3s 稳定（判据: 两轴误差 ≤ 3° 且 两轴速度 < 6°/s；任一越界即重新计时）…
    [稳定等待] 已等   0.0s  e_big=-2.49° e_small=-0.70°  |ω_big|=0.21°/s |ω_small|=0.15°/s  连续 0.0/3s
    [稳定等待] 已等   1.0s  e_big=-2.29° e_small=-0.57°  |ω_big|=0.19°/s |ω_small|=0.11°/s  连续 1.0/3s
    [稳定等待] 已等   2.0s  e_big=-2.11° e_small=-0.46°  |ω_big|=0.17°/s |ω_small|=0.09°/s  连续 2.0/3s
  ✓ 已稳定（第二段用时 3.00s，两段合计 8.00s）
  采样 300 点 (3.00 s @100Hz)…
  保存: _tmp4x/train_a/sysid_big_20260919_135302_08.npz
        _tmp4x/train_a/sysid_big_20260919_135302_08.csv  (300 行)

=== 段 10 === driven=small 轴 / held=big 轴  温度=(30,30)℃
  参考来源: recording_1778341521.npz[26797:27097] 随机缩放=0.04
  driven 小 yaw: 中心=+0.148 rad(+8.5°) 半幅=±0.276 rad(±15.8°)
    整条位于参考包络 [-22°, +22°] 内（硬限位 [-30°, +30°]，两侧各留 8° 跟踪余量; 中心 +0.0°）
  held   大 yaw: 目标=-5.670 rad（现有方位角 ±π 内随机）
  到位(固定 5s): err_big=+3.53° err_small=+0.55°
  等待连续 3s 稳定（判据: 两轴误差 ≤ 3° 且 两轴速度 < 6°/s；任一越界即重新计时）…
    [稳定等待] 已等   0.0s  e_big=+3.53° e_small=+0.56°  |ω_big|=0.31°/s |ω_small|=0.11°/s  连续 0.0/3s  ← 未满足 e_big超差
    [稳定等待] 已等   1.0s  e_big=+3.24° e_small=+0.45°  |ω_big|=0.28°/s |ω_small|=0.09°/s  连续 0.0/3s  ← 未满足 e_big超差
    [稳定等待] 已等   2.0s  e_big=+2.98° e_small=+0.37°  |ω_big|=0.25°/s |ω_small|=0.07°/s  连续 0.1/3s
    [稳定等待] 已等   3.0s  e_big=+2.73° e_small=+0.30°  |ω_big|=0.23°/s |ω_small|=0.06°/s  连续 1.1/3s
    [稳定等待] 已等   4.0s  e_big=+2.51° e_small=+0.24°  |ω_big|=0.21°/s |ω_small|=0.05°/s  连续 2.1/3s
  ✓ 已稳定（第二段用时 4.92s，两段合计 9.92s）
  采样 300 点 (3.00 s @100Hz)…
  保存: _tmp4x/train_a/sysid_small_20260919_135319_09.npz
        _tmp4x/train_a/sysid_small_20260919_135319_09.csv  (300 行)

=== 段 11 === driven=big 轴 / held=small 轴  温度=(30,30)℃
  参考来源: recording_1778330157.npz[24743:25043] 随机缩放=0.60
  driven 大 yaw: 中心=-5.212 rad 半幅=±0.735 rad(±42.1°)
  held   小 yaw: 目标=+0.118 rad (+6.7°)  [包络 -22°…+22°]
  到位(固定 5s): err_big=-2.61° err_small=-0.32°
  等待连续 3s 稳定（判据: 两轴误差 ≤ 3° 且 两轴速度 < 6°/s；任一越界即重新计时）…
    [稳定等待] 已等   0.0s  e_big=-2.61° e_small=-0.33°  |ω_big|=0.22°/s |ω_small|=0.06°/s  连续 0.0/3s
    [稳定等待] 已等   1.0s  e_big=-2.40° e_small=-0.27°  |ω_big|=0.20°/s |ω_small|=0.05°/s  连续 1.0/3s
    [稳定等待] 已等   2.0s  e_big=-2.21° e_small=-0.22°  |ω_big|=0.18°/s |ω_small|=0.04°/s  连续 2.0/3s
  ✓ 已稳定（第二段用时 3.00s，两段合计 8.00s）
  采样 300 点 (3.00 s @100Hz)…
  保存: _tmp4x/train_a/sysid_big_20260919_135335_10.npz
        _tmp4x/train_a/sysid_big_20260919_135335_10.csv  (300 行)

=== 段 12 === driven=small 轴 / held=big 轴  温度=(30,30)℃
  参考来源: recording_1778414251.npz[17436:17736] 随机缩放=0.02
  driven 小 yaw: 中心=-0.020 rad(-1.1°) 半幅=±0.236 rad(±13.5°)
    整条位于参考包络 [-22°, +22°] 内（硬限位 [-30°, +30°]，两侧各留 8° 跟踪余量; 中心 +0.0°）
  held   大 yaw: 目标=-1.889 rad（现有方位角 ±π 内随机）
  到位(固定 5s): err_big=+5.05° err_small=+1.18°
  等待连续 3s 稳定（判据: 两轴误差 ≤ 3° 且 两轴速度 < 6°/s；任一越界即重新计时）…
    [稳定等待] 已等   0.0s  e_big=+5.05° e_small=+1.18°  |ω_big|=0.50°/s |ω_small|=0.26°/s  连续 0.0/3s  ← 未满足 e_big超差
    [稳定等待] 已等   1.0s  e_big=+4.59° e_small=+0.95°  |ω_big|=0.43°/s |ω_small|=0.20°/s  连续 0.0/3s  ← 未满足 e_big超差
    [稳定等待] 已等   2.0s  e_big=+4.18° e_small=+0.77°  |ω_big|=0.38°/s |ω_small|=0.16°/s  连续 0.0/3s  ← 未满足 e_big超差
    [稳定等待] 已等   3.0s  e_big=+3.82° e_small=+0.62°  |ω_big|=0.34°/s |ω_small|=0.13°/s  连续 0.0/3s  ← 未满足 e_big超差
    [稳定等待] 已等   4.0s  e_big=+3.49° e_small=+0.51°  |ω_big|=0.30°/s |ω_small|=0.10°/s  连续 0.0/3s  ← 未满足 e_big超差
    [稳定等待] 已等   5.0s  e_big=+3.20° e_small=+0.41°  |ω_big|=0.27°/s |ω_small|=0.09°/s  连续 0.0/3s  ← 未满足 e_big超差
    [稳定等待] 已等   6.0s  e_big=+2.94° e_small=+0.34°  |ω_big|=0.25°/s |ω_small|=0.07°/s  连续 0.2/3s
    [稳定等待] 已等   7.1s  e_big=+2.70° e_small=+0.27°  |ω_big|=0.23°/s |ω_small|=0.05°/s  连续 1.2/3s
    [稳定等待] 已等   8.1s  e_big=+2.49° e_small=+0.22°  |ω_big|=0.21°/s |ω_small|=0.05°/s  连续 2.2/3s
  ✓ 已稳定（第二段用时 8.81s，两段合计 13.81s）
  采样 300 点 (3.00 s @100Hz)…
  保存: _tmp4x/train_a/sysid_small_20260919_135356_11.npz
        _tmp4x/train_a/sysid_small_20260919_135356_11.csv  (300 行)

=== 段 13 === driven=big 轴 / held=small 轴  温度=(30,30)℃
  参考来源: recording_1778328241.npz[16378:16678] 随机缩放=2.02
  driven 大 yaw: 中心=-1.573 rad 半幅=±0.526 rad(±30.1°)
  held   小 yaw: 目标=+0.006 rad (+0.4°)  [包络 -22°…+22°]
  到位(固定 5s): err_big=-2.53° err_small=+0.08°
  等待连续 3s 稳定（判据: 两轴误差 ≤ 3° 且 两轴速度 < 6°/s；任一越界即重新计时）…
    [稳定等待] 已等   0.0s  e_big=-2.53° e_small=+0.08°  |ω_big|=0.21°/s |ω_small|=0.02°/s  连续 0.0/3s
    [稳定等待] 已等   1.0s  e_big=-2.33° e_small=+0.07°  |ω_big|=0.19°/s |ω_small|=0.01°/s  连续 1.0/3s
    [稳定等待] 已等   2.0s  e_big=-2.15° e_small=+0.06°  |ω_big|=0.18°/s |ω_small|=0.01°/s  连续 2.0/3s
  ✓ 已稳定（第二段用时 3.00s，两段合计 8.00s）
  采样 300 点 (3.00 s @100Hz)…
  保存: _tmp4x/train_a/sysid_big_20260919_135411_12.npz
        _tmp4x/train_a/sysid_big_20260919_135411_12.csv  (300 行)

=== 段 14 === driven=small 轴 / held=big 轴  温度=(30,30)℃
  参考来源: recording_1778322622.npz[828:1128] 随机缩放=0.19
  driven 小 yaw: 中心=+0.043 rad(+2.5°) 半幅=±0.187 rad(±10.7°)
    整条位于参考包络 [-22°, +22°] 内（硬限位 [-30°, +30°]，两侧各留 8° 跟踪余量; 中心 +0.0°）
  held   大 yaw: 目标=-1.553 rad（现有方位角 ±π 内随机）
  到位(固定 5s): err_big=-1.85° err_small=-0.13°
  等待连续 3s 稳定（判据: 两轴误差 ≤ 3° 且 两轴速度 < 6°/s；任一越界即重新计时）…
    [稳定等待] 已等   0.0s  e_big=-1.85° e_small=-0.12°  |ω_big|=0.15°/s |ω_small|=0.02°/s  连续 0.0/3s
    [稳定等待] 已等   1.0s  e_big=-1.70° e_small=-0.10°  |ω_big|=0.14°/s |ω_small|=0.02°/s  连续 1.0/3s
    [稳定等待] 已等   2.0s  e_big=-1.57° e_small=-0.08°  |ω_big|=0.13°/s |ω_small|=0.02°/s  连续 2.0/3s
  ✓ 已稳定（第二段用时 3.00s，两段合计 8.00s）
  采样 300 点 (3.00 s @100Hz)…
  保存: _tmp4x/train_a/sysid_small_20260919_135427_13.npz
        _tmp4x/train_a/sysid_small_20260919_135427_13.csv  (300 行)

=== 段 15 === driven=big 轴 / held=small 轴  温度=(30,30)℃
  参考来源: recording_1778414251.npz[736:1036] 随机缩放=0.32
  driven 大 yaw: 中心=-1.739 rad 半幅=±0.661 rad(±37.9°)
  held   小 yaw: 目标=-0.146 rad (-8.4°)  [包络 -22°…+22°]
  到位(固定 5s): err_big=-1.57° err_small=-0.27°
  等待连续 3s 稳定（判据: 两轴误差 ≤ 3° 且 两轴速度 < 6°/s；任一越界即重新计时）…
    [稳定等待] 已等   0.0s  e_big=-1.57° e_small=-0.27°  |ω_big|=0.13°/s |ω_small|=0.06°/s  连续 0.0/3s
    [稳定等待] 已等   1.0s  e_big=-1.45° e_small=-0.22°  |ω_big|=0.12°/s |ω_small|=0.04°/s  连续 1.0/3s
    [稳定等待] 已等   2.0s  e_big=-1.33° e_small=-0.18°  |ω_big|=0.11°/s |ω_small|=0.04°/s  连续 2.0/3s
  ✓ 已稳定（第二段用时 3.00s，两段合计 8.00s）
  采样 300 点 (3.00 s @100Hz)…
  保存: _tmp4x/train_a/sysid_big_20260919_135443_14.npz
        _tmp4x/train_a/sysid_big_20260919_135443_14.csv  (300 行)

=== 段 16 === driven=small 轴 / held=big 轴  温度=(30,30)℃
  参考来源: recording_1778341521.npz[42891:43191] 随机缩放=0.13
  driven 小 yaw: 中心=-0.058 rad(-3.3°) 半幅=±0.295 rad(±16.9°)
    整条位于参考包络 [-22°, +22°] 内（硬限位 [-30°, +30°]，两侧各留 8° 跟踪余量; 中心 +0.0°）
  held   大 yaw: 目标=-2.303 rad（现有方位角 ±π 内随机）
  到位(固定 5s): err_big=+1.01° err_small=-0.81°
  等待连续 3s 稳定（判据: 两轴误差 ≤ 3° 且 两轴速度 < 6°/s；任一越界即重新计时）…
    [稳定等待] 已等   0.0s  e_big=+1.01° e_small=-0.81°  |ω_big|=0.08°/s |ω_small|=0.17°/s  连续 0.0/3s
    [稳定等待] 已等   1.0s  e_big=+0.93° e_small=-0.66°  |ω_big|=0.07°/s |ω_small|=0.13°/s  连续 1.0/3s
    [稳定等待] 已等   2.0s  e_big=+0.86° e_small=-0.53°  |ω_big|=0.07°/s |ω_small|=0.11°/s  连续 2.0/3s
  ✓ 已稳定（第二段用时 3.00s，两段合计 8.00s）
  采样 300 点 (3.00 s @100Hz)…
  保存: _tmp4x/train_a/sysid_small_20260919_135459_15.npz
        _tmp4x/train_a/sysid_small_20260919_135459_15.csv  (300 行)

=== 段 17 === driven=big 轴 / held=small 轴  温度=(30,30)℃
  参考来源: recording_1778327131.npz[3814:4114] 随机缩放=0.85
  driven 大 yaw: 中心=-2.298 rad 半幅=±0.682 rad(±39.1°)
  held   小 yaw: 目标=-0.171 rad (-9.8°)  [包络 -22°…+22°]
  到位(固定 5s): err_big=+1.37° err_small=-0.15°
  等待连续 3s 稳定（判据: 两轴误差 ≤ 3° 且 两轴速度 < 6°/s；任一越界即重新计时）…
    [稳定等待] 已等   0.0s  e_big=+1.37° e_small=-0.15°  |ω_big|=0.11°/s |ω_small|=0.03°/s  连续 0.0/3s
    [稳定等待] 已等   1.0s  e_big=+1.27° e_small=-0.12°  |ω_big|=0.10°/s |ω_small|=0.02°/s  连续 1.0/3s
    [稳定等待] 已等   2.0s  e_big=+1.17° e_small=-0.10°  |ω_big|=0.09°/s |ω_small|=0.02°/s  连续 2.0/3s
  ✓ 已稳定（第二段用时 3.00s，两段合计 8.00s）
  采样 300 点 (3.00 s @100Hz)…
  保存: _tmp4x/train_a/sysid_big_20260919_135515_16.npz
        _tmp4x/train_a/sysid_big_20260919_135515_16.csv  (300 行)

=== 段 18 === driven=small 轴 / held=big 轴  温度=(30,30)℃
  参考来源: recording_1778413386.npz[15008:15308] 随机缩放=0.10
  driven 小 yaw: 中心=-0.133 rad(-7.6°) 半幅=±0.344 rad(±19.7°)
    整条位于参考包络 [-22°, +22°] 内（硬限位 [-30°, +30°]，两侧各留 8° 跟踪余量; 中心 +0.0°）
  held   大 yaw: 目标=-0.223 rad（现有方位角 ±π 内随机）
  到位(固定 5s): err_big=+2.92° err_small=+0.37°
  等待连续 3s 稳定（判据: 两轴误差 ≤ 3° 且 两轴速度 < 6°/s；任一越界即重新计时）…
    [稳定等待] 已等   0.0s  e_big=+2.92° e_small=+0.38°  |ω_big|=0.25°/s |ω_small|=0.08°/s  连续 0.0/3s
    [稳定等待] 已等   1.0s  e_big=+2.69° e_small=+0.31°  |ω_big|=0.22°/s |ω_small|=0.06°/s  连续 1.0/3s
    [稳定等待] 已等   2.0s  e_big=+2.47° e_small=+0.25°  |ω_big|=0.20°/s |ω_small|=0.05°/s  连续 2.0/3s
  ✓ 已稳定（第二段用时 3.00s，两段合计 8.00s）
  采样 300 点 (3.00 s @100Hz)…
  保存: _tmp4x/train_a/sysid_small_20260919_135530_17.npz
        _tmp4x/train_a/sysid_small_20260919_135530_17.csv  (300 行)

=== 段 19 === driven=big 轴 / held=small 轴  温度=(30,30)℃
  参考来源: recording_1778341012.npz[20933:21233] 随机缩放=1.05
  driven 大 yaw: 中心=-0.197 rad 半幅=±0.630 rad(±36.1°)
  held   小 yaw: 目标=+0.047 rad (+2.7°)  [包络 -22°…+22°]
  到位(固定 5s): err_big=-2.75° err_small=+0.79°
  等待连续 3s 稳定（判据: 两轴误差 ≤ 3° 且 两轴速度 < 6°/s；任一越界即重新计时）…
    [稳定等待] 已等   0.0s  e_big=-2.75° e_small=+0.79°  |ω_big|=0.23°/s |ω_small|=0.16°/s  连续 0.0/3s
    [稳定等待] 已等   1.0s  e_big=-2.53° e_small=+0.64°  |ω_big|=0.21°/s |ω_small|=0.13°/s  连续 1.0/3s
    [稳定等待] 已等   2.0s  e_big=-2.33° e_small=+0.52°  |ω_big|=0.19°/s |ω_small|=0.11°/s  连续 2.0/3s
  ✓ 已稳定（第二段用时 3.00s，两段合计 8.00s）
  采样 300 点 (3.00 s @100Hz)…
  保存: _tmp4x/train_a/sysid_big_20260919_135545_18.npz
        _tmp4x/train_a/sysid_big_20260919_135545_18.csv  (300 行)

=== 段 20 === driven=small 轴 / held=big 轴  温度=(30,30)℃
  参考来源: recording_1778327131.npz[669:969] 随机缩放=0.29
  driven 小 yaw: 中心=-0.061 rad(-3.5°) 半幅=±0.269 rad(±15.4°)
    整条位于参考包络 [-22°, +22°] 内（硬限位 [-30°, +30°]，两侧各留 8° 跟踪余量; 中心 +0.0°）
  held   大 yaw: 目标=+2.841 rad（现有方位角 ±π 内随机）
  到位(固定 5s): err_big=+5.10° err_small=+1.14°
  等待连续 3s 稳定（判据: 两轴误差 ≤ 3° 且 两轴速度 < 6°/s；任一越界即重新计时）…
    [稳定等待] 已等   0.0s  e_big=+5.10° e_small=+1.14°  |ω_big|=0.50°/s |ω_small|=0.25°/s  连续 0.0/3s  ← 未满足 e_big超差
    [稳定等待] 已等   1.0s  e_big=+4.63° e_small=+0.92°  |ω_big|=0.44°/s |ω_small|=0.20°/s  连续 0.0/3s  ← 未满足 e_big超差
    [稳定等待] 已等   2.0s  e_big=+4.21° e_small=+0.75°  |ω_big|=0.38°/s |ω_small|=0.16°/s  连续 0.0/3s  ← 未满足 e_big超差
    [稳定等待] 已等   3.0s  e_big=+3.85° e_small=+0.61°  |ω_big|=0.34°/s |ω_small|=0.12°/s  连续 0.0/3s  ← 未满足 e_big超差
    [稳定等待] 已等   4.0s  e_big=+3.53° e_small=+0.49°  |ω_big|=0.31°/s |ω_small|=0.10°/s  连续 0.0/3s  ← 未满足 e_big超差
    [稳定等待] 已等   5.0s  e_big=+3.23° e_small=+0.40°  |ω_big|=0.28°/s |ω_small|=0.08°/s  连续 0.0/3s  ← 未满足 e_big超差
    [稳定等待] 已等   6.0s  e_big=+2.97° e_small=+0.32°  |ω_big|=0.25°/s |ω_small|=0.07°/s  连续 0.1/3s
    [稳定等待] 已等   7.1s  e_big=+2.72° e_small=+0.26°  |ω_big|=0.23°/s |ω_small|=0.06°/s  连续 1.2/3s
    [稳定等待] 已等   8.1s  e_big=+2.50° e_small=+0.21°  |ω_big|=0.21°/s |ω_small|=0.04°/s  连续 2.2/3s
  ✓ 已稳定（第二段用时 8.91s，两段合计 13.91s）
  采样 300 点 (3.00 s @100Hz)…
  保存: _tmp4x/train_a/sysid_small_20260919_135607_19.npz
        _tmp4x/train_a/sysid_small_20260919_135607_19.csv  (300 行)

=== 段 21 === driven=big 轴 / held=small 轴  温度=(30,30)℃
  参考来源: recording_1778322660.npz[67:367] 随机缩放=0.68
  driven 大 yaw: 中心=+2.535 rad 半幅=±0.613 rad(±35.1°)
  held   小 yaw: 目标=-0.195 rad (-11.2°)  [包络 -22°…+22°]
  到位(固定 5s): err_big=+3.60° err_small=+0.49°
  等待连续 3s 稳定（判据: 两轴误差 ≤ 3° 且 两轴速度 < 6°/s；任一越界即重新计时）…
    [稳定等待] 已等   0.0s  e_big=+3.60° e_small=+0.49°  |ω_big|=0.31°/s |ω_small|=0.10°/s  连续 0.0/3s  ← 未满足 e_big超差
    [稳定等待] 已等   1.0s  e_big=+3.30° e_small=+0.40°  |ω_big|=0.28°/s |ω_small|=0.08°/s  连续 0.0/3s  ← 未满足 e_big超差
    [稳定等待] 已等   2.0s  e_big=+3.03° e_small=+0.33°  |ω_big|=0.26°/s |ω_small|=0.07°/s  连续 0.0/3s  ← 未满足 e_big超差
    [稳定等待] 已等   3.0s  e_big=+2.78° e_small=+0.27°  |ω_big|=0.23°/s |ω_small|=0.05°/s  连续 0.9/3s
    [稳定等待] 已等   4.0s  e_big=+2.56° e_small=+0.22°  |ω_big|=0.21°/s |ω_small|=0.05°/s  连续 1.9/3s
    [稳定等待] 已等   5.0s  e_big=+2.35° e_small=+0.18°  |ω_big|=0.19°/s |ω_small|=0.04°/s  连续 2.9/3s
  ✓ 已稳定（第二段用时 5.11s，两段合计 10.11s）
  采样 300 点 (3.00 s @100Hz)…
  保存: _tmp4x/train_a/sysid_big_20260919_135625_20.npz
        _tmp4x/train_a/sysid_big_20260919_135625_20.csv  (300 行)

=== 段 22 === driven=small 轴 / held=big 轴  温度=(30,30)℃
  参考来源: recording_1778340524.npz[15644:15944] 随机缩放=0.32
  driven 小 yaw: 中心=-0.031 rad(-1.7°) 半幅=±0.305 rad(±17.5°)
    整条位于参考包络 [-22°, +22°] 内（硬限位 [-30°, +30°]，两侧各留 8° 跟踪余量; 中心 +0.0°）
  held   大 yaw: 目标=+3.507 rad（现有方位角 ±π 内随机）
  到位(固定 5s): err_big=-3.43° err_small=-0.88°
  等待连续 3s 稳定（判据: 两轴误差 ≤ 3° 且 两轴速度 < 6°/s；任一越界即重新计时）…
    [稳定等待] 已等   0.0s  e_big=-3.43° e_small=-0.88°  |ω_big|=0.30°/s |ω_small|=0.18°/s  连续 0.0/3s  ← 未满足 e_big超差
    [稳定等待] 已等   1.0s  e_big=-3.14° e_small=-0.71°  |ω_big|=0.27°/s |ω_small|=0.15°/s  连续 0.0/3s  ← 未满足 e_big超差
    [稳定等待] 已等   2.0s  e_big=-2.89° e_small=-0.58°  |ω_big|=0.24°/s |ω_small|=0.12°/s  连续 0.5/3s
    [稳定等待] 已等   3.0s  e_big=-2.65° e_small=-0.47°  |ω_big|=0.22°/s |ω_small|=0.10°/s  连续 1.5/3s
    [稳定等待] 已等   4.0s  e_big=-2.44° e_small=-0.38°  |ω_big|=0.20°/s |ω_small|=0.08°/s  连续 2.5/3s
  ✓ 已稳定（第二段用时 4.56s，两段合计 9.56s）
  采样 300 点 (3.00 s @100Hz)…
  保存: _tmp4x/train_a/sysid_small_20260919_135643_21.npz
        _tmp4x/train_a/sysid_small_20260919_135643_21.csv  (300 行)

=== 段 23 === driven=big 轴 / held=small 轴  温度=(30,30)℃
  参考来源: recording_1778322622.npz[520:820] 随机缩放=0.44
  driven 大 yaw: 中心=+3.187 rad 半幅=±0.582 rad(±33.3°)
  held   小 yaw: 目标=-0.006 rad (-0.4°)  [包络 -22°…+22°]
  到位(固定 5s): err_big=+2.98° err_small=-0.28°
  等待连续 3s 稳定（判据: 两轴误差 ≤ 3° 且 两轴速度 < 6°/s；任一越界即重新计时）…
    [稳定等待] 已等   0.0s  e_big=+2.98° e_small=-0.28°  |ω_big|=0.25°/s |ω_small|=0.05°/s  连续 0.0/3s
    [稳定等待] 已等   1.0s  e_big=+2.74° e_small=-0.22°  |ω_big|=0.23°/s |ω_small|=0.04°/s  连续 1.0/3s
    [稳定等待] 已等   2.0s  e_big=+2.52° e_small=-0.18°  |ω_big|=0.21°/s |ω_small|=0.04°/s  连续 2.0/3s
  ✓ 已稳定（第二段用时 3.00s，两段合计 8.00s）
  采样 300 点 (3.00 s @100Hz)…
  保存: _tmp4x/train_a/sysid_big_20260919_135659_22.npz
        _tmp4x/train_a/sysid_big_20260919_135659_22.csv  (300 行)

=== 段 24 === driven=small 轴 / held=big 轴  温度=(30,30)℃
  参考来源: recording_1778330157.npz[25566:25866] 随机缩放=0.26
  driven 小 yaw: 中心=+0.152 rad(+8.7°) 半幅=±0.347 rad(±19.9°)
    整条位于参考包络 [-22°, +22°] 内（硬限位 [-30°, +30°]，两侧各留 8° 跟踪余量; 中心 +0.0°）
  held   大 yaw: 目标=+4.659 rad（现有方位角 ±π 内随机）
  到位(固定 5s): err_big=-0.38° err_small=-0.28°
  等待连续 3s 稳定（判据: 两轴误差 ≤ 3° 且 两轴速度 < 6°/s；任一越界即重新计时）…
    [稳定等待] 已等   0.0s  e_big=-0.38° e_small=-0.28°  |ω_big|=0.03°/s |ω_small|=0.06°/s  连续 0.0/3s
    [稳定等待] 已等   1.0s  e_big=-0.35° e_small=-0.23°  |ω_big|=0.03°/s |ω_small|=0.05°/s  连续 1.0/3s
    [稳定等待] 已等   2.0s  e_big=-0.33° e_small=-0.19°  |ω_big|=0.03°/s |ω_small|=0.04°/s  连续 2.0/3s
  ✓ 已稳定（第二段用时 3.00s，两段合计 8.00s）
  采样 300 点 (3.00 s @100Hz)…
  保存: _tmp4x/train_a/sysid_small_20260919_135714_23.npz
        _tmp4x/train_a/sysid_small_20260919_135714_23.csv  (300 行)

=== 段 25 === driven=big 轴 / held=small 轴  温度=(30,30)℃
  参考来源: recording_1778330157.npz[4466:4766] 随机缩放=0.63
  driven 大 yaw: 中心=+4.540 rad 半幅=±0.492 rad(±28.2°)
  held   小 yaw: 目标=+0.128 rad (+7.4°)  [包络 -22°…+22°]
  到位(固定 5s): err_big=-2.43° err_small=-0.05°
  等待连续 3s 稳定（判据: 两轴误差 ≤ 3° 且 两轴速度 < 6°/s；任一越界即重新计时）…
    [稳定等待] 已等   0.0s  e_big=-2.43° e_small=-0.05°  |ω_big|=0.20°/s |ω_small|=0.01°/s  连续 0.0/3s
    [稳定等待] 已等   1.0s  e_big=-2.24° e_small=-0.04°  |ω_big|=0.18°/s |ω_small|=0.01°/s  连续 1.0/3s
    [稳定等待] 已等   2.0s  e_big=-2.06° e_small=-0.03°  |ω_big|=0.17°/s |ω_small|=0.01°/s  连续 2.0/3s
  ✓ 已稳定（第二段用时 3.00s，两段合计 8.00s）
  采样 300 点 (3.00 s @100Hz)…
  保存: _tmp4x/train_a/sysid_big_20260919_135730_24.npz
        _tmp4x/train_a/sysid_big_20260919_135730_24.csv  (300 行)

=== 段 26 === driven=small 轴 / held=big 轴  温度=(30,30)℃
  参考来源: recording_1778413386.npz[36484:36784] 随机缩放=0.04
  driven 小 yaw: 中心=-0.080 rad(-4.6°) 半幅=±0.219 rad(±12.5°)
    整条位于参考包络 [-22°, +22°] 内（硬限位 [-30°, +30°]，两侧各留 8° 跟踪余量; 中心 +0.0°）
  held   大 yaw: 目标=+2.412 rad（现有方位角 ±π 内随机）
  到位(固定 5s): err_big=-4.48° err_small=-0.84°
  等待连续 3s 稳定（判据: 两轴误差 ≤ 3° 且 两轴速度 < 6°/s；任一越界即重新计时）…
    [稳定等待] 已等   0.0s  e_big=-4.48° e_small=-0.84°  |ω_big|=0.42°/s |ω_small|=0.18°/s  连续 0.0/3s  ← 未满足 e_big超差
    [稳定等待] 已等   1.0s  e_big=-4.09° e_small=-0.68°  |ω_big|=0.37°/s |ω_small|=0.14°/s  连续 0.0/3s  ← 未满足 e_big超差
    [稳定等待] 已等   2.0s  e_big=-3.74° e_small=-0.56°  |ω_big|=0.33°/s |ω_small|=0.12°/s  连续 0.0/3s  ← 未满足 e_big超差
    [稳定等待] 已等   3.0s  e_big=-3.42° e_small=-0.45°  |ω_big|=0.30°/s |ω_small|=0.09°/s  连续 0.0/3s  ← 未满足 e_big超差
    [稳定等待] 已等   4.0s  e_big=-3.14° e_small=-0.37°  |ω_big|=0.27°/s |ω_small|=0.08°/s  连续 0.0/3s  ← 未满足 e_big超差
    [稳定等待] 已等   5.0s  e_big=-2.88° e_small=-0.30°  |ω_big|=0.24°/s |ω_small|=0.06°/s  连续 0.5/3s
    [稳定等待] 已等   6.0s  e_big=-2.65° e_small=-0.25°  |ω_big|=0.22°/s |ω_small|=0.05°/s  连续 1.5/3s
    [稳定等待] 已等   7.0s  e_big=-2.44° e_small=-0.20°  |ω_big|=0.20°/s |ω_small|=0.04°/s  连续 2.5/3s
  ✓ 已稳定（第二段用时 7.56s，两段合计 12.56s）
  采样 300 点 (3.00 s @100Hz)…
  保存: _tmp4x/train_a/sysid_small_20260919_135751_25.npz
        _tmp4x/train_a/sysid_small_20260919_135751_25.csv  (300 行)

=== 段 27 === driven=big 轴 / held=small 轴  温度=(30,30)℃
  参考来源: recording_1778341844.npz[11363:11663] 随机缩放=0.37
  driven 大 yaw: 中心=+2.779 rad 半幅=±0.892 rad(±51.1°)
  held   小 yaw: 目标=+0.053 rad (+3.1°)  [包络 -22°…+22°]
  到位(固定 5s): err_big=-2.26° err_small=-0.65°
  等待连续 3s 稳定（判据: 两轴误差 ≤ 3° 且 两轴速度 < 6°/s；任一越界即重新计时）…
    [稳定等待] 已等   0.0s  e_big=-2.26° e_small=-0.66°  |ω_big|=0.19°/s |ω_small|=0.14°/s  连续 0.0/3s
    [稳定等待] 已等   1.0s  e_big=-2.08° e_small=-0.53°  |ω_big|=0.17°/s |ω_small|=0.11°/s  连续 1.0/3s
    [稳定等待] 已等   2.0s  e_big=-1.91° e_small=-0.43°  |ω_big|=0.16°/s |ω_small|=0.09°/s  连续 2.0/3s
  ✓ 已稳定（第二段用时 3.00s，两段合计 8.00s）
  采样 300 点 (3.00 s @100Hz)…
  保存: _tmp4x/train_a/sysid_big_20260919_135807_26.npz
        _tmp4x/train_a/sysid_big_20260919_135807_26.csv  (300 行)

=== 段 28 === driven=small 轴 / held=big 轴  温度=(30,30)℃
  参考来源: recording_1778327131.npz[3746:4046] 随机缩放=0.38
  driven 小 yaw: 中心=+0.052 rad(+3.0°) 半幅=±0.224 rad(±12.8°)
    整条位于参考包络 [-22°, +22°] 内（硬限位 [-30°, +30°]，两侧各留 8° 跟踪余量; 中心 +0.0°）
  held   大 yaw: 目标=+4.205 rad（现有方位角 ±π 内随机）
  到位(固定 5s): err_big=+3.31° err_small=+0.46°
  等待连续 3s 稳定（判据: 两轴误差 ≤ 3° 且 两轴速度 < 6°/s；任一越界即重新计时）…
    [稳定等待] 已等   0.0s  e_big=+3.31° e_small=+0.46°  |ω_big|=0.28°/s |ω_small|=0.09°/s  连续 0.0/3s  ← 未满足 e_big超差
    [稳定等待] 已等   1.0s  e_big=+3.04° e_small=+0.37°  |ω_big|=0.26°/s |ω_small|=0.07°/s  连续 0.0/3s  ← 未满足 e_big超差
    [稳定等待] 已等   2.0s  e_big=+2.80° e_small=+0.31°  |ω_big|=0.23°/s |ω_small|=0.06°/s  连续 0.8/3s
    [稳定等待] 已等   3.0s  e_big=+2.57° e_small=+0.25°  |ω_big|=0.21°/s |ω_small|=0.05°/s  连续 1.9/3s
    [稳定等待] 已等   4.0s  e_big=+2.36° e_small=+0.21°  |ω_big|=0.20°/s |ω_small|=0.04°/s  连续 2.9/3s
  ✓ 已稳定（第二段用时 4.17s，两段合计 9.17s）
  采样 300 点 (3.00 s @100Hz)…
  保存: _tmp4x/train_a/sysid_small_20260919_135824_27.npz
        _tmp4x/train_a/sysid_small_20260919_135824_27.csv  (300 行)

=== 段 29 === driven=big 轴 / held=small 轴  温度=(30,30)℃
  参考来源: recording_1778413386.npz[46299:46599] 随机缩放=0.67
  driven 大 yaw: 中心=+4.110 rad 半幅=±0.498 rad(±28.6°)
  held   小 yaw: 目标=+0.185 rad (+10.6°)  [包络 -22°…+22°]
  到位(固定 5s): err_big=-3.14° err_small=-0.10°
  等待连续 3s 稳定（判据: 两轴误差 ≤ 3° 且 两轴速度 < 6°/s；任一越界即重新计时）…
    [稳定等待] 已等   0.0s  e_big=-3.14° e_small=-0.10°  |ω_big|=0.27°/s |ω_small|=0.02°/s  连续 0.0/3s  ← 未满足 e_big超差
    [稳定等待] 已等   1.0s  e_big=-2.89° e_small=-0.08°  |ω_big|=0.24°/s |ω_small|=0.02°/s  连续 0.5/3s
    [稳定等待] 已等   2.0s  e_big=-2.65° e_small=-0.07°  |ω_big|=0.22°/s |ω_small|=0.01°/s  连续 1.5/3s
    [稳定等待] 已等   3.0s  e_big=-2.44° e_small=-0.05°  |ω_big|=0.20°/s |ω_small|=0.01°/s  连续 2.5/3s
  ✓ 已稳定（第二段用时 3.56s，两段合计 8.56s）
  采样 300 点 (3.00 s @100Hz)…
  保存: _tmp4x/train_a/sysid_big_20260919_135840_28.npz
        _tmp4x/train_a/sysid_big_20260919_135840_28.csv  (300 行)

=== 段 30 === driven=small 轴 / held=big 轴  温度=(30,30)℃
  参考来源: recording_1778341844.npz[23725:24025] 随机缩放=0.51
  driven 小 yaw: 中心=-0.076 rad(-4.4°) 半幅=±0.253 rad(±14.5°)
    整条位于参考包络 [-22°, +22°] 内（硬限位 [-30°, +30°]，两侧各留 8° 跟踪余量; 中心 +0.0°）
  held   大 yaw: 目标=+2.310 rad（现有方位角 ±π 内随机）
  到位(固定 5s): err_big=-3.31° err_small=-0.48°
  等待连续 3s 稳定（判据: 两轴误差 ≤ 3° 且 两轴速度 < 6°/s；任一越界即重新计时）…
    [稳定等待] 已等   0.0s  e_big=-3.31° e_small=-0.48°  |ω_big|=0.28°/s |ω_small|=0.10°/s  连续 0.0/3s  ← 未满足 e_big超差
    [稳定等待] 已等   1.0s  e_big=-3.04° e_small=-0.39°  |ω_big|=0.26°/s |ω_small|=0.08°/s  连续 0.0/3s  ← 未满足 e_big超差
    [稳定等待] 已等   2.0s  e_big=-2.79° e_small=-0.32°  |ω_big|=0.23°/s |ω_small|=0.06°/s  连续 0.8/3s
    [稳定等待] 已等   3.0s  e_big=-2.57° e_small=-0.26°  |ω_big|=0.21°/s |ω_small|=0.05°/s  连续 1.9/3s
    [稳定等待] 已等   4.0s  e_big=-2.36° e_small=-0.21°  |ω_big|=0.20°/s |ω_small|=0.04°/s  连续 2.9/3s
  ✓ 已稳定（第二段用时 4.16s，两段合计 9.16s）
  采样 300 点 (3.00 s @100Hz)…
  保存: _tmp4x/train_a/sysid_small_20260919_135857_29.npz
        _tmp4x/train_a/sysid_small_20260919_135857_29.csv  (300 行)

=== 段 31 === driven=big 轴 / held=small 轴  温度=(30,30)℃
  参考来源: recording_1778413386.npz[48705:49005] 随机缩放=4.19
  driven 大 yaw: 中心=+2.348 rad 半幅=±0.483 rad(±27.7°)
  held   小 yaw: 目标=-0.129 rad (-7.4°)  [包络 -22°…+22°]
  到位(固定 5s): err_big=+1.55° err_small=-0.03°
  等待连续 3s 稳定（判据: 两轴误差 ≤ 3° 且 两轴速度 < 6°/s；任一越界即重新计时）…
    [稳定等待] 已等   0.0s  e_big=+1.55° e_small=-0.03°  |ω_big|=0.13°/s |ω_small|=0.01°/s  连续 0.0/3s
    [稳定等待] 已等   1.0s  e_big=+1.43° e_small=-0.02°  |ω_big|=0.12°/s |ω_small|=0.00°/s  连续 1.0/3s
    [稳定等待] 已等   2.0s  e_big=+1.32° e_small=-0.02°  |ω_big|=0.11°/s |ω_small|=0.01°/s  连续 2.0/3s
  ✓ 已稳定（第二段用时 3.00s，两段合计 8.00s）
  采样 300 点 (3.00 s @100Hz)…
  保存: _tmp4x/train_a/sysid_big_20260919_135914_30.npz
        _tmp4x/train_a/sysid_big_20260919_135914_30.csv  (300 行)

=== 段 32 === driven=small 轴 / held=big 轴  温度=(30,30)℃
  参考来源: recording_1778414251.npz[1028:1328] 随机缩放=0.05
  driven 小 yaw: 中心=+0.171 rad(+9.8°) 半幅=±0.309 rad(±17.7°)
    整条位于参考包络 [-22°, +22°] 内（硬限位 [-30°, +30°]，两侧各留 8° 跟踪余量; 中心 +0.0°）
  held   大 yaw: 目标=+1.928 rad（现有方位角 ±π 内随机）
  到位(固定 5s): err_big=+4.20° err_small=+1.01°
  等待连续 3s 稳定（判据: 两轴误差 ≤ 3° 且 两轴速度 < 6°/s；任一越界即重新计时）…
    [稳定等待] 已等   0.0s  e_big=+4.20° e_small=+1.01°  |ω_big|=0.38°/s |ω_small|=0.22°/s  连续 0.0/3s  ← 未满足 e_big超差
    [稳定等待] 已等   1.0s  e_big=+3.84° e_small=+0.82°  |ω_big|=0.34°/s |ω_small|=0.17°/s  连续 0.0/3s  ← 未满足 e_big超差
    [稳定等待] 已等   2.0s  e_big=+3.51° e_small=+0.66°  |ω_big|=0.31°/s |ω_small|=0.14°/s  连续 0.0/3s  ← 未满足 e_big超差
    [稳定等待] 已等   3.0s  e_big=+3.22° e_small=+0.54°  |ω_big|=0.28°/s |ω_small|=0.11°/s  连续 0.0/3s  ← 未满足 e_big超差
    [稳定等待] 已等   4.0s  e_big=+2.96° e_small=+0.44°  |ω_big|=0.25°/s |ω_small|=0.09°/s  连续 0.2/3s
    [稳定等待] 已等   5.0s  e_big=+2.72° e_small=+0.36°  |ω_big|=0.23°/s |ω_small|=0.07°/s  连续 1.2/3s
    [稳定等待] 已等   6.0s  e_big=+2.50° e_small=+0.29°  |ω_big|=0.21°/s |ω_small|=0.06°/s  连续 2.2/3s
  ✓ 已稳定（第二段用时 6.85s，两段合计 11.85s）
  采样 300 点 (3.00 s @100Hz)…
  保存: _tmp4x/train_a/sysid_small_20260919_135933_31.npz
        _tmp4x/train_a/sysid_small_20260919_135933_31.csv  (300 行)

=== 段 33 === driven=big 轴 / held=small 轴  温度=(30,30)℃
  参考来源: recording_1778328241.npz[7340:7640] 随机缩放=1.18
  driven 大 yaw: 中心=+1.888 rad 半幅=±0.534 rad(±30.6°)
  held   小 yaw: 目标=-0.097 rad (-5.6°)  [包络 -22°…+22°]
  到位(固定 5s): err_big=+2.86° err_small=-0.10°
  等待连续 3s 稳定（判据: 两轴误差 ≤ 3° 且 两轴速度 < 6°/s；任一越界即重新计时）…
    [稳定等待] 已等   0.0s  e_big=+2.86° e_small=-0.10°  |ω_big|=0.24°/s |ω_small|=0.03°/s  连续 0.0/3s
    [稳定等待] 已等   1.0s  e_big=+2.63° e_small=-0.08°  |ω_big|=0.22°/s |ω_small|=0.02°/s  连续 1.0/3s
    [稳定等待] 已等   2.0s  e_big=+2.42° e_small=-0.07°  |ω_big|=0.20°/s |ω_small|=0.01°/s  连续 2.0/3s
  ✓ 已稳定（第二段用时 3.00s，两段合计 8.00s）
  采样 300 点 (3.00 s @100Hz)…
  保存: _tmp4x/train_a/sysid_big_20260919_135950_32.npz
        _tmp4x/train_a/sysid_big_20260919_135950_32.csv  (300 行)

=== 段 34 === driven=small 轴 / held=big 轴  温度=(30,30)℃
  参考来源: recording_1778414251.npz[33415:33715] 随机缩放=0.94
  driven 小 yaw: 中心=-0.133 rad(-7.6°) 半幅=±0.364 rad(±20.8°)
    整条位于参考包络 [-22°, +22°] 内（硬限位 [-30°, +30°]，两侧各留 8° 跟踪余量; 中心 +0.0°）
  held   大 yaw: 目标=+1.924 rad（现有方位角 ±π 内随机）
  到位(固定 5s): err_big=-2.50° err_small=-0.16°
  等待连续 3s 稳定（判据: 两轴误差 ≤ 3° 且 两轴速度 < 6°/s；任一越界即重新计时）…
    [稳定等待] 已等   0.0s  e_big=-2.50° e_small=-0.16°  |ω_big|=0.21°/s |ω_small|=0.03°/s  连续 0.0/3s
    [稳定等待] 已等   1.0s  e_big=-2.30° e_small=-0.13°  |ω_big|=0.19°/s |ω_small|=0.03°/s  连续 1.0/3s
    [稳定等待] 已等   2.0s  e_big=-2.12° e_small=-0.10°  |ω_big|=0.17°/s |ω_small|=0.02°/s  连续 2.0/3s
  ✓ 已稳定（第二段用时 3.00s，两段合计 8.00s）
  采样 300 点 (3.00 s @100Hz)…
  保存: _tmp4x/train_a/sysid_small_20260919_140006_33.npz
        _tmp4x/train_a/sysid_small_20260919_140006_33.csv  (300 行)

=== 段 35 === driven=big 轴 / held=small 轴  温度=(30,30)℃
  参考来源: recording_1778322622.npz[2836:3136] 随机缩放=0.66
  driven 大 yaw: 中心=+1.488 rad 半幅=±0.453 rad(±25.9°)
  held   小 yaw: 目标=-0.111 rad (-6.4°)  [包络 -22°…+22°]
  到位(固定 5s): err_big=+4.30° err_small=+1.03°
  等待连续 3s 稳定（判据: 两轴误差 ≤ 3° 且 两轴速度 < 6°/s；任一越界即重新计时）…
    [稳定等待] 已等   0.0s  e_big=+4.30° e_small=+1.02°  |ω_big|=0.39°/s |ω_small|=0.22°/s  连续 0.0/3s  ← 未满足 e_big超差
    [稳定等待] 已等   1.0s  e_big=+3.93° e_small=+0.83°  |ω_big|=0.35°/s |ω_small|=0.18°/s  连续 0.0/3s  ← 未满足 e_big超差
    [稳定等待] 已等   2.0s  e_big=+3.60° e_small=+0.67°  |ω_big|=0.31°/s |ω_small|=0.14°/s  连续 0.0/3s  ← 未满足 e_big超差
    [稳定等待] 已等   3.0s  e_big=+3.30° e_small=+0.55°  |ω_big|=0.28°/s |ω_small|=0.11°/s  连续 0.0/3s  ← 未满足 e_big超差
    [稳定等待] 已等   4.0s  e_big=+3.03° e_small=+0.44°  |ω_big|=0.26°/s |ω_small|=0.09°/s  连续 0.0/3s  ← 未满足 e_big超差
    [稳定等待] 已等   5.0s  e_big=+2.78° e_small=+0.36°  |ω_big|=0.23°/s |ω_small|=0.07°/s  连续 0.9/3s
    [稳定等待] 已等   6.0s  e_big=+2.55° e_small=+0.29°  |ω_big|=0.21°/s |ω_small|=0.06°/s  连续 1.9/3s
    [稳定等待] 已等   7.0s  e_big=+2.35° e_small=+0.24°  |ω_big|=0.19°/s |ω_small|=0.05°/s  连续 2.9/3s
  ✓ 已稳定（第二段用时 7.13s，两段合计 12.13s）
  采样 300 点 (3.00 s @100Hz)…
  保存: _tmp4x/train_a/sysid_big_20260919_140026_34.npz
        _tmp4x/train_a/sysid_big_20260919_140026_34.csv  (300 行)

=== 段 36 === driven=small 轴 / held=big 轴  温度=(30,30)℃
  参考来源: recording_1778330157.npz[25207:25507] 随机缩放=0.17
  driven 小 yaw: 中心=-0.068 rad(-3.9°) 半幅=±0.207 rad(±11.9°)
    整条位于参考包络 [-22°, +22°] 内（硬限位 [-30°, +30°]，两侧各留 8° 跟踪余量; 中心 +0.0°）
  held   大 yaw: 目标=+2.170 rad（现有方位角 ±π 内随机）
  到位(固定 5s): err_big=-4.56° err_small=-0.91°
  等待连续 3s 稳定（判据: 两轴误差 ≤ 3° 且 两轴速度 < 6°/s；任一越界即重新计时）…
    [稳定等待] 已等   0.0s  e_big=-4.56° e_small=-0.90°  |ω_big|=0.43°/s |ω_small|=0.19°/s  连续 0.0/3s  ← 未满足 e_big超差
    [稳定等待] 已等   1.0s  e_big=-4.16° e_small=-0.73°  |ω_big|=0.38°/s |ω_small|=0.15°/s  连续 0.0/3s  ← 未满足 e_big超差
    [稳定等待] 已等   2.0s  e_big=-3.80° e_small=-0.60°  |ω_big|=0.34°/s |ω_small|=0.12°/s  连续 0.0/3s  ← 未满足 e_big超差
    [稳定等待] 已等   3.0s  e_big=-3.48° e_small=-0.48°  |ω_big|=0.30°/s |ω_small|=0.10°/s  连续 0.0/3s  ← 未满足 e_big超差
    [稳定等待] 已等   4.0s  e_big=-3.19° e_small=-0.40°  |ω_big|=0.27°/s |ω_small|=0.08°/s  连续 0.0/3s  ← 未满足 e_big超差
    [稳定等待] 已等   5.0s  e_big=-2.93° e_small=-0.32°  |ω_big|=0.25°/s |ω_small|=0.07°/s  连续 0.3/3s
    [稳定等待] 已等   6.0s  e_big=-2.69° e_small=-0.26°  |ω_big|=0.23°/s |ω_small|=0.06°/s  连续 1.3/3s
    [稳定等待] 已等   7.0s  e_big=-2.48° e_small=-0.21°  |ω_big|=0.21°/s |ω_small|=0.04°/s  连续 2.3/3s
  ✓ 已稳定（第二段用时 7.75s，两段合计 12.75s）
  采样 300 点 (3.00 s @100Hz)…
  保存: _tmp4x/train_a/sysid_small_20260919_140046_35.npz
        _tmp4x/train_a/sysid_small_20260919_140046_35.csv  (300 行)

=== 段 37 === driven=big 轴 / held=small 轴  温度=(30,30)℃
  参考来源: recording_1778330157.npz[23751:24051] 随机缩放=0.81
  driven 大 yaw: 中心=+2.535 rad 半幅=±0.567 rad(±32.5°)
  held   小 yaw: 目标=-0.259 rad (-14.8°)  [包络 -22°…+22°]
  到位(固定 5s): err_big=-0.42° err_small=+0.13°
  等待连续 3s 稳定（判据: 两轴误差 ≤ 3° 且 两轴速度 < 6°/s；任一越界即重新计时）…
    [稳定等待] 已等   0.0s  e_big=-0.42° e_small=+0.13°  |ω_big|=0.00°/s |ω_small|=0.03°/s  连续 0.0/3s
    [稳定等待] 已等   1.0s  e_big=-0.42° e_small=+0.10°  |ω_big|=0.00°/s |ω_small|=0.02°/s  连续 1.0/3s
    [稳定等待] 已等   2.0s  e_big=-0.42° e_small=+0.08°  |ω_big|=0.00°/s |ω_small|=0.02°/s  连续 2.0/3s
  ✓ 已稳定（第二段用时 3.00s，两段合计 8.00s）
  采样 300 点 (3.00 s @100Hz)…
  保存: _tmp4x/train_a/sysid_big_20260919_140103_36.npz
        _tmp4x/train_a/sysid_big_20260919_140103_36.csv  (300 行)

=== 段 38 === driven=small 轴 / held=big 轴  温度=(30,30)℃
  参考来源: recording_1778327131.npz[2819:3119] 随机缩放=0.48
  driven 小 yaw: 中心=-0.029 rad(-1.7°) 半幅=±0.267 rad(±15.3°)
    整条位于参考包络 [-22°, +22°] 内（硬限位 [-30°, +30°]，两侧各留 8° 跟踪余量; 中心 +0.0°）
  held   大 yaw: 目标=+3.677 rad（现有方位角 ±π 内随机）
  到位(固定 5s): err_big=-1.35° err_small=-0.48°
  等待连续 3s 稳定（判据: 两轴误差 ≤ 3° 且 两轴速度 < 6°/s；任一越界即重新计时）…
    [稳定等待] 已等   0.0s  e_big=-1.35° e_small=-0.48°  |ω_big|=0.11°/s |ω_small|=0.10°/s  连续 0.0/3s
    [稳定等待] 已等   1.0s  e_big=-1.24° e_small=-0.39°  |ω_big|=0.10°/s |ω_small|=0.08°/s  连续 1.0/3s
    [稳定等待] 已等   2.0s  e_big=-1.14° e_small=-0.32°  |ω_big|=0.09°/s |ω_small|=0.07°/s  连续 2.0/3s
  ✓ 已稳定（第二段用时 3.00s，两段合计 8.00s）
  采样 300 点 (3.00 s @100Hz)…
  保存: _tmp4x/train_a/sysid_small_20260919_140118_37.npz
        _tmp4x/train_a/sysid_small_20260919_140118_37.csv  (300 行)

=== 段 39 === driven=big 轴 / held=small 轴  温度=(30,30)℃
  参考来源: recording_1778341521.npz[8816:9116] 随机缩放=0.20
  driven 大 yaw: 中心=+3.706 rad 半幅=±0.438 rad(±25.1°)
  held   小 yaw: 目标=-0.152 rad (-8.7°)  [包络 -22°…+22°]
  到位(固定 5s): err_big=+2.89° err_small=-0.32°
  等待连续 3s 稳定（判据: 两轴误差 ≤ 3° 且 两轴速度 < 6°/s；任一越界即重新计时）…
    [稳定等待] 已等   0.0s  e_big=+2.89° e_small=-0.32°  |ω_big|=0.24°/s |ω_small|=0.07°/s  连续 0.0/3s
    [稳定等待] 已等   1.0s  e_big=+2.66° e_small=-0.26°  |ω_big|=0.22°/s |ω_small|=0.05°/s  连续 1.0/3s
    [稳定等待] 已等   2.0s  e_big=+2.44° e_small=-0.21°  |ω_big|=0.20°/s |ω_small|=0.04°/s  连续 2.0/3s
  ✓ 已稳定（第二段用时 3.00s，两段合计 8.00s）
  采样 300 点 (3.00 s @100Hz)…
  保存: _tmp4x/train_a/sysid_big_20260919_140134_38.npz
        _tmp4x/train_a/sysid_big_20260919_140134_38.csv  (300 行)

=== 段 40 === driven=small 轴 / held=big 轴  温度=(30,30)℃
  参考来源: recording_1778327131.npz[2811:3111] 随机缩放=0.32
  driven 小 yaw: 中心=-0.095 rad(-5.4°) 半幅=±0.258 rad(±14.8°)
    整条位于参考包络 [-22°, +22°] 内（硬限位 [-30°, +30°]，两侧各留 8° 跟踪余量; 中心 +0.0°）
  held   大 yaw: 目标=+2.294 rad（现有方位角 ±π 内随机）
  到位(固定 5s): err_big=+0.85° err_small=+0.37°
  等待连续 3s 稳定（判据: 两轴误差 ≤ 3° 且 两轴速度 < 6°/s；任一越界即重新计时）…
    [稳定等待] 已等   0.0s  e_big=+0.85° e_small=+0.37°  |ω_big|=0.07°/s |ω_small|=0.08°/s  连续 0.0/3s
    [稳定等待] 已等   1.0s  e_big=+0.78° e_small=+0.30°  |ω_big|=0.06°/s |ω_small|=0.06°/s  连续 1.0/3s
    [稳定等待] 已等   2.0s  e_big=+0.72° e_small=+0.25°  |ω_big|=0.06°/s |ω_small|=0.05°/s  连续 2.0/3s
  ✓ 已稳定（第二段用时 3.00s，两段合计 8.00s）
  采样 300 点 (3.00 s @100Hz)…
  保存: _tmp4x/train_a/sysid_small_20260919_140150_39.npz
        _tmp4x/train_a/sysid_small_20260919_140150_39.csv  (300 行)

=== 段 41 === driven=big 轴 / held=small 轴  温度=(30,30)℃
  参考来源: recording_1778340524.npz[10289:10589] 随机缩放=0.33
  driven 大 yaw: 中心=+2.812 rad 半幅=±0.422 rad(±24.2°)
  held   小 yaw: 目标=-0.176 rad (-10.1°)  [包络 -22°…+22°]
  到位(固定 5s): err_big=+2.02° err_small=+0.46°
  等待连续 3s 稳定（判据: 两轴误差 ≤ 3° 且 两轴速度 < 6°/s；任一越界即重新计时）…
    [稳定等待] 已等   0.0s  e_big=+2.02° e_small=+0.46°  |ω_big|=0.16°/s |ω_small|=0.10°/s  连续 0.0/3s
    [稳定等待] 已等   1.0s  e_big=+1.86° e_small=+0.38°  |ω_big|=0.15°/s |ω_small|=0.08°/s  连续 1.0/3s
    [稳定等待] 已等   2.0s  e_big=+1.71° e_small=+0.31°  |ω_big|=0.14°/s |ω_small|=0.06°/s  连续 2.0/3s
  ✓ 已稳定（第二段用时 3.00s，两段合计 8.00s）
  采样 300 点 (3.00 s @100Hz)…
  保存: _tmp4x/train_a/sysid_big_20260919_140206_40.npz
        _tmp4x/train_a/sysid_big_20260919_140206_40.csv  (300 行)

=== 段 42 === driven=small 轴 / held=big 轴  温度=(30,30)℃
  参考来源: recording_1778414251.npz[37431:37731] 随机缩放=0.15
  driven 小 yaw: 中心=-0.183 rad(-10.5°) 半幅=±0.379 rad(±21.7°)
    整条位于参考包络 [-22°, +22°] 内（硬限位 [-30°, +30°]，两侧各留 8° 跟踪余量; 中心 +0.0°）
  held   大 yaw: 目标=+2.165 rad（现有方位角 ±π 内随机）
  到位(固定 5s): err_big=-0.74° err_small=-0.38°
  等待连续 3s 稳定（判据: 两轴误差 ≤ 3° 且 两轴速度 < 6°/s；任一越界即重新计时）…
    [稳定等待] 已等   0.0s  e_big=-0.74° e_small=-0.38°  |ω_big|=0.06°/s |ω_small|=0.08°/s  连续 0.0/3s
    [稳定等待] 已等   1.0s  e_big=-0.68° e_small=-0.31°  |ω_big|=0.05°/s |ω_small|=0.06°/s  连续 1.0/3s
    [稳定等待] 已等   2.0s  e_big=-0.63° e_small=-0.25°  |ω_big|=0.05°/s |ω_small|=0.05°/s  连续 2.0/3s
  ✓ 已稳定（第二段用时 3.00s，两段合计 8.00s）
  采样 300 点 (3.00 s @100Hz)…
  保存: _tmp4x/train_a/sysid_small_20260919_140222_41.npz
        _tmp4x/train_a/sysid_small_20260919_140222_41.csv  (300 行)

=== 段 43 === driven=big 轴 / held=small 轴  温度=(30,30)℃
  参考来源: recording_1778328241.npz[1810:2110] 随机缩放=2.92
  driven 大 yaw: 中心=+1.840 rad 半幅=±0.484 rad(±27.7°)
  held   小 yaw: 目标=+0.160 rad (+9.2°)  [包络 -22°…+22°]
  到位(固定 5s): err_big=-2.26° err_small=+0.13°
  等待连续 3s 稳定（判据: 两轴误差 ≤ 3° 且 两轴速度 < 6°/s；任一越界即重新计时）…
    [稳定等待] 已等   0.0s  e_big=-2.26° e_small=+0.12°  |ω_big|=0.19°/s |ω_small|=0.02°/s  连续 0.0/3s
    [稳定等待] 已等   1.0s  e_big=-2.08° e_small=+0.10°  |ω_big|=0.17°/s |ω_small|=0.02°/s  连续 1.0/3s
    [稳定等待] 已等   2.0s  e_big=-1.92° e_small=+0.09°  |ω_big|=0.16°/s |ω_small|=0.02°/s  连续 2.0/3s
  ✓ 已稳定（第二段用时 3.00s，两段合计 8.00s）
  采样 300 点 (3.00 s @100Hz)…
  保存: _tmp4x/train_a/sysid_big_20260919_140238_42.npz
        _tmp4x/train_a/sysid_big_20260919_140238_42.csv  (300 行)

=== 段 44 === driven=small 轴 / held=big 轴  温度=(30,30)℃
  参考来源: recording_1778327131.npz[3409:3709] 随机缩放=0.20
  driven 小 yaw: 中心=+0.156 rad(+8.9°) 半幅=±0.350 rad(±20.1°)
    整条位于参考包络 [-22°, +22°] 内（硬限位 [-30°, +30°]，两侧各留 8° 跟踪余量; 中心 +0.0°）
  held   大 yaw: 目标=-0.007 rad（现有方位角 ±π 内随机）
  到位(固定 5s): err_big=-0.74° err_small=+0.14°
  等待连续 3s 稳定（判据: 两轴误差 ≤ 3° 且 两轴速度 < 6°/s；任一越界即重新计时）…
    [稳定等待] 已等   0.0s  e_big=-0.74° e_small=+0.13°  |ω_big|=0.06°/s |ω_small|=0.03°/s  连续 0.0/3s
    [稳定等待] 已等   1.0s  e_big=-0.68° e_small=+0.11°  |ω_big|=0.05°/s |ω_small|=0.03°/s  连续 1.0/3s
    [稳定等待] 已等   2.0s  e_big=-0.63° e_small=+0.09°  |ω_big|=0.05°/s |ω_small|=0.02°/s  连续 2.0/3s
  ✓ 已稳定（第二段用时 3.00s，两段合计 8.00s）
  采样 300 点 (3.00 s @100Hz)…
  保存: _tmp4x/train_a/sysid_small_20260919_140254_43.npz
        _tmp4x/train_a/sysid_small_20260919_140254_43.csv  (300 行)

=== 段 45 === driven=big 轴 / held=small 轴  温度=(30,30)℃
  参考来源: recording_1778340524.npz[15122:15422] 随机缩放=0.54
  driven 大 yaw: 中心=+0.065 rad 半幅=±0.716 rad(±41.0°)
  held   小 yaw: 目标=+0.017 rad (+0.9°)  [包络 -22°…+22°]
  到位(固定 5s): err_big=+2.04° err_small=+0.76°
  等待连续 3s 稳定（判据: 两轴误差 ≤ 3° 且 两轴速度 < 6°/s；任一越界即重新计时）…
    [稳定等待] 已等   0.0s  e_big=+2.04° e_small=+0.76°  |ω_big|=0.17°/s |ω_small|=0.16°/s  连续 0.0/3s
    [稳定等待] 已等   1.0s  e_big=+1.88° e_small=+0.62°  |ω_big|=0.15°/s |ω_small|=0.13°/s  连续 1.0/3s
    [稳定等待] 已等   2.0s  e_big=+1.73° e_small=+0.50°  |ω_big|=0.14°/s |ω_small|=0.10°/s  连续 2.0/3s
  ✓ 已稳定（第二段用时 3.00s，两段合计 8.00s）
  采样 300 点 (3.00 s @100Hz)…
  保存: _tmp4x/train_a/sysid_big_20260919_140310_44.npz
        _tmp4x/train_a/sysid_big_20260919_140310_44.csv  (300 行)

=== 段 46 === driven=small 轴 / held=big 轴  温度=(30,30)℃
  参考来源: recording_1778322622.npz[1279:1579] 随机缩放=0.31
  driven 小 yaw: 中心=-0.131 rad(-7.5°) 半幅=±0.295 rad(±16.9°)
    整条位于参考包络 [-22°, +22°] 内（硬限位 [-30°, +30°]，两侧各留 8° 跟踪余量; 中心 +0.0°）
  held   大 yaw: 目标=+0.263 rad（现有方位角 ±π 内随机）
  到位(固定 5s): err_big=-2.29° err_small=-0.66°
  等待连续 3s 稳定（判据: 两轴误差 ≤ 3° 且 两轴速度 < 6°/s；任一越界即重新计时）…
    [稳定等待] 已等   0.0s  e_big=-2.29° e_small=-0.66°  |ω_big|=0.19°/s |ω_small|=0.14°/s  连续 0.0/3s
    [稳定等待] 已等   1.0s  e_big=-2.11° e_small=-0.54°  |ω_big|=0.17°/s |ω_small|=0.11°/s  连续 1.0/3s
    [稳定等待] 已等   2.0s  e_big=-1.94° e_small=-0.44°  |ω_big|=0.16°/s |ω_small|=0.09°/s  连续 2.0/3s
  ✓ 已稳定（第二段用时 3.00s，两段合计 8.00s）
  采样 300 点 (3.00 s @100Hz)…
  保存: _tmp4x/train_a/sysid_small_20260919_140326_45.npz
        _tmp4x/train_a/sysid_small_20260919_140326_45.csv  (300 行)

=== 段 47 === driven=big 轴 / held=small 轴  温度=(30,30)℃
  参考来源: recording_1778327131.npz[4976:5276] 随机缩放=2.21
  driven 大 yaw: 中心=+0.330 rad 半幅=±0.550 rad(±31.5°)
  held   小 yaw: 目标=+0.032 rad (+1.8°)  [包络 -22°…+22°]
  到位(固定 5s): err_big=+1.40° err_small=-0.20°
  等待连续 3s 稳定（判据: 两轴误差 ≤ 3° 且 两轴速度 < 6°/s；任一越界即重新计时）…
    [稳定等待] 已等   0.0s  e_big=+1.40° e_small=-0.20°  |ω_big|=0.11°/s |ω_small|=0.04°/s  连续 0.0/3s
    [稳定等待] 已等   1.0s  e_big=+1.29° e_small=-0.16°  |ω_big|=0.10°/s |ω_small|=0.03°/s  连续 1.0/3s
    [稳定等待] 已等   2.0s  e_big=+1.19° e_small=-0.13°  |ω_big|=0.10°/s |ω_small|=0.03°/s  连续 2.0/3s
  ✓ 已稳定（第二段用时 3.00s，两段合计 8.00s）
  采样 300 点 (3.00 s @100Hz)…
  保存: _tmp4x/train_a/sysid_big_20260919_140342_46.npz
        _tmp4x/train_a/sysid_big_20260919_140342_46.csv  (300 行)

=== 段 48 === driven=small 轴 / held=big 轴  温度=(30,30)℃
  参考来源: recording_1778328241.npz[668:968] 随机缩放=1.18
  driven 小 yaw: 中心=-0.163 rad(-9.3°) 半幅=±0.278 rad(±15.9°)
    整条位于参考包络 [-22°, +22°] 内（硬限位 [-30°, +30°]，两侧各留 8° 跟踪余量; 中心 +0.0°）
  held   大 yaw: 目标=+2.280 rad（现有方位角 ±π 内随机）
  到位(固定 5s): err_big=+2.55° err_small=+0.29°
  等待连续 3s 稳定（判据: 两轴误差 ≤ 3° 且 两轴速度 < 6°/s；任一越界即重新计时）…
    [稳定等待] 已等   0.0s  e_big=+2.55° e_small=+0.29°  |ω_big|=0.21°/s |ω_small|=0.06°/s  连续 0.0/3s
    [稳定等待] 已等   1.0s  e_big=+2.35° e_small=+0.24°  |ω_big|=0.19°/s |ω_small|=0.05°/s  连续 1.0/3s
    [稳定等待] 已等   2.0s  e_big=+2.16° e_small=+0.19°  |ω_big|=0.18°/s |ω_small|=0.04°/s  连续 2.0/3s
  ✓ 已稳定（第二段用时 3.00s，两段合计 8.00s）
  采样 300 点 (3.00 s @100Hz)…
  保存: _tmp4x/train_a/sysid_small_20260919_140358_47.npz
        _tmp4x/train_a/sysid_small_20260919_140358_47.csv  (300 行)

=== 段 49 === driven=big 轴 / held=small 轴  温度=(30,30)℃
  参考来源: recording_1778322660.npz[731:1031] 随机缩放=0.92
  driven 大 yaw: 中心=+1.804 rad 半幅=±0.504 rad(±28.9°)
  held   小 yaw: 目标=+0.258 rad (+14.8°)  [包络 -22°…+22°]
  到位(固定 5s): err_big=-1.02° err_small=-0.35°
  等待连续 3s 稳定（判据: 两轴误差 ≤ 3° 且 两轴速度 < 6°/s；任一越界即重新计时）…
    [稳定等待] 已等   0.0s  e_big=-1.02° e_small=-0.35°  |ω_big|=0.08°/s |ω_small|=0.07°/s  连续 0.0/3s
    [稳定等待] 已等   1.0s  e_big=-0.94° e_small=-0.29°  |ω_big|=0.08°/s |ω_small|=0.06°/s  连续 1.0/3s
    [稳定等待] 已等   2.0s  e_big=-0.87° e_small=-0.23°  |ω_big|=0.07°/s |ω_small|=0.05°/s  连续 2.0/3s
  ✓ 已稳定（第二段用时 3.00s，两段合计 8.00s）
  采样 300 点 (3.00 s @100Hz)…
  保存: _tmp4x/train_a/sysid_big_20260919_140414_48.npz
        _tmp4x/train_a/sysid_big_20260919_140414_48.csv  (300 行)

=== 段 50 === driven=small 轴 / held=big 轴  温度=(30,30)℃
  参考来源: recording_1778414251.npz[2340:2640] 随机缩放=0.29
  driven 小 yaw: 中心=+0.089 rad(+5.1°) 半幅=±0.275 rad(±15.7°)
    整条位于参考包络 [-22°, +22°] 内（硬限位 [-30°, +30°]，两侧各留 8° 跟踪余量; 中心 +0.0°）
  held   大 yaw: 目标=+3.604 rad（现有方位角 ±π 内随机）
  到位(固定 5s): err_big=+1.97° err_small=+0.10°
  等待连续 3s 稳定（判据: 两轴误差 ≤ 3° 且 两轴速度 < 6°/s；任一越界即重新计时）…
    [稳定等待] 已等   0.0s  e_big=+1.97° e_small=+0.10°  |ω_big|=0.16°/s |ω_small|=0.02°/s  连续 0.0/3s
    [稳定等待] 已等   1.0s  e_big=+1.82° e_small=+0.08°  |ω_big|=0.15°/s |ω_small|=0.02°/s  连续 1.0/3s
    [稳定等待] 已等   2.0s  e_big=+1.68° e_small=+0.07°  |ω_big|=0.14°/s |ω_small|=0.01°/s  连续 2.0/3s
  ✓ 已稳定（第二段用时 3.00s，两段合计 8.00s）
  采样 300 点 (3.00 s @100Hz)…
  保存: _tmp4x/train_a/sysid_small_20260919_140430_49.npz
        _tmp4x/train_a/sysid_small_20260919_140430_49.csv  (300 行)

=== 段 51 === driven=big 轴 / held=small 轴  温度=(30,30)℃
  参考来源: recording_1778413386.npz[46826:47126] 随机缩放=2.80
  driven 大 yaw: 中心=+4.104 rad 半幅=±0.525 rad(±30.1°)
  held   小 yaw: 目标=-0.147 rad (-8.4°)  [包络 -22°…+22°]
  到位(固定 5s): err_big=-0.16° err_small=-0.15°
  等待连续 3s 稳定（判据: 两轴误差 ≤ 3° 且 两轴速度 < 6°/s；任一越界即重新计时）…
    [稳定等待] 已等   0.0s  e_big=-0.16° e_small=-0.15°  |ω_big|=0.00°/s |ω_small|=0.03°/s  连续 0.0/3s
    [稳定等待] 已等   1.0s  e_big=-0.16° e_small=-0.12°  |ω_big|=0.00°/s |ω_small|=0.02°/s  连续 1.0/3s
    [稳定等待] 已等   2.0s  e_big=-0.16° e_small=-0.10°  |ω_big|=0.00°/s |ω_small|=0.02°/s  连续 2.0/3s
  ✓ 已稳定（第二段用时 3.00s，两段合计 8.00s）
  采样 300 点 (3.00 s @100Hz)…
  保存: _tmp4x/train_a/sysid_big_20260919_140446_50.npz
        _tmp4x/train_a/sysid_big_20260919_140446_50.csv  (300 行)

=== 段 52 === driven=small 轴 / held=big 轴  温度=(30,30)℃
  参考来源: recording_1778328241.npz[8188:8488] 随机缩放=0.49
  driven 小 yaw: 中心=+0.005 rad(+0.3°) 半幅=±0.289 rad(±16.6°)
    整条位于参考包络 [-22°, +22°] 内（硬限位 [-30°, +30°]，两侧各留 8° 跟踪余量; 中心 +0.0°）
  held   大 yaw: 目标=+5.865 rad（现有方位角 ±π 内随机）
  到位(固定 5s): err_big=+2.09° err_small=+0.13°
  等待连续 3s 稳定（判据: 两轴误差 ≤ 3° 且 两轴速度 < 6°/s；任一越界即重新计时）…
    [稳定等待] 已等   0.0s  e_big=+2.09° e_small=+0.13°  |ω_big|=0.17°/s |ω_small|=0.02°/s  连续 0.0/3s
    [稳定等待] 已等   1.0s  e_big=+1.93° e_small=+0.11°  |ω_big|=0.16°/s |ω_small|=0.02°/s  连续 1.0/3s
    [稳定等待] 已等   2.0s  e_big=+1.78° e_small=+0.09°  |ω_big|=0.14°/s |ω_small|=0.02°/s  连续 2.0/3s
  ✓ 已稳定（第二段用时 3.00s，两段合计 8.00s）
  采样 300 点 (3.00 s @100Hz)…
  保存: _tmp4x/train_a/sysid_small_20260919_140502_51.npz
        _tmp4x/train_a/sysid_small_20260919_140502_51.csv  (300 行)

=== 段 53 === driven=big 轴 / held=small 轴  温度=(30,30)℃
  参考来源: recording_1778341521.npz[27618:27918] 随机缩放=0.12
  driven 大 yaw: 中心=+6.015 rad 半幅=±0.629 rad(±36.1°)
  held   小 yaw: 目标=-0.121 rad (-6.9°)  [包络 -22°…+22°]
  到位(固定 5s): err_big=-4.05° err_small=-0.99°
  等待连续 3s 稳定（判据: 两轴误差 ≤ 3° 且 两轴速度 < 6°/s；任一越界即重新计时）…
    [稳定等待] 已等   0.0s  e_big=-4.05° e_small=-0.98°  |ω_big|=0.36°/s |ω_small|=0.21°/s  连续 0.0/3s  ← 未满足 e_big超差
    [稳定等待] 已等   1.0s  e_big=-3.70° e_small=-0.80°  |ω_big|=0.33°/s |ω_small|=0.17°/s  连续 0.0/3s  ← 未满足 e_big超差
    [稳定等待] 已等   2.0s  e_big=-3.39° e_small=-0.65°  |ω_big|=0.29°/s |ω_small|=0.13°/s  连续 0.0/3s  ← 未满足 e_big超差
    [稳定等待] 已等   3.0s  e_big=-3.11° e_small=-0.53°  |ω_big|=0.26°/s |ω_small|=0.11°/s  连续 0.0/3s  ← 未满足 e_big超差
    [稳定等待] 已等   4.0s  e_big=-2.86° e_small=-0.43°  |ω_big|=0.24°/s |ω_small|=0.09°/s  连续 0.6/3s
    [稳定等待] 已等   5.0s  e_big=-2.63° e_small=-0.35°  |ω_big|=0.22°/s |ω_small|=0.07°/s  连续 1.6/3s
    [稳定等待] 已等   6.0s  e_big=-2.41° e_small=-0.28°  |ω_big|=0.20°/s |ω_small|=0.06°/s  连续 2.6/3s
  ✓ 已稳定（第二段用时 6.45s，两段合计 11.45s）
  采样 300 点 (3.00 s @100Hz)…
  保存: _tmp4x/train_a/sysid_big_20260919_140521_52.npz
        _tmp4x/train_a/sysid_big_20260919_140521_52.csv  (300 行)

=== 段 54 === driven=small 轴 / held=big 轴  温度=(30,30)℃
  参考来源: recording_1778328241.npz[1958:2258] 随机缩放=1.01
  driven 小 yaw: 中心=-0.021 rad(-1.2°) 半幅=±0.244 rad(±14.0°)
    整条位于参考包络 [-22°, +22°] 内（硬限位 [-30°, +30°]，两侧各留 8° 跟踪余量; 中心 +0.0°）
  held   大 yaw: 目标=+3.639 rad（现有方位角 ±π 内随机）
  到位(固定 5s): err_big=-3.54° err_small=-0.52°
  等待连续 3s 稳定（判据: 两轴误差 ≤ 3° 且 两轴速度 < 6°/s；任一越界即重新计时）…
    [稳定等待] 已等   0.0s  e_big=-3.54° e_small=-0.52°  |ω_big|=0.31°/s |ω_small|=0.11°/s  连续 0.0/3s  ← 未满足 e_big超差
    [稳定等待] 已等   1.0s  e_big=-3.25° e_small=-0.42°  |ω_big|=0.28°/s |ω_small|=0.08°/s  连续 0.0/3s  ← 未满足 e_big超差
    [稳定等待] 已等   2.0s  e_big=-2.98° e_small=-0.34°  |ω_big|=0.25°/s |ω_small|=0.07°/s  连续 0.1/3s
    [稳定等待] 已等   3.0s  e_big=-2.74° e_small=-0.28°  |ω_big|=0.23°/s |ω_small|=0.06°/s  连续 1.1/3s
    [稳定等待] 已等   4.0s  e_big=-2.52° e_small=-0.23°  |ω_big|=0.21°/s |ω_small|=0.05°/s  连续 2.1/3s
  ✓ 已稳定（第二段用时 4.94s，两段合计 9.94s）
  采样 300 点 (3.00 s @100Hz)…
  保存: _tmp4x/train_a/sysid_small_20260919_140539_53.npz
        _tmp4x/train_a/sysid_small_20260919_140539_53.csv  (300 行)

=== 段 55 === driven=big 轴 / held=small 轴  温度=(30,30)℃
  参考来源: recording_1778413386.npz[23502:23802] 随机缩放=0.51
  driven 大 yaw: 中心=+3.632 rad 半幅=±0.372 rad(±21.3°)
  held   小 yaw: 目标=+0.194 rad (+11.1°)  [包络 -22°…+22°]
  到位(固定 5s): err_big=-3.65° err_small=+0.23°
  等待连续 3s 稳定（判据: 两轴误差 ≤ 3° 且 两轴速度 < 6°/s；任一越界即重新计时）…
    [稳定等待] 已等   0.0s  e_big=-3.65° e_small=+0.23°  |ω_big|=0.32°/s |ω_small|=0.05°/s  连续 0.0/3s  ← 未满足 e_big超差
    [稳定等待] 已等   1.0s  e_big=-3.35° e_small=+0.18°  |ω_big|=0.29°/s |ω_small|=0.04°/s  连续 0.0/3s  ← 未满足 e_big超差
    [稳定等待] 已等   2.0s  e_big=-3.07° e_small=+0.15°  |ω_big|=0.26°/s |ω_small|=0.03°/s  连续 0.0/3s  ← 未满足 e_big超差
    [稳定等待] 已等   3.0s  e_big=-2.82° e_small=+0.12°  |ω_big|=0.24°/s |ω_small|=0.02°/s  连续 0.7/3s
    [稳定等待] 已等   4.0s  e_big=-2.59° e_small=+0.10°  |ω_big|=0.22°/s |ω_small|=0.02°/s  连续 1.7/3s
    [稳定等待] 已等   5.0s  e_big=-2.39° e_small=+0.08°  |ω_big|=0.20°/s |ω_small|=0.01°/s  连续 2.8/3s
  ✓ 已稳定（第二段用时 5.30s，两段合计 10.30s）
  采样 300 点 (3.00 s @100Hz)…
  保存: _tmp4x/train_a/sysid_big_20260919_140557_54.npz
        _tmp4x/train_a/sysid_big_20260919_140557_54.csv  (300 行)

=== 段 56 === driven=small 轴 / held=big 轴  温度=(30,30)℃
  参考来源: recording_1778322660.npz[1259:1559] 随机缩放=0.25
  driven 小 yaw: 中心=+0.093 rad(+5.3°) 半幅=±0.234 rad(±13.4°)
    整条位于参考包络 [-22°, +22°] 内（硬限位 [-30°, +30°]，两侧各留 8° 跟踪余量; 中心 +0.0°）
  held   大 yaw: 目标=+6.956 rad（现有方位角 ±π 内随机）
  到位(固定 5s): err_big=+4.72° err_small=+1.31°
  等待连续 3s 稳定（判据: 两轴误差 ≤ 3° 且 两轴速度 < 6°/s；任一越界即重新计时）…
    [稳定等待] 已等   0.0s  e_big=+4.72° e_small=+1.31°  |ω_big|=0.45°/s |ω_small|=0.29°/s  连续 0.0/3s  ← 未满足 e_big超差
    [稳定等待] 已等   1.0s  e_big=+4.29° e_small=+1.05°  |ω_big|=0.39°/s |ω_small|=0.23°/s  连续 0.0/3s  ← 未满足 e_big超差
    [稳定等待] 已等   2.0s  e_big=+3.92° e_small=+0.85°  |ω_big|=0.35°/s |ω_small|=0.18°/s  连续 0.0/3s  ← 未满足 e_big超差
    [稳定等待] 已等   3.0s  e_big=+3.59° e_small=+0.69°  |ω_big|=0.31°/s |ω_small|=0.14°/s  连续 0.0/3s  ← 未满足 e_big超差
    [稳定等待] 已等   4.0s  e_big=+3.29° e_small=+0.56°  |ω_big|=0.28°/s |ω_small|=0.11°/s  连续 0.0/3s  ← 未满足 e_big超差
    [稳定等待] 已等   5.0s  e_big=+3.02° e_small=+0.46°  |ω_big|=0.26°/s |ω_small|=0.10°/s  连续 0.0/3s  ← 未满足 e_big超差
    [稳定等待] 已等   6.0s  e_big=+2.77° e_small=+0.37°  |ω_big|=0.23°/s |ω_small|=0.08°/s  连续 0.9/3s
    [稳定等待] 已等   7.0s  e_big=+2.55° e_small=+0.30°  |ω_big|=0.21°/s |ω_small|=0.06°/s  连续 1.9/3s
    [稳定等待] 已等   8.0s  e_big=+2.35° e_small=+0.25°  |ω_big|=0.19°/s |ω_small|=0.05°/s  连续 2.9/3s
  ✓ 已稳定（第二段用时 8.12s，两段合计 13.12s）
  采样 300 点 (3.00 s @100Hz)…
  保存: _tmp4x/train_a/sysid_small_20260919_140617_55.npz
        _tmp4x/train_a/sysid_small_20260919_140617_55.csv  (300 行)

=== 段 57 === driven=big 轴 / held=small 轴  温度=(30,30)℃
  参考来源: recording_1778341844.npz[27277:27577] 随机缩放=0.38
  driven 大 yaw: 中心=+7.021 rad 半幅=±0.506 rad(±29.0°)
  held   小 yaw: 目标=-0.098 rad (-5.6°)  [包络 -22°…+22°]
  到位(固定 5s): err_big=+2.22° err_small=-0.03°
  等待连续 3s 稳定（判据: 两轴误差 ≤ 3° 且 两轴速度 < 6°/s；任一越界即重新计时）…
    [稳定等待] 已等   0.0s  e_big=+2.22° e_small=-0.03°  |ω_big|=0.18°/s |ω_small|=0.01°/s  连续 0.0/3s
    [稳定等待] 已等   1.0s  e_big=+2.04° e_small=-0.02°  |ω_big|=0.17°/s |ω_small|=0.01°/s  连续 1.0/3s
    [稳定等待] 已等   2.0s  e_big=+1.88° e_small=-0.02°  |ω_big|=0.15°/s |ω_small|=0.00°/s  连续 2.0/3s
  ✓ 已稳定（第二段用时 3.00s，两段合计 8.00s）
  采样 300 点 (3.00 s @100Hz)…
  保存: _tmp4x/train_a/sysid_big_20260919_140633_56.npz
        _tmp4x/train_a/sysid_big_20260919_140633_56.csv  (300 行)

=== 段 58 === driven=small 轴 / held=big 轴  温度=(30,30)℃
  参考来源: recording_1778340524.npz[22258:22558] 随机缩放=0.20
  driven 小 yaw: 中心=+0.094 rad(+5.4°) 半幅=±0.231 rad(±13.3°)
    整条位于参考包络 [-22°, +22°] 内（硬限位 [-30°, +30°]，两侧各留 8° 跟踪余量; 中心 +0.0°）
  held   大 yaw: 目标=+10.525 rad（现有方位角 ±π 内随机）
  到位(固定 5s): err_big=+5.10° err_small=+1.12°
  等待连续 3s 稳定（判据: 两轴误差 ≤ 3° 且 两轴速度 < 6°/s；任一越界即重新计时）…
    [稳定等待] 已等   0.0s  e_big=+5.10° e_small=+1.12°  |ω_big|=0.51°/s |ω_small|=0.24°/s  连续 0.0/3s  ← 未满足 e_big超差
    [稳定等待] 已等   1.0s  e_big=+4.63° e_small=+0.90°  |ω_big|=0.44°/s |ω_small|=0.19°/s  连续 0.0/3s  ← 未满足 e_big超差
    [稳定等待] 已等   2.0s  e_big=+4.21° e_small=+0.73°  |ω_big|=0.38°/s |ω_small|=0.15°/s  连续 0.0/3s  ← 未满足 e_big超差
    [稳定等待] 已等   3.0s  e_big=+3.85° e_small=+0.59°  |ω_big|=0.34°/s |ω_small|=0.12°/s  连续 0.0/3s  ← 未满足 e_big超差
    [稳定等待] 已等   4.0s  e_big=+3.52° e_small=+0.48°  |ω_big|=0.31°/s |ω_small|=0.10°/s  连续 0.0/3s  ← 未满足 e_big超差
    [稳定等待] 已等   5.1s  e_big=+3.23° e_small=+0.39°  |ω_big|=0.28°/s |ω_small|=0.08°/s  连续 0.0/3s  ← 未满足 e_big超差
    [稳定等待] 已等   6.1s  e_big=+2.96° e_small=+0.32°  |ω_big|=0.25°/s |ω_small|=0.06°/s  连续 0.1/3s
    [稳定等待] 已等   7.1s  e_big=+2.72° e_small=+0.26°  |ω_big|=0.23°/s |ω_small|=0.05°/s  连续 1.2/3s
    [稳定等待] 已等   8.1s  e_big=+2.50° e_small=+0.21°  |ω_big|=0.21°/s |ω_small|=0.04°/s  连续 2.2/3s
  ✓ 已稳定（第二段用时 8.92s，两段合计 13.92s）
  采样 300 点 (3.00 s @100Hz)…
  保存: _tmp4x/train_a/sysid_small_20260919_140655_57.npz
        _tmp4x/train_a/sysid_small_20260919_140655_57.csv  (300 行)

=== 段 59 === driven=big 轴 / held=small 轴  温度=(30,30)℃
  参考来源: recording_1778341012.npz[11246:11546] 随机缩放=0.73
  driven 大 yaw: 中心=+10.921 rad 半幅=±0.488 rad(±28.0°)
  held   小 yaw: 目标=+0.047 rad (+2.7°)  [包络 -22°…+22°]
  到位(固定 5s): err_big=+0.51° err_small=+0.38°
  等待连续 3s 稳定（判据: 两轴误差 ≤ 3° 且 两轴速度 < 6°/s；任一越界即重新计时）…
    [稳定等待] 已等   0.0s  e_big=+0.51° e_small=+0.38°  |ω_big|=0.04°/s |ω_small|=0.08°/s  连续 0.0/3s
    [稳定等待] 已等   1.0s  e_big=+0.47° e_small=+0.31°  |ω_big|=0.04°/s |ω_small|=0.07°/s  连续 1.0/3s
    [稳定等待] 已等   2.0s  e_big=+0.43° e_small=+0.25°  |ω_big|=0.03°/s |ω_small|=0.05°/s  连续 2.0/3s
  ✓ 已稳定（第二段用时 3.00s，两段合计 8.00s）
  采样 300 点 (3.00 s @100Hz)…
  保存: _tmp4x/train_a/sysid_big_20260919_140710_58.npz
        _tmp4x/train_a/sysid_big_20260919_140710_58.csv  (300 行)

=== 段 60 === driven=small 轴 / held=big 轴  温度=(30,30)℃
  参考来源: recording_1778327131.npz[580:880] 随机缩放=0.71
  driven 小 yaw: 中心=+0.000 rad(+0.0°) 半幅=±0.323 rad(±18.5°)
    整条位于参考包络 [-22°, +22°] 内（硬限位 [-30°, +30°]，两侧各留 8° 跟踪余量; 中心 +0.0°）
  held   大 yaw: 目标=+12.114 rad（现有方位角 ±π 内随机）
  到位(固定 5s): err_big=-0.60° err_small=-0.32°
  等待连续 3s 稳定（判据: 两轴误差 ≤ 3° 且 两轴速度 < 6°/s；任一越界即重新计时）…
    [稳定等待] 已等   0.0s  e_big=-0.60° e_small=-0.32°  |ω_big|=0.05°/s |ω_small|=0.06°/s  连续 0.0/3s
    [稳定等待] 已等   1.0s  e_big=-0.56° e_small=-0.26°  |ω_big|=0.04°/s |ω_small|=0.06°/s  连续 1.0/3s
    [稳定等待] 已等   2.0s  e_big=-0.51° e_small=-0.21°  |ω_big|=0.04°/s |ω_small|=0.05°/s  连续 2.0/3s
  ✓ 已稳定（第二段用时 3.00s，两段合计 8.00s）
  采样 300 点 (3.00 s @100Hz)…
  保存: _tmp4x/train_a/sysid_small_20260919_140725_59.npz
        _tmp4x/train_a/sysid_small_20260919_140725_59.csv  (300 行)

=== 段 61 === driven=big 轴 / held=small 轴  温度=(30,30)℃
  参考来源: recording_1778341012.npz[7202:7502] 随机缩放=0.78
  driven 大 yaw: 中心=+11.748 rad 半幅=±0.857 rad(±49.1°)
  held   小 yaw: 目标=-0.042 rad (-2.4°)  [包络 -22°…+22°]
  到位(固定 5s): err_big=+2.40° err_small=+0.68°
  等待连续 3s 稳定（判据: 两轴误差 ≤ 3° 且 两轴速度 < 6°/s；任一越界即重新计时）…
    [稳定等待] 已等   0.0s  e_big=+2.40° e_small=+0.68°  |ω_big|=0.20°/s |ω_small|=0.14°/s  连续 0.0/3s
    [稳定等待] 已等   1.0s  e_big=+2.21° e_small=+0.55°  |ω_big|=0.18°/s |ω_small|=0.11°/s  连续 1.0/3s
    [稳定等待] 已等   2.0s  e_big=+2.03° e_small=+0.45°  |ω_big|=0.17°/s |ω_small|=0.09°/s  连续 2.0/3s
  ✓ 已稳定（第二段用时 3.00s，两段合计 8.00s）
  采样 300 点 (3.00 s @100Hz)…
  保存: _tmp4x/train_a/sysid_big_20260919_140741_60.npz
        _tmp4x/train_a/sysid_big_20260919_140741_60.csv  (300 行)

=== 段 62 === driven=small 轴 / held=big 轴  温度=(30,30)℃
  参考来源: recording_1778341844.npz[8767:9067] 随机缩放=0.04
  driven 小 yaw: 中心=-0.038 rad(-2.2°) 半幅=±0.177 rad(±10.2°)
    整条位于参考包络 [-22°, +22°] 内（硬限位 [-30°, +30°]，两侧各留 8° 跟踪余量; 中心 +0.0°）
  held   大 yaw: 目标=+8.170 rad（现有方位角 ±π 内随机）
  到位(固定 5s): err_big=-4.74° err_small=-1.31°
  等待连续 3s 稳定（判据: 两轴误差 ≤ 3° 且 两轴速度 < 6°/s；任一越界即重新计时）…
    [稳定等待] 已等   0.0s  e_big=-4.74° e_small=-1.31°  |ω_big|=0.45°/s |ω_small|=0.28°/s  连续 0.0/3s  ← 未满足 e_big超差
    [稳定等待] 已等   1.0s  e_big=-4.32° e_small=-1.06°  |ω_big|=0.40°/s |ω_small|=0.23°/s  连续 0.0/3s  ← 未满足 e_big超差
    [稳定等待] 已等   2.0s  e_big=-3.94° e_small=-0.85°  |ω_big|=0.35°/s |ω_small|=0.18°/s  连续 0.0/3s  ← 未满足 e_big超差
    [稳定等待] 已等   3.0s  e_big=-3.61° e_small=-0.69°  |ω_big|=0.32°/s |ω_small|=0.15°/s  连续 0.0/3s  ← 未满足 e_big超差
    [稳定等待] 已等   4.0s  e_big=-3.31° e_small=-0.56°  |ω_big|=0.28°/s |ω_small|=0.12°/s  连续 0.0/3s  ← 未满足 e_big超差
    [稳定等待] 已等   5.0s  e_big=-3.04° e_small=-0.46°  |ω_big|=0.26°/s |ω_small|=0.09°/s  连续 0.0/3s  ← 未满足 e_big超差
    [稳定等待] 已等   6.0s  e_big=-2.79° e_small=-0.37°  |ω_big|=0.23°/s |ω_small|=0.08°/s  连续 0.9/3s
    [稳定等待] 已等   7.0s  e_big=-2.56° e_small=-0.30°  |ω_big|=0.21°/s |ω_small|=0.06°/s  连续 1.9/3s
    [稳定等待] 已等   8.0s  e_big=-2.36° e_small=-0.25°  |ω_big|=0.19°/s |ω_small|=0.05°/s  连续 2.9/3s
  ✓ 已稳定（第二段用时 8.16s，两段合计 13.16s）
  采样 300 点 (3.00 s @100Hz)…
  保存: _tmp4x/train_a/sysid_small_20260919_140801_61.npz
        _tmp4x/train_a/sysid_small_20260919_140801_61.csv  (300 行)

=== 段 63 === driven=big 轴 / held=small 轴  温度=(30,30)℃
  参考来源: recording_1778413386.npz[6644:6944] 随机缩放=0.26
  driven 大 yaw: 中心=+8.101 rad 半幅=±0.812 rad(±46.5°)
  held   小 yaw: 目标=-0.241 rad (-13.8°)  [包络 -22°…+22°]
  到位(固定 5s): err_big=+0.66° err_small=+0.01°
  等待连续 3s 稳定（判据: 两轴误差 ≤ 3° 且 两轴速度 < 6°/s；任一越界即重新计时）…
    [稳定等待] 已等   0.0s  e_big=+0.66° e_small=+0.01°  |ω_big|=0.00°/s |ω_small|=0.00°/s  连续 0.0/3s
    [稳定等待] 已等   1.0s  e_big=+0.66° e_small=+0.01°  |ω_big|=0.00°/s |ω_small|=0.00°/s  连续 1.0/3s
    [稳定等待] 已等   2.0s  e_big=+0.66° e_small=+0.01°  |ω_big|=0.00°/s |ω_small|=0.00°/s  连续 2.0/3s
  ✓ 已稳定（第二段用时 3.00s，两段合计 8.00s）
  采样 300 点 (3.00 s @100Hz)…
  保存: _tmp4x/train_a/sysid_big_20260919_140816_62.npz
        _tmp4x/train_a/sysid_big_20260919_140816_62.csv  (300 行)

=== 段 64 === driven=small 轴 / held=big 轴  温度=(30,30)℃
  参考来源: recording_1778330157.npz[24327:24627] 随机缩放=0.27
  driven 小 yaw: 中心=-0.139 rad(-8.0°) 半幅=±0.344 rad(±19.7°)
    整条位于参考包络 [-22°, +22°] 内（硬限位 [-30°, +30°]，两侧各留 8° 跟踪余量; 中心 +0.0°）
  held   大 yaw: 目标=+6.626 rad（现有方位角 ±π 内随机）
  到位(固定 5s): err_big=-2.86° err_small=-0.39°
  等待连续 3s 稳定（判据: 两轴误差 ≤ 3° 且 两轴速度 < 6°/s；任一越界即重新计时）…
    [稳定等待] 已等   0.0s  e_big=-2.86° e_small=-0.38°  |ω_big|=0.24°/s |ω_small|=0.08°/s  连续 0.0/3s
    [稳定等待] 已等   1.0s  e_big=-2.63° e_small=-0.31°  |ω_big|=0.22°/s |ω_small|=0.06°/s  连续 1.0/3s
    [稳定等待] 已等   2.0s  e_big=-2.42° e_small=-0.25°  |ω_big|=0.20°/s |ω_small|=0.05°/s  连续 2.0/3s
  ✓ 已稳定（第二段用时 3.00s，两段合计 8.00s）
  采样 300 点 (3.00 s @100Hz)…
  保存: _tmp4x/train_a/sysid_small_20260919_140832_63.npz
        _tmp4x/train_a/sysid_small_20260919_140832_63.csv  (300 行)

=== 段 65 === driven=big 轴 / held=small 轴  温度=(30,30)℃
  参考来源: recording_1778341012.npz[38149:38449] 随机缩放=0.70
  driven 大 yaw: 中心=+6.347 rad 半幅=±0.692 rad(±39.7°)
  held   小 yaw: 目标=+0.186 rad (+10.7°)  [包络 -22°…+22°]
  到位(固定 5s): err_big=+1.13° err_small=-0.08°
  等待连续 3s 稳定（判据: 两轴误差 ≤ 3° 且 两轴速度 < 6°/s；任一越界即重新计时）…
    [稳定等待] 已等   0.0s  e_big=+1.13° e_small=-0.07°  |ω_big|=0.09°/s |ω_small|=0.02°/s  连续 0.0/3s
    [稳定等待] 已等   1.0s  e_big=+1.04° e_small=-0.06°  |ω_big|=0.08°/s |ω_small|=0.01°/s  连续 1.0/3s
    [稳定等待] 已等   2.0s  e_big=+0.96° e_small=-0.05°  |ω_big|=0.08°/s |ω_small|=0.01°/s  连续 2.0/3s
  ✓ 已稳定（第二段用时 3.00s，两段合计 8.00s）
  采样 300 点 (3.00 s @100Hz)…
  保存: _tmp4x/train_a/sysid_big_20260919_140848_64.npz
        _tmp4x/train_a/sysid_big_20260919_140848_64.csv  (300 行)

=== 段 66 === driven=small 轴 / held=big 轴  温度=(30,30)℃
  参考来源: recording_1778322660.npz[1845:2145] 随机缩放=0.29
  driven 小 yaw: 中心=-0.050 rad(-2.9°) 半幅=±0.223 rad(±12.8°)
    整条位于参考包络 [-22°, +22°] 内（硬限位 [-30°, +30°]，两侧各留 8° 跟踪余量; 中心 +0.0°）
  held   大 yaw: 目标=+5.084 rad（现有方位角 ±π 内随机）
  到位(固定 5s): err_big=+1.18° err_small=+0.44°
  等待连续 3s 稳定（判据: 两轴误差 ≤ 3° 且 两轴速度 < 6°/s；任一越界即重新计时）…
    [稳定等待] 已等   0.0s  e_big=+1.18° e_small=+0.44°  |ω_big|=0.09°/s |ω_small|=0.09°/s  连续 0.0/3s
    [稳定等待] 已等   1.0s  e_big=+1.09° e_small=+0.36°  |ω_big|=0.09°/s |ω_small|=0.07°/s  连续 1.0/3s
    [稳定等待] 已等   2.0s  e_big=+1.00° e_small=+0.29°  |ω_big|=0.08°/s |ω_small|=0.06°/s  连续 2.0/3s
  ✓ 已稳定（第二段用时 3.00s，两段合计 8.00s）
  采样 300 点 (3.00 s @100Hz)…
  保存: _tmp4x/train_a/sysid_small_20260919_140904_65.npz
        _tmp4x/train_a/sysid_small_20260919_140904_65.csv  (300 行)

=== 段 67 === driven=big 轴 / held=small 轴  温度=(30,30)℃
  参考来源: recording_1778341844.npz[25664:25964] 随机缩放=2.45
  driven 大 yaw: 中心=+5.100 rad 半幅=±0.689 rad(±39.5°)
  held   小 yaw: 目标=+0.262 rad (+15.0°)  [包络 -22°…+22°]
  到位(固定 5s): err_big=-1.85° err_small=-0.56°
  等待连续 3s 稳定（判据: 两轴误差 ≤ 3° 且 两轴速度 < 6°/s；任一越界即重新计时）…
    [稳定等待] 已等   0.0s  e_big=-1.85° e_small=-0.57°  |ω_big|=0.15°/s |ω_small|=0.12°/s  连续 0.0/3s
    [稳定等待] 已等   1.0s  e_big=-1.71° e_small=-0.46°  |ω_big|=0.14°/s |ω_small|=0.10°/s  连续 1.0/3s
    [稳定等待] 已等   2.0s  e_big=-1.57° e_small=-0.37°  |ω_big|=0.13°/s |ω_small|=0.08°/s  连续 2.0/3s
  ✓ 已稳定（第二段用时 3.00s，两段合计 8.00s）
  采样 300 点 (3.00 s @100Hz)…
  保存: _tmp4x/train_a/sysid_big_20260919_140920_66.npz
        _tmp4x/train_a/sysid_big_20260919_140920_66.csv  (300 行)

=== 段 68 === driven=small 轴 / held=big 轴  温度=(30,30)℃
  参考来源: recording_1778341012.npz[15039:15339] 随机缩放=0.24
  driven 小 yaw: 中心=-0.068 rad(-3.9°) 半幅=±0.344 rad(±19.7°)
    整条位于参考包络 [-22°, +22°] 内（硬限位 [-30°, +30°]，两侧各留 8° 跟踪余量; 中心 +0.0°）
  held   大 yaw: 目标=+3.369 rad（现有方位角 ±π 内随机）
  到位(固定 5s): err_big=-2.73° err_small=-0.30°
  等待连续 3s 稳定（判据: 两轴误差 ≤ 3° 且 两轴速度 < 6°/s；任一越界即重新计时）…
    [稳定等待] 已等   0.0s  e_big=-2.73° e_small=-0.30°  |ω_big|=0.23°/s |ω_small|=0.06°/s  连续 0.0/3s
    [稳定等待] 已等   1.0s  e_big=-2.51° e_small=-0.25°  |ω_big|=0.21°/s |ω_small|=0.05°/s  连续 1.0/3s
    [稳定等待] 已等   2.0s  e_big=-2.31° e_small=-0.20°  |ω_big|=0.19°/s |ω_small|=0.04°/s  连续 2.0/3s
  ✓ 已稳定（第二段用时 3.00s，两段合计 8.00s）
  采样 300 点 (3.00 s @100Hz)…
  保存: _tmp4x/train_a/sysid_small_20260919_140936_67.npz
        _tmp4x/train_a/sysid_small_20260919_140936_67.csv  (300 行)

=== 段 69 === driven=big 轴 / held=small 轴  温度=(30,30)℃
  参考来源: recording_1778414251.npz[25363:25663] 随机缩放=0.42
  driven 大 yaw: 中心=+3.345 rad 半幅=±0.396 rad(±22.7°)
  held   小 yaw: 目标=+0.224 rad (+12.9°)  [包络 -22°…+22°]
  到位(固定 5s): err_big=-2.18° err_small=-0.16°
  等待连续 3s 稳定（判据: 两轴误差 ≤ 3° 且 两轴速度 < 6°/s；任一越界即重新计时）…
    [稳定等待] 已等   0.0s  e_big=-2.18° e_small=-0.16°  |ω_big|=0.18°/s |ω_small|=0.04°/s  连续 0.0/3s
    [稳定等待] 已等   1.0s  e_big=-2.00° e_small=-0.13°  |ω_big|=0.16°/s |ω_small|=0.03°/s  连续 1.0/3s
    [稳定等待] 已等   2.0s  e_big=-1.85° e_small=-0.11°  |ω_big|=0.15°/s |ω_small|=0.02°/s  连续 2.0/3s
  ✓ 已稳定（第二段用时 3.00s，两段合计 8.00s）
  采样 300 点 (3.00 s @100Hz)…
  保存: _tmp4x/train_a/sysid_big_20260919_140952_68.npz
        _tmp4x/train_a/sysid_big_20260919_140952_68.csv  (300 行)

=== 段 70 === driven=small 轴 / held=big 轴  温度=(30,30)℃
  参考来源: recording_1778413386.npz[939:1239] 随机缩放=0.16
  driven 小 yaw: 中心=-0.031 rad(-1.8°) 半幅=±0.251 rad(±14.4°)
    整条位于参考包络 [-22°, +22°] 内（硬限位 [-30°, +30°]，两侧各留 8° 跟踪余量; 中心 +0.0°）
  held   大 yaw: 目标=+4.511 rad（现有方位角 ±π 内随机）
  到位(固定 5s): err_big=-2.94° err_small=-0.79°
  等待连续 3s 稳定（判据: 两轴误差 ≤ 3° 且 两轴速度 < 6°/s；任一越界即重新计时）…
    [稳定等待] 已等   0.0s  e_big=-2.94° e_small=-0.79°  |ω_big|=0.25°/s |ω_small|=0.17°/s  连续 0.0/3s
    [稳定等待] 已等   1.0s  e_big=-2.71° e_small=-0.64°  |ω_big|=0.23°/s |ω_small|=0.13°/s  连续 1.0/3s
    [稳定等待] 已等   2.0s  e_big=-2.49° e_small=-0.52°  |ω_big|=0.21°/s |ω_small|=0.11°/s  连续 2.0/3s
  ✓ 已稳定（第二段用时 3.00s，两段合计 8.00s）
  采样 300 点 (3.00 s @100Hz)…
  保存: _tmp4x/train_a/sysid_small_20260919_141006_69.npz
        _tmp4x/train_a/sysid_small_20260919_141006_69.csv  (300 行)

=== 段 71 === driven=big 轴 / held=small 轴  温度=(30,30)℃
  参考来源: recording_1778322660.npz[149:449] 随机缩放=0.51
  driven 大 yaw: 中心=+4.864 rad 半幅=±0.493 rad(±28.2°)
  held   小 yaw: 目标=+0.055 rad (+3.1°)  [包络 -22°…+22°]
  到位(固定 5s): err_big=+0.69° err_small=+0.81°
  等待连续 3s 稳定（判据: 两轴误差 ≤ 3° 且 两轴速度 < 6°/s；任一越界即重新计时）…
    [稳定等待] 已等   0.0s  e_big=+0.69° e_small=+0.81°  |ω_big|=0.00°/s |ω_small|=0.17°/s  连续 0.0/3s
    [稳定等待] 已等   1.0s  e_big=+0.68° e_small=+0.66°  |ω_big|=0.05°/s |ω_small|=0.14°/s  连续 1.0/3s
    [稳定等待] 已等   2.0s  e_big=+0.63° e_small=+0.54°  |ω_big|=0.05°/s |ω_small|=0.11°/s  连续 2.0/3s
  ✓ 已稳定（第二段用时 3.00s，两段合计 8.00s）
  采样 300 点 (3.00 s @100Hz)…
  保存: _tmp4x/train_a/sysid_big_20260919_141021_70.npz
        _tmp4x/train_a/sysid_big_20260919_141021_70.csv  (300 行)

=== 段 72 === driven=small 轴 / held=big 轴  温度=(30,30)℃
  参考来源: recording_1778328241.npz[14964:15264] 随机缩放=0.49
  driven 小 yaw: 中心=-0.195 rad(-11.2°) 半幅=±0.335 rad(±19.2°)
    整条位于参考包络 [-22°, +22°] 内（硬限位 [-30°, +30°]，两侧各留 8° 跟踪余量; 中心 +0.0°）
  held   大 yaw: 目标=+2.788 rad（现有方位角 ±π 内随机）
  到位(固定 5s): err_big=-4.67° err_small=-0.91°
  等待连续 3s 稳定（判据: 两轴误差 ≤ 3° 且 两轴速度 < 6°/s；任一越界即重新计时）…
    [稳定等待] 已等   0.0s  e_big=-4.67° e_small=-0.91°  |ω_big|=0.44°/s |ω_small|=0.19°/s  连续 0.0/3s  ← 未满足 e_big超差
    [稳定等待] 已等   1.0s  e_big=-4.25° e_small=-0.74°  |ω_big|=0.39°/s |ω_small|=0.15°/s  连续 0.0/3s  ← 未满足 e_big超差
    [稳定等待] 已等   2.0s  e_big=-3.88° e_small=-0.59°  |ω_big|=0.35°/s |ω_small|=0.12°/s  连续 0.0/3s  ← 未满足 e_big超差
    [稳定等待] 已等   3.0s  e_big=-3.56° e_small=-0.49°  |ω_big|=0.31°/s |ω_small|=0.10°/s  连续 0.0/3s  ← 未满足 e_big超差
    [稳定等待] 已等   4.0s  e_big=-3.26° e_small=-0.39°  |ω_big|=0.28°/s |ω_small|=0.08°/s  连续 0.0/3s  ← 未满足 e_big超差
    [稳定等待] 已等   5.0s  e_big=-2.99° e_small=-0.32°  |ω_big|=0.25°/s |ω_small|=0.07°/s  连续 0.0/3s
    [稳定等待] 已等   6.0s  e_big=-2.75° e_small=-0.26°  |ω_big|=0.23°/s |ω_small|=0.05°/s  连续 1.0/3s
    [稳定等待] 已等   7.0s  e_big=-2.53° e_small=-0.21°  |ω_big|=0.21°/s |ω_small|=0.05°/s  连续 2.0/3s
  ✓ 已稳定（第二段用时 8.00s，两段合计 13.00s）
  采样 300 点 (3.00 s @100Hz)…
  保存: _tmp4x/train_a/sysid_small_20260919_141042_71.npz
        _tmp4x/train_a/sysid_small_20260919_141042_71.csv  (300 行)

=== 段 73 === driven=big 轴 / held=small 轴  温度=(30,30)℃
  参考来源: recording_1778322660.npz[2109:2409] 随机缩放=0.52
  driven 大 yaw: 中心=+2.289 rad 半幅=±0.407 rad(±23.3°)
  held   小 yaw: 目标=-0.081 rad (-4.6°)  [包络 -22°…+22°]
  到位(固定 5s): err_big=+3.13° err_small=+0.82°
  等待连续 3s 稳定（判据: 两轴误差 ≤ 3° 且 两轴速度 < 6°/s；任一越界即重新计时）…
    [稳定等待] 已等   0.0s  e_big=+3.13° e_small=+0.82°  |ω_big|=0.27°/s |ω_small|=0.17°/s  连续 0.0/3s  ← 未满足 e_big超差
    [稳定等待] 已等   1.0s  e_big=+2.88° e_small=+0.66°  |ω_big|=0.24°/s |ω_small|=0.14°/s  连续 0.5/3s
    [稳定等待] 已等   2.0s  e_big=+2.65° e_small=+0.54°  |ω_big|=0.22°/s |ω_small|=0.12°/s  连续 1.5/3s
    [稳定等待] 已等   3.0s  e_big=+2.43° e_small=+0.44°  |ω_big|=0.20°/s |ω_small|=0.09°/s  连续 2.5/3s
  ✓ 已稳定（第二段用时 3.51s，两段合计 8.51s）
  采样 300 点 (3.00 s @100Hz)…
  保存: _tmp4x/train_a/sysid_big_20260919_141059_72.npz
        _tmp4x/train_a/sysid_big_20260919_141059_72.csv  (300 行)

=== 段 74 === driven=small 轴 / held=big 轴  温度=(30,30)℃
  参考来源: recording_1778341521.npz[17279:17579] 随机缩放=0.11
  driven 小 yaw: 中心=+0.059 rad(+3.4°) 半幅=±0.344 rad(±19.7°)
    整条位于参考包络 [-22°, +22°] 内（硬限位 [-30°, +30°]，两侧各留 8° 跟踪余量; 中心 +0.0°）
  held   大 yaw: 目标=+4.046 rad（现有方位角 ±π 内随机）
  到位(固定 5s): err_big=+0.98° err_small=-0.13°
  等待连续 3s 稳定（判据: 两轴误差 ≤ 3° 且 两轴速度 < 6°/s；任一越界即重新计时）…
    [稳定等待] 已等   0.0s  e_big=+0.98° e_small=-0.13°  |ω_big|=0.08°/s |ω_small|=0.02°/s  连续 0.0/3s
    [稳定等待] 已等   1.0s  e_big=+0.90° e_small=-0.10°  |ω_big|=0.07°/s |ω_small|=0.02°/s  连续 1.0/3s
    [稳定等待] 已等   2.0s  e_big=+0.83° e_small=-0.09°  |ω_big|=0.07°/s |ω_small|=0.02°/s  连续 2.0/3s
  ✓ 已稳定（第二段用时 3.00s，两段合计 8.00s）
  采样 300 点 (3.00 s @100Hz)…
  保存: _tmp4x/train_a/sysid_small_20260919_141115_73.npz
        _tmp4x/train_a/sysid_small_20260919_141115_73.csv  (300 行)

=== 段 75 === driven=big 轴 / held=small 轴  温度=(30,30)℃
  参考来源: recording_1778413386.npz[43805:44105] 随机缩放=0.36
  driven 大 yaw: 中心=+4.393 rad 半幅=±0.365 rad(±20.9°)
  held   小 yaw: 目标=-0.193 rad (-11.0°)  [包络 -22°…+22°]
  到位(固定 5s): err_big=+1.98° err_small=-0.02°
  等待连续 3s 稳定（判据: 两轴误差 ≤ 3° 且 两轴速度 < 6°/s；任一越界即重新计时）…
    [稳定等待] 已等   0.0s  e_big=+1.98° e_small=-0.02°  |ω_big|=0.16°/s |ω_small|=0.00°/s  连续 0.0/3s
    [稳定等待] 已等   1.0s  e_big=+1.83° e_small=-0.02°  |ω_big|=0.15°/s |ω_small|=0.00°/s  连续 1.0/3s
    [稳定等待] 已等   2.0s  e_big=+1.68° e_small=-0.01°  |ω_big|=0.14°/s |ω_small|=0.00°/s  连续 2.0/3s
  ✓ 已稳定（第二段用时 3.00s，两段合计 8.00s）
  采样 300 点 (3.00 s @100Hz)…
  保存: _tmp4x/train_a/sysid_big_20260919_141131_74.npz
        _tmp4x/train_a/sysid_big_20260919_141131_74.csv  (300 行)

=== 段 76 === driven=small 轴 / held=big 轴  温度=(30,30)℃
  参考来源: recording_1778328241.npz[13825:14125] 随机缩放=1.35
  driven 小 yaw: 中心=+0.000 rad(+0.0°) 半幅=±0.327 rad(±18.8°)
    整条位于参考包络 [-22°, +22°] 内（硬限位 [-30°, +30°]，两侧各留 8° 跟踪余量; 中心 +0.0°）
  held   大 yaw: 目标=+6.664 rad（现有方位角 ±π 内随机）
  到位(固定 5s): err_big=+4.99° err_small=+1.22°
  等待连续 3s 稳定（判据: 两轴误差 ≤ 3° 且 两轴速度 < 6°/s；任一越界即重新计时）…
    [稳定等待] 已等   0.0s  e_big=+4.99° e_small=+1.22°  |ω_big|=0.49°/s |ω_small|=0.27°/s  连续 0.0/3s  ← 未满足 e_big超差
    [稳定等待] 已等   1.0s  e_big=+4.53° e_small=+0.99°  |ω_big|=0.42°/s |ω_small|=0.21°/s  连续 0.0/3s  ← 未满足 e_big超差
    [稳定等待] 已等   2.0s  e_big=+4.13° e_small=+0.80°  |ω_big|=0.37°/s |ω_small|=0.17°/s  连续 0.0/3s  ← 未满足 e_big超差
    [稳定等待] 已等   3.0s  e_big=+3.78° e_small=+0.65°  |ω_big|=0.33°/s |ω_small|=0.13°/s  连续 0.0/3s  ← 未满足 e_big超差
    [稳定等待] 已等   4.0s  e_big=+3.46° e_small=+0.53°  |ω_big|=0.30°/s |ω_small|=0.10°/s  连续 0.0/3s  ← 未满足 e_big超差
    [稳定等待] 已等   5.0s  e_big=+3.17° e_small=+0.43°  |ω_big|=0.27°/s |ω_small|=0.09°/s  连续 0.0/3s  ← 未满足 e_big超差
    [稳定等待] 已等   6.0s  e_big=+2.91° e_small=+0.35°  |ω_big|=0.25°/s |ω_small|=0.07°/s  连续 0.4/3s
    [稳定等待] 已等   7.0s  e_big=+2.68° e_small=+0.28°  |ω_big|=0.22°/s |ω_small|=0.05°/s  连续 1.4/3s
    [稳定等待] 已等   8.0s  e_big=+2.46° e_small=+0.23°  |ω_big|=0.20°/s |ω_small|=0.05°/s  连续 2.4/3s
  ✓ 已稳定（第二段用时 8.69s，两段合计 13.69s）
  采样 300 点 (3.00 s @100Hz)…
  保存: _tmp4x/train_a/sysid_small_20260919_141153_75.npz
        _tmp4x/train_a/sysid_small_20260919_141153_75.csv  (300 行)

=== 段 77 === driven=big 轴 / held=small 轴  温度=(30,30)℃
  参考来源: recording_1778328241.npz[8304:8604] 随机缩放=1.01
  driven 大 yaw: 中心=+6.879 rad 半幅=±0.684 rad(±39.2°)
  held   小 yaw: 目标=+0.064 rad (+3.7°)  [包络 -22°…+22°]
  到位(固定 5s): err_big=+1.70° err_small=-0.14°
  等待连续 3s 稳定（判据: 两轴误差 ≤ 3° 且 两轴速度 < 6°/s；任一越界即重新计时）…
    [稳定等待] 已等   0.0s  e_big=+1.70° e_small=-0.14°  |ω_big|=0.14°/s |ω_small|=0.03°/s  连续 0.0/3s
    [稳定等待] 已等   1.0s  e_big=+1.56° e_small=-0.12°  |ω_big|=0.13°/s |ω_small|=0.02°/s  连续 1.0/3s
    [稳定等待] 已等   2.0s  e_big=+1.44° e_small=-0.09°  |ω_big|=0.12°/s |ω_small|=0.02°/s  连续 2.0/3s
  ✓ 已稳定（第二段用时 3.00s，两段合计 8.00s）
  采样 300 点 (3.00 s @100Hz)…
  保存: _tmp4x/train_a/sysid_big_20260919_141209_76.npz
        _tmp4x/train_a/sysid_big_20260919_141209_76.csv  (300 行)

=== 段 78 === driven=small 轴 / held=big 轴  温度=(30,30)℃
  参考来源: recording_1778413386.npz[46756:47056] 随机缩放=0.59
  driven 小 yaw: 中心=-0.113 rad(-6.5°) 半幅=±0.285 rad(±16.3°)
    整条位于参考包络 [-22°, +22°] 内（硬限位 [-30°, +30°]，两侧各留 8° 跟踪余量; 中心 +0.0°）
  held   大 yaw: 目标=+6.237 rad（现有方位角 ±π 内随机）
  到位(固定 5s): err_big=+2.23° err_small=+0.65°
  等待连续 3s 稳定（判据: 两轴误差 ≤ 3° 且 两轴速度 < 6°/s；任一越界即重新计时）…
    [稳定等待] 已等   0.0s  e_big=+2.23° e_small=+0.65°  |ω_big|=0.18°/s |ω_small|=0.14°/s  连续 0.0/3s
    [稳定等待] 已等   1.0s  e_big=+2.06° e_small=+0.53°  |ω_big|=0.17°/s |ω_small|=0.11°/s  连续 1.0/3s
    [稳定等待] 已等   2.0s  e_big=+1.90° e_small=+0.43°  |ω_big|=0.15°/s |ω_small|=0.09°/s  连续 2.0/3s
  ✓ 已稳定（第二段用时 3.00s，两段合计 8.00s）
  采样 300 点 (3.00 s @100Hz)…
  保存: _tmp4x/train_a/sysid_small_20260919_141226_77.npz
        _tmp4x/train_a/sysid_small_20260919_141226_77.csv  (300 行)

=== 段 79 === driven=big 轴 / held=small 轴  温度=(30,30)℃
  参考来源: recording_1778341844.npz[7633:7933] 随机缩放=0.17
  driven 大 yaw: 中心=+6.311 rad 半幅=±0.499 rad(±28.6°)
  held   小 yaw: 目标=-0.010 rad (-0.6°)  [包络 -22°…+22°]
  到位(固定 5s): err_big=+1.70° err_small=+0.44°
  等待连续 3s 稳定（判据: 两轴误差 ≤ 3° 且 两轴速度 < 6°/s；任一越界即重新计时）…
    [稳定等待] 已等   0.0s  e_big=+1.70° e_small=+0.44°  |ω_big|=0.14°/s |ω_small|=0.09°/s  连续 0.0/3s
    [稳定等待] 已等   1.0s  e_big=+1.57° e_small=+0.36°  |ω_big|=0.13°/s |ω_small|=0.07°/s  连续 1.0/3s
    [稳定等待] 已等   2.0s  e_big=+1.44° e_small=+0.29°  |ω_big|=0.12°/s |ω_small|=0.06°/s  连续 2.0/3s
  ✓ 已稳定（第二段用时 3.00s，两段合计 8.00s）
  采样 300 点 (3.00 s @100Hz)…
  保存: _tmp4x/train_a/sysid_big_20260919_141241_78.npz
        _tmp4x/train_a/sysid_big_20260919_141241_78.csv  (300 行)

=== 段 80 === driven=small 轴 / held=big 轴  温度=(30,30)℃
  参考来源: recording_1778328241.npz[8246:8546] 随机缩放=0.29
  driven 小 yaw: 中心=+0.108 rad(+6.2°) 半幅=±0.291 rad(±16.7°)
    整条位于参考包络 [-22°, +22°] 内（硬限位 [-30°, +30°]，两侧各留 8° 跟踪余量; 中心 +0.0°）
  held   大 yaw: 目标=+4.278 rad（现有方位角 ±π 内随机）
  到位(固定 5s): err_big=-4.24° err_small=-0.74°
  等待连续 3s 稳定（判据: 两轴误差 ≤ 3° 且 两轴速度 < 6°/s；任一越界即重新计时）…
    [稳定等待] 已等   0.0s  e_big=-4.24° e_small=-0.74°  |ω_big|=0.39°/s |ω_small|=0.15°/s  连续 0.0/3s  ← 未满足 e_big超差
    [稳定等待] 已等   1.0s  e_big=-3.87° e_small=-0.60°  |ω_big|=0.34°/s |ω_small|=0.13°/s  连续 0.0/3s  ← 未满足 e_big超差
    [稳定等待] 已等   2.0s  e_big=-3.54° e_small=-0.49°  |ω_big|=0.31°/s |ω_small|=0.10°/s  连续 0.0/3s  ← 未满足 e_big超差
    [稳定等待] 已等   3.0s  e_big=-3.25° e_small=-0.40°  |ω_big|=0.28°/s |ω_small|=0.08°/s  连续 0.0/3s  ← 未满足 e_big超差
    [稳定等待] 已等   4.0s  e_big=-2.98° e_small=-0.33°  |ω_big|=0.25°/s |ω_small|=0.06°/s  连续 0.1/3s
    [稳定等待] 已等   5.0s  e_big=-2.74° e_small=-0.26°  |ω_big|=0.23°/s |ω_small|=0.06°/s  连续 1.1/3s
    [稳定等待] 已等   6.0s  e_big=-2.52° e_small=-0.22°  |ω_big|=0.21°/s |ω_small|=0.04°/s  连续 2.1/3s
  ✓ 已稳定（第二段用时 6.97s，两段合计 11.97s）
  采样 300 点 (3.00 s @100Hz)…
  保存: _tmp4x/train_a/sysid_small_20260919_141301_79.npz
        _tmp4x/train_a/sysid_small_20260919_141301_79.csv  (300 行)

=== 段 81 === driven=big 轴 / held=small 轴  温度=(30,30)℃
  参考来源: recording_1778414251.npz[10497:10797] 随机缩放=0.23
  driven 大 yaw: 中心=+4.447 rad 半幅=±0.440 rad(±25.2°)
  held   小 yaw: 目标=+0.140 rad (+8.0°)  [包络 -22°…+22°]
  到位(固定 5s): err_big=+0.04° err_small=+0.27°
  等待连续 3s 稳定（判据: 两轴误差 ≤ 3° 且 两轴速度 < 6°/s；任一越界即重新计时）…
    [稳定等待] 已等   0.0s  e_big=+0.04° e_small=+0.27°  |ω_big|=0.00°/s |ω_small|=0.05°/s  连续 0.0/3s
    [稳定等待] 已等   1.0s  e_big=+0.04° e_small=+0.22°  |ω_big|=0.00°/s |ω_small|=0.04°/s  连续 1.0/3s
    [稳定等待] 已等   2.0s  e_big=+0.04° e_small=+0.18°  |ω_big|=0.00°/s |ω_small|=0.04°/s  连续 2.0/3s
  ✓ 已稳定（第二段用时 3.00s，两段合计 8.00s）
  采样 300 点 (3.00 s @100Hz)…
  保存: _tmp4x/train_a/sysid_big_20260919_141317_80.npz
        _tmp4x/train_a/sysid_big_20260919_141317_80.csv  (300 行)

=== 段 82 === driven=small 轴 / held=big 轴  温度=(30,30)℃
  参考来源: recording_1778341521.npz[14655:14955] 随机缩放=0.06
  driven 小 yaw: 中心=-0.124 rad(-7.1°) 半幅=±0.308 rad(±17.6°)
    整条位于参考包络 [-22°, +22°] 内（硬限位 [-30°, +30°]，两侧各留 8° 跟踪余量; 中心 +0.0°）
  held   大 yaw: 目标=+1.717 rad（现有方位角 ±π 内随机）
  到位(固定 5s): err_big=-4.75° err_small=-0.95°
  等待连续 3s 稳定（判据: 两轴误差 ≤ 3° 且 两轴速度 < 6°/s；任一越界即重新计时）…
    [稳定等待] 已等   0.0s  e_big=-4.75° e_small=-0.95°  |ω_big|=0.45°/s |ω_small|=0.20°/s  连续 0.0/3s  ← 未满足 e_big超差
    [稳定等待] 已等   1.0s  e_big=-4.33° e_small=-0.77°  |ω_big|=0.40°/s |ω_small|=0.16°/s  连续 0.0/3s  ← 未满足 e_big超差
    [稳定等待] 已等   2.0s  e_big=-3.95° e_small=-0.63°  |ω_big|=0.35°/s |ω_small|=0.13°/s  连续 0.0/3s  ← 未满足 e_big超差
    [稳定等待] 已等   3.0s  e_big=-3.61° e_small=-0.51°  |ω_big|=0.32°/s |ω_small|=0.11°/s  连续 0.0/3s  ← 未满足 e_big超差
    [稳定等待] 已等   4.0s  e_big=-3.31° e_small=-0.41°  |ω_big|=0.28°/s |ω_small|=0.08°/s  连续 0.0/3s  ← 未满足 e_big超差
    [稳定等待] 已等   5.0s  e_big=-3.04° e_small=-0.34°  |ω_big|=0.26°/s |ω_small|=0.07°/s  连续 0.0/3s  ← 未满足 e_big超差
    [稳定等待] 已等   6.0s  e_big=-2.79° e_small=-0.28°  |ω_big|=0.23°/s |ω_small|=0.06°/s  连续 0.8/3s
    [稳定等待] 已等   7.0s  e_big=-2.57° e_small=-0.23°  |ω_big|=0.21°/s |ω_small|=0.05°/s  连续 1.9/3s
    [稳定等待] 已等   8.0s  e_big=-2.36° e_small=-0.18°  |ω_big|=0.20°/s |ω_small|=0.04°/s  连续 2.9/3s
  ✓ 已稳定（第二段用时 8.19s，两段合计 13.19s）
  采样 300 点 (3.00 s @100Hz)…
  保存: _tmp4x/train_a/sysid_small_20260919_141336_81.npz
        _tmp4x/train_a/sysid_small_20260919_141336_81.csv  (300 行)

=== 段 83 === driven=big 轴 / held=small 轴  温度=(30,30)℃
  参考来源: recording_1778341012.npz[22738:23038] 随机缩放=0.58
  driven 大 yaw: 中心=+1.388 rad 半幅=±0.618 rad(±35.4°)
  held   小 yaw: 目标=-0.040 rad (-2.3°)  [包络 -22°…+22°]
  到位(固定 5s): err_big=+2.09° err_small=-0.19°
  等待连续 3s 稳定（判据: 两轴误差 ≤ 3° 且 两轴速度 < 6°/s；任一越界即重新计时）…
    [稳定等待] 已等   0.0s  e_big=+2.09° e_small=-0.19°  |ω_big|=0.17°/s |ω_small|=0.04°/s  连续 0.0/3s
    [稳定等待] 已等   1.0s  e_big=+1.93° e_small=-0.15°  |ω_big|=0.16°/s |ω_small|=0.03°/s  连续 1.0/3s
    [稳定等待] 已等   2.0s  e_big=+1.78° e_small=-0.12°  |ω_big|=0.14°/s |ω_small|=0.03°/s  连续 2.0/3s
  ✓ 已稳定（第二段用时 3.00s，两段合计 8.00s）
  采样 300 点 (3.00 s @100Hz)…
  保存: _tmp4x/train_a/sysid_big_20260919_141351_82.npz
        _tmp4x/train_a/sysid_big_20260919_141351_82.csv  (300 行)

=== 段 84 === driven=small 轴 / held=big 轴  温度=(30,30)℃
  参考来源: recording_1778341844.npz[20446:20746] 随机缩放=0.17
  driven 小 yaw: 中心=-0.021 rad(-1.2°) 半幅=±0.191 rad(±11.0°)
    整条位于参考包络 [-22°, +22°] 内（硬限位 [-30°, +30°]，两侧各留 8° 跟踪余量; 中心 +0.0°）
  held   大 yaw: 目标=-1.277 rad（现有方位角 ±π 内随机）
  到位(固定 5s): err_big=-4.53° err_small=-0.85°
  等待连续 3s 稳定（判据: 两轴误差 ≤ 3° 且 两轴速度 < 6°/s；任一越界即重新计时）…
    [稳定等待] 已等   0.0s  e_big=-4.53° e_small=-0.85°  |ω_big|=0.42°/s |ω_small|=0.18°/s  连续 0.0/3s  ← 未满足 e_big超差
    [稳定等待] 已等   1.0s  e_big=-4.13° e_small=-0.69°  |ω_big|=0.37°/s |ω_small|=0.14°/s  连续 0.0/3s  ← 未满足 e_big超差
    [稳定等待] 已等   2.0s  e_big=-3.78° e_small=-0.56°  |ω_big|=0.33°/s |ω_small|=0.12°/s  连续 0.0/3s  ← 未满足 e_big超差
    [稳定等待] 已等   3.0s  e_big=-3.46° e_small=-0.46°  |ω_big|=0.30°/s |ω_small|=0.09°/s  连续 0.0/3s  ← 未满足 e_big超差
    [稳定等待] 已等   4.0s  e_big=-3.17° e_small=-0.37°  |ω_big|=0.27°/s |ω_small|=0.08°/s  连续 0.0/3s  ← 未满足 e_big超差
    [稳定等待] 已等   5.0s  e_big=-2.91° e_small=-0.30°  |ω_big|=0.25°/s |ω_small|=0.06°/s  连续 0.4/3s
    [稳定等待] 已等   6.0s  e_big=-2.68° e_small=-0.25°  |ω_big|=0.22°/s |ω_small|=0.05°/s  连续 1.4/3s
    [稳定等待] 已等   7.0s  e_big=-2.46° e_small=-0.20°  |ω_big|=0.20°/s |ω_small|=0.04°/s  连续 2.4/3s
  ✓ 已稳定（第二段用时 7.69s，两段合计 12.69s）
  采样 300 点 (3.00 s @100Hz)…
  保存: _tmp4x/train_a/sysid_small_20260919_141410_83.npz
        _tmp4x/train_a/sysid_small_20260919_141410_83.csv  (300 行)

=== 段 85 === driven=big 轴 / held=small 轴  温度=(30,30)℃
  参考来源: recording_1778341844.npz[8295:8595] 随机缩放=1.08
  driven 大 yaw: 中心=-1.403 rad 半幅=±0.652 rad(±37.3°)
  held   小 yaw: 目标=-0.112 rad (-6.4°)  [包络 -22°…+22°]
  到位(固定 5s): err_big=+1.11° err_small=+0.19°
  等待连续 3s 稳定（判据: 两轴误差 ≤ 3° 且 两轴速度 < 6°/s；任一越界即重新计时）…
    [稳定等待] 已等   0.0s  e_big=+1.11° e_small=+0.19°  |ω_big|=0.09°/s |ω_small|=0.04°/s  连续 0.0/3s
    [稳定等待] 已等   1.0s  e_big=+1.03° e_small=+0.16°  |ω_big|=0.08°/s |ω_small|=0.03°/s  连续 1.0/3s
    [稳定等待] 已等   2.0s  e_big=+0.95° e_small=+0.13°  |ω_big|=0.08°/s |ω_small|=0.03°/s  连续 2.0/3s
  ✓ 已稳定（第二段用时 3.00s，两段合计 8.00s）
  采样 300 点 (3.00 s @100Hz)…
  保存: _tmp4x/train_a/sysid_big_20260919_141425_84.npz
        _tmp4x/train_a/sysid_big_20260919_141425_84.csv  (300 行)

=== 段 86 === driven=small 轴 / held=big 轴  温度=(30,30)℃
  参考来源: recording_1778413386.npz[17669:17969] 随机缩放=0.05
  driven 小 yaw: 中心=-0.057 rad(-3.3°) 半幅=±0.222 rad(±12.7°)
    整条位于参考包络 [-22°, +22°] 内（硬限位 [-30°, +30°]，两侧各留 8° 跟踪余量; 中心 +0.0°）
  held   大 yaw: 目标=-1.224 rad（现有方位角 ±π 内随机）
  到位(固定 5s): err_big=-4.15° err_small=-1.01°
  等待连续 3s 稳定（判据: 两轴误差 ≤ 3° 且 两轴速度 < 6°/s；任一越界即重新计时）…
    [稳定等待] 已等   0.0s  e_big=-4.15° e_small=-1.01°  |ω_big|=0.38°/s |ω_small|=0.22°/s  连续 0.0/3s  ← 未满足 e_big超差
    [稳定等待] 已等   1.0s  e_big=-3.80° e_small=-0.81°  |ω_big|=0.34°/s |ω_small|=0.17°/s  连续 0.0/3s  ← 未满足 e_big超差
    [稳定等待] 已等   2.0s  e_big=-3.48° e_small=-0.66°  |ω_big|=0.30°/s |ω_small|=0.14°/s  连续 0.0/3s  ← 未满足 e_big超差
    [稳定等待] 已等   3.0s  e_big=-3.19° e_small=-0.54°  |ω_big|=0.27°/s |ω_small|=0.11°/s  连续 0.0/3s  ← 未满足 e_big超差
    [稳定等待] 已等   4.0s  e_big=-2.93° e_small=-0.44°  |ω_big|=0.25°/s |ω_small|=0.09°/s  连续 0.3/3s
    [稳定等待] 已等   5.0s  e_big=-2.69° e_small=-0.36°  |ω_big|=0.22°/s |ω_small|=0.07°/s  连续 1.3/3s
    [稳定等待] 已等   6.0s  e_big=-2.48° e_small=-0.29°  |ω_big|=0.21°/s |ω_small|=0.06°/s  连续 2.3/3s
  ✓ 已稳定（第二段用时 6.74s，两段合计 11.74s）
  采样 300 点 (3.00 s @100Hz)…
  保存: _tmp4x/train_a/sysid_small_20260919_141445_85.npz
        _tmp4x/train_a/sysid_small_20260919_141445_85.csv  (300 行)

=== 段 87 === driven=big 轴 / held=small 轴  温度=(30,30)℃
  参考来源: recording_1778328241.npz[5057:5357] 随机缩放=1.85
  driven 大 yaw: 中心=-0.714 rad 半幅=±0.367 rad(±21.0°)
  held   小 yaw: 目标=+0.236 rad (+13.5°)  [包络 -22°…+22°]
  到位(固定 5s): err_big=-3.70° err_small=-0.51°
  等待连续 3s 稳定（判据: 两轴误差 ≤ 3° 且 两轴速度 < 6°/s；任一越界即重新计时）…
    [稳定等待] 已等   0.0s  e_big=-3.70° e_small=-0.51°  |ω_big|=0.33°/s |ω_small|=0.10°/s  连续 0.0/3s  ← 未满足 e_big超差
    [稳定等待] 已等   1.0s  e_big=-3.40° e_small=-0.42°  |ω_big|=0.29°/s |ω_small|=0.09°/s  连续 0.0/3s  ← 未满足 e_big超差
    [稳定等待] 已等   2.0s  e_big=-3.11° e_small=-0.34°  |ω_big|=0.27°/s |ω_small|=0.07°/s  连续 0.0/3s  ← 未满足 e_big超差
    [稳定等待] 已等   3.0s  e_big=-2.86° e_small=-0.28°  |ω_big|=0.24°/s |ω_small|=0.06°/s  连续 0.6/3s
    [稳定等待] 已等   4.0s  e_big=-2.63° e_small=-0.23°  |ω_big|=0.22°/s |ω_small|=0.05°/s  连续 1.6/3s
    [稳定等待] 已等   5.0s  e_big=-2.42° e_small=-0.19°  |ω_big|=0.20°/s |ω_small|=0.04°/s  连续 2.6/3s
  ✓ 已稳定（第二段用时 5.46s，两段合计 10.46s）
  采样 300 点 (3.00 s @100Hz)…
  保存: _tmp4x/train_a/sysid_big_20260919_141503_86.npz
        _tmp4x/train_a/sysid_big_20260919_141503_86.csv  (300 行)

=== 段 88 === driven=small 轴 / held=big 轴  温度=(30,30)℃
  参考来源: recording_1778327131.npz[3032:3332] 随机缩放=0.29
  driven 小 yaw: 中心=-0.035 rad(-2.0°) 半幅=±0.248 rad(±14.2°)
    整条位于参考包络 [-22°, +22°] 内（硬限位 [-30°, +30°]，两侧各留 8° 跟踪余量; 中心 +0.0°）
  held   大 yaw: 目标=-3.258 rad（现有方位角 ±π 内随机）
  到位(固定 5s): err_big=-4.61° err_small=-0.88°
  等待连续 3s 稳定（判据: 两轴误差 ≤ 3° 且 两轴速度 < 6°/s；任一越界即重新计时）…
    [稳定等待] 已等   0.0s  e_big=-4.61° e_small=-0.88°  |ω_big|=0.43°/s |ω_small|=0.19°/s  连续 0.0/3s  ← 未满足 e_big超差
    [稳定等待] 已等   1.0s  e_big=-4.20° e_small=-0.71°  |ω_big|=0.38°/s |ω_small|=0.15°/s  连续 0.0/3s  ← 未满足 e_big超差
    [稳定等待] 已等   2.0s  e_big=-3.84° e_small=-0.58°  |ω_big|=0.34°/s |ω_small|=0.12°/s  连续 0.0/3s  ← 未满足 e_big超差
    [稳定等待] 已等   3.0s  e_big=-3.51° e_small=-0.47°  |ω_big|=0.31°/s |ω_small|=0.10°/s  连续 0.0/3s  ← 未满足 e_big超差
    [稳定等待] 已等   4.0s  e_big=-3.22° e_small=-0.38°  |ω_big|=0.28°/s |ω_small|=0.08°/s  连续 0.0/3s  ← 未满足 e_big超差
    [稳定等待] 已等   5.0s  e_big=-2.96° e_small=-0.31°  |ω_big|=0.25°/s |ω_small|=0.06°/s  连续 0.2/3s
    [稳定等待] 已等   6.0s  e_big=-2.72° e_small=-0.25°  |ω_big|=0.23°/s |ω_small|=0.05°/s  连续 1.2/3s
    [稳定等待] 已等   7.0s  e_big=-2.50° e_small=-0.21°  |ω_big|=0.21°/s |ω_small|=0.04°/s  连续 2.2/3s
  ✓ 已稳定（第二段用时 7.86s，两段合计 12.86s）
  采样 300 点 (3.00 s @100Hz)…
  保存: _tmp4x/train_a/sysid_small_20260919_141523_87.npz
        _tmp4x/train_a/sysid_small_20260919_141523_87.csv  (300 行)

=== 段 89 === driven=big 轴 / held=small 轴  温度=(30,30)℃
  参考来源: recording_1778414251.npz[10297:10597] 随机缩放=1.54
  driven 大 yaw: 中心=-2.789 rad 半幅=±0.497 rad(±28.5°)
  held   小 yaw: 目标=-0.072 rad (-4.1°)  [包络 -22°…+22°]
  到位(固定 5s): err_big=-3.97° err_small=-0.97°
  等待连续 3s 稳定（判据: 两轴误差 ≤ 3° 且 两轴速度 < 6°/s；任一越界即重新计时）…
    [稳定等待] 已等   0.0s  e_big=-3.97° e_small=-0.97°  |ω_big|=0.35°/s |ω_small|=0.20°/s  连续 0.0/3s  ← 未满足 e_big超差
    [稳定等待] 已等   1.0s  e_big=-3.63° e_small=-0.79°  |ω_big|=0.32°/s |ω_small|=0.16°/s  连续 0.0/3s  ← 未满足 e_big超差
    [稳定等待] 已等   2.0s  e_big=-3.33° e_small=-0.64°  |ω_big|=0.29°/s |ω_small|=0.13°/s  连续 0.0/3s  ← 未满足 e_big超差
    [稳定等待] 已等   3.0s  e_big=-3.05° e_small=-0.52°  |ω_big|=0.26°/s |ω_small|=0.11°/s  连续 0.0/3s  ← 未满足 e_big超差
    [稳定等待] 已等   4.0s  e_big=-2.81° e_small=-0.42°  |ω_big|=0.24°/s |ω_small|=0.09°/s  连续 0.8/3s
    [稳定等待] 已等   5.0s  e_big=-2.58° e_small=-0.35°  |ω_big|=0.21°/s |ω_small|=0.07°/s  连续 1.8/3s
    [稳定等待] 已等   6.0s  e_big=-2.38° e_small=-0.28°  |ω_big|=0.20°/s |ω_small|=0.05°/s  连续 2.8/3s
  ✓ 已稳定（第二段用时 6.22s，两段合计 11.22s）
  采样 300 点 (3.00 s @100Hz)…
  保存: _tmp4x/train_a/sysid_big_20260919_141541_88.npz
        _tmp4x/train_a/sysid_big_20260919_141541_88.csv  (300 行)

=== 段 90 === driven=small 轴 / held=big 轴  温度=(30,30)℃
  参考来源: recording_1778327131.npz[703:1003] 随机缩放=0.25
  driven 小 yaw: 中心=-0.212 rad(-12.1°) 半幅=±0.358 rad(±20.5°)
    整条位于参考包络 [-22°, +22°] 内（硬限位 [-30°, +30°]，两侧各留 8° 跟踪余量; 中心 +0.0°）
  held   大 yaw: 目标=-3.153 rad（现有方位角 ±π 内随机）
  到位(固定 5s): err_big=-1.11° err_small=+0.22°
  等待连续 3s 稳定（判据: 两轴误差 ≤ 3° 且 两轴速度 < 6°/s；任一越界即重新计时）…
    [稳定等待] 已等   0.0s  e_big=-1.11° e_small=+0.22°  |ω_big|=0.09°/s |ω_small|=0.04°/s  连续 0.0/3s
    [稳定等待] 已等   1.0s  e_big=-1.02° e_small=+0.17°  |ω_big|=0.08°/s |ω_small|=0.04°/s  连续 1.0/3s
    [稳定等待] 已等   2.0s  e_big=-0.94° e_small=+0.14°  |ω_big|=0.08°/s |ω_small|=0.03°/s  连续 2.0/3s
  ✓ 已稳定（第二段用时 3.00s，两段合计 8.00s）
  采样 300 点 (3.00 s @100Hz)…
  保存: _tmp4x/train_a/sysid_small_20260919_141557_89.npz
        _tmp4x/train_a/sysid_small_20260919_141557_89.csv  (300 行)

=== 段 91 === driven=big 轴 / held=small 轴  温度=(30,30)℃
  参考来源: recording_1778341844.npz[19485:19785] 随机缩放=0.44
  driven 大 yaw: 中心=-3.522 rad 半幅=±0.431 rad(±24.7°)
  held   小 yaw: 目标=+0.238 rad (+13.7°)  [包络 -22°…+22°]
  到位(固定 5s): err_big=-2.35° err_small=-0.30°
  等待连续 3s 稳定（判据: 两轴误差 ≤ 3° 且 两轴速度 < 6°/s；任一越界即重新计时）…
    [稳定等待] 已等   0.0s  e_big=-2.35° e_small=-0.30°  |ω_big|=0.19°/s |ω_small|=0.06°/s  连续 0.0/3s
    [稳定等待] 已等   1.0s  e_big=-2.16° e_small=-0.24°  |ω_big|=0.18°/s |ω_small|=0.05°/s  连续 1.0/3s
    [稳定等待] 已等   2.0s  e_big=-1.99° e_small=-0.20°  |ω_big|=0.16°/s |ω_small|=0.04°/s  连续 2.0/3s
  ✓ 已稳定（第二段用时 3.00s，两段合计 8.00s）
  采样 300 点 (3.00 s @100Hz)…
  保存: _tmp4x/train_a/sysid_big_20260919_141613_90.npz
        _tmp4x/train_a/sysid_big_20260919_141613_90.csv  (300 行)

=== 段 92 === driven=small 轴 / held=big 轴  温度=(30,30)℃
  参考来源: recording_1778322622.npz[232:532] 随机缩放=0.21
  driven 小 yaw: 中心=-0.063 rad(-3.6°) 半幅=±0.288 rad(±16.5°)
    整条位于参考包络 [-22°, +22°] 内（硬限位 [-30°, +30°]，两侧各留 8° 跟踪余量; 中心 +0.0°）
  held   大 yaw: 目标=-3.221 rad（现有方位角 ±π 内随机）
  到位(固定 5s): err_big=-3.90° err_small=-0.67°
  等待连续 3s 稳定（判据: 两轴误差 ≤ 3° 且 两轴速度 < 6°/s；任一越界即重新计时）…
    [稳定等待] 已等   0.0s  e_big=-3.90° e_small=-0.67°  |ω_big|=0.35°/s |ω_small|=0.14°/s  连续 0.0/3s  ← 未满足 e_big超差
    [稳定等待] 已等   1.0s  e_big=-3.56° e_small=-0.55°  |ω_big|=0.31°/s |ω_small|=0.11°/s  连续 0.0/3s  ← 未满足 e_big超差
    [稳定等待] 已等   2.0s  e_big=-3.27° e_small=-0.44°  |ω_big|=0.28°/s |ω_small|=0.09°/s  连续 0.0/3s  ← 未满足 e_big超差
    [稳定等待] 已等   3.0s  e_big=-3.00° e_small=-0.36°  |ω_big|=0.25°/s |ω_small|=0.07°/s  连续 0.0/3s  ← 未满足 e_big超差
    [稳定等待] 已等   4.0s  e_big=-2.76° e_small=-0.30°  |ω_big|=0.23°/s |ω_small|=0.06°/s  连续 1.0/3s
    [稳定等待] 已等   5.0s  e_big=-2.53° e_small=-0.24°  |ω_big|=0.21°/s |ω_small|=0.05°/s  连续 2.0/3s
  ✓ 已稳定（第二段用时 6.03s，两段合计 11.03s）
  采样 300 点 (3.00 s @100Hz)…
  保存: _tmp4x/train_a/sysid_small_20260919_141632_91.npz
        _tmp4x/train_a/sysid_small_20260919_141632_91.csv  (300 行)

=== 段 93 === driven=big 轴 / held=small 轴  温度=(30,30)℃
  参考来源: recording_1778341844.npz[1539:1839] 随机缩放=0.21
  driven 大 yaw: 中心=-3.650 rad 半幅=±0.547 rad(±31.3°)
  held   小 yaw: 目标=-0.027 rad (-1.6°)  [包络 -22°…+22°]
  到位(固定 5s): err_big=+0.71° err_small=-0.20°
  等待连续 3s 稳定（判据: 两轴误差 ≤ 3° 且 两轴速度 < 6°/s；任一越界即重新计时）…
    [稳定等待] 已等   0.0s  e_big=+0.71° e_small=-0.20°  |ω_big|=0.06°/s |ω_small|=0.04°/s  连续 0.0/3s
    [稳定等待] 已等   1.0s  e_big=+0.66° e_small=-0.17°  |ω_big|=0.05°/s |ω_small|=0.03°/s  连续 1.0/3s
    [稳定等待] 已等   2.0s  e_big=+0.61° e_small=-0.13°  |ω_big|=0.05°/s |ω_small|=0.03°/s  连续 2.0/3s
  ✓ 已稳定（第二段用时 3.00s，两段合计 8.00s）
  采样 300 点 (3.00 s @100Hz)…
  保存: _tmp4x/train_a/sysid_big_20260919_141648_92.npz
        _tmp4x/train_a/sysid_big_20260919_141648_92.csv  (300 行)

=== 段 94 === driven=small 轴 / held=big 轴  温度=(30,30)℃
  参考来源: recording_1778322622.npz[1799:2099] 随机缩放=0.34
  driven 小 yaw: 中心=+0.130 rad(+7.4°) 半幅=±0.285 rad(±16.3°)
    整条位于参考包络 [-22°, +22°] 内（硬限位 [-30°, +30°]，两侧各留 8° 跟踪余量; 中心 +0.0°）
  held   大 yaw: 目标=-0.567 rad（现有方位角 ±π 内随机）
  到位(固定 5s): err_big=+5.08° err_small=+1.12°
  等待连续 3s 稳定（判据: 两轴误差 ≤ 3° 且 两轴速度 < 6°/s；任一越界即重新计时）…
    [稳定等待] 已等   0.0s  e_big=+5.08° e_small=+1.12°  |ω_big|=0.50°/s |ω_small|=0.24°/s  连续 0.0/3s  ← 未满足 e_big超差
    [稳定等待] 已等   1.0s  e_big=+4.61° e_small=+0.91°  |ω_big|=0.43°/s |ω_small|=0.19°/s  连续 0.0/3s  ← 未满足 e_big超差
    [稳定等待] 已等   2.0s  e_big=+4.21° e_small=+0.73°  |ω_big|=0.38°/s |ω_small|=0.15°/s  连续 0.0/3s  ← 未满足 e_big超差
    [稳定等待] 已等   3.0s  e_big=+3.85° e_small=+0.60°  |ω_big|=0.34°/s |ω_small|=0.12°/s  连续 0.0/3s  ← 未满足 e_big超差
    [稳定等待] 已等   4.0s  e_big=+3.52° e_small=+0.48°  |ω_big|=0.31°/s |ω_small|=0.10°/s  连续 0.0/3s  ← 未满足 e_big超差
    [稳定等待] 已等   5.0s  e_big=+3.23° e_small=+0.40°  |ω_big|=0.28°/s |ω_small|=0.08°/s  连续 0.0/3s  ← 未满足 e_big超差
    [稳定等待] 已等   6.0s  e_big=+2.97° e_small=+0.32°  |ω_big|=0.25°/s |ω_small|=0.06°/s  连续 0.1/3s
    [稳定等待] 已等   7.0s  e_big=+2.72° e_small=+0.26°  |ω_big|=0.23°/s |ω_small|=0.06°/s  连续 1.2/3s
    [稳定等待] 已等   8.0s  e_big=+2.51° e_small=+0.21°  |ω_big|=0.21°/s |ω_small|=0.05°/s  连续 2.1/3s
  ✓ 已稳定（第二段用时 8.89s，两段合计 13.89s）
  采样 300 点 (3.00 s @100Hz)…
  保存: _tmp4x/train_a/sysid_small_20260919_141709_93.npz
        _tmp4x/train_a/sysid_small_20260919_141709_93.csv  (300 行)

=== 段 95 === driven=big 轴 / held=small 轴  温度=(30,30)℃
  参考来源: recording_1778414251.npz[23093:23393] 随机缩放=0.79
  driven 大 yaw: 中心=-0.581 rad 半幅=±0.636 rad(±36.4°)
  held   小 yaw: 目标=-0.176 rad (-10.1°)  [包络 -22°…+22°]
  到位(固定 5s): err_big=+3.21° err_small=+0.22°
  等待连续 3s 稳定（判据: 两轴误差 ≤ 3° 且 两轴速度 < 6°/s；任一越界即重新计时）…
    [稳定等待] 已等   0.0s  e_big=+3.21° e_small=+0.22°  |ω_big|=0.27°/s |ω_small|=0.04°/s  连续 0.0/3s  ← 未满足 e_big超差
    [稳定等待] 已等   1.0s  e_big=+2.94° e_small=+0.18°  |ω_big|=0.25°/s |ω_small|=0.04°/s  连续 0.2/3s
    [稳定等待] 已等   2.0s  e_big=+2.71° e_small=+0.15°  |ω_big|=0.23°/s |ω_small|=0.03°/s  连续 1.2/3s
    [稳定等待] 已等   3.0s  e_big=+2.49° e_small=+0.12°  |ω_big|=0.21°/s |ω_small|=0.02°/s  连续 2.2/3s
  ✓ 已稳定（第二段用时 3.79s，两段合计 8.79s）
  采样 300 点 (3.00 s @100Hz)…
  保存: _tmp4x/train_a/sysid_big_20260919_141725_94.npz
        _tmp4x/train_a/sysid_big_20260919_141725_94.csv  (300 行)

=== 段 96 === driven=small 轴 / held=big 轴  温度=(30,30)℃
  参考来源: recording_1778322622.npz[2334:2634] 随机缩放=0.28
  driven 小 yaw: 中心=+0.059 rad(+3.4°) 半幅=±0.236 rad(±13.5°)
    整条位于参考包络 [-22°, +22°] 内（硬限位 [-30°, +30°]，两侧各留 8° 跟踪余量; 中心 +0.0°）
  held   大 yaw: 目标=+0.531 rad（现有方位角 ±π 内随机）
  到位(固定 5s): err_big=+1.94° err_small=+0.09°
  等待连续 3s 稳定（判据: 两轴误差 ≤ 3° 且 两轴速度 < 6°/s；任一越界即重新计时）…
    [稳定等待] 已等   0.0s  e_big=+1.94° e_small=+0.09°  |ω_big|=0.16°/s |ω_small|=0.02°/s  连续 0.0/3s
    [稳定等待] 已等   1.0s  e_big=+1.79° e_small=+0.07°  |ω_big|=0.15°/s |ω_small|=0.01°/s  连续 1.0/3s
    [稳定等待] 已等   2.0s  e_big=+1.65° e_small=+0.06°  |ω_big|=0.13°/s |ω_small|=0.01°/s  连续 2.0/3s
  ✓ 已稳定（第二段用时 3.00s，两段合计 8.00s）
  采样 300 点 (3.00 s @100Hz)…
  保存: _tmp4x/train_a/sysid_small_20260919_141740_95.npz
        _tmp4x/train_a/sysid_small_20260919_141740_95.csv  (300 行)

=== 段 97 === driven=big 轴 / held=small 轴  温度=(30,30)℃
  参考来源: recording_1778341521.npz[22761:23061] 随机缩放=0.29
  driven 大 yaw: 中心=+0.995 rad 半幅=±0.577 rad(±33.0°)
  held   小 yaw: 目标=+0.134 rad (+7.7°)  [包络 -22°…+22°]
  到位(固定 5s): err_big=+1.55° err_small=+0.47°
  等待连续 3s 稳定（判据: 两轴误差 ≤ 3° 且 两轴速度 < 6°/s；任一越界即重新计时）…
    [稳定等待] 已等   0.0s  e_big=+1.55° e_small=+0.47°  |ω_big|=0.12°/s |ω_small|=0.10°/s  连续 0.0/3s
    [稳定等待] 已等   1.0s  e_big=+1.43° e_small=+0.38°  |ω_big|=0.11°/s |ω_small|=0.08°/s  连续 1.0/3s
    [稳定等待] 已等   2.0s  e_big=+1.32° e_small=+0.31°  |ω_big|=0.11°/s |ω_small|=0.06°/s  连续 2.0/3s
  ✓ 已稳定（第二段用时 3.00s，两段合计 8.00s）
  采样 300 点 (3.00 s @100Hz)…
  保存: _tmp4x/train_a/sysid_big_20260919_141756_96.npz
        _tmp4x/train_a/sysid_big_20260919_141756_96.csv  (300 行)

=== 段 98 === driven=small 轴 / held=big 轴  温度=(30,30)℃
  参考来源: recording_1778414251.npz[26605:26905] 随机缩放=0.21
  driven 小 yaw: 中心=-0.046 rad(-2.6°) 半幅=±0.210 rad(±12.1°)
    整条位于参考包络 [-22°, +22°] 内（硬限位 [-30°, +30°]，两侧各留 8° 跟踪余量; 中心 +0.0°）
  held   大 yaw: 目标=+3.529 rad（现有方位角 ±π 内随机）
  到位(固定 5s): err_big=+5.10° err_small=+1.13°
  等待连续 3s 稳定（判据: 两轴误差 ≤ 3° 且 两轴速度 < 6°/s；任一越界即重新计时）…
    [稳定等待] 已等   0.0s  e_big=+5.10° e_small=+1.13°  |ω_big|=0.50°/s |ω_small|=0.24°/s  连续 0.0/3s  ← 未满足 e_big超差
    [稳定等待] 已等   1.0s  e_big=+4.62° e_small=+0.91°  |ω_big|=0.44°/s |ω_small|=0.19°/s  连续 0.0/3s  ← 未满足 e_big超差
    [稳定等待] 已等   2.0s  e_big=+4.22° e_small=+0.74°  |ω_big|=0.38°/s |ω_small|=0.16°/s  连续 0.0/3s  ← 未满足 e_big超差
    [稳定等待] 已等   3.0s  e_big=+3.85° e_small=+0.60°  |ω_big|=0.34°/s |ω_small|=0.12°/s  连续 0.0/3s  ← 未满足 e_big超差
    [稳定等待] 已等   4.0s  e_big=+3.52° e_small=+0.49°  |ω_big|=0.31°/s |ω_small|=0.10°/s  连续 0.0/3s  ← 未满足 e_big超差
    [稳定等待] 已等   5.0s  e_big=+3.23° e_small=+0.40°  |ω_big|=0.28°/s |ω_small|=0.08°/s  连续 0.0/3s  ← 未满足 e_big超差
    [稳定等待] 已等   6.1s  e_big=+2.96° e_small=+0.32°  |ω_big|=0.25°/s |ω_small|=0.07°/s  连续 0.1/3s
    [稳定等待] 已等   7.1s  e_big=+2.73° e_small=+0.26°  |ω_big|=0.23°/s |ω_small|=0.05°/s  连续 1.2/3s
    [稳定等待] 已等   8.1s  e_big=+2.51° e_small=+0.22°  |ω_big|=0.21°/s |ω_small|=0.04°/s  连续 2.2/3s
  ✓ 已稳定（第二段用时 8.91s，两段合计 13.91s）
  采样 300 点 (3.00 s @100Hz)…
  保存: _tmp4x/train_a/sysid_small_20260919_141818_97.npz
        _tmp4x/train_a/sysid_small_20260919_141818_97.csv  (300 行)

=== 段 99 === driven=big 轴 / held=small 轴  温度=(30,30)℃
  参考来源: recording_1778413386.npz[21185:21485] 随机缩放=0.26
  driven 大 yaw: 中心=+3.676 rad 半幅=±0.669 rad(±38.3°)
  held   小 yaw: 目标=+0.060 rad (+3.4°)  [包络 -22°…+22°]
  到位(固定 5s): err_big=-3.64° err_small=-0.91°
  等待连续 3s 稳定（判据: 两轴误差 ≤ 3° 且 两轴速度 < 6°/s；任一越界即重新计时）…
    [稳定等待] 已等   0.0s  e_big=-3.64° e_small=-0.91°  |ω_big|=0.32°/s |ω_small|=0.19°/s  连续 0.0/3s  ← 未满足 e_big超差
    [稳定等待] 已等   1.0s  e_big=-3.33° e_small=-0.74°  |ω_big|=0.29°/s |ω_small|=0.15°/s  连续 0.0/3s  ← 未满足 e_big超差
    [稳定等待] 已等   2.0s  e_big=-3.06° e_small=-0.60°  |ω_big|=0.26°/s |ω_small|=0.12°/s  连续 0.0/3s  ← 未满足 e_big超差
    [稳定等待] 已等   3.0s  e_big=-2.81° e_small=-0.49°  |ω_big|=0.24°/s |ω_small|=0.10°/s  连续 0.8/3s
    [稳定等待] 已等   4.0s  e_big=-2.58° e_small=-0.40°  |ω_big|=0.22°/s |ω_small|=0.08°/s  连续 1.8/3s
    [稳定等待] 已等   5.0s  e_big=-2.38° e_small=-0.32°  |ω_big|=0.20°/s |ω_small|=0.06°/s  连续 2.8/3s
  ✓ 已稳定（第二段用时 5.24s，两段合计 10.24s）
  采样 300 点 (3.00 s @100Hz)…
  保存: _tmp4x/train_a/sysid_big_20260919_141836_98.npz
        _tmp4x/train_a/sysid_big_20260919_141836_98.csv  (300 行)

=== 段 100 === driven=small 轴 / held=big 轴  温度=(30,30)℃
  参考来源: recording_1778330157.npz[23352:23652] 随机缩放=0.24
  driven 小 yaw: 中心=+0.141 rad(+8.1°) 半幅=±0.266 rad(±15.3°)
    整条位于参考包络 [-22°, +22°] 内（硬限位 [-30°, +30°]，两侧各留 8° 跟踪余量; 中心 +0.0°）
  held   大 yaw: 目标=+1.463 rad（现有方位角 ±π 内随机）
  到位(固定 5s): err_big=-1.99° err_small=-0.11°
  等待连续 3s 稳定（判据: 两轴误差 ≤ 3° 且 两轴速度 < 6°/s；任一越界即重新计时）…
    [稳定等待] 已等   0.0s  e_big=-1.99° e_small=-0.11°  |ω_big|=0.16°/s |ω_small|=0.02°/s  连续 0.0/3s
    [稳定等待] 已等   1.0s  e_big=-1.84° e_small=-0.10°  |ω_big|=0.15°/s |ω_small|=0.02°/s  连续 1.0/3s
    [稳定等待] 已等   2.0s  e_big=-1.69° e_small=-0.08°  |ω_big|=0.14°/s |ω_small|=0.02°/s  连续 2.0/3s
  ✓ 已稳定（第二段用时 3.00s，两段合计 8.00s）
  采样 300 点 (3.00 s @100Hz)…
  保存: _tmp4x/train_a/sysid_small_20260919_141852_99.npz
        _tmp4x/train_a/sysid_small_20260919_141852_99.csv  (300 行)
  已发送 20 帧零力矩并停止
------------------------------------------------------------------------------
完成: 保存 100/100 段 → _tmp4x/train_a
  [DRY-RUN] 仿真下发 138303 帧, 结束状态 θ_big=+1.4281 θ_small=+1.4818 rad
exit=0
