[load] 共读入 400 段数据（400 个文件，跳过 0 个）
[load] 共读入 32 段数据（32 个文件，跳过 0 个）
[ok] 留出集与训练集无重合（32 段，指纹比对）
[beta] 400/400 段带 `backlash_center` 列（在线估计 β）: 范围 [-0.0658, +0.0722] rad（-3.77°~+4.14°）
[beta] 仿真真值 β 范围 [-0.0245, +0.0304] rad；在线估计误差 RMS = 31.515 mrad
[torch] ★ 冻结参数（不参与优化，恒保持初值）: backlash_through=0.002
[torch] 原仓库配方：epochs=10000 × 段数400 个 Adam 步（= 原仓库 num_epochs 同轮数），每次 10 步(0.1 s)随机片段，lr=0.0003（常数），损失 = 角度wrap MSE + 角速度 MSE(等权)，3-DOF RK4 积分(substeps=2)，无限位(log 参数化)
[torch] 数据: 400 段 → 400 个 sample（最长 300 点 = 3.00 s，水平(重力=0)）；拟合轴=both，自由参数=15；参数化: log 参数化: Jbig_eff,Js,fc_big,fv_big,fc_small,fv_small,backlash_delta,backlash_k,backlash_c,Jmotor,fc_motor,fv_motor; 自由参数: Px,Py,backlash_beta；参数限位: 无（无上下界 / 无 clamp / 无投影 / 无惩罚项）
[torch] 初值 φ0 = [+0.05189 +0.00916 +0.00190 -0.00102 +0.10336 +0.20904 +0.03058 +0.04874 +0.08730 +200.00000 +2.00000 +0.00200 +0.00600 +0.03000 +0.01000 +0.00000]（来源: 用户 --init-vector）
[torch] ★ --batch-segments: 每 epoch 1 次 Adam 步（每步 batch=400/400 段 × 10 步；损失 = 组内各段损失均值）
[torch] epoch     0/10000  loss=7.838265e-02  [+0.05191 +0.00916 +0.00220 -0.00132 +0.10339 +0.20898 +0.03059 +0.04875 +0.08727 +199.94002 +2.00060 +0.00200 +0.00600 +0.03001 +0.01000 +0.00000]
[torch] epoch     1/10000  loss=9.319190e-02  [+0.05192 +0.00917 +0.00250 -0.00162 +0.10342 +0.20892 +0.03060 +0.04876 +0.08727 +199.88621 +2.00112 +0.00200 +0.00600 +0.03002 +0.00999 +0.00000]
[torch] epoch     2/10000  loss=8.736314e-02  [+0.05193 +0.00917 +0.00277 -0.00191 +0.10345 +0.20886 +0.03061 +0.04878 +0.08727 +199.82991 +2.00168 +0.00200 +0.00599 +0.03003 +0.00999 +0.00000]
[torch] epoch     3/10000  loss=9.029932e-02  [+0.05195 +0.00917 +0.00301 -0.00221 +0.10348 +0.20879 +0.03062 +0.04879 +0.08726 +199.78424 +2.00225 +0.00200 +0.00599 +0.03004 +0.00999 +0.00000]
[torch] epoch     4/10000  loss=8.029930e-02  [+0.05196 +0.00918 +0.00323 -0.00250 +0.10351 +0.20873 +0.03063 +0.04881 +0.08724 +199.73367 +2.00284 +0.00200 +0.00599 +0.03004 +0.00999 +0.00000]
[eval@   250] 留出集窗口 RMSE[°] 电机/云台/小yaw = 0.773/0.190/0.776  角速度 = 0.3368/0.0781/0.3135
[torch] epoch   250/10000  loss=7.230483e-02  [+0.05289 +0.00985 +0.01247 -0.02384 +0.11061 +0.19588 +0.03283 +0.05223 +0.08433 +189.22435 +2.16606 +0.00200 +0.00548 +0.03205 +0.00941 +0.00000]
[eval@   500] 留出集窗口 RMSE[°] 电机/云台/小yaw = 0.777/0.181/0.686  角速度 = 0.3312/0.0752/0.2773
[torch] epoch   500/10000  loss=6.261892e-02  [+0.05277 +0.01052 +0.01439 -0.02538 +0.11792 +0.18444 +0.03511 +0.05558 +0.08122 +181.07407 +2.31854 +0.00200 +0.00513 +0.03085 +0.00888 +0.00000]
[eval@   750] 留出集窗口 RMSE[°] 电机/云台/小yaw = 0.777/0.171/0.608  角速度 = 0.3302/0.0714/0.2461
[torch] epoch   750/10000  loss=5.581901e-02  [+0.05248 +0.01116 +0.01921 -0.02315 +0.12554 +0.17451 +0.03738 +0.05875 +0.07865 +169.99842 +2.35239 +0.00200 +0.00513 +0.02802 +0.00841 +0.00000]
[eval@  1000] 留出集窗口 RMSE[°] 电机/云台/小yaw = 0.775/0.165/0.542  角速度 = 0.3293/0.0690/0.2193
[torch] epoch  1000/10000  loss=4.854703e-02  [+0.05198 +0.01178 +0.01602 -0.02340 +0.13405 +0.16624 +0.03962 +0.06163 +0.07697 +157.56526 +2.36939 +0.00200 +0.00515 +0.02575 +0.00805 +0.00000]
[eval@  1250] 留出集窗口 RMSE[°] 电机/云台/小yaw = 0.774/0.159/0.484  角速度 = 0.3285/0.0664/0.1963
[torch] epoch  1250/10000  loss=5.526353e-02  [+0.05161 +0.01240 +0.01207 -0.02103 +0.14264 +0.15882 +0.04188 +0.06426 +0.07483 +146.18625 +2.37955 +0.00200 +0.00517 +0.02390 +0.00773 +0.00000]
[eval@  1500] 留出集窗口 RMSE[°] 电机/云台/小yaw = 0.772/0.153/0.435  角速度 = 0.3276/0.0645/0.1766
[torch] epoch  1500/10000  loss=5.040786e-02  [+0.05117 +0.01299 +0.01244 -0.02016 +0.15090 +0.15199 +0.04413 +0.06661 +0.07388 +135.41028 +2.39387 +0.00200 +0.00517 +0.02216 +0.00745 +0.00000]
[eval@  1750] 留出集窗口 RMSE[°] 电机/云台/小yaw = 0.771/0.148/0.391  角速度 = 0.3270/0.0623/0.1593
[torch] epoch  1750/10000  loss=4.522206e-02  [+0.05102 +0.01358 +0.01105 -0.01931 +0.15897 +0.14563 +0.04639 +0.06862 +0.07224 +125.87970 +2.40176 +0.00200 +0.00518 +0.02070 +0.00719 +0.00000]
[eval@  2000] 留出集窗口 RMSE[°] 电机/云台/小yaw = 0.770/0.143/0.354  角速度 = 0.3265/0.0604/0.1444
[torch] epoch  2000/10000  loss=4.150323e-02  [+0.05077 +0.01415 +0.01054 -0.01745 +0.16629 +0.13997 +0.04865 +0.07030 +0.07074 +117.52552 +2.40709 +0.00200 +0.00518 +0.01933 +0.00697 +0.00000]
[eval@  2250] 留出集窗口 RMSE[°] 电机/云台/小yaw = 0.767/0.140/0.321  角速度 = 0.3259/0.0595/0.1313
[torch] epoch  2250/10000  loss=3.673811e-02  [+0.05022 +0.01472 +0.01444 -0.01649 +0.17321 +0.13483 +0.05089 +0.07158 +0.06906 +109.26357 +2.41203 +0.00200 +0.00519 +0.01815 +0.00679 +0.00000]
[eval@  2500] 留出集窗口 RMSE[°] 电机/云台/小yaw = 0.766/0.135/0.291  角速度 = 0.3256/0.0577/0.1196
[torch] epoch  2500/10000  loss=3.855959e-02  [+0.05033 +0.01527 +0.01500 -0.01843 +0.17876 +0.13021 +0.05313 +0.07256 +0.06716 +102.06236 +2.41216 +0.00200 +0.00519 +0.01708 +0.00664 +0.00000]
[eval@  2750] 留出集窗口 RMSE[°] 电机/云台/小yaw = 0.765/0.132/0.265  角速度 = 0.3251/0.0564/0.1097
[torch] epoch  2750/10000  loss=4.077270e-02  [+0.05024 +0.01581 +0.01249 -0.01868 +0.18290 +0.12614 +0.05529 +0.07300 +0.06555 +94.92910 +2.41845 +0.00200 +0.00518 +0.01602 +0.00652 +0.00000]
[eval@  3000] 留出集窗口 RMSE[°] 电机/云台/小yaw = 0.764/0.129/0.244  角速度 = 0.3246/0.0554/0.1013
[torch] epoch  3000/10000  loss=4.268413e-02  [+0.05004 +0.01634 +0.00761 -0.01733 +0.18743 +0.12253 +0.05731 +0.07305 +0.06392 +88.21596 +2.41924 +0.00200 +0.00518 +0.01512 +0.00644 +0.00000]
[eval@  3250] 留出集窗口 RMSE[°] 电机/云台/小yaw = 0.763/0.125/0.224  角速度 = 0.3245/0.0541/0.0935
[torch] epoch  3250/10000  loss=3.688960e-02  [+0.05009 +0.01686 +0.00843 -0.01822 +0.19012 +0.11929 +0.05941 +0.07276 +0.06254 +82.78761 +2.41664 +0.00200 +0.00518 +0.01460 +0.00638 +0.00000]
[eval@  3500] 留出集窗口 RMSE[°] 电机/云台/小yaw = 0.761/0.122/0.206  角速度 = 0.3242/0.0531/0.0868
[torch] epoch  3500/10000  loss=3.700571e-02  [+0.05010 +0.01736 +0.00646 -0.01941 +0.19288 +0.11640 +0.06151 +0.07216 +0.06070 +77.52555 +2.41800 +0.00200 +0.00518 +0.01407 +0.00636 +0.00000]
[eval@  3750] 留出集窗口 RMSE[°] 电机/云台/小yaw = 0.759/0.121/0.190  角速度 = 0.3238/0.0528/0.0809
[torch] epoch  3750/10000  loss=2.992746e-02  [+0.04992 +0.01783 +0.00840 -0.02213 +0.19580 +0.11407 +0.06345 +0.07118 +0.05836 +72.14932 +2.41400 +0.00200 +0.00518 +0.01352 +0.00637 +0.00000]
[eval@  4000] 留出集窗口 RMSE[°] 电机/云台/小yaw = 0.757/0.118/0.177  角速度 = 0.3235/0.0518/0.0758
[torch] epoch  4000/10000  loss=2.733670e-02  [+0.05006 +0.01828 +0.00722 -0.02312 +0.19756 +0.11217 +0.06547 +0.06997 +0.05592 +66.81100 +2.41312 +0.00200 +0.00518 +0.01302 +0.00643 +0.00000]
[eval@  4250] 留出集窗口 RMSE[°] 电机/云台/小yaw = 0.755/0.116/0.165  角速度 = 0.3229/0.0511/0.0714
[torch] epoch  4250/10000  loss=2.564421e-02  [+0.05010 +0.01870 +0.00477 -0.02459 +0.19862 +0.11041 +0.06747 +0.06847 +0.05328 +61.48035 +2.41576 +0.00200 +0.00517 +0.01253 +0.00649 +0.00000]
[eval@  4500] 留出集窗口 RMSE[°] 电机/云台/小yaw = 0.753/0.113/0.155  角速度 = 0.3223/0.0501/0.0678
[torch] epoch  4500/10000  loss=3.672084e-02  [+0.05020 +0.01909 +0.00401 -0.02444 +0.19940 +0.10880 +0.06941 +0.06672 +0.05059 +56.74984 +2.41889 +0.00200 +0.00517 +0.01202 +0.00655 +0.00000]
[eval@  4750] 留出集窗口 RMSE[°] 电机/云台/小yaw = 0.749/0.112/0.145  角速度 = 0.3213/0.0499/0.0643
[torch] epoch  4750/10000  loss=3.334181e-02  [+0.05007 +0.01942 +0.00830 -0.02797 +0.20039 +0.10747 +0.07142 +0.06498 +0.04769 +52.08200 +2.41940 +0.00200 +0.00517 +0.01152 +0.00662 +0.00000]
[eval@  5000] 留出集窗口 RMSE[°] 电机/云台/小yaw = 0.746/0.111/0.138  角速度 = 0.3205/0.0493/0.0617
[torch] epoch  5000/10000  loss=3.498433e-02  [+0.05006 +0.01972 +0.00594 -0.02751 +0.20102 +0.10682 +0.07334 +0.06314 +0.04524 +48.00530 +2.42040 +0.00200 +0.00518 +0.01103 +0.00673 +0.00000]
[eval@  5250] 留出集窗口 RMSE[°] 电机/云台/小yaw = 0.744/0.110/0.133  角速度 = 0.3195/0.0490/0.0597
[torch] epoch  5250/10000  loss=2.954510e-02  [+0.05007 +0.01997 +0.00720 -0.02733 +0.20158 +0.10685 +0.07517 +0.06117 +0.04264 +44.72745 +2.42456 +0.00200 +0.00518 +0.01055 +0.00691 +0.00000]
[eval@  5500] 留出集窗口 RMSE[°] 电机/云台/小yaw = 0.740/0.110/0.127  角速度 = 0.3185/0.0492/0.0579
[torch] epoch  5500/10000  loss=2.694098e-02  [+0.04989 +0.02016 +0.00441 -0.02821 +0.20293 +0.10667 +0.07707 +0.05924 +0.04002 +41.73704 +2.42467 +0.00200 +0.00518 +0.01010 +0.00703 +0.00000]
[eval@  5750] 留出集窗口 RMSE[°] 电机/云台/小yaw = 0.737/0.109/0.122  角速度 = 0.3177/0.0487/0.0560
[torch] epoch  5750/10000  loss=3.151302e-02  [+0.04995 +0.02032 +0.00731 -0.02967 +0.20286 +0.10633 +0.07885 +0.05727 +0.03754 +38.96485 +2.42388 +0.00200 +0.00519 +0.00966 +0.00713 +0.00000]
[eval@  6000] 留出集窗口 RMSE[°] 电机/云台/小yaw = 0.735/0.107/0.118  角速度 = 0.3170/0.0483/0.0546
[torch] epoch  6000/10000  loss=3.834098e-02  [+0.04990 +0.02041 +0.00529 -0.02798 +0.20296 +0.10598 +0.08058 +0.05532 +0.03522 +36.46364 +2.42590 +0.00200 +0.00518 +0.00923 +0.00721 +0.00000]
[eval@  6250] 留出集窗口 RMSE[°] 电机/云台/小yaw = 0.732/0.106/0.114  角速度 = 0.3162/0.0480/0.0531
[torch] epoch  6250/10000  loss=3.365110e-02  [+0.04984 +0.02047 +0.00364 -0.02807 +0.20289 +0.10580 +0.08213 +0.05334 +0.03304 +34.33589 +2.42198 +0.00200 +0.00518 +0.00883 +0.00730 +0.00000]
[eval@  6500] 留出集窗口 RMSE[°] 电机/云台/小yaw = 0.730/0.105/0.110  角速度 = 0.3156/0.0477/0.0520
[torch] epoch  6500/10000  loss=3.917275e-02  [+0.04981 +0.02050 +0.00695 -0.02631 +0.20341 +0.10570 +0.08357 +0.05142 +0.03102 +32.53091 +2.42085 +0.00200 +0.00517 +0.00844 +0.00739 +0.00000]
[eval@  6750] 留出集窗口 RMSE[°] 电机/云台/小yaw = 0.728/0.104/0.106  角速度 = 0.3150/0.0474/0.0508
[torch] epoch  6750/10000  loss=2.944131e-02  [+0.04991 +0.02050 +0.00467 -0.02716 +0.20332 +0.10556 +0.08492 +0.04956 +0.02915 +30.97385 +2.42063 +0.00200 +0.00516 +0.00807 +0.00747 +0.00000]
[eval@  7000] 留出集窗口 RMSE[°] 电机/云台/小yaw = 0.726/0.103/0.103  角速度 = 0.3144/0.0470/0.0497
[torch] epoch  7000/10000  loss=3.224809e-02  [+0.04994 +0.02049 +0.00786 -0.02541 +0.20386 +0.10560 +0.08620 +0.04780 +0.02740 +29.57317 +2.41174 +0.00200 +0.00515 +0.00770 +0.00755 +0.00000]
[eval@  7250] 留出集窗口 RMSE[°] 电机/云台/小yaw = 0.724/0.103/0.101  角速度 = 0.3138/0.0472/0.0489
[torch] epoch  7250/10000  loss=2.910264e-02  [+0.04987 +0.02047 +0.00361 -0.02596 +0.20545 +0.10547 +0.08753 +0.04611 +0.02576 +28.45987 +2.40335 +0.00200 +0.00514 +0.00735 +0.00763 +0.00000]
[eval@  7500] 留出集窗口 RMSE[°] 电机/云台/小yaw = 0.723/0.102/0.098  角速度 = 0.3135/0.0468/0.0481
[torch] epoch  7500/10000  loss=3.095447e-02  [+0.04985 +0.02046 +0.00666 -0.02409 +0.20441 +0.10527 +0.08837 +0.04453 +0.02432 +27.49620 +2.40083 +0.00200 +0.00511 +0.00700 +0.00770 +0.00000]
[eval@  7750] 留出集窗口 RMSE[°] 电机/云台/小yaw = 0.721/0.101/0.096  角速度 = 0.3130/0.0466/0.0474
[torch] epoch  7750/10000  loss=2.826836e-02  [+0.04992 +0.02042 +0.00519 -0.02348 +0.20623 +0.10471 +0.08925 +0.04299 +0.02294 +26.84604 +2.39007 +0.00200 +0.00510 +0.00670 +0.00774 +0.00000]
[eval@  8000] 留出集窗口 RMSE[°] 电机/云台/小yaw = 0.720/0.101/0.094  角速度 = 0.3126/0.0466/0.0467
[torch] epoch  8000/10000  loss=3.794189e-02  [+0.04979 +0.02040 +0.00560 -0.02276 +0.20610 +0.10470 +0.09005 +0.04156 +0.02167 +26.20264 +2.37960 +0.00200 +0.00508 +0.00640 +0.00781 +0.00000]
[eval@  8250] 留出集窗口 RMSE[°] 电机/云台/小yaw = 0.720/0.100/0.092  角速度 = 0.3125/0.0463/0.0462
[torch] epoch  8250/10000  loss=2.637857e-02  [+0.04992 +0.02038 +0.00316 -0.02182 +0.20671 +0.10408 +0.09121 +0.04023 +0.02130 +25.92345 +2.37458 +0.00200 +0.00505 +0.00609 +0.00785 +0.00000]
[eval@  8500] 留出集窗口 RMSE[°] 电机/云台/小yaw = 0.719/0.101/0.090  角速度 = 0.3123/0.0466/0.0456
[torch] epoch  8500/10000  loss=2.862724e-02  [+0.04980 +0.02033 +0.00589 -0.02228 +0.20804 +0.10428 +0.09183 +0.03893 +0.02115 +25.56223 +2.36068 +0.00200 +0.00503 +0.00580 +0.00794 +0.00000]
[eval@  8750] 留出集窗口 RMSE[°] 电机/云台/小yaw = 0.719/0.099/0.089  角速度 = 0.3123/0.0460/0.0450
[torch] epoch  8750/10000  loss=2.495805e-02  [+0.04999 +0.02032 +0.00664 -0.02084 +0.20820 +0.10371 +0.09260 +0.03772 +0.02098 +25.23749 +2.35047 +0.00200 +0.00501 +0.00552 +0.00798 +0.00000]
[eval@  9000] 留出集窗口 RMSE[°] 电机/云台/小yaw = 0.719/0.099/0.088  角速度 = 0.3121/0.0463/0.0448
[torch] epoch  9000/10000  loss=3.147167e-02  [+0.05000 +0.02033 +0.00556 -0.02208 +0.20897 +0.10401 +0.09288 +0.03666 +0.02078 +24.95240 +2.34164 +0.00200 +0.00498 +0.00525 +0.00810 +0.00000]
[eval@  9250] 留出集窗口 RMSE[°] 电机/云台/小yaw = 0.718/0.099/0.087  角速度 = 0.3120/0.0462/0.0446
[torch] epoch  9250/10000  loss=2.495367e-02  [+0.04998 +0.02030 +0.00392 -0.02109 +0.20919 +0.10369 +0.09368 +0.03572 +0.02056 +24.65714 +2.33567 +0.00200 +0.00495 +0.00499 +0.00819 +0.00000]
[eval@  9500] 留出集窗口 RMSE[°] 电机/云台/小yaw = 0.719/0.098/0.086  角速度 = 0.3119/0.0459/0.0444
[torch] epoch  9500/10000  loss=2.904862e-02  [+0.05009 +0.02027 +0.00562 -0.01889 +0.21027 +0.10320 +0.09419 +0.03478 +0.02031 +24.46009 +2.32679 +0.00200 +0.00492 +0.00474 +0.00826 +0.00000]
[eval@  9750] 留出集窗口 RMSE[°] 电机/云台/小yaw = 0.718/0.098/0.085  角速度 = 0.3117/0.0460/0.0440
[torch] epoch  9750/10000  loss=2.610195e-02  [+0.05002 +0.02026 +0.00519 -0.01988 +0.21114 +0.10272 +0.09469 +0.03391 +0.02004 +24.28883 +2.31235 +0.00200 +0.00491 +0.00451 +0.00831 +0.00000]
[torch] epoch  9995/10000  loss=3.025573e-02  [+0.04995 +0.02024 +0.00379 -0.01904 +0.21235 +0.10241 +0.09525 +0.03313 +0.01974 +24.22601 +2.29937 +0.00200 +0.00489 +0.00430 +0.00839 +0.00000]
[torch] epoch  9996/10000  loss=2.574195e-02  [+0.04995 +0.02024 +0.00379 -0.01907 +0.21236 +0.10242 +0.09524 +0.03313 +0.01974 +24.22460 +2.29941 +0.00200 +0.00489 +0.00430 +0.00839 +0.00000]
[torch] epoch  9997/10000  loss=2.172258e-02  [+0.04994 +0.02024 +0.00378 -0.01906 +0.21236 +0.10242 +0.09524 +0.03313 +0.01974 +24.22216 +2.29959 +0.00200 +0.00489 +0.00429 +0.00839 +0.00000]
[torch] epoch  9998/10000  loss=2.798932e-02  [+0.04994 +0.02024 +0.00381 -0.01907 +0.21235 +0.10242 +0.09524 +0.03312 +0.01974 +24.21949 +2.29978 +0.00200 +0.00489 +0.00429 +0.00839 +0.00000]
[torch] epoch  9999/10000  loss=2.952974e-02  [+0.04994 +0.02024 +0.00380 -0.01906 +0.21235 +0.10241 +0.09524 +0.03312 +0.01974 +24.21766 +2.29986 +0.00200 +0.00489 +0.00429 +0.00839 +0.00000]
[eval@ 10000] 留出集窗口 RMSE[°] 电机/云台/小yaw = 0.717/0.098/0.085  角速度 = 0.3115/0.0461/0.0439

==============================================================================
辨识结果（输出误差法, 段数=400, 轴=both）  用时 4538.5s
配方: ★ 全批配方(epochs=10000 个**全批** Adam 步, 每步 batch=全部段)—— 同一损失，只是把原配方的'每段一次更新'合并成'每 epoch 一次'；Adam/总步数=10000；参数限位=无（无上下界 / 无 clamp / 无投影 / 无惩罚项）
 # 参数                         初值           估计           变化  单位
   ---- 平面 8 参（云台/小 yaw 子块）----
 0 Jbig_eff             0.051893     0.049938    -0.001955  kg·m²
 1 Js                   0.009162     0.020237    +0.011075  kg·m²
 2 Px                   0.001897     0.003795    +0.001898  kg·m
 3 Py                  -0.001017    -0.019064    -0.018047  kg·m
 4 fc_big               0.103360     0.212348    +0.108988  N·m
 5 fv_big               0.209044     0.102415    -0.106629  N·m·s/rad
 6 fc_small             0.030582     0.095238    +0.064656  N·m
 7 fv_small             0.048735     0.033121    -0.015614  N·m·s/rad
   ---- ★ 新增: 大 yaw 背隙 / 电机侧 ----
 8 backlash_delta       0.087300     0.019736    -0.067564  rad   (= 1.131°)
 9 backlash_k         200.000000    24.217660  -175.782340  N·m/rad
10 backlash_c           2.000000     2.299860    +0.299860  N·m·s/rad
11 backlash_through     0.002000     0.002000    +0.000000  —
12 Jmotor               0.006000     0.004886    -0.001114  kg·m²
13 fc_motor             0.030000     0.004293    -0.025707  N·m
14 fv_motor             0.010000     0.008393    -0.001607  N·m·s/rad
15 backlash_beta        0.000000     0.000000    +0.000000  rad
==============================================================================
