[load] 共读入 31 段数据（31 个文件，跳过 0 个）
[hold] 保持段截断: 15 段 → 各取前 3 s（4500 点），丢 9675 点（占这些段的 68%）；普通段不截断
[load] 共读入 7 段数据（7 个文件，跳过 0 个）
[hold] 保持段截断: 3 段 → 各取前 3 s（900 点），丢 1500 点（占这些段的 62%）；普通段不截断
[ok] 留出集与训练集无重合（7 段，指纹比对）
[beta] 31/31 段带 `backlash_center` 列（在线估计 β）: 范围 [-0.0546, +0.0576] rad（-3.13°~+3.30°）
[beta] 仿真真值 β 范围 [+0.0000, +0.0000] rad；在线估计误差 RMS = 11.815 mrad
[torch] ★ 冻结参数（不参与优化，恒保持初值）: backlash_through=0.002
[torch] 原仓库配方：epochs=1500 × 段数31 个 Adam 步（= 原仓库 num_epochs 同轮数），每次 10 步(0.1 s)随机片段，lr=0.0003（常数），损失 = 角度wrap MSE + 角速度 MSE(等权)，3-DOF RK4 积分(substeps=2)，无限位(log 参数化)
[torch] 数据: 31 段 → 31 个 sample（最长 300 点 = 3.00 s，水平(重力=0)）；拟合轴=both，自由参数=15；参数化: log 参数化: Jbig_eff,Js,fc_big,fv_big,fc_small,fv_small,backlash_delta,backlash_k,backlash_c,Jmotor,fc_motor,fv_motor; 自由参数: Px,Py,backlash_beta；参数限位: 无（无上下界 / 无 clamp / 无投影 / 无惩罚项）
[torch] 初值 φ0 = [+0.05000 +0.02000 +0.00866 +0.00500 +0.22000 +0.05500 +0.09730 +0.02800 +0.03000 +200.00000 +2.00000 +0.00200 +0.00600 +0.03000 +0.01000 +0.00000]（来源: 用户 --init-vector）
[torch] ★ --batch-segments: 每 epoch 1 次 Adam 步（每步 batch=31/31 段 × 10 步；损失 = 组内各段损失均值）
[torch] epoch     0/1500  loss=3.149491e-02  [+0.04999 +0.02001 +0.00836 +0.00530 +0.21993 +0.05502 +0.09733 +0.02801 +0.03001 +199.94001 +2.00060 +0.00200 +0.00600 +0.03001 +0.01000 +0.00000]
[torch] epoch     1/1500  loss=1.886083e-02  [+0.04999 +0.02001 +0.00806 +0.00559 +0.21997 +0.05503 +0.09734 +0.02801 +0.03001 +199.89883 +2.00107 +0.00200 +0.00600 +0.03002 +0.01001 +0.00000]
[torch] epoch     2/1500  loss=5.079848e-02  [+0.05000 +0.02002 +0.00783 +0.00583 +0.21995 +0.05503 +0.09736 +0.02802 +0.03002 +199.86454 +2.00155 +0.00200 +0.00600 +0.03002 +0.01001 +0.00000]
[torch] epoch     3/1500  loss=3.394205e-02  [+0.05001 +0.02002 +0.00762 +0.00606 +0.21996 +0.05503 +0.09738 +0.02802 +0.03002 +199.82550 +2.00208 +0.00200 +0.00599 +0.03002 +0.01001 +0.00000]
[torch] epoch     4/1500  loss=2.493446e-02  [+0.05002 +0.02003 +0.00743 +0.00631 +0.21997 +0.05504 +0.09741 +0.02803 +0.03002 +199.79823 +2.00258 +0.00200 +0.00599 +0.03003 +0.01001 +0.00000]
[eval@   150] 留出集窗口 RMSE[°] 电机/云台/小yaw = 0.887/0.124/0.082  角速度 = 0.3295/0.0373/0.0302
[torch] epoch   150/1500  loss=2.877041e-02  [+0.05149 +0.02052 +0.00005 +0.03732 +0.22574 +0.05554 +0.09976 +0.02852 +0.03079 +193.35981 +2.08297 +0.00200 +0.00578 +0.03114 +0.01034 +0.00000]
[eval@   300] 留出集窗口 RMSE[°] 电机/云台/小yaw = 0.860/0.134/0.087  角速度 = 0.3194/0.0417/0.0332
[torch] epoch   300/1500  loss=1.539204e-02  [+0.05301 +0.02076 -0.00380 +0.05566 +0.22959 +0.05541 +0.10180 +0.02894 +0.03149 +187.73810 +2.16671 +0.00200 +0.00556 +0.03199 +0.01060 +0.00000]
[eval@   450] 留出集窗口 RMSE[°] 电机/云台/小yaw = 0.839/0.139/0.090  角速度 = 0.3108/0.0446/0.0340
[torch] epoch   450/1500  loss=1.000196e-02  [+0.05446 +0.02084 -0.00496 +0.06423 +0.23278 +0.05559 +0.10262 +0.02902 +0.03220 +182.69275 +2.25336 +0.00200 +0.00534 +0.03231 +0.01093 +0.00000]
[eval@   600] 留出集窗口 RMSE[°] 电机/云台/小yaw = 0.822/0.142/0.086  角速度 = 0.3038/0.0468/0.0335
[torch] epoch   600/1500  loss=2.953631e-02  [+0.05613 +0.02105 -0.00577 +0.06656 +0.23341 +0.05574 +0.10271 +0.02895 +0.03289 +176.27700 +2.33566 +0.00200 +0.00519 +0.03074 +0.01125 +0.00000]
[eval@   750] 留出集窗口 RMSE[°] 电机/云台/小yaw = 0.811/0.147/0.081  角速度 = 0.2998/0.0492/0.0300
[torch] epoch   750/1500  loss=1.589367e-02  [+0.05813 +0.02114 -0.00108 +0.06284 +0.23224 +0.05607 +0.10199 +0.02886 +0.03343 +170.73413 +2.37497 +0.00200 +0.00522 +0.02848 +0.01154 +0.00000]
[eval@   900] 留出集窗口 RMSE[°] 电机/云台/小yaw = 0.800/0.151/0.078  角速度 = 0.2964/0.0512/0.0282
[torch] epoch   900/1500  loss=1.020075e-02  [+0.05975 +0.02138 -0.00380 +0.06020 +0.23156 +0.05643 +0.10049 +0.02847 +0.03403 +165.54470 +2.41216 +0.00200 +0.00525 +0.02686 +0.01180 +0.00000]
[eval@  1050] 留出集窗口 RMSE[°] 电机/云台/小yaw = 0.789/0.157/0.075  角速度 = 0.2933/0.0540/0.0269
[torch] epoch  1050/1500  loss=2.245902e-02  [+0.06148 +0.02167 -0.00289 +0.05970 +0.23154 +0.05708 +0.09909 +0.02814 +0.03450 +160.56942 +2.44416 +0.00200 +0.00530 +0.02542 +0.01212 +0.00000]
[eval@  1200] 留出集窗口 RMSE[°] 电机/云台/小yaw = 0.780/0.159/0.075  角速度 = 0.2908/0.0550/0.0256
[torch] epoch  1200/1500  loss=8.237880e-03  [+0.06284 +0.02185 -0.00054 +0.05179 +0.23157 +0.05760 +0.09782 +0.02789 +0.03517 +155.57897 +2.48261 +0.00200 +0.00533 +0.02422 +0.01242 +0.00000]
[eval@  1350] 留出集窗口 RMSE[°] 电机/云台/小yaw = 0.770/0.163/0.076  角速度 = 0.2881/0.0569/0.0255
[torch] epoch  1350/1500  loss=2.828814e-02  [+0.06422 +0.02200 +0.00324 +0.04961 +0.22979 +0.05802 +0.09698 +0.02773 +0.03596 +150.45420 +2.51821 +0.00200 +0.00537 +0.02306 +0.01273 +0.00000]
[torch] epoch  1495/1500  loss=2.284359e-02  [+0.06562 +0.02225 -0.00153 +0.05213 +0.22952 +0.05870 +0.09588 +0.02755 +0.03666 +146.89007 +2.54245 +0.00200 +0.00543 +0.02207 +0.01306 +0.00000]
[torch] epoch  1496/1500  loss=2.137967e-02  [+0.06563 +0.02225 -0.00144 +0.05210 +0.22952 +0.05870 +0.09588 +0.02755 +0.03666 +146.85625 +2.54279 +0.00200 +0.00543 +0.02206 +0.01306 +0.00000]
[torch] epoch  1497/1500  loss=1.496333e-02  [+0.06564 +0.02225 -0.00136 +0.05207 +0.22953 +0.05871 +0.09588 +0.02755 +0.03667 +146.82607 +2.54303 +0.00200 +0.00543 +0.02206 +0.01306 +0.00000]
[torch] epoch  1498/1500  loss=2.906225e-02  [+0.06564 +0.02226 -0.00128 +0.05206 +0.22953 +0.05871 +0.09587 +0.02755 +0.03668 +146.79002 +2.54336 +0.00200 +0.00543 +0.02205 +0.01306 +0.00000]
[torch] epoch  1499/1500  loss=2.776604e-02  [+0.06565 +0.02226 -0.00120 +0.05201 +0.22954 +0.05871 +0.09587 +0.02755 +0.03668 +146.75639 +2.54367 +0.00200 +0.00543 +0.02204 +0.01307 +0.00000]
[eval@  1500] 留出集窗口 RMSE[°] 电机/云台/小yaw = 0.760/0.170/0.076  角速度 = 0.2854/0.0598/0.0255

==============================================================================
辨识结果（输出误差法, 段数=31, 轴=both）  用时 314.0s
配方: ★ 全批配方(epochs=1500 个**全批** Adam 步, 每步 batch=全部段)—— 同一损失，只是把原配方的'每段一次更新'合并成'每 epoch 一次'；Adam/总步数=1500；参数限位=无（无上下界 / 无 clamp / 无投影 / 无惩罚项）
 # 参数                         初值           估计           变化  单位
   ---- 平面 8 参（云台/小 yaw 子块）----
 0 Jbig_eff             0.050000     0.065652    +0.015652  kg·m²
 1 Js                   0.020000     0.022260    +0.002260  kg·m²
 2 Px                   0.008660    -0.001200    -0.009860  kg·m
 3 Py                   0.005000     0.052014    +0.047014  kg·m
 4 fc_big               0.220000     0.229535    +0.009535  N·m
 5 fv_big               0.055000     0.058713    +0.003713  N·m·s/rad
 6 fc_small             0.097300     0.095869    -0.001431  N·m
 7 fv_small             0.028000     0.027549    -0.000451  N·m·s/rad
   ---- ★ 新增: 大 yaw 背隙 / 电机侧 ----
 8 backlash_delta       0.030000     0.036680    +0.006680  rad   (= 2.102°)
 9 backlash_k         200.000000   146.756391   -53.243609  N·m/rad
10 backlash_c           2.000000     2.543668    +0.543668  N·m·s/rad
11 backlash_through     0.002000     0.002000    +0.000000  —
12 Jmotor               0.006000     0.005431    -0.000569  kg·m²
13 fc_motor             0.030000     0.022045    -0.007955  N·m
14 fv_motor             0.010000     0.013067    +0.003067  N·m·s/rad
/home/huhu233/.config/matplotlib is not a writable directory
Matplotlib created a temporary cache directory at /tmp/matplotlib-0trzkgly because there was an issue with the default path (/home/huhu233/.config/matplotlib); it is highly recommended to set the MPLCONFIGDIR environment variable to a writable directory, in particular to speed up the import of Matplotlib and to better support multiprocessing.
/home/huhu233/.local/lib/python3.10/site-packages/matplotlib/projections/__init__.py:63: UserWarning: Unable to import Axes3D. This may be due to multiple versions of Matplotlib being installed (e.g. as a system package and as a pip package). As a result, the 3D projection is not available.
  warnings.warn("Unable to import Axes3D. This may be due to multiple versions of "
15 backlash_beta        0.000000     0.000000    +0.000000  rad
==============================================================================
全批前向仿真 val_loss = 6.664563e-02
  ★ 估计参数（留出集）: 窗口(0.1s) RMSE: 角度[°] 电机/云台/小yaw = 0.760 / 0.170 / 0.076; 角速度[rad/s] = 0.2854 / 0.0598 / 0.0255
               整段开环 RMSE: 角度[°] 电机/云台/小yaw = 7.444 / 6.914 / 0.854
    （对照）初值: 窗口(0.1s) RMSE: 角度[°] 电机/云台/小yaw = 0.924 / 0.108 / 0.084; 角速度[rad/s] = 0.3412 / 0.0331 / 0.0286
loss 曲线: 共 1500 点；前 5 个 = 3.149491e-02, 1.886083e-02, 5.079848e-02, 3.394205e-02, 2.493446e-02
           后 5 个 = 2.284359e-02, 2.137967e-02, 1.496333e-02, 2.906225e-02, 2.776604e-02
            前 5 均值=2.926955e-02 → 后 5 均值=2.372535e-02（比值 0.8106，最小值 4.511168e-03）  ⇒ 下降 ✓
可粘贴到 include/tcbs/mpc/planar_yaw_params.h:
  p.Jbig_eff = 0.065652;  p.Js = 0.022260;
  p.Px = -0.001200;  p.Py = 0.052014;
  p.fcBig = 0.229535;  p.fvBig = 0.058713;
  p.fcSmall = 0.095869;  p.fvSmall = 0.027549;
  p.backlash_delta = 0.036680;  p.backlash_k = 146.7564;
  p.backlash_c = 2.5437;  p.backlash_through = 0.002000;
  p.Jmotor = 0.005431;  p.fcMotor = 0.022045;
  p.fvMotor = 0.013067;  // β 由估计器在线给（离线拟合值 +0.000000 仅供参考）
留出集学习曲线（10 个点，epoch 150..1500）:
  epoch    150: 角度 RMSE[°] 0.887/0.124/0.082   角速度 0.3295/0.0373/0.0302
  epoch    300: 角度 RMSE[°] 0.860/0.134/0.087   角速度 0.3194/0.0417/0.0332
  epoch    450: 角度 RMSE[°] 0.839/0.139/0.090   角速度 0.3108/0.0446/0.0340
  epoch    600: 角度 RMSE[°] 0.822/0.142/0.086   角速度 0.3038/0.0468/0.0335
  epoch    750: 角度 RMSE[°] 0.811/0.147/0.081   角速度 0.2998/0.0492/0.0300
  epoch    900: 角度 RMSE[°] 0.800/0.151/0.078   角速度 0.2964/0.0512/0.0282
  epoch   1050: 角度 RMSE[°] 0.789/0.157/0.075   角速度 0.2933/0.0540/0.0269
  epoch   1200: 角度 RMSE[°] 0.780/0.159/0.075   角速度 0.2908/0.0550/0.0256
  epoch   1350: 角度 RMSE[°] 0.770/0.163/0.076   角速度 0.2881/0.0569/0.0255
  epoch   1500: 角度 RMSE[°] 0.760/0.170/0.076   角速度 0.2854/0.0598/0.0255
[plot] 已保存 data/archive/20260920_sim_nobacklash/C_mid_delta/ident_convergence.png  (357.1 KB)
[plot] 已保存 data/archive/20260920_sim_nobacklash/C_mid_delta/ident_traj.png  (317.1 KB)
[plot] 已保存 data/archive/20260920_sim_nobacklash/C_mid_delta/ident_convergence_learning.png  (49.0 KB)
[out] 已写入 data/archive/20260920_sim_nobacklash/C_mid_delta/params.txt
